# bnb_spot  started 2026-09-26T18:38:30Z  cwd=<project>/work/round6/equal-parity-a2/review3
# cmd: python3 rv3_bnb.py 5,5@5,3 5,5@3,5 5,5@7,3 5,5@3,7 5,5@5,7 5,5@7,5 5,5@11,3 5,5@3,11 5,5@31,3 5,5@3,31 5,5@11/2,7/2 5,5@3,13/2 5,7@5,3 5,7@3,5 5,7@7,3 5,7@3,7 5,7@5,7 5,7@7,5 5,7@11,3 5,7@3,11 5,7@31,3 5,7@3,31 5,7@11/2,7/2 5,7@3,13/2 7,5@5,3 7,5@3,5 7,5@7,3 7,5@3,7 7,5@5,7 7,5@7,5 7,5@11,3 7,5@3,11 7,5@31,3 7,5@3,31 7,5@11/2,7/2 7,5@3,13/2 5,9@5,3 5,9@3,5 5,9@7,3 5,9@3,7 5,9@5,7 5,9@7,5 5,9@11,3 5,9@3,11 5,9@31,3 5,9@3,31 5,9@11/2,7/2 5,9@3,13/2 5,11@5,3 5,11@3,5 5,11@7,3 5,11@3,7 5,11@5,7 5,11@7,5 5,11@11,3 5,11@3,11 5,11@31,3 5,11@3,31 5,11@11/2,7/2 5,11@3,13/2 6,6@5,3 6,6@3,5 6,6@7,3 6,6@3,7 6,6@5,7 6,6@7,5 6,6@11,3 6,6@3,11 6,6@31,3 6,6@3,31 6,6@11/2,7/2 6,6@3,13/2 6,8@5,3 6,8@3,5 6,8@7,3 6,8@3,7 6,8@5,7 6,8@7,5 6,8@11,3 6,8@3,11 6,8@31,3 6,8@3,31 6,8@11/2,7/2 6,8@3,13/2 8,6@5,3 8,6@3,5 8,6@7,3 8,6@3,7 8,6@5,7 8,6@7,5 8,6@11,3 8,6@3,11 8,6@31,3 8,6@3,31 8,6@11/2,7/2 8,6@3,13/2 6,10@5,3 6,10@3,5 6,10@7,3 6,10@3,7 6,10@5,7 6,10@7,5 6,10@11,3 6,10@3,11 6,10@31,3 6,10@3,31 6,10@11/2,7/2 6,10@3,13/2 7,7@5,3 7,7@3,5 7,7@7,3 7,7@3,7 7,7@5,7 7,7@7,5 7,7@11,3 7,7@3,11 7,7@31,3 7,7@3,31 7,7@11/2,7/2 7,7@3,13/2 7,9@5,3 7,9@3,5 7,9@7,3 7,9@3,7 7,9@5,7 7,9@7,5 7,9@11,3 7,9@3,11 7,9@31,3 7,9@3,31 7,9@11/2,7/2 7,9@3,13/2 8,8@5,3 8,8@3,5 8,8@7,3 8,8@3,7 8,8@5,7 8,8@7,5 8,8@11,3 8,8@3,11 8,8@31,3 8,8@3,31 8,8@11/2,7/2 8,8@3,13/2 8,10@5,3 8,10@3,5 8,10@7,3 8,10@3,7 8,10@5,7 8,10@7,5 8,10@11,3 8,10@3,11 8,10@31,3 8,10@3,31 8,10@11/2,7/2 8,10@3,13/2 5,25@5,3 5,25@3,5 5,25@7,3 5,25@11/2,7/2 6,20@5,3 6,20@3,5 6,20@7,3 6,20@11/2,7/2 7,15@5,3 7,15@3,5 7,15@7,3 7,15@11/2,7/2 8,16@5,3 8,16@3,5 8,16@7,3 8,16@11/2,7/2
(5,5) p=5 q=3: Theta=32480481; matrices with G >= Theta: 2 = exactly Y-, Y+ with G = Theta: OK; nodes=928; 0.1s
(5,5) p=3 q=5: Theta=32480481; matrices with G >= Theta: 2 = exactly Y-, Y+ with G = Theta: OK; nodes=1120; 0.1s
(5,5) p=7 q=3: Theta=195056763; matrices with G >= Theta: 2 = exactly Y-, Y+ with G = Theta: OK; nodes=928; 0.1s
(5,5) p=3 q=7: Theta=195056763; matrices with G >= Theta: 2 = exactly Y-, Y+ with G = Theta: OK; nodes=1120; 0.1s
(5,5) p=5 q=7: Theta=3295739869; matrices with G >= Theta: 2 = exactly Y-, Y+ with G = Theta: OK; nodes=928; 0.1s
(5,5) p=7 q=5: Theta=3295739869; matrices with G >= Theta: 2 = exactly Y-, Y+ with G = Theta: OK; nodes=928; 0.1s
(5,5) p=11 q=3: Theta=2061162015; matrices with G >= Theta: 2 = exactly Y-, Y+ with G = Theta: OK; nodes=928; 0.1s
(5,5) p=3 q=11: Theta=2061162015; matrices with G >= Theta: 2 = exactly Y-, Y+ with G = Theta: OK; nodes=1120; 0.1s
(5,5) p=31 q=3: Theta=408295867155; matrices with G >= Theta: 2 = exactly Y-, Y+ with G = Theta: OK; nodes=928; 0.1s
(5,5) p=3 q=31: Theta=408295867155; matrices with G >= Theta: 2 = exactly Y-, Y+ with G = Theta: OK; nodes=1120; 0.1s
(5,5) p=11/2 q=7/2: Theta=132638163355/1024; matrices with G >= Theta: 2 = exactly Y-, Y+ with G = Theta: OK; nodes=928; 0.1s
(5,5) p=3 q=13/2: Theta=4219691025/32; matrices with G >= Theta: 2 = exactly Y-, Y+ with G = Theta: OK; nodes=1120; 0.1s
(5,7) p=5 q=3: Theta=395629401; matrices with G >= Theta: 2 = exactly Y-, Y+ with G = Theta: OK; nodes=1184; 0.1s
(5,7) p=3 q=5: Theta=1103055481; matrices with G >= Theta: 2 = exactly Y-, Y+ with G = Theta: OK; nodes=1376; 0.1s
(5,7) p=7 q=3: Theta=2375966211; matrices with G >= Theta: 2 = exactly Y-, Y+ with G = Theta: OK; nodes=1184; 0.1s
(5,7) p=3 q=7: Theta=13009251387; matrices with G >= Theta: 2 = exactly Y-, Y+ with G = Theta: OK; nodes=1376; 0.1s
(5,7) p=5 q=7: Theta=219825295741; matrices with G >= Theta: 2 = exactly Y-, Y+ with G = Theta: OK; nodes=1184; 0.1s
(5,7) p=7 q=5: Theta=111937214869; matrices with G >= Theta: 2 = exactly Y-, Y+ with G = Theta: OK; nodes=1184; 0.1s
(5,7) p=11 q=3: Theta=25107560007; matrices with G >= Theta: 2 = exactly Y-, Y+ with G = Theta: OK; nodes=1184; 0.1s
(5,7) p=3 q=11: Theta=340145863255; matrices with G >= Theta: 2 = exactly Y-, Y+ with G = Theta: OK; nodes=1376; 0.1s
(5,7) p=31 q=3: Theta=4973750790747; matrices with G >= Theta: 2 = exactly Y-, Y+ with G = Theta: OK; nodes=1184; 0.1s
(5,7) p=3 q=31: Theta=536504035500675; matrices with G >= Theta: 2 = exactly Y-, Y+ with G = Theta: OK; nodes=1376; 0.1s
(5,7) p=11/2 q=7/2: Theta=8806813663255/4096; matrices with G >= Theta: 2 = exactly Y-, Y+ with G = Theta: OK; nodes=1184; 0.1s
(5,7) p=3 q=13/2: Theta=970263023213/128; matrices with G >= Theta: 2 = exactly Y-, Y+ with G = Theta: OK; nodes=1376; 0.1s
(7,5) p=5 q=3: Theta=1103055481; matrices with G >= Theta: 2 = exactly Y-, Y+ with G = Theta: OK; nodes=4224; 0.5s
(7,5) p=3 q=5: Theta=395629401; matrices with G >= Theta: 2 = exactly Y-, Y+ with G = Theta: OK; nodes=6528; 0.7s
(7,5) p=7 q=3: Theta=13009251387; matrices with G >= Theta: 2 = exactly Y-, Y+ with G = Theta: OK; nodes=4224; 0.5s
(7,5) p=3 q=7: Theta=2375966211; matrices with G >= Theta: 2 = exactly Y-, Y+ with G = Theta: OK; nodes=6528; 0.7s
(7,5) p=5 q=7: Theta=111937214869; matrices with G >= Theta: 2 = exactly Y-, Y+ with G = Theta: OK; nodes=4224; 0.5s
(7,5) p=7 q=5: Theta=219825295741; matrices with G >= Theta: 2 = exactly Y-, Y+ with G = Theta: OK; nodes=4224; 0.5s
(7,5) p=11 q=3: Theta=340145863255; matrices with G >= Theta: 2 = exactly Y-, Y+ with G = Theta: OK; nodes=4224; 0.5s
(7,5) p=3 q=11: Theta=25107560007; matrices with G >= Theta: 2 = exactly Y-, Y+ with G = Theta: OK; nodes=6528; 0.8s
(7,5) p=31 q=3: Theta=536504035500675; matrices with G >= Theta: 2 = exactly Y-, Y+ with G = Theta: OK; nodes=4224; 0.5s
(7,5) p=3 q=31: Theta=4973750790747; matrices with G >= Theta: 2 = exactly Y-, Y+ with G = Theta: OK; nodes=6528; 0.8s
(7,5) p=11/2 q=7/2: Theta=21815500052047/4096; matrices with G >= Theta: 2 = exactly Y-, Y+ with G = Theta: OK; nodes=4224; 0.5s
(7,5) p=3 q=13/2: Theta=51399309369/32; matrices with G >= Theta: 2 = exactly Y-, Y+ with G = Theta: OK; nodes=6528; 0.8s
(5,9) p=5 q=3: Theta=4490165793; matrices with G >= Theta: 2 = exactly Y-, Y+ with G = Theta: OK; nodes=1440; 0.1s
(5,9) p=3 q=5: Theta=34852430481; matrices with G >= Theta: 2 = exactly Y-, Y+ with G = Theta: OK; nodes=1632; 0.1s
(5,9) p=7 q=3: Theta=26966331771; matrices with G >= Theta: 2 = exactly Y-, Y+ with G = Theta: OK; nodes=1440; 0.1s
(5,9) p=3 q=7: Theta=806575286187; matrices with G >= Theta: 2 = exactly Y-, Y+ with G = Theta: OK; nodes=1632; 0.1s
(5,9) p=5 q=7: Theta=13629806556781; matrices with G >= Theta: 2 = exactly Y-, Y+ with G = Theta: OK; nodes=1440; 0.1s
(5,9) p=7 q=5: Theta=3537019089869; matrices with G >= Theta: 2 = exactly Y-, Y+ with G = Theta: OK; nodes=1440; 0.1s
(5,9) p=11 q=3: Theta=284966567583; matrices with G >= Theta: 2 = exactly Y-, Y+ with G = Theta: OK; nodes=1440; 0.1s
(5,9) p=3 q=11: Theta=52137825868095; matrices with G >= Theta: 2 = exactly Y-, Y+ with G = Theta: OK; nodes=1632; 0.1s
(5,9) p=31 q=3: Theta=56452516093203; matrices with G >= Theta: 2 = exactly Y-, Y+ with G = Theta: OK; nodes=1440; 0.1s
(5,9) p=3 q=31: Theta=654090948710354595; matrices with G >= Theta: 2 = exactly Y-, Y+ with G = Theta: OK; nodes=1632; 0.1s
(5,9) p=11/2 q=7/2: Theta=544593792591635/16384; matrices with G >= Theta: 2 = exactly Y-, Y+ with G = Theta: OK; nodes=1440; 0.1s
(5,9) p=3 q=13/2: Theta=207430276155465/512; matrices with G >= Theta: 2 = exactly Y-, Y+ with G = Theta: OK; nodes=1632; 0.1s
(5,11) p=5 q=3: Theta=48776758329; matrices with G >= Theta: 2 = exactly Y-, Y+ with G = Theta: OK; nodes=1696; 0.1s
(5,11) p=3 q=5: Theta=1053211805481; matrices with G >= Theta: 2 = exactly Y-, Y+ with G = Theta: OK; nodes=1888; 0.1s
(5,11) p=7 q=3: Theta=292939246563; matrices with G >= Theta: 2 = exactly Y-, Y+ with G = Theta: OK; nodes=1696; 0.1s
(5,11) p=3 q=7: Theta=47809165404363; matrices with G >= Theta: 2 = exactly Y-, Y+ with G = Theta: OK; nodes=1888; 0.1s
(5,11) p=5 q=7: Theta=807920506490029; matrices with G >= Theta: 2 = exactly Y-, Y+ with G = Theta: OK; nodes=1696; 0.1s
(5,11) p=7 q=5: Theta=106890190964869; matrices with G >= Theta: 2 = exactly Y-, Y+ with G = Theta: OK; nodes=1696; 0.1s
(5,11) p=11 q=3: Theta=3095670466599; matrices with G >= Theta: 2 = exactly Y-, Y+ with G = Theta: OK; nodes=1696; 0.1s
(5,11) p=3 q=11: Theta=7637278276184535; matrices with G >= Theta: 2 = exactly Y-, Y+ with G = Theta: OK; nodes=1888; 0.1s
(5,11) p=31 q=3: Theta=613268442726459; matrices with G >= Theta: 2 = exactly Y-, Y+ with G = Theta: OK; nodes=1696; 0.1s
(5,11) p=3 q=31: Theta=761690060051691564915; matrices with G >= Theta: 2 = exactly Y-, Y+ with G = Theta: OK; nodes=1888; 0.1s
(5,11) p=11/2 q=7/2: Theta=32224993203736975/65536; matrices with G >= Theta: 2 = exactly Y-, Y+ with G = Theta: OK; nodes=1696; 0.1s
(5,11) p=3 q=13/2: Theta=42399751013258661/2048; matrices with G >= Theta: 2 = exactly Y-, Y+ with G = Theta: OK; nodes=1888; 0.1s
(6,6) p=5 q=3: Theta=675868359; matrices with G >= Theta: 2 = exactly Y-, Y+ with G = Theta: OK; nodes=2240; 0.2s
(6,6) p=3 q=5: Theta=675868359; matrices with G >= Theta: 2 = exactly Y-, Y+ with G = Theta: OK; nodes=3392; 0.3s
(6,6) p=7 q=3: Theta=5688910167; matrices with G >= Theta: 2 = exactly Y-, Y+ with G = Theta: OK; nodes=2240; 0.2s
(6,6) p=3 q=7: Theta=5688910167; matrices with G >= Theta: 2 = exactly Y-, Y+ with G = Theta: OK; nodes=3392; 0.3s
(6,6) p=5 q=7: Theta=160541939135; matrices with G >= Theta: 2 = exactly Y-, Y+ with G = Theta: OK; nodes=2240; 0.2s
(6,6) p=7 q=5: Theta=160541939135; matrices with G >= Theta: 2 = exactly Y-, Y+ with G = Theta: OK; nodes=2240; 0.2s
(6,6) p=11 q=3: Theta=94576506351; matrices with G >= Theta: 2 = exactly Y-, Y+ with G = Theta: OK; nodes=2240; 0.2s
(6,6) p=3 q=11: Theta=94576506351; matrices with G >= Theta: 2 = exactly Y-, Y+ with G = Theta: OK; nodes=3392; 0.3s
(6,6) p=31 q=3: Theta=52876273264071; matrices with G >= Theta: 2 = exactly Y-, Y+ with G = Theta: OK; nodes=2240; 0.2s
(6,6) p=3 q=31: Theta=52876273264071; matrices with G >= Theta: 2 = exactly Y-, Y+ with G = Theta: OK; nodes=3392; 0.3s
(6,6) p=11/2 q=7/2: Theta=14182042156991/4096; matrices with G >= Theta: 2 = exactly Y-, Y+ with G = Theta: OK; nodes=2240; 0.2s
(6,6) p=3 q=13/2: Theta=228503700843/64; matrices with G >= Theta: 2 = exactly Y-, Y+ with G = Theta: OK; nodes=3392; 0.3s
(6,8) p=5 q=3: Theta=7905122247; matrices with G >= Theta: 2 = exactly Y-, Y+ with G = Theta: OK; nodes=2752; 0.2s
(6,8) p=3 q=5: Theta=22022743359; matrices with G >= Theta: 2 = exactly Y-, Y+ with G = Theta: OK; nodes=3904; 0.3s
(6,8) p=7 q=3: Theta=66539974839; matrices with G >= Theta: 2 = exactly Y-, Y+ with G = Theta: OK; nodes=2752; 0.2s
(6,8) p=3 q=7: Theta=363862349343; matrices with G >= Theta: 2 = exactly Y-, Y+ with G = Theta: OK; nodes=3904; 0.3s
(6,8) p=5 q=7: Theta=10268557189223; matrices with G >= Theta: 2 = exactly Y-, Y+ with G = Theta: OK; nodes=2752; 0.3s
(6,8) p=7 q=5: Theta=5231397814135; matrices with G >= Theta: 2 = exactly Y-, Y+ with G = Theta: OK; nodes=2752; 0.3s
(6,8) p=11 q=3: Theta=1106226415887; matrices with G >= Theta: 2 = exactly Y-, Y+ with G = Theta: OK; nodes=2752; 0.3s
(6,8) p=3 q=11: Theta=14959957444671; matrices with G >= Theta: 2 = exactly Y-, Y+ with G = Theta: OK; nodes=3904; 0.4s
(6,8) p=31 q=3: Theta=618487222700967; matrices with G >= Theta: 2 = exactly Y-, Y+ with G = Theta: OK; nodes=2752; 0.3s
(6,8) p=3 q=31: Theta=66553136588974431; matrices with G >= Theta: 2 = exactly Y-, Y+ with G = Theta: OK; nodes=3904; 0.4s
(6,8) p=11/2 q=7/2: Theta=904002343127059/16384; matrices with G >= Theta: 2 = exactly Y-, Y+ with G = Theta: OK; nodes=2752; 0.3s
(6,8) p=3 q=13/2: Theta=50392142378391/256; matrices with G >= Theta: 2 = exactly Y-, Y+ with G = Theta: OK; nodes=3904; 0.4s
(8,6) p=5 q=3: Theta=22022743359; matrices with G >= Theta: 2 = exactly Y-, Y+ with G = Theta: OK; nodes=9984; 1.4s
(8,6) p=3 q=5: Theta=7905122247; matrices with G >= Theta: 2 = exactly Y-, Y+ with G = Theta: OK; nodes=17152; 2.4s
(8,6) p=7 q=3: Theta=363862349343; matrices with G >= Theta: 2 = exactly Y-, Y+ with G = Theta: OK; nodes=9984; 1.4s
(8,6) p=3 q=7: Theta=66539974839; matrices with G >= Theta: 2 = exactly Y-, Y+ with G = Theta: OK; nodes=17152; 2.4s
(8,6) p=5 q=7: Theta=5231397814135; matrices with G >= Theta: 2 = exactly Y-, Y+ with G = Theta: OK; nodes=9984; 1.4s
(8,6) p=7 q=5: Theta=10268557189223; matrices with G >= Theta: 2 = exactly Y-, Y+ with G = Theta: OK; nodes=9984; 1.4s
(8,6) p=11 q=3: Theta=14959957444671; matrices with G >= Theta: 2 = exactly Y-, Y+ with G = Theta: OK; nodes=9984; 1.5s
(8,6) p=3 q=11: Theta=1106226415887; matrices with G >= Theta: 2 = exactly Y-, Y+ with G = Theta: OK; nodes=17152; 2.5s
(8,6) p=31 q=3: Theta=66553136588974431; matrices with G >= Theta: 2 = exactly Y-, Y+ with G = Theta: OK; nodes=9984; 1.5s
(8,6) p=3 q=31: Theta=618487222700967; matrices with G >= Theta: 2 = exactly Y-, Y+ with G = Theta: OK; nodes=17152; 2.6s
(8,6) p=11/2 q=7/2: Theta=2237660278074923/16384; matrices with G >= Theta: 2 = exactly Y-, Y+ with G = Theta: OK; nodes=9984; 1.6s
(8,6) p=3 q=13/2: Theta=2672670173163/64; matrices with G >= Theta: 2 = exactly Y-, Y+ with G = Theta: OK; nodes=17152; 2.7s
(6,10) p=5 q=3: Theta=87548418903; matrices with G >= Theta: 2 = exactly Y-, Y+ with G = Theta: OK; nodes=3264; 0.3s
(6,10) p=3 q=5: Theta=678719618359; matrices with G >= Theta: 2 = exactly Y-, Y+ with G = Theta: OK; nodes=4416; 0.4s
(6,10) p=7 q=3: Theta=736930882599; matrices with G >= Theta: 2 = exactly Y-, Y+ with G = Theta: OK; nodes=3264; 0.3s
(6,10) p=3 q=7: Theta=21999437212791; matrices with G >= Theta: 2 = exactly Y-, Y+ with G = Theta: OK; nodes=4416; 0.4s
(6,10) p=5 q=7: Theta=620857416680351; matrices with G >= Theta: 2 = exactly Y-, Y+ with G = Theta: OK; nodes=3264; 0.3s
(6,10) p=7 q=5: Theta=161231219689135; matrices with G >= Theta: 2 = exactly Y-, Y+ with G = Theta: OK; nodes=3264; 0.3s
(6,10) p=11 q=3: Theta=12251594995647; matrices with G >= Theta: 2 = exactly Y-, Y+ with G = Theta: OK; nodes=3264; 0.3s
(6,10) p=3 q=11: Theta=2235615072341791; matrices with G >= Theta: 2 = exactly Y-, Y+ with G = Theta: OK; nodes=4416; 0.5s
(6,10) p=31 q=3: Theta=6849912519259287; matrices with G >= Theta: 2 = exactly Y-, Y+ with G = Theta: OK; nodes=3264; 0.3s
(6,10) p=3 q=31: Theta=79082779762876409991; matrices with G >= Theta: 2 = exactly Y-, Y+ with G = Theta: OK; nodes=4416; 0.4s
(6,10) p=11/2 q=7/2: Theta=54541422945026791/65536; matrices with G >= Theta: 2 = exactly Y-, Y+ with G = Theta: OK; nodes=3264; 0.3s
(6,10) p=3 q=13/2: Theta=10506250194663619/1024; matrices with G >= Theta: 2 = exactly Y-, Y+ with G = Theta: OK; nodes=4416; 0.4s
(7,7) p=5 q=3: Theta=13421804401; matrices with G >= Theta: 2 = exactly Y-, Y+ with G = Theta: OK; nodes=5248; 0.6s
(7,7) p=3 q=5: Theta=13421804401; matrices with G >= Theta: 2 = exactly Y-, Y+ with G = Theta: OK; nodes=7552; 0.9s
(7,7) p=7 q=3: Theta=158297059875; matrices with G >= Theta: 2 = exactly Y-, Y+ with G = Theta: OK; nodes=5248; 0.6s
(7,7) p=3 q=7: Theta=158297059875; matrices with G >= Theta: 2 = exactly Y-, Y+ with G = Theta: OK; nodes=7552; 0.9s
(7,7) p=5 q=7: Theta=7457996170741; matrices with G >= Theta: 2 = exactly Y-, Y+ with G = Theta: OK; nodes=5248; 0.6s
(7,7) p=7 q=5: Theta=7457996170741; matrices with G >= Theta: 2 = exactly Y-, Y+ with G = Theta: OK; nodes=5248; 0.6s
(7,7) p=11 q=3: Theta=4138974977887; matrices with G >= Theta: 2 = exactly Y-, Y+ with G = Theta: OK; nodes=5248; 0.6s
(7,7) p=3 q=11: Theta=4138974977887; matrices with G >= Theta: 2 = exactly Y-, Y+ with G = Theta: OK; nodes=7552; 0.9s
(7,7) p=31 q=3: Theta=6528441871967787; matrices with G >= Theta: 2 = exactly Y-, Y+ with G = Theta: OK; nodes=5248; 0.6s
(7,7) p=3 q=31: Theta=6528441871967787; matrices with G >= Theta: 2 = exactly Y-, Y+ with G = Theta: OK; nodes=7552; 0.9s
(7,7) p=11/2 q=7/2: Theta=1446948425672443/16384; matrices with G >= Theta: 2 = exactly Y-, Y+ with G = Theta: OK; nodes=5248; 0.7s
(7,7) p=3 q=13/2: Theta=11806158772181/128; matrices with G >= Theta: 2 = exactly Y-, Y+ with G = Theta: OK; nodes=7552; 0.9s
(7,9) p=5 q=3: Theta=152235540793; matrices with G >= Theta: 2 = exactly Y-, Y+ with G = Theta: OK; nodes=6272; 0.8s
(7,9) p=3 q=5: Theta=423821179401; matrices with G >= Theta: 2 = exactly Y-, Y+ with G = Theta: OK; nodes=8576; 1.0s
(7,9) p=7 q=3: Theta=1795486537083; matrices with G >= Theta: 2 = exactly Y-, Y+ with G = Theta: OK; nodes=6272; 0.7s
(7,9) p=3 q=7: Theta=9808415813619; matrices with G >= Theta: 2 = exactly Y-, Y+ with G = Theta: OK; nodes=8576; 1.0s
(7,9) p=5 q=7: Theta=462122316831781; matrices with G >= Theta: 2 = exactly Y-, Y+ with G = Theta: OK; nodes=6272; 0.7s
(7,9) p=7 q=5: Theta=235508633045741; matrices with G >= Theta: 2 = exactly Y-, Y+ with G = Theta: OK; nodes=6272; 0.7s
(7,9) p=11 q=3: Theta=46946833255063; matrices with G >= Theta: 2 = exactly Y-, Y+ with G = Theta: OK; nodes=6272; 0.7s
(7,9) p=3 q=11: Theta=634032157052967; matrices with G >= Theta: 2 = exactly Y-, Y+ with G = Theta: OK; nodes=8576; 1.0s
(7,9) p=31 q=3: Theta=74050561445461443; matrices with G >= Theta: 2 = exactly Y-, Y+ with G = Theta: OK; nodes=6272; 0.7s
(7,9) p=3 q=31: Theta=7954301973965523627; matrices with G >= Theta: 2 = exactly Y-, Y+ with G = Theta: OK; nodes=8576; 1.0s
(7,9) p=11/2 q=7/2: Theta=89420063748259367/65536; matrices with G >= Theta: 2 = exactly Y-, Y+ with G = Theta: OK; nodes=6272; 0.9s
(7,9) p=3 q=13/2: Theta=2522465447936241/512; matrices with G >= Theta: 2 = exactly Y-, Y+ with G = Theta: OK; nodes=8576; 1.1s
(8,8) p=5 q=3: Theta=257428997247; matrices with G >= Theta: 2 = exactly Y-, Y+ with G = Theta: OK; nodes=12032; 1.7s
(8,8) p=3 q=5: Theta=257428997247; matrices with G >= Theta: 2 = exactly Y-, Y+ with G = Theta: OK; nodes=19200; 2.6s
(8,8) p=7 q=3: Theta=4253313055455; matrices with G >= Theta: 2 = exactly Y-, Y+ with G = Theta: OK; nodes=12032; 1.7s
(8,8) p=3 q=7: Theta=4253313055455; matrices with G >= Theta: 2 = exactly Y-, Y+ with G = Theta: OK; nodes=19200; 2.7s
(8,8) p=5 q=7: Theta=334403501064223; matrices with G >= Theta: 2 = exactly Y-, Y+ with G = Theta: OK; nodes=12032; 1.7s
(8,8) p=7 q=5: Theta=334403501064223; matrices with G >= Theta: 2 = exactly Y-, Y+ with G = Theta: OK; nodes=12032; 1.7s
(8,8) p=11 q=3: Theta=174873826259967; matrices with G >= Theta: 2 = exactly Y-, Y+ with G = Theta: OK; nodes=12032; 1.7s
(8,8) p=3 q=11: Theta=174873826259967; matrices with G >= Theta: 2 = exactly Y-, Y+ with G = Theta: OK; nodes=19200; 2.7s
(8,8) p=31 q=3: Theta=777979801897496607; matrices with G >= Theta: 2 = exactly Y-, Y+ with G = Theta: OK; nodes=12032; 1.7s
(8,8) p=3 q=31: Theta=777979801897496607; matrices with G >= Theta: 2 = exactly Y-, Y+ with G = Theta: OK; nodes=19200; 2.7s
(8,8) p=11/2 q=7/2: Theta=142548493435197487/65536; matrices with G >= Theta: 2 = exactly Y-, Y+ with G = Theta: OK; nodes=12032; 1.9s
(8,8) p=3 q=13/2: Theta=589050070521015/256; matrices with G >= Theta: 2 = exactly Y-, Y+ with G = Theta: OK; nodes=19200; 2.8s
(8,10) p=5 q=3: Theta=2849935293903; matrices with G >= Theta: 2 = exactly Y-, Y+ with G = Theta: OK; nodes=14080; 2.0s
(8,10) p=3 q=5: Theta=7930750872247; matrices with G >= Theta: 2 = exactly Y-, Y+ with G = Theta: OK; nodes=21248; 2.9s
(8,10) p=7 q=3: Theta=47087701304751; matrices with G >= Theta: 2 = exactly Y-, Y+ with G = Theta: OK; nodes=14080; 2.0s
(8,10) p=3 q=7: Theta=257062204333335; matrices with G >= Theta: 2 = exactly Y-, Y+ with G = Theta: OK; nodes=21248; 3.0s
(8,10) p=5 q=7: Theta=20210957302555351; matrices with G >= Theta: 2 = exactly Y-, Y+ with G = Theta: OK; nodes=14080; 2.2s
(8,10) p=7 q=5: Theta=10302329922939223; matrices with G >= Theta: 2 = exactly Y-, Y+ with G = Theta: OK; nodes=14080; 2.2s
(8,10) p=11 q=3: Theta=1936009951553487; matrices with G >= Theta: 2 = exactly Y-, Y+ with G = Theta: OK; nodes=14080; 2.1s
(8,10) p=3 q=11: Theta=26123205007125247; matrices with G >= Theta: 2 = exactly Y-, Y+ with G = Theta: OK; nodes=21248; 3.1s
(8,10) p=31 q=3: Theta=8612999483785658607; matrices with G >= Theta: 2 = exactly Y-, Y+ with G = Theta: OK; nodes=14080; 2.1s
(8,10) p=3 q=31: Theta=924091240850797435047; matrices with G >= Theta: 2 = exactly Y-, Y+ with G = Theta: OK; nodes=21248; 3.1s
(8,10) p=11/2 q=7/2: Theta=8597178686673242803/262144; matrices with G >= Theta: 2 = exactly Y-, Y+ with G = Theta: OK; nodes=14080; 2.3s
(8,10) p=3 q=13/2: Theta=122764795084631683/1024; matrices with G >= Theta: 2 = exactly Y-, Y+ with G = Theta: OK; nodes=21248; 3.1s
(5,25) p=5 q=3: Theta=513372380283662241; matrices with G >= Theta: 2 = exactly Y-, Y+ with G = Theta: OK; nodes=3488; 0.3s
(5,25) p=3 q=5: Theta=14199945661756727430481; matrices with G >= Theta: 2 = exactly Y-, Y+ with G = Theta: OK; nodes=3680; 0.3s
(5,25) p=7 q=3: Theta=3083263550302884603; matrices with G >= Theta: 2 = exactly Y-, Y+ with G = Theta: OK; nodes=3488; 0.3s
(5,25) p=11/2 q=7/2: Theta=48156721227702511225331264755/1073741824; matrices with G >= Theta: 2 = exactly Y-, Y+ with G = Theta: OK; nodes=3488; 0.3s
(6,20) p=5 q=3: Theta=10012405139331735; matrices with G >= Theta: 2 = exactly Y-, Y+ with G = Theta: OK; nodes=5824; 0.5s
(6,20) p=3 q=5: Theta=12885496351453993359; matrices with G >= Theta: 2 = exactly Y-, Y+ with G = Theta: OK; nodes=6976; 0.7s
(6,20) p=7 q=3: Theta=84280306180325703; matrices with G >= Theta: 2 = exactly Y-, Y+ with G = Theta: OK; nodes=5824; 0.5s
(6,20) p=11/2 q=7/2: Theta=29876865955847673530680459/67108864; matrices with G >= Theta: 2 = exactly Y-, Y+ with G = Theta: OK; nodes=5824; 0.6s
(7,15) p=5 q=3: Theta=179734986477937; matrices with G >= Theta: 2 = exactly Y-, Y+ with G = Theta: OK; nodes=9344; 1.0s
(7,15) p=3 q=5: Theta=10760145399304401; matrices with G >= Theta: 2 = exactly Y-, Y+ with G = Theta: OK; nodes=11648; 1.3s
(7,15) p=7 q=3: Theta=2119848583894563; matrices with G >= Theta: 2 = exactly Y-, Y+ with G = Theta: OK; nodes=9344; 1.1s
(7,15) p=11/2 q=7/2: Theta=17056558306944686047403/4194304; matrices with G >= Theta: 2 = exactly Y-, Y+ with G = Theta: OK; nodes=9344; 1.2s
(8,16) p=5 q=3: Theta=3243450919758879; matrices with G >= Theta: 2 = exactly Y-, Y+ with G = Theta: OK; nodes=20224; 2.9s
(8,16) p=3 q=5: Theta=193997328016497247; matrices with G >= Theta: 2 = exactly Y-, Y+ with G = Theta: OK; nodes=27392; 3.9s
(8,16) p=7 q=3: Theta=53590016284209279; matrices with G >= Theta: 2 = exactly Y-, Y+ with G = Theta: OK; nodes=20224; 2.9s
(8,16) p=11/2 q=7/2: Theta=1580508290056985731320127/16777216; matrices with G >= Theta: 2 = exactly Y-, Y+ with G = Theta: OK; nodes=20224; 3.3s
runs 172, failures 0
# exit code 0; cpu 139.5s; wall 141.3s; finished 2026-09-26T18:40:51Z
