n=2^1*3^1: Emax=10 (opp-parity formula 8) #max=1 maximisers=['11/10']
n=2^1*5^1: Emax=18 (opp-parity formula 16) #max=1 maximisers=['11/10']
n=2^1*7^1: Emax=26 (opp-parity formula 24) #max=1 maximisers=['11/10']
n=2^2*3^1: Emax=26 (opp-parity formula 26) #max=1 maximisers=['10/01/10']
n=2^2*5^1: Emax=54 (opp-parity formula 54) #max=1 maximisers=['10/01/10']
n=2^2*7^1: Emax=82 (opp-parity formula 82) #max=1 maximisers=['10/01/10']
n=2^1*3^2: Emax=40 (opp-parity formula 34) #max=3 maximisers=['110/100', '100/110', '011/110']
n=2^1*5^2: Emax=128 (opp-parity formula 114) #max=3 maximisers=['110/100', '100/110', '011/110']
n=2^1*7^2: Emax=264 (opp-parity formula 242) #max=3 maximisers=['110/100', '100/110', '011/110']
n=2^2*3^2: Emax=118 (opp-parity formula 118) #max=1 maximisers=['101/101/010']
n=2^2*5^2: Emax=406 (opp-parity formula 406) #max=1 maximisers=['101/101/010']
n=2^2*7^2: Emax=870 (opp-parity formula 870) #max=1 maximisers=['101/101/010']
n=2^3*3^1: Emax=62 (opp-parity formula 62) #max=6 maximisers=['10/10/01/00', '11/10/01/10', '10/10/01/10', '11/01/01/10']
n=2^3*5^1: Emax=130 (opp-parity formula 130) #max=2 maximisers=['10/10/01/10', '10/01/01/10']
n=2^3*7^1: Emax=198 (opp-parity formula 198) #max=2 maximisers=['10/10/01/10', '10/01/01/10']
n=2^1*3^3: Emax=152 (opp-parity formula 128) #max=3 maximisers=['0110/1100', '1001/1100', '1100/0110']
n=2^1*5^3: Emax=832 (opp-parity formula 736) #max=3 maximisers=['0110/1100', '1001/1100', '1100/0110']
n=2^1*7^3: Emax=2424 (opp-parity formula 2208) #max=3 maximisers=['0110/1100', '1001/1100', '1100/0110']
n=2^2*3^3: Emax=458 (opp-parity formula 458) #max=1 maximisers=['1010/0101/1010']
n=2^2*5^3: Emax=2694 (opp-parity formula 2694) #max=1 maximisers=['1010/0101/1010']
n=2^2*7^3: Emax=8146 (opp-parity formula 8146) #max=1 maximisers=['1010/0101/1010']
n=2^3*3^2: Emax=286 (opp-parity formula 286) #max=2 maximisers=['101/101/101/010', '101/010/101/010']
n=2^3*5^2: Emax=990 (opp-parity formula 990) #max=2 maximisers=['101/101/101/010', '101/010/101/010']
n=2^3*7^2: Emax=2126 (opp-parity formula 2126) #max=2 maximisers=['101/101/101/010', '101/010/101/010']
n=2^4*3^1: Emax=154 (opp-parity formula 154) #max=2 maximisers=['10/01/10/01/10', '10/10/01/01/10']
n=2^4*5^1: Emax=326 (opp-parity formula 326) #max=2 maximisers=['10/01/10/01/10', '10/10/01/01/10']
n=2^4*7^1: Emax=498 (opp-parity formula 498) #max=2 maximisers=['10/01/10/01/10', '10/10/01/01/10']
n=2^1*3^4: Emax=554 (opp-parity formula 466) #max=1 maximisers=['11001/01100']
n=2^1*5^4: Emax=5122 (opp-parity formula 4514) #max=1 maximisers=['11001/01100']
n=2^1*7^4: Emax=21002 (opp-parity formula 19058) #max=1 maximisers=['11001/01100']
