(a,b,p,q)=(1,1,5,3): min over Y of [total slack - need] = 0.000000; 2rho_a rho_b=0.4000
     0.000000 [[1, -1], [-1, 1]]
     0.000000 [[1, -1], [-1, -1]]
     0.533333 [[1, 1], [1, -1]]
     1.066667 [[1, 1], [-1, -1]]
(a,b,p,q)=(1,1,5,7): min over Y of [total slack - need] = 0.000000; 2rho_a rho_b=0.8571
     0.000000 [[1, -1], [-1, 1]]
     0.000000 [[1, -1], [-1, -1]]
     1.600000 [[1, 1], [1, -1]]
     2.057143 [[1, 1], [-1, 1]]
(a,b,p,q)=(2,2,5,3): min over Y of [total slack - need] = 0.000000; 2rho_a rho_b=0.7556
     0.000000 [[1, -1, 1], [-1, 1, -1], [1, -1, 1]]
     0.000000 [[1, -1, 1], [-1, 1, -1], [1, -1, -1]]
     0.035556 [[1, 1, -1], [-1, -1, 1], [1, 1, -1]]
     0.497778 [[1, 1, -1], [1, -1, 1], [-1, 1, -1]]
(a,b,p,q)=(1,3,5,3): min over Y of [total slack - need] = 0.000000; 2rho_a rho_b=0.5778
     0.000000 [[1, -1, 1, -1], [-1, 1, -1, 1]]
     0.000000 [[1, -1, 1, -1], [-1, 1, -1, -1]]
     0.237037 [[1, 1, -1, 1], [-1, -1, 1, -1]]
     0.237037 [[1, -1, -1, 1], [-1, 1, 1, -1]]
(a,b,p,q)=(3,1,5,3): min over Y of [total slack - need] = 0.000000; 2rho_a rho_b=0.4427
     0.000000 [[1, -1], [-1, 1], [1, -1], [-1, 1]]
     0.000000 [[1, -1], [-1, 1], [1, -1], [-1, -1]]
     0.448000 [[1, -1], [1, 1], [-1, 1], [1, -1]]
     0.448000 [[1, -1], [-1, 1], [-1, -1], [1, -1]]
(a,b,p,q)=(2,2,7,5): min over Y of [total slack - need] = 0.000000; 2rho_a rho_b=1.0269
     0.000000 [[1, -1, 1], [-1, 1, -1], [1, -1, 1]]
     0.000000 [[1, -1, 1], [-1, 1, -1], [1, -1, -1]]
     1.188571 [[1, 1, -1], [1, -1, 1], [-1, 1, -1]]
     1.188571 [[1, -1, 1], [-1, 1, 1], [1, 1, -1]]
