{"a": 2, "b": 1, "p": 5, "q": 3, "bound": 445, "max": 445, "excess": 0, "second_value": 411, "top": [[445, 38], [445, 25], [411, 57], [411, 6]]}
   Y= [[-1, 1], [1, -1], [-1, 1]] 445
   Y= [[1, -1], [-1, 1], [1, -1]] 445
{"a": 2, "b": 1, "p": 7, "q": 3, "bound": 965, "max": 965, "excess": 0, "second_value": 891, "top": [[965, 38], [965, 25], [891, 57], [891, 6]]}
   Y= [[-1, 1], [1, -1], [-1, 1]] 965
   Y= [[1, -1], [-1, 1], [1, -1]] 965
{"a": 2, "b": 1, "p": 11, "q": 3, "bound": 2605, "max": 2605, "excess": 0, "second_value": 2403, "top": [[2605, 38], [2605, 25], [2403, 57], [2403, 6]]}
   Y= [[-1, 1], [1, -1], [-1, 1]] 2605
   Y= [[1, -1], [-1, 1], [1, -1]] 2605
{"a": 2, "b": 1, "p": 101, "q": 3, "bound": 251005, "max": 251005, "excess": 0, "second_value": 231003, "top": [[251005, 38], [251005, 25], [231003, 57], [231003, 6]]}
   Y= [[-1, 1], [1, -1], [-1, 1]] 251005
   Y= [[1, -1], [-1, 1], [1, -1]] 251005
{"a": 4, "b": 1, "p": 5, "q": 3, "bound": 19445, "max": 19445, "excess": 0, "second_value": 18611, "top": [[19445, 614], [19445, 409], [18611, 921], [18611, 102]]}
   Y= [[-1, 1], [1, -1], [-1, 1], [1, -1], [-1, 1]] 19445
   Y= [[1, -1], [-1, 1], [1, -1], [-1, 1], [1, -1]] 19445
{"a": 4, "b": 1, "p": 7, "q": 3, "bound": 83285, "max": 83285, "excess": 0, "second_value": 79683, "top": [[83285, 614], [83285, 409], [79683, 921], [79683, 102]]}
   Y= [[-1, 1], [1, -1], [-1, 1], [1, -1], [-1, 1]] 83285
   Y= [[1, -1], [-1, 1], [1, -1], [-1, 1], [1, -1]] 83285
{"a": 4, "b": 1, "p": 11, "q": 3, "bound": 559205, "max": 559205, "excess": 0, "second_value": 534803, "top": [[559205, 614], [559205, 409], [534803, 921], [534803, 102]]}
   Y= [[-1, 1], [1, -1], [-1, 1], [1, -1], [-1, 1]] 559205
   Y= [[1, -1], [-1, 1], [1, -1], [-1, 1], [1, -1]] 559205
{"a": 4, "b": 1, "p": 101, "q": 3, "bound": 4600902005, "max": 4600902005, "excess": 0, "second_value": 4396862003, "top": [[4600902005, 614], [4600902005, 409], [4396862003, 921], [4396862003, 102]]}
   Y= [[-1, 1], [1, -1], [-1, 1], [1, -1], [-1, 1]] 4600902005
   Y= [[1, -1], [-1, 1], [1, -1], [-1, 1], [1, -1]] 4600902005
{"a": 2, "b": 3, "p": 5, "q": 3, "bound": 8989, "max": 8989, "excess": 0, "second_value": 8547, "top": [[8989, 2650], [8989, 1445], [8547, 3493], [8547, 602]]}
   Y= [[-1, 1, -1, 1], [1, -1, 1, -1], [-1, 1, -1, 1]] 8989
   Y= [[1, -1, 1, -1], [-1, 1, -1, 1], [1, -1, 1, -1]] 8989
{"a": 2, "b": 3, "p": 7, "q": 3, "bound": 19493, "max": 19493, "excess": 0, "second_value": 18531, "top": [[19493, 2650], [19493, 1445], [18531, 3493], [18531, 602]]}
   Y= [[-1, 1, -1, 1], [1, -1, 1, -1], [-1, 1, -1, 1]] 19493
   Y= [[1, -1, 1, -1], [-1, 1, -1, 1], [1, -1, 1, -1]] 19493
{"a": 2, "b": 3, "p": 11, "q": 3, "bound": 52621, "max": 52621, "excess": 0, "second_value": 49995, "top": [[52621, 2650], [52621, 1445], [49995, 3493], [49995, 602]]}
   Y= [[-1, 1, -1, 1], [1, -1, 1, -1], [-1, 1, -1, 1]] 52621
   Y= [[1, -1, 1, -1], [-1, 1, -1, 1], [1, -1, 1, -1]] 52621
{"a": 2, "b": 3, "p": 101, "q": 3, "bound": 5070301, "max": 5070301, "excess": 0, "second_value": 4810275, "top": [[5070301, 2650], [5070301, 1445], [4810275, 3493], [4810275, 602]]}
   Y= [[-1, 1, -1, 1], [1, -1, 1, -1], [-1, 1, -1, 1]] 5070301
   Y= [[1, -1, 1, -1], [-1, 1, -1, 1], [1, -1, 1, -1]] 5070301
{"a": 6, "b": 1, "p": 5, "q": 3, "bound": 694445, "max": 694445, "excess": 0, "second_value": 673611, "top": [[694445, 9830], [694445, 6553], [673611, 14745], [673611, 1638]]}
   Y= [[-1, 1], [1, -1], [-1, 1], [1, -1], [-1, 1], [1, -1], [-1, 1]] 694445
   Y= [[1, -1], [-1, 1], [1, -1], [-1, 1], [1, -1], [-1, 1], [1, -1]] 694445
{"a": 6, "b": 1, "p": 7, "q": 3, "bound": 5845685, "max": 5845685, "excess": 0, "second_value": 5669211, "top": [[5845685, 9830], [5845685, 6553], [5669211, 14745], [5669211, 1638]]}
   Y= [[-1, 1], [1, -1], [-1, 1], [1, -1], [-1, 1], [1, -1], [-1, 1]] 5845685
   Y= [[1, -1], [-1, 1], [1, -1], [-1, 1], [1, -1], [-1, 1], [1, -1]] 5845685
{"a": 6, "b": 1, "p": 11, "q": 3, "bound": 97189805, "max": 97189805, "excess": 0, "second_value": 94237203, "top": [[97189805, 9830], [97189805, 6553], [94237203, 14745], [94237203, 1638]]}
   Y= [[-1, 1], [1, -1], [-1, 1], [1, -1], [-1, 1], [1, -1], [-1, 1]] 97189805
   Y= [[1, -1], [-1, 1], [1, -1], [-1, 1], [1, -1], [-1, 1], [1, -1]] 97189805
{"a": 6, "b": 1, "p": 101, "q": 3, "bound": 67747921953005, "max": 67747921953005, "excess": 0, "second_value": 65666509893003, "top": [[67747921953005, 9830], [67747921953005, 6553], [65666509893003, 14745], [65666509893003, 1638]]}
   Y= [[-1, 1], [1, -1], [-1, 1], [1, -1], [-1, 1], [1, -1], [-1, 1]] 67747921953005
   Y= [[1, -1], [-1, 1], [1, -1], [-1, 1], [1, -1], [-1, 1], [1, -1]] 67747921953005
{"a": 4, "b": 3, "p": 5, "q": 3, "bound": 392789, "max": 392789, "excess": 0, "second_value": 381947, "top": [[392789, 678490], [392789, 370085], [381947, 894373], [381947, 154202]]}
   Y= [[-1, 1, -1, 1], [1, -1, 1, -1], [-1, 1, -1, 1], [1, -1, 1, -1], [-1, 1, -1, 1]] 392789
   Y= [[1, -1, 1, -1], [-1, 1, -1, 1], [1, -1, 1, -1], [-1, 1, -1, 1], [1, -1, 1, -1]] 392789
{"a": 4, "b": 3, "p": 7, "q": 3, "bound": 1682357, "max": 1682357, "excess": 0, "second_value": 1635531, "top": [[1682357, 678490], [1682357, 370085], [1635531, 894373], [1635531, 154202]]}
   Y= [[-1, 1, -1, 1], [1, -1, 1, -1], [-1, 1, -1, 1], [1, -1, 1, -1], [-1, 1, -1, 1]] 1682357
   Y= [[1, -1, 1, -1], [-1, 1, -1, 1], [1, -1, 1, -1], [-1, 1, -1, 1], [1, -1, 1, -1]] 1682357
{"a": 4, "b": 3, "p": 11, "q": 3, "bound": 11295941, "max": 11295941, "excess": 0, "second_value": 10978715, "top": [[11295941, 678490], [11295941, 370085], [10978715, 894373], [10978715, 154202]]}
   Y= [[-1, 1, -1, 1], [1, -1, 1, -1], [-1, 1, -1, 1], [1, -1, 1, -1], [-1, 1, -1, 1]] 11295941
   Y= [[1, -1, 1, -1], [-1, 1, -1, 1], [1, -1, 1, -1], [-1, 1, -1, 1], [1, -1, 1, -1]] 11295941
{"a": 4, "b": 3, "p": 101, "q": 3, "bound": 92938220501, "max": 92938220501, "excess": 0, "second_value": 90285700475, "top": [[92938220501, 678490], [92938220501, 370085], [90285700475, 894373], [90285700475, 154202]]}
   Y= [[-1, 1, -1, 1], [1, -1, 1, -1], [-1, 1, -1, 1], [1, -1, 1, -1], [-1, 1, -1, 1]] 92938220501
   Y= [[1, -1, 1, -1], [-1, 1, -1, 1], [1, -1, 1, -1], [-1, 1, -1, 1], [1, -1, 1, -1]] 92938220501
{"a": 2, "b": 5, "p": 5, "q": 3, "bound": 124333, "max": 124333, "excess": 0, "second_value": 120219, "top": [[124333, 173418], [124333, 88725], [120219, 219797], [120219, 42346]]}
   Y= [[-1, 1, -1, 1, -1, 1], [1, -1, 1, -1, 1, -1], [-1, 1, -1, 1, -1, 1]] 124333
   Y= [[1, -1, 1, -1, 1, -1], [-1, 1, -1, 1, -1, 1], [1, -1, 1, -1, 1, -1]] 124333
{"a": 2, "b": 5, "p": 7, "q": 3, "bound": 269621, "max": 269621, "excess": 0, "second_value": 260667, "top": [[269621, 173418], [269621, 88725], [260667, 219797], [260667, 42346]]}
   Y= [[-1, 1, -1, 1, -1, 1], [1, -1, 1, -1, 1, -1], [-1, 1, -1, 1, -1, 1]] 269621
   Y= [[1, -1, 1, -1, 1, -1], [-1, 1, -1, 1, -1, 1], [1, -1, 1, -1, 1, -1]] 269621
{"a": 2, "b": 5, "p": 11, "q": 3, "bound": 727837, "max": 727837, "excess": 0, "second_value": 703395, "top": [[727837, 173418], [727837, 88725], [703395, 219797], [703395, 42346]]}
   Y= [[-1, 1, -1, 1, -1, 1], [1, -1, 1, -1, 1, -1], [-1, 1, -1, 1, -1, 1]] 727837
   Y= [[1, -1, 1, -1, 1, -1], [-1, 1, -1, 1, -1, 1], [1, -1, 1, -1, 1, -1]] 727837
{"a": 2, "b": 5, "p": 101, "q": 3, "bound": 70130797, "max": 70130797, "excess": 0, "second_value": 67710555, "top": [[70130797, 173418], [70130797, 88725], [67710555, 219797], [67710555, 42346]]}
   Y= [[-1, 1, -1, 1, -1, 1], [1, -1, 1, -1, 1, -1], [-1, 1, -1, 1, -1, 1]] 70130797
   Y= [[1, -1, 1, -1, 1, -1], [-1, 1, -1, 1, -1, 1], [1, -1, 1, -1, 1, -1]] 70130797
