cmd: lake build Research.HKOTriameter ; cwd: <project>/work/research-lean ; start: 2026-09-26T06:50:40Z
Lean (version 4.33.1, arm64-apple-darwin24.6.0, commit 819816b2e0a3bf405af45ae5c7af2491d8f5bee6, Release)
0df444a360eaa60ab8c11dca51a86af692955474
ℹ [8706/8706] Built Research.HKOTriameter (11s)
info: Research/HKOTriameter.lean:477:0: 'HKOTriameter.not_problem1Claim' depends on axioms: [propext, Classical.choice, Quot.sound]
info: Research/HKOTriameter.lean:478:0: 'HKOTriameter.not_problem1ClaimPair' depends on axioms: [propext, Classical.choice, Quot.sound]
info: Research/HKOTriameter.lean:479:0: 'HKOTriameter.not_problem2Claim' depends on axioms: [propext, Classical.choice, Quot.sound]
info: Research/HKOTriameter.lean:480:0: 'HKOTriameter.G1_counterexample' depends on axioms: [propext, Classical.choice, Quot.sound]
info: Research/HKOTriameter.lean:481:0: 'HKOTriameter.G2_counterexample' depends on axioms: [propext, Classical.choice, Quot.sound]
info: Research/HKOTriameter.lean:482:0: 'HKOTriameter.not_question3_G1' depends on axioms: [propext, Classical.choice, Quot.sound]
info: Research/HKOTriameter.lean:483:0: 'HKOTriameter.isPeripheral_iff_isPeripheralPair' depends on axioms: [propext, Classical.choice, Quot.sound]
info: Research/HKOTriameter.lean:484:0: 'HKOTriameter.dist_eq_of_certificate' depends on axioms: [propext, Classical.choice, Quot.sound]
info: Research/HKOTriameter.lean:485:0: 'HKOTriameter.C6_not_median' depends on axioms: [propext, Classical.choice, Quot.sound]
Build completed successfully (8706 jobs).
       16.35 real        12.38 user         8.93 sys
          6328680448  maximum resident set size
                   0  average shared memory size
                   0  average unshared data size
                   0  average unshared stack size
              546887  page reclaims
                 153  page faults
                   0  swaps
                   0  block input operations
                   0  block output operations
                   0  messages sent
                   0  messages received
                   0  signals received
               78281  voluntary context switches
               97609  involuntary context switches
         54859323266  instructions retired
         27553143103  cycles elapsed
           343466856  peak memory footprint
exit: 0
end: 2026-09-26T06:50:57Z
