== G1 (Problem 1)
  edges: [(0, 1), (0, 2), (0, 4), (0, 6), (1, 3), (2, 3), (2, 5), (4, 5), (4, 7), (6, 7)]
  m: 10
  is_median: True
  median_failures: []
  bipartite_check: True
  ecc: [2, 3, 3, 4, 3, 3, 3, 4]
  diam: 4
  peripheral: [3, 7]
  tr: 8
  triametral_triples_as_sets: [(0, 3, 7), (1, 2, 7), (1, 3, 7), (1, 5, 6), (1, 5, 7), (2, 3, 7), (3, 3, 7), (3, 4, 6), (3, 4, 7), (3, 5, 6), (3, 5, 7), (3, 6, 7), (3, 7, 7)]
  Q3prime_violations: [(1, 5, 6)]
  Q3_violations: [(1, 2, 7), (1, 5, 6), (1, 5, 7), (3, 4, 6), (3, 5, 6)]
  diametral_pairs: [(3, 7)]
  Q4_violations: []
  best_extension_sum_per_diametral_pair: {'(3, 7)': 8}
  distance matrix:
    [0, 1, 1, 2, 1, 2, 1, 2]
    [1, 0, 2, 1, 2, 3, 2, 3]
    [1, 2, 0, 1, 2, 1, 2, 3]
    [2, 1, 1, 0, 3, 2, 3, 4]
    [1, 2, 2, 3, 0, 1, 2, 1]
    [2, 3, 1, 2, 1, 0, 3, 2]
    [1, 2, 2, 3, 2, 3, 0, 1]
    [2, 3, 3, 4, 1, 2, 1, 0]
  lean table sha256: 0cc17ea0ec099abca6f9c1950f4e8cc5622c0e89d310af35390554167e95bcd9
== G2 (Problem 2)
  edges: [(0, 2), (0, 3), (0, 6), (1, 2), (2, 5), (3, 4), (3, 5), (6, 7)]
  m: 8
  is_median: True
  median_failures: []
  bipartite_check: True
  ecc: [2, 4, 3, 3, 4, 4, 3, 4]
  diam: 4
  peripheral: [1, 4, 5, 7]
  tr: 12
  triametral_triples_as_sets: [(1, 4, 7)]
  Q3prime_violations: []
  Q3_violations: []
  diametral_pairs: [(1, 4), (1, 7), (4, 7), (5, 7)]
  Q4_violations: [(5, 7)]
  best_extension_sum_per_diametral_pair: {'(1, 4)': 12, '(1, 7)': 12, '(4, 7)': 12, '(5, 7)': 10}
  distance matrix:
    [0, 2, 1, 1, 2, 2, 1, 2]
    [2, 0, 1, 3, 4, 2, 3, 4]
    [1, 1, 0, 2, 3, 1, 2, 3]
    [1, 3, 2, 0, 1, 1, 2, 3]
    [2, 4, 3, 1, 0, 2, 3, 4]
    [2, 2, 1, 1, 2, 0, 3, 4]
    [1, 3, 2, 2, 3, 3, 0, 1]
    [2, 4, 3, 3, 4, 4, 1, 0]
  lean table sha256: d9c31858652f7e6516049ce4b15f2841e8c770c3471a768ba1d0f529d5f3a628
