a=4 region=nc_Q1: validated q*s branch-min against direct cell computation at 50 random exact points: OK
a=4 region=nc_Q1: cheap last columns [((1, 1, -1, 1, -1), 1), ((1, -1, 1, 1, -1), 1), ((1, -1, -1, 1, -1), 1)]; columns with Delta > 2 delta: 11; trunc = (1, -1, 1, -1, -1)
a=4 K=4: checks {'S': 32, 'FD1': 3526, 'CH': 10340, 'CHalone': 6, 'full': 3, 'EQ': 8}; failures 46; time 3s
  FAIL ('S', 'nc_Q1', (1, 1, 1, 1, 1))
  FAIL ('S', 'nc_Q1', (1, 1, 1, 1, -1))
  FAIL ('S', 'nc_Q1', (1, 1, 1, -1, 1))
  FAIL ('S', 'nc_Q1', (1, 1, 1, -1, -1))
  FAIL ('S', 'nc_Q1', (1, 1, -1, 1, 1))
  FAIL ('S', 'nc_Q1', (1, 1, -1, 1, -1))
  FAIL ('S', 'nc_Q1', (1, 1, -1, -1, 1))
  FAIL ('S', 'nc_Q1', (1, 1, -1, -1, -1))
  FAIL ('S', 'nc_Q1', (1, -1, 1, 1, 1))
  FAIL ('S', 'nc_Q1', (1, -1, 1, 1, -1))
  FAIL ('S alt', 'nc_Q1', (1, -1, 1, -1, 1))
  FAIL ('S', 'nc_Q1', (1, -1, 1, -1, -1))
  FAIL ('S', 'nc_Q1', (1, -1, -1, 1, 1))
  FAIL ('S', 'nc_Q1', (1, -1, -1, 1, -1))
  FAIL ('S', 'nc_Q1', (1, -1, -1, -1, 1))
  FAIL ('S', 'nc_Q1', (1, -1, -1, -1, -1))
  FAIL ('S', 'nc_Q1', (-1, 1, 1, 1, 1))
  FAIL ('S', 'nc_Q1', (-1, 1, 1, 1, -1))
  FAIL ('S', 'nc_Q1', (-1, 1, 1, -1, 1))
  FAIL ('S', 'nc_Q1', (-1, 1, 1, -1, -1))
  FAIL ('S', 'nc_Q1', (-1, 1, -1, 1, 1))
  FAIL ('S alt', 'nc_Q1', (-1, 1, -1, 1, -1))
  FAIL ('S', 'nc_Q1', (-1, 1, -1, -1, 1))
  FAIL ('S', 'nc_Q1', (-1, 1, -1, -1, -1))
  FAIL ('S', 'nc_Q1', (-1, -1, 1, 1, 1))
  FAIL ('S', 'nc_Q1', (-1, -1, 1, 1, -1))
  FAIL ('S', 'nc_Q1', (-1, -1, 1, -1, 1))
  FAIL ('S', 'nc_Q1', (-1, -1, 1, -1, -1))
  FAIL ('S', 'nc_Q1', (-1, -1, -1, 1, 1))
  FAIL ('S', 'nc_Q1', (-1, -1, -1, 1, -1))
  FAIL ('S', 'nc_Q1', (-1, -1, -1, -1, 1))
  FAIL ('S', 'nc_Q1', (-1, -1, -1, -1, -1))
  FAIL ('FD1 (1, 1, -1, 1, -1) R2a', 'nc_Q1')
  FAIL ('FD1 (1, -1, 1, 1, -1) R2a', 'nc_Q1')
  FAIL ('FD1 (1, -1, 1, -1, 1) R0', 'nc_Q1')
  FAIL ('FD1 (1, -1, 1, -1, 1) R0', 'nc_Q1')
  FAIL ('FD1 (1, -1, 1, -1, 1) R2a', 'nc_Q1')
  FAIL ('FD1 (1, -1, 1, -1, 1) R2a', 'nc_Q1')
  FAIL ('FD1 (-1, 1, -1, 1, 1) R1', 'nc_Q1')
  FAIL ('FD1 (-1, 1, -1, 1, 1) R1', 'nc_Q1')
