a=3 region=nc_Q1: validated q*s branch-min against direct cell computation at 50 random exact points: OK
a=3 region=nc_Q1: cheap last columns [((-1, 1, 1, -1), 1), ((-1, -1, 1, -1), 1)]; columns with Delta > 2 delta: 4; trunc = (-1, 1, -1, -1)
a=3 K=4: checks {'S': 16, 'FD1': 701, 'CH': 1397, 'CHalone': 4, 'full': 4, 'EQ': 8}; failures 61; time 0s
  FAIL ('S', 'nc_Q1', (1, 1, 1, 1))
  FAIL ('S', 'nc_Q1', (1, 1, 1, -1))
  FAIL ('S', 'nc_Q1', (1, 1, -1, 1))
  FAIL ('S', 'nc_Q1', (1, 1, -1, -1))
  FAIL ('S', 'nc_Q1', (1, -1, 1, 1))
  FAIL ('S alt', 'nc_Q1', (1, -1, 1, -1))
  FAIL ('S', 'nc_Q1', (1, -1, -1, 1))
  FAIL ('S', 'nc_Q1', (1, -1, -1, -1))
  FAIL ('S', 'nc_Q1', (-1, 1, 1, 1))
  FAIL ('S', 'nc_Q1', (-1, 1, 1, -1))
  FAIL ('S alt', 'nc_Q1', (-1, 1, -1, 1))
  FAIL ('S', 'nc_Q1', (-1, 1, -1, -1))
  FAIL ('S', 'nc_Q1', (-1, -1, 1, 1))
  FAIL ('S', 'nc_Q1', (-1, -1, 1, -1))
  FAIL ('S', 'nc_Q1', (-1, -1, -1, 1))
  FAIL ('S', 'nc_Q1', (-1, -1, -1, -1))
  FAIL ('FD1 (1, 1, 1, 1) B1', 'nc_Q1')
  FAIL ('FD1 (1, 1, 1, -1) B1', 'nc_Q1')
  FAIL ('FD1 (1, 1, -1, 1) B1', 'nc_Q1')
  FAIL ('FD1 (1, 1, -1, 1) R2even', 'nc_Q1')
  FAIL ('FD1 (1, 1, -1, -1) B1', 'nc_Q1')
  FAIL ('FD1 (1, -1, 1, 1) B1', 'nc_Q1')
  FAIL ('FD1 (1, -1, 1, -1) B1', 'nc_Q1')
  FAIL ('FD1 (1, -1, 1, -1) R0', 'nc_Q1')
  FAIL ('FD1 (1, -1, 1, -1) R0', 'nc_Q1')
  FAIL ('FD1 (1, -1, 1, -1) R2even', 'nc_Q1')
  FAIL ('FD1 (1, -1, 1, -1) R2even', 'nc_Q1')
  FAIL ('FD1 (1, -1, -1, 1) B1', 'nc_Q1')
  FAIL ('FD1 (1, -1, -1, 1) R2even', 'nc_Q1')
  FAIL ('FD1 (1, -1, -1, -1) B1', 'nc_Q1')
  FAIL ('FD1 (-1, 1, 1, 1) B1', 'nc_Q1')
  FAIL ('FD1 (-1, 1, 1, -1) B1', 'nc_Q1')
  FAIL ('FD1 (-1, 1, 1, -1) R2even', 'nc_Q1')
  FAIL ('FD1 (-1, 1, -1, -1) B1', 'nc_Q1')
  FAIL ('FD1 (-1, 1, -1, -1) R1', 'nc_Q1')
  FAIL ('FD1 (-1, 1, -1, -1) R1', 'nc_Q1')
  FAIL ('FD1 (-1, -1, 1, 1) B1', 'nc_Q1')
  FAIL ('FD1 (-1, -1, 1, -1) B1', 'nc_Q1')
  FAIL ('FD1 (-1, -1, 1, -1) R2even', 'nc_Q1')
  FAIL ('FD1 (-1, -1, -1, 1) B1', 'nc_Q1')
