a=3 p=5 q=3: b<= 31, all J: regimes {'B1': 1, 'R0': 15, 'R2even': 120, 'R1': 15, 'R2odd': 105} boxes OK; FD1 true min s_J/(2 delta_a rho) = 1.19679 at b=31 J=30 dev=(-1, 1, -1, -1)
a=3 p=7 q=3: b<= 31, all J: regimes {'B1': 1, 'R0': 15, 'R2even': 120, 'R1': 15, 'R2odd': 105} boxes OK; FD1 true min s_J/(2 delta_a rho) = 1.23735 at b=31 J=30 dev=(-1, 1, -1, -1)
a=3 p=11 q=3: b<= 31, all J: regimes {'B1': 1, 'R0': 15, 'R2even': 120, 'R1': 15, 'R2odd': 105} boxes OK; FD1 true min s_J/(2 delta_a rho) = 1.27262 at b=31 J=30 dev=(-1, 1, -1, -1)
a=3 p=101 q=3: b<= 31, all J: regimes {'B1': 1, 'R0': 15, 'R2even': 120, 'R1': 15, 'R2odd': 105} boxes OK; FD1 true min s_J/(2 delta_a rho) = 1.32673 at b=31 J=30 dev=(-1, 1, -1, -1)
a=3 p=3 q=5: b<= 31, all J: regimes {'B1': 1, 'R0': 15, 'R2even': 120, 'R1': 15, 'R2odd': 105} boxes OK; FD1 true min s_J/(2 delta_a rho) = 1.44615 at b=31 J=30 dev=(-1, 1, -1, -1)
a=3 p=3 q=7: b<= 31, all J: regimes {'B1': 1, 'R0': 15, 'R2even': 120, 'R1': 15, 'R2odd': 105} boxes OK; FD1 true min s_J/(2 delta_a rho) = 1.60440 at b=31 J=30 dev=(-1, 1, -1, -1)
a=3 p=3 q=101: b<= 31, all J: regimes {'B1': 1, 'R0': 15, 'R2even': 120, 'R1': 15, 'R2odd': 105} boxes OK; FD1 true min s_J/(2 delta_a rho) = 1.97258 at b=31 J=30 dev=(-1, 1, -1, -1)
a=3 p=5 q=7: b<= 31, all J: regimes {'B1': 1, 'R0': 15, 'R2even': 120, 'R1': 15, 'R2odd': 105} boxes OK; FD1 true min s_J/(2 delta_a rho) = 1.65577 at b=31 J=30 dev=(-1, 1, -1, -1)
a=3 p=7 q=5: b<= 31, all J: regimes {'B1': 1, 'R0': 15, 'R2even': 120, 'R1': 15, 'R2odd': 105} boxes OK; FD1 true min s_J/(2 delta_a rho) = 1.54241 at b=31 J=30 dev=(-1, 1, -1, -1)
a=3 p=11/2 q=7/2: b<= 31, all J: regimes {'B1': 1, 'R0': 15, 'R2even': 120, 'R1': 15, 'R2odd': 105} boxes OK; FD1 true min s_J/(2 delta_a rho) = 1.32287 at b=31 J=30 dev=(-1, 1, -1, -1)
a=3 p=21/4 q=3: b<= 31, all J: regimes {'B1': 1, 'R0': 15, 'R2even': 120, 'R1': 15, 'R2odd': 105} boxes OK; FD1 true min s_J/(2 delta_a rho) = 1.20376 at b=31 J=30 dev=(-1, 1, -1, -1)
a=3 p=5 q=13/4: b<= 31, all J: regimes {'B1': 1, 'R0': 15, 'R2even': 120, 'R1': 15, 'R2odd': 105} boxes OK; FD1 true min s_J/(2 delta_a rho) = 1.25857 at b=31 J=30 dev=(-1, 1, -1, -1)
a=3 p=3 q=21/4: b<= 31, all J: regimes {'B1': 1, 'R0': 15, 'R2even': 120, 'R1': 15, 'R2odd': 105} boxes OK; FD1 true min s_J/(2 delta_a rho) = 1.47253 at b=31 J=30 dev=(-1, 1, -1, -1)
a=3 p=1001 q=1001: b<= 31, all J: regimes {'B1': 1, 'R0': 15, 'R2even': 120, 'R1': 15, 'R2odd': 105} boxes OK; FD1 true min s_J/(2 delta_a rho) = 1.99800 at b=31 J=30 dev=(-1, 1, -1, -1)
a=3 p=5 q=1001: b<= 31, all J: regimes {'B1': 1, 'R0': 15, 'R2even': 120, 'R1': 15, 'R2odd': 105} boxes OK; FD1 true min s_J/(2 delta_a rho) = 1.99759 at b=31 J=30 dev=(-1, 1, -1, -1)
a=3 p=3 q=1001: b<= 31, all J: regimes {'B1': 1, 'R0': 15, 'R2even': 120, 'R1': 15, 'R2odd': 105} boxes OK; FD1 true min s_J/(2 delta_a rho) = 1.99723 at b=31 J=30 dev=(-1, 1, -1, -1)
a=4 p=5 q=3: b<= 31, all J: regimes {'R0': 15, 'R1': 15, 'R2b': 105, 'R2a': 105} boxes OK; FD1 true min s_J/(2 delta_a rho) = 1.12038 at b=2 J=1 dev=(1, -1, 1, -1, -1)
a=4 p=7 q=3: b<= 31, all J: regimes {'R0': 15, 'R1': 15, 'R2b': 105, 'R2a': 105} boxes OK; FD1 true min s_J/(2 delta_a rho) = 1.14292 at b=2 J=1 dev=(1, -1, 1, -1, -1)
a=4 p=11 q=3: b<= 31, all J: regimes {'R0': 15, 'R1': 15, 'R2b': 105, 'R2a': 105} boxes OK; FD1 true min s_J/(2 delta_a rho) = 1.16364 at b=2 J=1 dev=(1, -1, 1, -1, -1)
a=4 p=101 q=3: b<= 31, all J: regimes {'R0': 15, 'R1': 15, 'R2b': 105, 'R2a': 105} boxes OK; FD1 true min s_J/(2 delta_a rho) = 1.19604 at b=2 J=1 dev=(1, -1, 1, -1, -1)
a=4 p=3 q=5: b<= 31, all J: regimes {'R0': 15, 'R1': 15, 'R2b': 105, 'R2a': 105} boxes OK; FD1 true min s_J/(2 delta_a rho) = 1.41750 at b=2 J=1 dev=(1, -1, 1, -1, -1)
a=4 p=3 q=7: b<= 31, all J: regimes {'R0': 15, 'R1': 15, 'R2b': 105, 'R2a': 105} boxes OK; FD1 true min s_J/(2 delta_a rho) = 1.58998 at b=2 J=1 dev=(1, -1, 1, -1, -1)
a=4 p=3 q=101: b<= 31, all J: regimes {'R0': 15, 'R1': 15, 'R2b': 105, 'R2a': 105} boxes OK; FD1 true min s_J/(2 delta_a rho) = 1.97372 at b=2 J=1 dev=(1, -1, 1, -1, -1)
a=4 p=5 q=7: b<= 31, all J: regimes {'R0': 15, 'R1': 15, 'R2b': 105, 'R2a': 105} boxes OK; FD1 true min s_J/(2 delta_a rho) = 1.62188 at b=2 J=1 dev=(1, -1, 1, -1, -1)
a=4 p=7 q=5: b<= 31, all J: regimes {'R0': 15, 'R1': 15, 'R2b': 105, 'R2a': 105} boxes OK; FD1 true min s_J/(2 delta_a rho) = 1.47905 at b=2 J=1 dev=(1, -1, 1, -1, -1)
a=4 p=11/2 q=7/2: b<= 31, all J: regimes {'R0': 15, 'R1': 15, 'R2b': 105, 'R2a': 105} boxes OK; FD1 true min s_J/(2 delta_a rho) = 1.23535 at b=2 J=1 dev=(1, -1, 1, -1, -1)
a=4 p=21/4 q=3: b<= 31, all J: regimes {'R0': 15, 'R1': 15, 'R2b': 105, 'R2a': 105} boxes OK; FD1 true min s_J/(2 delta_a rho) = 1.12410 at b=2 J=1 dev=(1, -1, 1, -1, -1)
a=4 p=5 q=13/4: b<= 31, all J: regimes {'R0': 15, 'R1': 15, 'R2b': 105, 'R2a': 105} boxes OK; FD1 true min s_J/(2 delta_a rho) = 1.17565 at b=2 J=1 dev=(1, -1, 1, -1, -1)
a=4 p=3 q=21/4: b<= 31, all J: regimes {'R0': 15, 'R1': 15, 'R2b': 105, 'R2a': 105} boxes OK; FD1 true min s_J/(2 delta_a rho) = 1.44598 at b=2 J=1 dev=(1, -1, 1, -1, -1)
a=4 p=1001 q=1001: b<= 31, all J: regimes {'R0': 15, 'R1': 15, 'R2b': 105, 'R2a': 105} boxes OK; FD1 true min s_J/(2 delta_a rho) = 1.99800 at b=2 J=1 dev=(1, -1, 1, -1, -1)
a=4 p=5 q=1001: b<= 31, all J: regimes {'R0': 15, 'R1': 15, 'R2b': 105, 'R2a': 105} boxes OK; FD1 true min s_J/(2 delta_a rho) = 1.99760 at b=2 J=1 dev=(1, -1, 1, -1, -1)
a=4 p=3 q=1001: b<= 31, all J: regimes {'R0': 15, 'R1': 15, 'R2b': 105, 'R2a': 105} boxes OK; FD1 true min s_J/(2 delta_a rho) = 1.99737 at b=2 J=1 dev=(1, -1, 1, -1, -1)
