(3,5) p=5 q=3: OK  nodes=200  0.0s
(3,5) p=3 q=5: OK  nodes=216  0.0s
(3,5) p=7 q=3: OK  nodes=200  0.0s
(3,5) p=3 q=7: OK  nodes=216  0.0s
(3,5) p=5 q=7: OK  nodes=200  0.0s
(3,5) p=7 q=5: OK  nodes=200  0.0s
(3,5) p=11 q=3: OK  nodes=200  0.0s
(3,5) p=3 q=11: OK  nodes=216  0.0s
(3,5) p=13 q=5: OK  nodes=200  0.0s
(3,5) p=101 q=3: OK  nodes=200  0.0s
(3,5) p=3 q=101: OK  nodes=216  0.0s
(3,5) p=21/4 q=3: OK  nodes=200  0.0s
(3,5) p=11/2 q=7/2: OK  nodes=200  0.0s
(3,5) p=5 q=13/4: OK  nodes=200  0.0s
(3,5) p=3 q=21/4: OK  nodes=216  0.0s
(3,7) p=5 q=3: OK  nodes=264  0.0s
(3,7) p=3 q=5: OK  nodes=280  0.0s
(3,7) p=7 q=3: OK  nodes=264  0.0s
(3,7) p=3 q=7: OK  nodes=280  0.0s
(3,7) p=5 q=7: OK  nodes=264  0.0s
(3,7) p=7 q=5: OK  nodes=264  0.0s
(3,7) p=11 q=3: OK  nodes=264  0.0s
(3,7) p=13 q=5: OK  nodes=264  0.0s
(3,7) p=101 q=3: OK  nodes=264  0.0s
(3,7) p=3 q=11: OK  nodes=280  0.0s
(3,7) p=3 q=101: OK  nodes=280  0.0s
(3,7) p=21/4 q=3: OK  nodes=264  0.0s
(3,7) p=11/2 q=7/2: OK  nodes=264  0.0s
(3,7) p=5 q=13/4: OK  nodes=264  0.0s
(3,7) p=3 q=21/4: OK  nodes=280  0.0s
(3,9) p=5 q=3: OK  nodes=328  0.0s
(3,9) p=3 q=5: OK  nodes=344  0.0s
(3,9) p=7 q=3: OK  nodes=328  0.0s
(3,9) p=3 q=7: OK  nodes=344  0.0s
(3,9) p=5 q=7: OK  nodes=328  0.0s
(3,9) p=7 q=5: OK  nodes=328  0.0s
(3,9) p=11 q=3: OK  nodes=328  0.0s
(3,9) p=3 q=11: OK  nodes=344  0.0s
(3,9) p=13 q=5: OK  nodes=328  0.0s
(3,9) p=101 q=3: OK  nodes=328  0.0s
(3,9) p=3 q=101: OK  nodes=344  0.0s
(3,9) p=21/4 q=3: OK  nodes=328  0.0s
(3,9) p=11/2 q=7/2: OK  nodes=328  0.0s
(3,9) p=5 q=13/4: OK  nodes=328  0.0s
(3,11) p=5 q=3: OK  nodes=392  0.0s
(3,9) p=3 q=21/4: OK  nodes=344  0.0s
(3,11) p=3 q=5: OK  nodes=408  0.0s
(3,11) p=7 q=3: OK  nodes=392  0.0s
(3,11) p=3 q=7: OK  nodes=408  0.0s
(3,11) p=7 q=5: OK  nodes=392  0.0s
(3,11) p=5 q=7: OK  nodes=392  0.0s
(3,11) p=11 q=3: OK  nodes=392  0.0s
(3,11) p=13 q=5: OK  nodes=392  0.0s
(3,11) p=101 q=3: OK  nodes=392  0.0s
(3,11) p=3 q=11: OK  nodes=408  0.0s
(3,11) p=3 q=101: OK  nodes=408  0.0s
(3,11) p=21/4 q=3: OK  nodes=392  0.0s
(3,11) p=11/2 q=7/2: OK  nodes=392  0.0s
(3,11) p=5 q=13/4: OK  nodes=392  0.0s
(3,11) p=3 q=21/4: OK  nodes=408  0.0s
(3,13) p=5 q=3: OK  nodes=456  0.0s
(3,13) p=3 q=5: OK  nodes=472  0.0s
(3,13) p=7 q=3: OK  nodes=456  0.0s
(3,13) p=5 q=7: OK  nodes=456  0.0s
(3,13) p=11 q=3: OK  nodes=456  0.0s
(3,13) p=3 q=7: OK  nodes=472  0.0s
(3,13) p=7 q=5: OK  nodes=456  0.0s
(3,13) p=3 q=11: OK  nodes=472  0.0s
(3,13) p=13 q=5: OK  nodes=456  0.0s
(3,13) p=101 q=3: OK  nodes=456  0.0s
(3,13) p=3 q=101: OK  nodes=472  0.0s
(3,15) p=5 q=3: OK  nodes=520  0.0s
(3,15) p=3 q=5: OK  nodes=536  0.0s
(3,15) p=7 q=3: OK  nodes=520  0.0s
(3,15) p=3 q=7: OK  nodes=536  0.0s
(3,15) p=11 q=3: OK  nodes=520  0.0s
(3,15) p=5 q=7: OK  nodes=520  0.0s
(3,15) p=7 q=5: OK  nodes=520  0.0s
(3,15) p=3 q=11: OK  nodes=536  0.0s
(3,15) p=13 q=5: OK  nodes=520  0.0s
(3,15) p=101 q=3: OK  nodes=520  0.0s
(3,15) p=3 q=101: OK  nodes=536  0.0s
(3,17) p=5 q=3: OK  nodes=584  0.0s
(3,17) p=7 q=3: OK  nodes=584  0.0s
(3,17) p=3 q=5: OK  nodes=600  0.0s
(3,17) p=3 q=7: OK  nodes=600  0.0s
(3,17) p=5 q=7: OK  nodes=584  0.0s
(3,17) p=7 q=5: OK  nodes=584  0.0s
(3,17) p=11 q=3: OK  nodes=584  0.0s
(3,17) p=3 q=11: OK  nodes=600  0.0s
(3,17) p=13 q=5: OK  nodes=584  0.0s
(3,17) p=101 q=3: OK  nodes=584  0.0s
(3,17) p=3 q=101: OK  nodes=600  0.0s
(3,19) p=5 q=3: OK  nodes=648  0.0s
(3,19) p=3 q=5: OK  nodes=664  0.0s
(3,19) p=7 q=3: OK  nodes=648  0.0s
(3,19) p=3 q=7: OK  nodes=664  0.0s
(3,19) p=5 q=7: OK  nodes=648  0.0s
(3,19) p=7 q=5: OK  nodes=648  0.0s
(3,19) p=11 q=3: OK  nodes=648  0.0s
(3,19) p=3 q=11: OK  nodes=664  0.0s
(3,19) p=13 q=5: OK  nodes=648  0.0s
(3,19) p=101 q=3: OK  nodes=648  0.0s
(3,19) p=3 q=101: OK  nodes=664  0.0s
(3,21) p=5 q=3: OK  nodes=712  0.0s
(3,21) p=3 q=5: OK  nodes=728  0.0s
(3,21) p=7 q=3: OK  nodes=712  0.0s
(3,21) p=3 q=7: OK  nodes=728  0.0s
(3,21) p=5 q=7: OK  nodes=712  0.0s
(3,21) p=7 q=5: OK  nodes=712  0.0s
(3,21) p=11 q=3: OK  nodes=712  0.0s
(3,21) p=3 q=11: OK  nodes=728  0.0s
(3,21) p=101 q=3: OK  nodes=712  0.0s
(3,21) p=13 q=5: OK  nodes=712  0.0s
(3,21) p=3 q=101: OK  nodes=728  0.0s
(3,25) p=5 q=3: OK  nodes=840  0.0s
(3,25) p=3 q=5: OK  nodes=856  0.0s
(3,25) p=7 q=3: OK  nodes=840  0.0s
(3,25) p=3 q=7: OK  nodes=856  0.0s
(3,25) p=5 q=7: OK  nodes=840  0.0s
(3,25) p=7 q=5: OK  nodes=840  0.0s
(3,25) p=11 q=3: OK  nodes=840  0.0s
(3,25) p=3 q=11: OK  nodes=856  0.0s
(4,4) p=5 q=3: OK  nodes=368  0.0s
(3,25) p=13 q=5: OK  nodes=840  0.0s
(4,4) p=3 q=5: OK  nodes=464  0.0s
(4,4) p=7 q=3: OK  nodes=368  0.0s
(3,25) p=101 q=3: OK  nodes=840  0.0s
(4,4) p=3 q=7: OK  nodes=464  0.0s
(3,25) p=3 q=101: OK  nodes=856  0.0s
(4,4) p=5 q=7: OK  nodes=368  0.0s
(4,4) p=7 q=5: OK  nodes=368  0.0s
(4,4) p=11 q=3: OK  nodes=368  0.0s
(4,4) p=13 q=5: OK  nodes=368  0.0s
(4,4) p=3 q=11: OK  nodes=464  0.0s
(4,4) p=101 q=3: OK  nodes=368  0.0s
(4,4) p=3 q=101: OK  nodes=464  0.0s
(4,4) p=11/2 q=7/2: OK  nodes=368  0.0s
(4,4) p=21/4 q=3: OK  nodes=368  0.0s
(4,4) p=5 q=13/4: OK  nodes=368  0.0s
(4,6) p=5 q=3: OK  nodes=496  0.0s
(4,6) p=7 q=3: OK  nodes=496  0.0s
(4,6) p=3 q=5: OK  nodes=592  0.0s
(4,6) p=5 q=7: OK  nodes=496  0.0s
(4,6) p=3 q=7: OK  nodes=592  0.0s
(4,4) p=3 q=21/4: OK  nodes=464  0.0s
(4,6) p=7 q=5: OK  nodes=496  0.0s
(4,6) p=11 q=3: OK  nodes=496  0.0s
(4,6) p=3 q=11: OK  nodes=592  0.0s
(4,6) p=13 q=5: OK  nodes=496  0.0s
(4,6) p=101 q=3: OK  nodes=496  0.0s
(4,6) p=3 q=101: OK  nodes=592  0.0s
(4,6) p=11/2 q=7/2: OK  nodes=496  0.0s
(4,6) p=5 q=13/4: OK  nodes=496  0.0s
(4,6) p=21/4 q=3: OK  nodes=496  0.0s
(4,8) p=5 q=3: OK  nodes=624  0.0s
(4,8) p=7 q=3: OK  nodes=624  0.0s
(4,8) p=3 q=5: OK  nodes=720  0.0s
(4,8) p=3 q=7: OK  nodes=720  0.0s
(4,6) p=3 q=21/4: OK  nodes=592  0.1s
(4,8) p=5 q=7: OK  nodes=624  0.0s
(4,8) p=7 q=5: OK  nodes=624  0.0s
(4,8) p=11 q=3: OK  nodes=624  0.0s
(4,8) p=3 q=11: OK  nodes=720  0.0s
(4,8) p=13 q=5: OK  nodes=624  0.0s
(4,8) p=101 q=3: OK  nodes=624  0.0s
(4,8) p=3 q=101: OK  nodes=720  0.0s
(4,8) p=21/4 q=3: OK  nodes=624  0.1s
(4,8) p=11/2 q=7/2: OK  nodes=624  0.1s
(4,8) p=5 q=13/4: OK  nodes=624  0.1s
(4,10) p=5 q=3: OK  nodes=752  0.0s
(4,10) p=3 q=5: OK  nodes=848  0.0s
(4,10) p=7 q=3: OK  nodes=752  0.0s
(4,8) p=3 q=21/4: OK  nodes=720  0.1s
(4,10) p=3 q=7: OK  nodes=848  0.0s
(4,10) p=5 q=7: OK  nodes=752  0.0s
(4,10) p=7 q=5: OK  nodes=752  0.0s
(4,10) p=11 q=3: OK  nodes=752  0.0s
(4,10) p=13 q=5: OK  nodes=752  0.0s
(4,10) p=3 q=11: OK  nodes=848  0.0s
(4,10) p=101 q=3: OK  nodes=752  0.0s
(4,10) p=3 q=101: OK  nodes=848  0.0s
(4,10) p=21/4 q=3: OK  nodes=752  0.1s
(4,10) p=11/2 q=7/2: OK  nodes=752  0.1s
(4,10) p=5 q=13/4: OK  nodes=752  0.1s
(4,12) p=5 q=3: OK  nodes=880  0.0s
(4,12) p=3 q=5: OK  nodes=976  0.0s
(4,12) p=7 q=3: OK  nodes=880  0.0s
(4,12) p=3 q=7: OK  nodes=976  0.0s
(4,10) p=3 q=21/4: OK  nodes=848  0.1s
(4,12) p=5 q=7: OK  nodes=880  0.0s
(4,12) p=7 q=5: OK  nodes=880  0.0s
(4,12) p=11 q=3: OK  nodes=880  0.0s
(4,12) p=3 q=11: OK  nodes=976  0.0s
(4,12) p=13 q=5: OK  nodes=880  0.0s
(4,12) p=101 q=3: OK  nodes=880  0.0s
(4,12) p=3 q=101: OK  nodes=976  0.0s
(4,14) p=5 q=3: OK  nodes=1008  0.0s
(4,14) p=3 q=5: OK  nodes=1104  0.0s
(4,14) p=7 q=3: OK  nodes=1008  0.0s
(4,14) p=3 q=7: OK  nodes=1104  0.0s
(4,14) p=5 q=7: OK  nodes=1008  0.0s
(4,14) p=11 q=3: OK  nodes=1008  0.0s
(4,14) p=7 q=5: OK  nodes=1008  0.0s
(4,14) p=13 q=5: OK  nodes=1008  0.0s
(4,14) p=3 q=11: OK  nodes=1104  0.0s
(4,14) p=101 q=3: OK  nodes=1008  0.0s
(4,14) p=3 q=101: OK  nodes=1104  0.0s
(4,16) p=5 q=3: OK  nodes=1136  0.0s
(4,16) p=7 q=3: OK  nodes=1136  0.0s
(4,16) p=3 q=5: OK  nodes=1232  0.0s
(4,16) p=3 q=7: OK  nodes=1232  0.0s
(4,16) p=5 q=7: OK  nodes=1136  0.0s
(4,16) p=7 q=5: OK  nodes=1136  0.0s
(4,16) p=11 q=3: OK  nodes=1136  0.0s
(4,16) p=3 q=11: OK  nodes=1232  0.0s
(4,16) p=13 q=5: OK  nodes=1136  0.0s
(4,16) p=101 q=3: OK  nodes=1136  0.0s
(4,16) p=3 q=101: OK  nodes=1232  0.0s
(4,20) p=5 q=3: OK  nodes=1392  0.0s
(4,20) p=7 q=3: OK  nodes=1392  0.0s
(4,20) p=3 q=5: OK  nodes=1488  0.0s
(4,20) p=3 q=7: OK  nodes=1488  0.0s
(4,20) p=5 q=7: OK  nodes=1392  0.0s
(4,20) p=11 q=3: OK  nodes=1392  0.0s
(4,20) p=7 q=5: OK  nodes=1392  0.0s
(4,20) p=3 q=11: OK  nodes=1488  0.0s
(4,20) p=13 q=5: OK  nodes=1392  0.0s
(5,3) p=5 q=3: OK  nodes=672  0.0s
(4,20) p=101 q=3: OK  nodes=1392  0.0s
(5,3) p=3 q=5: OK  nodes=864  0.0s
(4,20) p=3 q=101: OK  nodes=1488  0.0s
(5,3) p=7 q=3: OK  nodes=672  0.0s
(5,3) p=5 q=7: OK  nodes=672  0.0s
(5,3) p=3 q=7: OK  nodes=864  0.0s
(5,3) p=7 q=5: OK  nodes=672  0.0s
(5,3) p=11 q=3: OK  nodes=672  0.0s
(5,3) p=13 q=5: OK  nodes=672  0.0s
(5,3) p=3 q=11: OK  nodes=864  0.0s
(5,3) p=101 q=3: OK  nodes=672  0.0s
(5,3) p=3 q=101: OK  nodes=864  0.0s
(5,3) p=11/2 q=7/2: OK  nodes=672  0.1s
(5,3) p=5 q=13/4: OK  nodes=672  0.1s
(5,3) p=21/4 q=3: OK  nodes=672  0.1s
(5,5) p=5 q=3: OK  nodes=928  0.0s
(5,5) p=7 q=3: OK  nodes=928  0.0s
(5,5) p=3 q=5: OK  nodes=1120  0.0s
(5,5) p=3 q=7: OK  nodes=1120  0.0s
(5,5) p=5 q=7: OK  nodes=928  0.0s
(5,5) p=7 q=5: OK  nodes=928  0.0s
(5,3) p=3 q=21/4: OK  nodes=864  0.1s
(5,5) p=11 q=3: OK  nodes=928  0.0s
(5,5) p=13 q=5: OK  nodes=928  0.0s
(5,5) p=3 q=11: OK  nodes=1120  0.0s
(5,5) p=101 q=3: OK  nodes=928  0.0s
(5,5) p=3 q=101: OK  nodes=1120  0.0s
(5,5) p=21/4 q=3: OK  nodes=928  0.1s
(5,5) p=11/2 q=7/2: OK  nodes=928  0.1s
(5,5) p=5 q=13/4: OK  nodes=928  0.1s
(5,7) p=5 q=3: OK  nodes=1184  0.0s
(5,7) p=3 q=5: OK  nodes=1376  0.0s
(5,7) p=7 q=3: OK  nodes=1184  0.0s
(5,7) p=3 q=7: OK  nodes=1376  0.0s
(5,7) p=5 q=7: OK  nodes=1184  0.0s
(5,7) p=7 q=5: OK  nodes=1184  0.0s
(5,5) p=3 q=21/4: OK  nodes=1120  0.1s
(5,7) p=11 q=3: OK  nodes=1184  0.0s
(5,7) p=3 q=11: OK  nodes=1376  0.0s
(5,7) p=13 q=5: OK  nodes=1184  0.0s
(5,7) p=101 q=3: OK  nodes=1184  0.0s
(5,7) p=3 q=101: OK  nodes=1376  0.0s
(5,7) p=21/4 q=3: OK  nodes=1184  0.2s
(5,7) p=11/2 q=7/2: OK  nodes=1184  0.2s
(5,7) p=5 q=13/4: OK  nodes=1184  0.2s
(5,9) p=5 q=3: OK  nodes=1440  0.0s
(5,9) p=3 q=5: OK  nodes=1632  0.0s
(5,9) p=7 q=3: OK  nodes=1440  0.0s
(5,9) p=3 q=7: OK  nodes=1632  0.0s
(5,9) p=5 q=7: OK  nodes=1440  0.0s
(5,7) p=3 q=21/4: OK  nodes=1376  0.2s
(5,9) p=7 q=5: OK  nodes=1440  0.0s
(5,9) p=11 q=3: OK  nodes=1440  0.0s
(5,9) p=13 q=5: OK  nodes=1440  0.0s
(5,9) p=3 q=11: OK  nodes=1632  0.0s
(5,9) p=101 q=3: OK  nodes=1440  0.0s
(5,9) p=3 q=101: OK  nodes=1632  0.0s
(5,9) p=21/4 q=3: OK  nodes=1440  0.2s
(5,9) p=11/2 q=7/2: OK  nodes=1440  0.2s
(5,9) p=5 q=13/4: OK  nodes=1440  0.2s
(5,11) p=5 q=3: OK  nodes=1696  0.0s
(5,11) p=7 q=3: OK  nodes=1696  0.0s
(5,11) p=3 q=5: OK  nodes=1888  0.0s
(5,11) p=3 q=7: OK  nodes=1888  0.0s
(5,11) p=5 q=7: OK  nodes=1696  0.0s
(5,11) p=7 q=5: OK  nodes=1696  0.0s
(5,9) p=3 q=21/4: OK  nodes=1632  0.2s
(5,11) p=11 q=3: OK  nodes=1696  0.0s
(5,11) p=13 q=5: OK  nodes=1696  0.0s
(5,11) p=3 q=11: OK  nodes=1888  0.0s
(5,11) p=101 q=3: OK  nodes=1696  0.0s
(5,11) p=3 q=101: OK  nodes=1888  0.0s
(5,11) p=21/4 q=3: OK  nodes=1696  0.2s
(5,11) p=11/2 q=7/2: OK  nodes=1696  0.2s
(5,11) p=5 q=13/4: OK  nodes=1696  0.2s
(6,4) p=5 q=3: OK  nodes=1728  0.0s
(6,4) p=7 q=3: OK  nodes=1728  0.0s
(6,4) p=3 q=5: OK  nodes=2880  0.0s
(5,11) p=3 q=21/4: OK  nodes=1888  0.3s
(6,4) p=7 q=5: OK  nodes=1728  0.0s
(6,4) p=5 q=7: OK  nodes=1728  0.0s
(6,4) p=3 q=7: OK  nodes=2880  0.0s
(6,4) p=13 q=5: OK  nodes=1728  0.0s
(6,4) p=11 q=3: OK  nodes=1728  0.0s
(6,4) p=101 q=3: OK  nodes=1728  0.0s
(6,4) p=3 q=11: OK  nodes=2880  0.0s
(6,4) p=3 q=101: OK  nodes=2880  0.0s
(6,4) p=21/4 q=3: OK  nodes=1728  0.3s
(6,4) p=5 q=13/4: OK  nodes=1728  0.3s
(6,4) p=11/2 q=7/2: OK  nodes=1728  0.3s
(6,6) p=5 q=3: OK  nodes=2240  0.0s
(6,6) p=7 q=3: OK  nodes=2240  0.0s
(6,6) p=3 q=5: OK  nodes=3392  0.0s
(6,6) p=5 q=7: OK  nodes=2240  0.0s
(6,6) p=3 q=7: OK  nodes=3392  0.0s
(6,6) p=7 q=5: OK  nodes=2240  0.0s
(6,6) p=11 q=3: OK  nodes=2240  0.0s
(6,6) p=13 q=5: OK  nodes=2240  0.0s
(6,6) p=3 q=11: OK  nodes=3392  0.0s
(6,6) p=101 q=3: OK  nodes=2240  0.0s
(6,6) p=3 q=101: OK  nodes=3392  0.0s
(6,4) p=3 q=21/4: OK  nodes=2880  0.5s
(6,6) p=11/2 q=7/2: OK  nodes=2240  0.4s
(6,6) p=21/4 q=3: OK  nodes=2240  0.4s
(6,6) p=5 q=13/4: OK  nodes=2240  0.4s
(6,8) p=5 q=3: OK  nodes=2752  0.0s
(6,8) p=7 q=3: OK  nodes=2752  0.0s
(6,8) p=3 q=5: OK  nodes=3904  0.0s
(6,8) p=3 q=7: OK  nodes=3904  0.0s
(6,8) p=5 q=7: OK  nodes=2752  0.0s
(6,8) p=7 q=5: OK  nodes=2752  0.0s
(6,8) p=11 q=3: OK  nodes=2752  0.0s
(6,8) p=13 q=5: OK  nodes=2752  0.0s
(6,8) p=3 q=11: OK  nodes=3904  0.0s
(6,8) p=101 q=3: OK  nodes=2752  0.0s
(6,8) p=3 q=101: OK  nodes=3904  0.1s
(6,6) p=3 q=21/4: OK  nodes=3392  0.6s
(6,8) p=11/2 q=7/2: OK  nodes=2752  0.5s
(6,8) p=21/4 q=3: OK  nodes=2752  0.5s
(6,8) p=5 q=13/4: OK  nodes=2752  0.5s
(6,10) p=5 q=3: OK  nodes=3264  0.0s
(6,10) p=3 q=5: OK  nodes=4416  0.1s
(6,10) p=7 q=3: OK  nodes=3264  0.0s
(6,10) p=3 q=7: OK  nodes=4416  0.1s
(6,10) p=5 q=7: OK  nodes=3264  0.0s
(6,10) p=7 q=5: OK  nodes=3264  0.0s
(6,10) p=11 q=3: OK  nodes=3264  0.0s
(6,10) p=3 q=11: OK  nodes=4416  0.1s
(6,10) p=13 q=5: OK  nodes=3264  0.0s
(6,10) p=101 q=3: OK  nodes=3264  0.0s
(6,10) p=3 q=101: OK  nodes=4416  0.1s
(6,8) p=3 q=21/4: OK  nodes=3904  0.7s
(6,10) p=11/2 q=7/2: OK  nodes=3264  0.6s
(2,10) p=5 q=3: OK  nodes=172  0.0s
(6,10) p=21/4 q=3: OK  nodes=3264  0.5s
(2,10) p=3 q=5: OK  nodes=180  0.0s
(2,10) p=7 q=3: OK  nodes=172  0.0s
(2,10) p=3 q=7: OK  nodes=180  0.0s
(2,10) p=5 q=7: OK  nodes=172  0.0s
(2,10) p=7 q=5: OK  nodes=172  0.0s
(2,10) p=11 q=3: OK  nodes=172  0.0s
(2,10) p=3 q=11: OK  nodes=180  0.0s
(2,10) p=13 q=5: OK  nodes=172  0.0s
(2,10) p=101 q=3: OK  nodes=172  0.0s
(2,10) p=3 q=101: OK  nodes=180  0.0s
(2,10) p=11/2 q=7/2: OK  nodes=172  0.0s
(2,10) p=21/4 q=3: OK  nodes=172  0.0s
(2,10) p=5 q=13/4: OK  nodes=172  0.0s
(2,10) p=3 q=21/4: OK  nodes=180  0.0s
(2,12) p=5 q=3: OK  nodes=204  0.0s
(2,12) p=3 q=5: OK  nodes=212  0.0s
(2,12) p=7 q=3: OK  nodes=204  0.0s
(2,12) p=3 q=7: OK  nodes=212  0.0s
(2,12) p=5 q=7: OK  nodes=204  0.0s
(2,12) p=7 q=5: OK  nodes=204  0.0s
(2,12) p=11 q=3: OK  nodes=204  0.0s
(2,12) p=3 q=11: OK  nodes=212  0.0s
(2,12) p=13 q=5: OK  nodes=204  0.0s
(2,12) p=101 q=3: OK  nodes=204  0.0s
(6,10) p=5 q=13/4: OK  nodes=3264  0.5s
(2,12) p=3 q=101: OK  nodes=212  0.0s
(2,20) p=5 q=3: OK  nodes=332  0.0s
(2,20) p=3 q=5: OK  nodes=340  0.0s
(2,20) p=7 q=3: OK  nodes=332  0.0s
(2,20) p=3 q=7: OK  nodes=340  0.0s
(2,20) p=5 q=7: OK  nodes=332  0.0s
(2,20) p=7 q=5: OK  nodes=332  0.0s
(2,20) p=11 q=3: OK  nodes=332  0.0s
(2,20) p=3 q=11: OK  nodes=340  0.0s
(2,20) p=13 q=5: OK  nodes=332  0.0s
(2,20) p=101 q=3: OK  nodes=332  0.0s
(2,20) p=3 q=101: OK  nodes=340  0.0s
(6,10) p=3 q=21/4: OK  nodes=4416  0.7s
done 402 jobs in 4s
