== structure ==
commutative: True
a^2 == a: True  nonzero: True
b^2 == b: True  nonzero: True
c^2 == c: True  nonzero: True
== eigen-decompositions (candidate eigenvalues F = {1, 0, 1/3}) ==
ad_a: diagonalizable with spectrum in F: True; {'1': ['1*a'], '0': ['-1/3*a + 1*b + 1*x', '1*c'], '1/3': ['-1*b + 1*x']}
   charpoly(ad_a) = ['1', '-4/3', '1/3', '0', '0']  matches eigen-dims: True
   primitive (dim A_1 = 1 and a in A_1): True
   fusion law F respected: True; realised rules: {'1*1': ['1'], '1*0': [], '1*1/3': ['1/3'], '0*1': [], '0*0': ['0', '1', '1/3'], '0*1/3': ['1', '1/3'], '1/3*1': ['1/3'], '1/3*0': ['1', '1/3'], '1/3*1/3': ['0', '1']}
ad_b: diagonalizable with spectrum in F: True; {'1': ['1*b'], '0': ['1*a + -1/3*b + 1*x', '1*c'], '1/3': ['-1*a + 1*x']}
   charpoly(ad_b) = ['1', '-4/3', '1/3', '0', '0']  matches eigen-dims: True
   primitive (dim A_1 = 1 and b in A_1): True
   fusion law F respected: True; realised rules: {'1*1': ['1'], '1*0': [], '1*1/3': ['1/3'], '0*1': [], '0*0': ['0', '1', '1/3'], '0*1/3': ['1', '1/3'], '1/3*1': ['1/3'], '1/3*0': ['1', '1/3'], '1/3*1/3': ['0', '1']}
ad_c: diagonalizable with spectrum in F: True; {'1': ['1*c'], '0': ['1*a', '1*b'], '1/3': ['-1*a + -1*b + 1*x']}
   charpoly(ad_c) = ['1', '-4/3', '1/3', '0', '0']  matches eigen-dims: True
   primitive (dim A_1 = 1 and c in A_1): True
   fusion law F respected: True; realised rules: {'1*1': ['1'], '1*0': [], '1*1/3': ['1/3'], '0*1': [], '0*0': ['0', '1/3'], '0*1/3': ['0', '1/3'], '1/3*1': ['1/3'], '1/3*0': ['0', '1/3'], '1/3*1/3': ['0']}
== realised (minimal) fusion law over all three axes ==
   0*0 -> ['0', '1', '1/3']
   0*1/3 -> ['0', '1', '1/3']
   0*1 -> []
   1/3*1/3 -> ['0', '1']
   1/3*1 -> ['1/3']
   1*1 -> ['1']
== generation ==
dim <<a,b,c>> = 4 (dim A = 4)
<<a,b>> basis: ['1*a', '1*b', '1*x']  contains x: True
<<c>> basis: ['1*c']
dim <<b,c>> = 2
dim <<a,c>> = 2
== non-annihilation graph on X = {a,b,c} ==
edges: [('a', 'b')]   a*b = 1/6*a + 1/6*b + -1/6*x ; a*c = 0 ; b*c = 0
== the component subalgebras do not annihilate each other ==
x in <<a,b>>: True ; c*x = -1/3*a + -1/3*b + 1/3*x  nonzero: True
x == a + b - 6ab: True
== blocks (ideals generated by axes) ==
I_a: ['1*a', '1*b', '1*x']
I_b: ['1*a', '1*b', '1*x']
I_c: ['1*a', '1*b', '1*x', '1*c']
I_a == span(a,b,x): True ; I_a == I_b: True ; I_c == A: True ; I_a proper subset of I_c: True
span(a,b,x) is an ideal: True
== indecomposability ==
phi_c(a), phi_c(b), phi_c(x), phi_c(c) = ['0', '0', '0', '1']
identity ad_c(ad_c u) - eta ad_c u = (1-eta) phi_c(u) c holds on basis: True
=> every ideal I with some u in I, phi_c(u) != 0 contains c, hence I = I_c = A;
   every proper ideal lies in ker phi_c = span(a,b,x); A is not the sum of its proper ideals.
== Frobenius forms ==
form (rows a,b,x,c): [['0', '0', '0', '0'], ['0', '0', '0', '0'], ['0', '0', '0', '0'], ['0', '0', '0', '1']]
dimension of the space of Frobenius forms: 1
== mod-7 cross-check: enumerate all subspaces of F_7^4, find all ideals ==
subspaces enumerated: 3652 ; ideals found: 3
   ideal of dim 0 : ()
   ideal of dim 3 : ((1, 0, 0, 0), (0, 1, 0, 0), (0, 0, 1, 0))
   ideal of dim 4 : ((1, 0, 0, 0), (0, 1, 0, 0), (0, 0, 1, 0), (0, 0, 0, 1))
dim of sum of all proper ideals (mod 7): 3  -> A decomposable mod 7? False
