Sat Sep 26 21:38:28 UTC 2026
odd b<200 with K_b | 2b: [3, 15, 27, 39, 63, 75, 87, 99, 123, 135, 147, 159, 183, 195]
denominator check: True
odd b<200 with 3|b: [3, 9, 15, 21, 27, 33, 39, 45, 51, 57, 63, 69, 75, 81, 87, 93, 99, 105, 111, 117, 123, 129, 135, 141, 147, 153, 159, 165, 171, 177, 183, 189, 195]
5 sum 13 n>= 7
7 sum 29 n>= 15
9 sum 54 n>= 27
11 sum 90 n>= 45
13 sum 139 n>= 70
15 sum 203 n>= 102
17 sum 284 n>= 142
27 sum 1014 n>= 507
N 41 rmax 9 sumsmallest(r) 68 next 84
N 42 rmax 10 sumsmallest(r) 84 next 100
N 49 rmax 10 sumsmallest(r) 84 next 100
sumsmallest(10) 84 sumsmallest(14) 166
|B+|= 1 min S2 (9, [(3, 1)])
|B+|= 2 min S2 (13, [(2, 1), (3, 1)])
|B+|= 3 min S2 (17, [(2, 2), (3, 1)])
|B+|= 4 min S2 (33, [(2, 2), (3, 1), (4, 1)])
|B+|= 5 min S2 (42, [(2, 2), (3, 2), (4, 1)])
|B+|= 6 min S2 (67, [(2, 2), (3, 2), (4, 1), (5, 1)])
|B+|= 7 min S2 (83, [(2, 2), (3, 2), (4, 2), (5, 1)])
|B+|= 8 min S2 (119, [(2, 2), (3, 2), (4, 2), (5, 1), (6, 1)])
|B+|= 9 min S2 (144, [(2, 2), (3, 2), (4, 2), (5, 2), (6, 1)])
|B+|= 10 min S2 (193, [(2, 2), (3, 2), (4, 2), (5, 2), (6, 1), (7, 1)])
|B+|= 11 min S2 (229, [(2, 2), (3, 2), (4, 2), (5, 2), (6, 2), (7, 1)])
|B+|= 12 min S2 (293, [(2, 2), (3, 2), (4, 2), (5, 2), (6, 2), (7, 1), (8, 1)])
|B+|= 13 min S2 (342, [(2, 2), (3, 2), (4, 2), (5, 2), (6, 2), (7, 2), (8, 1)])
|B+|= 14 min S2 (423, [(2, 2), (3, 2), (4, 2), (5, 2), (6, 2), (7, 2), (8, 1), (9, 1)])
|B+|= 15 min S2 (487, [(2, 2), (3, 2), (4, 2), (5, 2), (6, 2), (7, 2), (8, 2), (9, 1)])
size>=5,S2<=42: [(2, 2), (3, 2), (4, 1)]
Sat Sep 26 21:38:29 UTC 2026
