Sat Sep 26 21:38:28 UTC 2026
C41(6,0,3,0) n= 13 x**9*(x - 3)*(x - 2)*(x + 2)*(x + 3)
C4(5P2,P1,2P2,P1) n= 20 x**2*(x - 3)*(x - 2)*(x - 1)**7*(x + 1)**7*(x + 2)*(x + 3)
C42(4,4,0,0) n= 20 x**2*(x - 3)*(x - 2)*(x - 1)**7*(x + 1)**7*(x + 2)*(x + 3)
C61(0,6,6,12,6,6) n= 42 x**32*(x - 4)*(x - 3)**2*(x - 2)**2*(x + 2)**2*(x + 3)**2*(x + 4)
C42(10,10,0,0) n= 44 x**2*(x - 4)*(x - 3)*(x - 1)**19*(x + 1)**19*(x + 3)*(x + 4)
direct x**9*(x - 3)*(x - 2)*(x + 2)*(x + 3)
direct x**2*(x - 3)*(x - 2)*(x - 1)**7*(x + 1)**7*(x + 2)*(x + 3)
direct x**2*(x - 3)*(x - 2)*(x - 1)**7*(x + 1)**7*(x + 2)*(x + 3)
3 1 1 0
4 1 1 1
5 1 1 2
6 1 1 1
7 3 3 2
8 3 3 3
9 3 3 2
10 3 3 3
11 3 3 4
12 3 3 3
13 5 5 4
14 5 5 5
15 5 5 4
16 5 5 5
17 5 5 6
18 5 5 5
19 7 7 6
20 7 7 7
21 7 7 6
22 7 7 7
23 7 7 8
24 7 7 7
25 9 9 8
26 9 9 9
27 9 9 8
28 9 9 9
29 9 9 10
30 9 9 9
Sat Sep 26 21:38:28 UTC 2026
