start 22:27:59
sunD2 b=4 N=49 part=0/1 mode=all spectra=29 maxT=2352
CAND b=4 n=20 : (0,0) (0,0) (0,4) (0,4)  nu: -3^1 -2^1 -1^7 0^2 1^7 2^1 3^1
CAND b=4 n=44 : (0,0) (0,0) (0,10) (0,10)  nu: -4^1 -3^1 -1^19 0^2 1^19 3^1 4^1
CAND b=4 n=20 : (0,0) (0,4) (0,4) (0,0)  nu: -3^1 -2^1 -1^7 0^2 1^7 2^1 3^1
CAND b=4 n=44 : (0,0) (0,10) (0,10) (0,0)  nu: -4^1 -3^1 -1^19 0^2 1^19 3^1 4^1
CAND b=4 n=13 : (0,0) (3,0) (0,0) (6,0)  nu: -3^1 -2^1 0^9 2^1 3^1
CAND b=4 n=13 : (0,0) (6,0) (0,0) (3,0)  nu: -3^1 -2^1 0^9 2^1 3^1
CAND b=4 n=20 : (0,2) (1,0) (0,5) (1,0)  nu: -3^1 -2^1 -1^7 0^2 1^7 2^1 3^1
CAND b=4 n=20 : (0,4) (0,0) (0,0) (0,4)  nu: -3^1 -2^1 -1^7 0^2 1^7 2^1 3^1
CAND b=4 n=20 : (0,4) (0,4) (0,0) (0,0)  nu: -3^1 -2^1 -1^7 0^2 1^7 2^1 3^1
CAND b=4 n=20 : (0,5) (1,0) (0,2) (1,0)  nu: -3^1 -2^1 -1^7 0^2 1^7 2^1 3^1
CAND b=4 n=44 : (0,10) (0,0) (0,0) (0,10)  nu: -4^1 -3^1 -1^19 0^2 1^19 3^1 4^1
CAND b=4 n=44 : (0,10) (0,10) (0,0) (0,0)  nu: -4^1 -3^1 -1^19 0^2 1^19 3^1 4^1
CAND b=4 n=20 : (1,0) (0,2) (1,0) (0,5)  nu: -3^1 -2^1 -1^7 0^2 1^7 2^1 3^1
CAND b=4 n=20 : (1,0) (0,5) (1,0) (0,2)  nu: -3^1 -2^1 -1^7 0^2 1^7 2^1 3^1
CAND b=4 n=13 : (3,0) (0,0) (6,0) (0,0)  nu: -3^1 -2^1 0^9 2^1 3^1
CAND b=4 n=13 : (6,0) (0,0) (3,0) (0,0)  nu: -3^1 -2^1 0^9 2^1 3^1
DONE sunD2 b=4 N=49 part=0/1 mode=all spectra=29 nodes=2739205 leaves=1896852 tested=1896852 cands=16
        7.23 real         7.06 user         0.07 sys
end 22:28:07
