Sat Sep 26 22:40:47 UTC 2026
sunD b=4 N=41 part=0/1 mode=all spectra=19 maxT=1272
CAND b=4 n=20 : (0,0) (0,0) (0,4) (0,4)  nu: -3^1 -2^1 -1^7 0^2 1^7 2^1 3^1
CAND b=4 n=20 : (0,0) (0,4) (0,4) (0,0)  nu: -3^1 -2^1 -1^7 0^2 1^7 2^1 3^1
CAND b=4 n=13 : (0,0) (3,0) (0,0) (6,0)  nu: -3^1 -2^1 0^9 2^1 3^1
CAND b=4 n=13 : (0,0) (6,0) (0,0) (3,0)  nu: -3^1 -2^1 0^9 2^1 3^1
CAND b=4 n=20 : (0,2) (1,0) (0,5) (1,0)  nu: -3^1 -2^1 -1^7 0^2 1^7 2^1 3^1
CAND b=4 n=20 : (0,4) (0,0) (0,0) (0,4)  nu: -3^1 -2^1 -1^7 0^2 1^7 2^1 3^1
CAND b=4 n=20 : (0,4) (0,4) (0,0) (0,0)  nu: -3^1 -2^1 -1^7 0^2 1^7 2^1 3^1
CAND b=4 n=20 : (0,5) (1,0) (0,2) (1,0)  nu: -3^1 -2^1 -1^7 0^2 1^7 2^1 3^1
CAND b=4 n=20 : (1,0) (0,2) (1,0) (0,5)  nu: -3^1 -2^1 -1^7 0^2 1^7 2^1 3^1
CAND b=4 n=20 : (1,0) (0,5) (1,0) (0,2)  nu: -3^1 -2^1 -1^7 0^2 1^7 2^1 3^1
CAND b=4 n=13 : (3,0) (0,0) (6,0) (0,0)  nu: -3^1 -2^1 0^9 2^1 3^1
CAND b=4 n=13 : (6,0) (0,0) (3,0) (0,0)  nu: -3^1 -2^1 0^9 2^1 3^1
DONE b=4 N=41 part=0/1 mode=all spectra=19 nodes=1476870 leaves=1057590 tested=1057590 cands=12
sunD b=6 N=42 part=0/1 mode=all dry spectra=21 maxT=1272
DONE b=6 N=42 part=0/1 mode=all dry spectra=21 nodes=248009096 leaves=153225129 tested=0 cands=0
sunD2 b=4 N=41 part=0/1 mode=all spectra=19 maxT=1272
CAND b=4 n=20 : (0,0) (0,0) (0,4) (0,4)  nu: -3^1 -2^1 -1^7 0^2 1^7 2^1 3^1
CAND b=4 n=20 : (0,0) (0,4) (0,4) (0,0)  nu: -3^1 -2^1 -1^7 0^2 1^7 2^1 3^1
CAND b=4 n=13 : (0,0) (3,0) (0,0) (6,0)  nu: -3^1 -2^1 0^9 2^1 3^1
CAND b=4 n=13 : (0,0) (6,0) (0,0) (3,0)  nu: -3^1 -2^1 0^9 2^1 3^1
CAND b=4 n=20 : (0,2) (1,0) (0,5) (1,0)  nu: -3^1 -2^1 -1^7 0^2 1^7 2^1 3^1
CAND b=4 n=20 : (0,4) (0,0) (0,0) (0,4)  nu: -3^1 -2^1 -1^7 0^2 1^7 2^1 3^1
CAND b=4 n=20 : (0,4) (0,4) (0,0) (0,0)  nu: -3^1 -2^1 -1^7 0^2 1^7 2^1 3^1
CAND b=4 n=20 : (0,5) (1,0) (0,2) (1,0)  nu: -3^1 -2^1 -1^7 0^2 1^7 2^1 3^1
CAND b=4 n=20 : (1,0) (0,2) (1,0) (0,5)  nu: -3^1 -2^1 -1^7 0^2 1^7 2^1 3^1
CAND b=4 n=20 : (1,0) (0,5) (1,0) (0,2)  nu: -3^1 -2^1 -1^7 0^2 1^7 2^1 3^1
CAND b=4 n=13 : (3,0) (0,0) (6,0) (0,0)  nu: -3^1 -2^1 0^9 2^1 3^1
CAND b=4 n=13 : (6,0) (0,0) (3,0) (0,0)  nu: -3^1 -2^1 0^9 2^1 3^1
DONE sunD2 b=4 N=41 part=0/1 mode=all spectra=19 nodes=678605 leaves=410544 tested=410544 cands=12
sunD2 b=4 N=41 part=0/1 mode=canon wmax spectra=19 maxT=1272
CAND b=4 n=20 : (0,4) (0,4) (0,0) (0,0)  nu: -3^1 -2^1 -1^7 0^2 1^7 2^1 3^1
CAND b=4 n=20 : (0,5) (1,0) (0,2) (1,0)  nu: -3^1 -2^1 -1^7 0^2 1^7 2^1 3^1
CAND b=4 n=13 : (6,0) (0,0) (3,0) (0,0)  nu: -3^1 -2^1 0^9 2^1 3^1
DONE sunD2 b=4 N=41 part=0/1 mode=canon wmax spectra=19 nodes=203989 leaves=107987 tested=52641 cands=3
sunD2 b=6 N=42 part=0/1 mode=all dry spectra=21 maxT=1272
DONE sunD2 b=6 N=42 part=0/1 mode=all dry spectra=21 nodes=27988141 leaves=14215675 tested=0 cands=0
Sat Sep 26 22:40:56 UTC 2026
