B_1: |B|=1
  D-classes = rank classes: [([1], 1)]
  rank 1: N=1 (odd), |J|=1, products checked=1, support degree distribution={1: 1}
B_2: |B|=3
  D-classes = rank classes: [([0], 1), ([2], 2)]
  rank 0: N=1 (odd), |J|=1, products checked=1, support degree distribution={1: 1}
  rank 2: N=1 (odd), |J|=2, products checked=4, support degree distribution={1: 1}
B_3: |B|=15
  D-classes = rank classes: [([1], 9), ([3], 6)]
  rank 1: N=3 (odd), |J|=9, products checked=81, support degree distribution={3: 3}
  rank 3: N=1 (odd), |J|=6, products checked=36, support degree distribution={1: 1}
B_4: |B|=105
  D-classes = rank classes: [([0], 9), ([2], 72), ([4], 24)]
  rank 0: N=3 (odd), |J|=9, products checked=81, support degree distribution={3: 3}
  rank 2: N=6 (even), |J|=72, products checked=5184, support degree distribution={5: 6}
  rank 4: N=1 (odd), |J|=24, products checked=576, support degree distribution={1: 1}
B_5: |B|=945
  D-classes = rank classes: [([1], 225), ([3], 600), ([5], 120)]
  rank 1: N=15 (odd), |J|=225, products checked=50625, support degree distribution={15: 15}
  rank 3: N=10 (even), |J|=600, products checked=360000, support degree distribution={7: 10}
  rank 5: N=1 (odd), |J|=120, products checked=14400, support degree distribution={1: 1}
B_6: |B|=10395
  rank 0: N=15 (odd), |J|=225, products checked=50625, support degree distribution={15: 15}
  rank 2: N=45 (odd), |J|=4050, products checked=400000, support degree distribution={35: 45}
  rank 4: N=15 (odd), |J|=5400, products checked=400000, support degree distribution={9: 15}
  rank 6: N=1 (odd), |J|=720, products checked=518400, support degree distribution={1: 1}
PB_1: |PB|=2
  D-classes = rank classes: [([0], 1), ([1], 1)]
  rank 0: N=1 (odd), |J|=1, products checked=1, support degree distribution={1: 1}
  rank 1: N=1 (odd), |J|=1, products checked=1, support degree distribution={1: 1}
PB_2: |PB|=10
  D-classes = rank classes: [([0], 4), ([1], 4), ([2], 2)]
  rank 0: N=2 (even), |J|=4, products checked=16, support degree distribution={2: 2}
  rank 1: N=2 (even), |J|=4, products checked=16, support degree distribution={1: 2}
  rank 2: N=1 (odd), |J|=2, products checked=4, support degree distribution={1: 1}
PB_3: |PB|=76
  D-classes = rank classes: [([0], 16), ([1], 36), ([2], 18), ([3], 6)]
  rank 0: N=4 (even), |J|=16, products checked=256, support degree distribution={4: 4}
  rank 1: N=6 (even), |J|=36, products checked=1296, support degree distribution={2: 3, 4: 3}
  rank 2: N=3 (odd), |J|=18, products checked=324, support degree distribution={1: 3}
  rank 3: N=1 (odd), |J|=6, products checked=36, support degree distribution={1: 1}
PB_4: |PB|=764
  D-classes = rank classes: [([0], 100), ([1], 256), ([2], 288), ([3], 96), ([4], 24)]
  rank 0: N=10 (even), |J|=100, products checked=10000, support degree distribution={10: 10}
  rank 1: N=16 (even), |J|=256, products checked=65536, support degree distribution={4: 4, 6: 12}
  rank 2: N=12 (even), |J|=288, products checked=82944, support degree distribution={2: 6, 6: 6}
  rank 3: N=4 (even), |J|=96, products checked=9216, support degree distribution={1: 4}
  rank 4: N=1 (odd), |J|=24, products checked=576, support degree distribution={1: 1}
PB_5: |PB|=9496
  rank 0: N=26 (even), |J|=676, products checked=456976, support degree distribution={26: 26}
  rank 1: N=50 (even), |J|=2500, products checked=400000, support degree distribution={10: 5, 14: 30, 26: 15}
  rank 2: N=40 (even), |J|=3200, products checked=400000, support degree distribution={4: 10, 8: 30}
  rank 3: N=20 (even), |J|=2400, products checked=400000, support degree distribution={2: 10, 8: 10}
  rank 4: N=5 (odd), |J|=600, products checked=360000, support degree distribution={1: 5}
  rank 5: N=1 (odd), |J|=120, products checked=14400, support degree distribution={1: 1}
ALL STRUCTURE CHECKS PASSED
