a=5 p=5 q=3: FD1_a min ratio 1.2002 at b=7 J=6 dev=(-1, 1, -1, 1, -1, -1)
a=5 p=3 q=5: FD1_a min ratio 1.4645 at b=7 J=6 dev=(-1, 1, -1, 1, -1, -1)
a=5 p=7 q=3: FD1_a min ratio 1.2385 at b=7 J=6 dev=(-1, 1, -1, 1, -1, -1)
a=5 p=3 q=7: FD1_a min ratio 1.6175 at b=7 J=6 dev=(-1, 1, -1, 1, -1, -1)
a=5 p=5 q=7: FD1_a min ratio 1.6571 at b=7 J=6 dev=(-1, 1, -1, 1, -1, -1)
  a=5 p=5 q=3 g=(-1, 1, 1, -1, 1, -1): min (chain+dev)/need_extra = 3.4066 at ((1, 1, -1, 1, -1, 1), 4, 5)
  a=5 p=5 q=3 g=(-1, 1, -1, 1, 1, -1): min (chain+dev)/need_extra = 3.0123 at ((1, -1, 1, -1, 1, 1), 4, 5)
  a=5 p=5 q=3 g=(-1, 1, -1, -1, 1, -1): min (chain+dev)/need_extra = 3.7294 at ((1, -1, 1, -1, -1, 1), 4, 5)
  a=5 p=5 q=3 g=(-1, -1, 1, -1, 1, -1): min (chain+dev)/need_extra = 2.5012 at ((-1, 1, -1, 1, -1, 1), 0, 1)
  a=5 p=3 q=5 g=(1, 1, -1, 1, 1, -1): min (chain+dev)/need_extra = 6.8998 at ((-1, -1, 1, -1, 1, 1), 4, 5)
  a=5 p=3 q=5 g=(1, 1, -1, -1, 1, -1): min (chain+dev)/need_extra = 10.1784 at ((-1, -1, 1, -1, -1, 1), 4, 5)
  a=5 p=3 q=5 g=(1, -1, -1, 1, 1, -1): min (chain+dev)/need_extra = 9.9871 at ((-1, 1, -1, -1, -1, 1), 4, 5)
  a=5 p=3 q=5 g=(-1, 1, 1, -1, 1, -1): min (chain+dev)/need_extra = 2.9648 at ((1, -1, 1, 1, -1, 1), 4, 5)
  a=5 p=3 q=5 g=(-1, 1, -1, 1, 1, -1): min (chain+dev)/need_extra = 1.3667 at ('full', 1)
  a=5 p=3 q=5 g=(-1, 1, -1, -1, 1, -1): min (chain+dev)/need_extra = 3.0075 at ((1, -1, 1, -1, -1, 1), 4, 5)
  a=5 p=3 q=5 g=(-1, -1, 1, -1, 1, -1): min (chain+dev)/need_extra = 1.3667 at ('full', 1)
a=6 p=5 q=3: FD1_a min ratio 1.1200 at b=2 J=1 dev=(1, -1, 1, -1, 1, -1, -1)
a=6 p=3 q=5: FD1_a min ratio 1.4124 at b=2 J=1 dev=(1, -1, 1, -1, 1, -1, -1)
a=6 p=7 q=3: FD1_a min ratio 1.1429 at b=2 J=1 dev=(1, -1, 1, -1, 1, -1, -1)
a=6 p=3 q=7: FD1_a min ratio 1.5861 at b=2 J=1 dev=(1, -1, 1, -1, 1, -1, -1)
a=6 p=5 q=7: FD1_a min ratio 1.6216 at b=2 J=1 dev=(1, -1, 1, -1, 1, -1, -1)
  a=6 p=5 q=3 g=(1, 1, -1, 1, -1, 1, -1): min (chain+dev)/need_extra = 2.9190 at ((-1, 1, 1, -1, 1, -1, 1), 1, 2)
  a=6 p=5 q=3 g=(1, -1, 1, 1, -1, 1, -1): min (chain+dev)/need_extra = 3.3850 at ((-1, 1, -1, 1, 1, -1, 1), 1, 2)
  a=6 p=5 q=3 g=(1, -1, 1, -1, 1, 1, -1): min (chain+dev)/need_extra = 2.7992 at ((-1, 1, -1, 1, -1, 1, 1), 1, 2)
  a=6 p=5 q=3 g=(1, -1, 1, -1, -1, 1, -1): min (chain+dev)/need_extra = 3.5644 at ((-1, 1, -1, -1, 1, -1, 1), 1, 2)
  a=6 p=5 q=3 g=(1, -1, -1, 1, -1, 1, -1): min (chain+dev)/need_extra = 3.3029 at ((-1, -1, 1, -1, 1, -1, 1), 1, 2)
  a=6 p=3 q=5 g=(1, 1, -1, 1, -1, 1, -1): min (chain+dev)/need_extra = 2.1003 at ('full', 2)
  a=6 p=3 q=5 g=(1, 1, -1, -1, 1, 1, -1): min (chain+dev)/need_extra = 248.2353 at ((-1, -1, 1, -1, -1, -1, 1), 1, 2)
  a=6 p=3 q=5 g=(1, -1, 1, 1, -1, 1, -1): min (chain+dev)/need_extra = 2.5846 at ((-1, 1, -1, 1, 1, -1, 1), 1, 2)
  a=6 p=3 q=5 g=(1, -1, 1, -1, 1, 1, -1): min (chain+dev)/need_extra = 2.1003 at ('full', 2)
  a=6 p=3 q=5 g=(1, -1, 1, -1, -1, 1, -1): min (chain+dev)/need_extra = 3.0912 at ((-1, 1, -1, 1, -1, -1, 1), 1, 2)
  a=6 p=3 q=5 g=(1, -1, -1, 1, -1, 1, -1): min (chain+dev)/need_extra = 2.9235 at ((-1, -1, 1, -1, 1, -1, 1), 1, 2)
  a=6 p=3 q=5 g=(-1, 1, 1, -1, 1, 1, -1): min (chain+dev)/need_extra = 23.4402 at ((1, 1, -1, 1, -1, -1, 1), 1, 2)
  a=6 p=3 q=5 g=(-1, 1, 1, -1, -1, 1, -1): min (chain+dev)/need_extra = 174.9176 at ((1, -1, 1, 1, 1, -1, 1), 1, 2)
  a=6 p=3 q=5 g=(-1, 1, -1, -1, 1, 1, -1): min (chain+dev)/need_extra = 7.3524 at ((1, -1, 1, -1, -1, -1, 1), 1, 2)
  a=6 p=3 q=5 g=(-1, -1, 1, 1, -1, 1, -1): min (chain+dev)/need_extra = 7.4572 at ((1, 1, -1, 1, 1, -1, 1), 1, 2)
  a=6 p=3 q=5 g=(-1, -1, 1, -1, 1, 1, -1): min (chain+dev)/need_extra = 5.9765 at ((1, 1, -1, 1, -1, 1, 1), 1, 2)
  a=6 p=3 q=5 g=(-1, -1, 1, -1, -1, 1, -1): min (chain+dev)/need_extra = 24.5842 at ((1, 1, -1, -1, 1, -1, 1), 1, 2)
