  a=2 p=5 q=3 g=(1, 1, -1): min (chain+dev)/need_extra = 2.4000 at ((-1, 1, 1), 1, 2)
  a=2 p=7 q=3 g=(1, 1, -1): min (chain+dev)/need_extra = 3.5333 at ((-1, 1, 1), 1, 2)
  a=2 p=3 q=5 g=(1, 1, -1): min (chain+dev)/need_extra = 1.0588 at ('full', 2)
  a=2 p=3 q=7 g=(1, 1, -1): min (chain+dev)/need_extra = 1.0541 at ('full', 2)
  a=2 p=3 q=101 g=(1, 1, -1): min (chain+dev)/need_extra = 1.0049 at ('full', 2)
  a=2 p=101 q=3 g=(1, 1, -1): min (chain+dev)/need_extra = 50.6750 at ((1, -1, 1), 9, 10)
  a=2 p=5 q=7 g=(1, 1, -1): min (chain+dev)/need_extra = 3.0179 at ((1, -1, 1), 9, 10)
  a=3 p=5 q=3 g=(-1, 1, 1, -1): min (chain+dev)/need_extra = 3.1042 at ((1, 1, -1, 1), 8, 9)
  a=3 p=5 q=3 g=(-1, -1, 1, -1): min (chain+dev)/need_extra = 2.5312 at ((-1, 1, -1, 1), 0, 1)
  a=3 p=7 q=3 g=(-1, 1, 1, -1): min (chain+dev)/need_extra = 4.3057 at ((1, 1, -1, 1), 8, 9)
  a=3 p=7 q=3 g=(-1, -1, 1, -1): min (chain+dev)/need_extra = 3.5417 at ((-1, 1, -1, 1), 0, 1)
  a=3 p=3 q=5 g=(1, 1, 1, -1): min (chain+dev)/need_extra = 12.0000 at ((-1, 1, -1, 1), 0, 1)
  a=3 p=3 q=5 g=(-1, 1, 1, -1): min (chain+dev)/need_extra = 1.6667 at ('full', 1)
  a=3 p=3 q=5 g=(-1, -1, 1, -1): min (chain+dev)/need_extra = 1.6667 at ('full', 1)
  a=3 p=3 q=7 g=(1, 1, 1, -1): min (chain+dev)/need_extra = 12.0000 at ((-1, 1, -1, 1), 0, 1)
  a=3 p=3 q=7 g=(-1, 1, 1, -1): min (chain+dev)/need_extra = 1.5000 at ('full', 1)
  a=3 p=3 q=7 g=(-1, -1, 1, -1): min (chain+dev)/need_extra = 1.5000 at ('full', 1)
  a=3 p=3 q=101 g=(1, 1, 1, -1): min (chain+dev)/need_extra = 12.0000 at ((-1, 1, -1, 1), 0, 1)
  a=3 p=3 q=101 g=(-1, 1, 1, -1): min (chain+dev)/need_extra = 1.2626 at ('full', 1)
  a=3 p=3 q=101 g=(-1, -1, 1, -1): min (chain+dev)/need_extra = 1.2626 at ('full', 1)
  a=3 p=101 q=3 g=(-1, 1, 1, -1): min (chain+dev)/need_extra = 66.6899 at ((1, 1, -1, 1), 8, 9)
  a=3 p=101 q=3 g=(-1, -1, 1, -1): min (chain+dev)/need_extra = 50.5048 at ((-1, 1, -1, 1), 0, 1)
  a=3 p=5 q=7 g=(-1, 1, 1, -1): min (chain+dev)/need_extra = 3.8250 at ('full', 1)
  a=3 p=5 q=7 g=(-1, -1, 1, -1): min (chain+dev)/need_extra = 3.3813 at ((-1, 1, -1, 1), 0, 1)
  a=4 p=5 q=3 g=(1, 1, -1, 1, -1): min (chain+dev)/need_extra = 2.8952 at ((-1, 1, 1, -1, 1), 1, 2)
  a=4 p=5 q=3 g=(1, -1, 1, 1, -1): min (chain+dev)/need_extra = 2.7810 at ((-1, 1, -1, 1, 1), 1, 2)
  a=4 p=5 q=3 g=(1, -1, -1, 1, -1): min (chain+dev)/need_extra = 3.3750 at ((-1, -1, 1, -1, 1), 1, 2)
  a=4 p=7 q=3 g=(1, 1, -1, 1, -1): min (chain+dev)/need_extra = 4.0171 at ((-1, 1, 1, -1, 1), 1, 2)
  a=4 p=7 q=3 g=(1, -1, 1, 1, -1): min (chain+dev)/need_extra = 3.9891 at ((-1, 1, -1, 1, 1), 1, 2)
  a=4 p=7 q=3 g=(1, -1, -1, 1, -1): min (chain+dev)/need_extra = 4.5315 at ((-1, -1, 1, -1, 1), 1, 2)
  a=4 p=3 q=5 g=(1, 1, -1, 1, -1): min (chain+dev)/need_extra = 1.9664 at ('full', 2)
  a=4 p=3 q=5 g=(1, -1, 1, 1, -1): min (chain+dev)/need_extra = 1.9664 at ('full', 2)
  a=4 p=3 q=5 g=(1, -1, -1, 1, -1): min (chain+dev)/need_extra = 3.0294 at ((-1, -1, 1, -1, 1), 1, 2)
  a=4 p=3 q=5 g=(-1, -1, 1, 1, -1): min (chain+dev)/need_extra = 5.0796 at ((1, 1, -1, 1, 1), 1, 2)
  a=4 p=3 q=7 g=(1, 1, -1, 1, -1): min (chain+dev)/need_extra = 1.9575 at ('full', 2)
  a=4 p=3 q=7 g=(1, -1, 1, 1, -1): min (chain+dev)/need_extra = 1.9575 at ('full', 2)
  a=4 p=3 q=7 g=(1, -1, -1, 1, -1): min (chain+dev)/need_extra = 3.0811 at ((-1, -1, 1, -1, 1), 1, 2)
  a=4 p=3 q=7 g=(-1, -1, 1, 1, -1): min (chain+dev)/need_extra = 5.5326 at ((1, -1, -1, -1, 1), 1, 2)
  a=4 p=3 q=101 g=(1, 1, -1, 1, -1): min (chain+dev)/need_extra = 1.8662 at ('full', 2)
  a=4 p=3 q=101 g=(1, -1, 1, 1, -1): min (chain+dev)/need_extra = 1.8662 at ('full', 2)
  a=4 p=3 q=101 g=(1, -1, -1, 1, -1): min (chain+dev)/need_extra = 3.1248 at ((-1, -1, 1, -1, 1), 1, 2)
  a=4 p=3 q=101 g=(-1, -1, 1, 1, -1): min (chain+dev)/need_extra = 5.9282 at ((-1, 1, -1, -1, 1), 1, 2)
  a=4 p=101 q=3 g=(1, 1, -1, 1, -1): min (chain+dev)/need_extra = 51.1666 at ((1, -1, 1, -1, 1), 9, 10)
  a=4 p=101 q=3 g=(1, -1, 1, 1, -1): min (chain+dev)/need_extra = 60.2278 at ((-1, 1, 1, -1, 1), 1, 2)
  a=4 p=101 q=3 g=(1, -1, -1, 1, -1): min (chain+dev)/need_extra = 60.8099 at ((-1, -1, 1, -1, 1), 1, 2)
  a=4 p=5 q=7 g=(1, 1, -1, 1, -1): min (chain+dev)/need_extra = 3.3410 at ((1, -1, 1, -1, 1), 9, 10)
  a=4 p=5 q=7 g=(1, -1, 1, 1, -1): min (chain+dev)/need_extra = 4.0257 at ((-1, 1, -1, 1, 1), 1, 2)
  a=4 p=5 q=7 g=(1, -1, -1, 1, -1): min (chain+dev)/need_extra = 4.7145 at ((-1, 1, -1, -1, 1), 1, 2)
