a=1 b=1 p=5 q=3: k=0: max(S_k - c_k D)=+3.2 at rows(bottom-up)=[(1, 1), (-1, 1)]
a=1 b=1 p=3 q=5: k=0: max(S_k - c_k D)=+2.6667 at rows(bottom-up)=[(1, 1), (-1, 1)]
a=1 b=1 p=7 q=3: k=0: max(S_k - c_k D)=+3.4286 at rows(bottom-up)=[(1, 1), (-1, 1)]
a=1 b=1 p=5 q=7: k=0: max(S_k - c_k D)=+3.2 at rows(bottom-up)=[(1, 1), (-1, 1)]
a=1 b=1 p=11 q=3: k=0: max(S_k - c_k D)=+3.6364 at rows(bottom-up)=[(1, 1), (-1, 1)]
a=1 b=1 p=3 q=11: k=0: max(S_k - c_k D)=+2.6667 at rows(bottom-up)=[(1, 1), (-1, 1)]
a=1 b=2 p=5 q=3: k=0: max(S_k - c_k D)=+6.4 at rows(bottom-up)=[(1, 1, 1), (-1, 1, -1)]
a=1 b=2 p=3 q=5: k=0: max(S_k - c_k D)=+10.667 at rows(bottom-up)=[(1, 1, 1), (-1, 1, -1)]
a=1 b=2 p=7 q=3: k=0: max(S_k - c_k D)=+6.8571 at rows(bottom-up)=[(1, 1, 1), (-1, 1, -1)]
a=1 b=2 p=5 q=7: k=0: max(S_k - c_k D)=+19.2 at rows(bottom-up)=[(1, 1, 1), (-1, 1, -1)]
a=1 b=2 p=11 q=3: k=0: max(S_k - c_k D)=+7.2727 at rows(bottom-up)=[(1, 1, 1), (-1, 1, -1)]
a=1 b=2 p=3 q=11: k=0: max(S_k - c_k D)=+26.667 at rows(bottom-up)=[(1, 1, 1), (-1, 1, -1)]
a=1 b=3 p=5 q=3: k=0: max(S_k - c_k D)=+22.4 at rows(bottom-up)=[(1, 1, 1, 1), (-1, 1, -1, 1)]
a=1 b=3 p=3 q=5: k=0: max(S_k - c_k D)=+56 at rows(bottom-up)=[(1, 1, 1, 1), (-1, 1, -1, 1)]
a=1 b=3 p=7 q=3: k=0: max(S_k - c_k D)=+24 at rows(bottom-up)=[(1, 1, 1, 1), (-1, 1, -1, 1)]
a=1 b=3 p=5 q=7: k=0: max(S_k - c_k D)=+137.6 at rows(bottom-up)=[(1, 1, 1, 1), (-1, 1, -1, 1)]
a=1 b=3 p=11 q=3: k=0: max(S_k - c_k D)=+25.455 at rows(bottom-up)=[(1, 1, 1, 1), (-1, 1, -1, 1)]
a=1 b=3 p=3 q=11: k=0: max(S_k - c_k D)=+296 at rows(bottom-up)=[(1, 1, 1, 1), (-1, 1, -1, 1)]
a=2 b=1 p=5 q=3: k=0: max(S_k - c_k D)=+6.4 at rows(bottom-up)=[(1, 1), (1, 1), (-1, 1)], k=1: max(S_k - c_k D)=+3.6267 at rows(bottom-up)=[(1, 1), (-1, 1)]
a=2 b=1 p=3 q=5: k=0: max(S_k - c_k D)=+16 at rows(bottom-up)=[(1, 1), (1, 1), (-1, 1)], k=1: max(S_k - c_k D)=+4.4444 at rows(bottom-up)=[(1, 1), (-1, 1)]
a=2 b=1 p=7 q=3: k=0: max(S_k - c_k D)=+5.4857 at rows(bottom-up)=[(1, 1), (1, 1), (-1, 1)], k=1: max(S_k - c_k D)=+3.6245 at rows(bottom-up)=[(1, 1), (-1, 1)]
a=2 b=1 p=5 q=7: k=0: max(S_k - c_k D)=+10.667 at rows(bottom-up)=[(1, 1), (1, 1), (-1, 1)], k=1: max(S_k - c_k D)=+3.6267 at rows(bottom-up)=[(1, 1), (-1, 1)]
a=2 b=1 p=11 q=3: k=0: max(S_k - c_k D)=+4.8485 at rows(bottom-up)=[(1, 1), (1, 1), (-1, 1)], k=1: max(S_k - c_k D)=+3.7098 at rows(bottom-up)=[(1, 1), (-1, 1)]
a=2 b=1 p=3 q=11: k=0: max(S_k - c_k D)=+32 at rows(bottom-up)=[(1, 1), (1, 1), (-1, 1)], k=1: max(S_k - c_k D)=+4.4444 at rows(bottom-up)=[(1, 1), (-1, 1)]
a=2 b=2 p=5 q=3: k=0: max(S_k - c_k D)=+16 at rows(bottom-up)=[(1, 1, 1), (1, 1, 1), (-1, 1, -1)], k=1: max(S_k - c_k D)=+7.2533 at rows(bottom-up)=[(1, 1, 1), (-1, 1, -1)]
a=2 b=2 p=3 q=5: k=0: max(S_k - c_k D)=+77.333 at rows(bottom-up)=[(1, 1, 1), (1, 1, 1), (-1, 1, -1)], k=1: max(S_k - c_k D)=+17.778 at rows(bottom-up)=[(1, 1, 1), (-1, 1, -1)]
a=2 b=2 p=7 q=3: k=0: max(S_k - c_k D)=+13.029 at rows(bottom-up)=[(1, 1, 1), (1, 1, 1), (-1, 1, -1)], k=1: max(S_k - c_k D)=+7.249 at rows(bottom-up)=[(1, 1, 1), (-1, 1, -1)]
a=2 b=2 p=5 q=7: k=0: max(S_k - c_k D)=+71.467 at rows(bottom-up)=[(1, 1, 1), (1, 1, 1), (-1, 1, -1)], k=1: max(S_k - c_k D)=+21.76 at rows(bottom-up)=[(1, 1, 1), (-1, 1, -1)]
a=2 b=2 p=11 q=3: k=0: max(S_k - c_k D)=+10.909 at rows(bottom-up)=[(1, 1, 1), (1, 1, 1), (-1, 1, -1)], k=1: max(S_k - c_k D)=+7.4197 at rows(bottom-up)=[(1, 1, 1), (-1, 1, -1)]
a=2 b=2 p=3 q=11: k=0: max(S_k - c_k D)=+349.33 at rows(bottom-up)=[(1, 1, 1), (1, 1, 1), (-1, 1, -1)], k=1: max(S_k - c_k D)=+44.444 at rows(bottom-up)=[(1, 1, 1), (-1, 1, -1)]
a=2 b=3 p=5 q=3: k=0: max(S_k - c_k D)=+51.2 at rows(bottom-up)=[(1, 1, 1, 1), (1, 1, 1, 1), (-1, 1, -1, 1)], k=1: max(S_k - c_k D)=+25.387 at rows(bottom-up)=[(1, 1, 1, 1), (-1, 1, -1, 1)]
a=2 b=3 p=3 q=5: k=0: max(S_k - c_k D)=+389.33 at rows(bottom-up)=[(1, 1, 1, 1), (1, 1, 1, 1), (-1, 1, -1, 1)], k=1: max(S_k - c_k D)=+93.333 at rows(bottom-up)=[(1, 1, 1, 1), (-1, 1, -1, 1)]
a=2 b=3 p=7 q=3: k=0: max(S_k - c_k D)=+42.514 at rows(bottom-up)=[(1, 1, 1, 1), (1, 1, 1, 1), (-1, 1, -1, 1)], k=1: max(S_k - c_k D)=+25.371 at rows(bottom-up)=[(1, 1, 1, 1), (-1, 1, -1, 1)]
a=2 b=3 p=5 q=7: k=0: max(S_k - c_k D)=+503.47 at rows(bottom-up)=[(1, 1, 1, 1), (1, 1, 1, 1), (-1, 1, -1, 1)], k=1: max(S_k - c_k D)=+155.95 at rows(bottom-up)=[(1, 1, 1, 1), (-1, 1, -1, 1)]
a=2 b=3 p=11 q=3: k=0: max(S_k - c_k D)=+36.364 at rows(bottom-up)=[(1, 1, 1, 1), (1, 1, 1, 1), (-1, 1, -1, 1)], k=1: max(S_k - c_k D)=+25.969 at rows(bottom-up)=[(1, 1, 1, 1), (-1, 1, -1, 1)]
a=2 b=3 p=3 q=11: k=0: max(S_k - c_k D)=+3845.3 at rows(bottom-up)=[(1, 1, 1, 1), (1, 1, 1, 1), (-1, 1, -1, 1)], k=1: max(S_k - c_k D)=+493.33 at rows(bottom-up)=[(1, 1, 1, 1), (-1, 1, -1, 1)]
a=2 b=4 p=5 q=3: k=0: max(S_k - c_k D)=+150.4 at rows(bottom-up)=[(1, 1, 1, 1, 1), (1, 1, 1, 1, 1), (-1, 1, -1, 1, -1)], k=1: max(S_k - c_k D)=+72.533 at rows(bottom-up)=[(1, 1, 1, 1, 1), (-1, 1, -1, 1, -1)]
a=2 b=4 p=3 q=5: k=0: max(S_k - c_k D)=+1944 at rows(bottom-up)=[(1, 1, 1, 1, 1), (1, 1, 1, 1, 1), (-1, 1, -1, 1, -1)], k=1: max(S_k - c_k D)=+462.22 at rows(bottom-up)=[(1, 1, 1, 1, 1), (-1, 1, -1, 1, -1)]
a=2 b=4 p=7 q=3: k=0: max(S_k - c_k D)=+124.11 at rows(bottom-up)=[(1, 1, 1, 1, 1), (1, 1, 1, 1, 1), (-1, 1, -1, 1, -1)], k=1: max(S_k - c_k D)=+72.49 at rows(bottom-up)=[(1, 1, 1, 1, 1), (-1, 1, -1, 1, -1)]
a=2 b=4 p=5 q=7: k=0: max(S_k - c_k D)=+3521.1 at rows(bottom-up)=[(1, 1, 1, 1, 1), (1, 1, 1, 1, 1), (-1, 1, -1, 1, -1)], k=1: max(S_k - c_k D)=+1088 at rows(bottom-up)=[(1, 1, 1, 1, 1), (-1, 1, -1, 1, -1)]
a=2 b=4 p=11 q=3: k=0: max(S_k - c_k D)=+105.45 at rows(bottom-up)=[(1, 1, 1, 1, 1), (1, 1, 1, 1, 1), (-1, 1, -1, 1, -1)], k=1: max(S_k - c_k D)=+74.197 at rows(bottom-up)=[(1, 1, 1, 1, 1), (-1, 1, -1, 1, -1)]
a=2 b=4 p=3 q=11: k=0: max(S_k - c_k D)=+42296 at rows(bottom-up)=[(1, 1, 1, 1, 1), (1, 1, 1, 1, 1), (-1, 1, -1, 1, -1)], k=1: max(S_k - c_k D)=+5422.2 at rows(bottom-up)=[(1, 1, 1, 1, 1), (-1, 1, -1, 1, -1)]
a=3 b=2 p=5 q=3: k=0: max(S_k - c_k D)=+13.176 at rows(bottom-up)=[(1, 1, 1), (1, 1, 1), (1, 1, 1), (-1, 1, -1)], k=1: max(S_k - c_k D)=+15.624 at rows(bottom-up)=[(1, 1, 1), (1, 1, 1), (-1, 1, -1)], k=2: max(S_k - c_k D)=+7.0827 at rows(bottom-up)=[(1, 1, 1), (-1, 1, -1)]
a=3 b=2 p=3 q=5: k=0: max(S_k - c_k D)=+37.333 at rows(bottom-up)=[(1, 1, 1), (1, 1, 1), (1, 1, 1), (-1, 1, -1)], k=1: max(S_k - c_k D)=+67.022 at rows(bottom-up)=[(1, 1, 1), (1, 1, 1), (-1, 1, -1)], k=2: max(S_k - c_k D)=+15.407 at rows(bottom-up)=[(1, 1, 1), (-1, 1, -1)]
a=3 b=2 p=7 q=3: k=0: max(S_k - c_k D)=+11.861 at rows(bottom-up)=[(1, 1, 1), (1, 1, 1), (1, 1, 1), (-1, 1, -1)], k=1: max(S_k - c_k D)=+12.928 at rows(bottom-up)=[(1, 1, 1), (1, 1, 1), (-1, 1, -1)], k=2: max(S_k - c_k D)=+7.193 at rows(bottom-up)=[(1, 1, 1), (-1, 1, -1)]
a=3 b=2 p=5 q=7: k=0: max(S_k - c_k D)=+56.094 at rows(bottom-up)=[(1, 1, 1), (1, 1, 1), (1, 1, 1), (-1, 1, -1)], k=1: max(S_k - c_k D)=+69.785 at rows(bottom-up)=[(1, 1, 1), (1, 1, 1), (-1, 1, -1)], k=2: max(S_k - c_k D)=+21.248 at rows(bottom-up)=[(1, 1, 1), (-1, 1, -1)]
a=3 b=2 p=11 q=3: k=0: max(S_k - c_k D)=+10.513 at rows(bottom-up)=[(1, 1, 1), (1, 1, 1), (1, 1, 1), (-1, 1, -1)], k=1: max(S_k - c_k D)=+10.889 at rows(bottom-up)=[(1, 1, 1), (1, 1, 1), (-1, 1, -1)], k=2: max(S_k - c_k D)=+7.4063 at rows(bottom-up)=[(1, 1, 1), (-1, 1, -1)]
a=3 b=2 p=3 q=11: k=0: max(S_k - c_k D)=+155.73 at rows(bottom-up)=[(1, 1, 1), (1, 1, 1), (1, 1, 1), (-1, 1, -1)], k=1: max(S_k - c_k D)=+302.76 at rows(bottom-up)=[(1, 1, 1), (1, 1, 1), (-1, 1, -1)], k=2: max(S_k - c_k D)=+38.519 at rows(bottom-up)=[(1, 1, 1), (-1, 1, -1)]
a=3 b=3 p=5 q=3: k=0: max(S_k - c_k D)=+42.729 at rows(bottom-up)=[(1, 1, 1, 1), (1, 1, 1, 1), (1, 1, 1, 1), (-1, 1, -1, 1)], k=1: max(S_k - c_k D)=+49.995 at rows(bottom-up)=[(1, 1, 1, 1), (1, 1, 1, 1), (-1, 1, -1, 1)], k=2: max(S_k - c_k D)=+24.789 at rows(bottom-up)=[(1, 1, 1, 1), (-1, 1, -1, 1)]
a=3 b=3 p=3 q=5: k=0: max(S_k - c_k D)=+189.33 at rows(bottom-up)=[(1, 1, 1, 1), (1, 1, 1, 1), (1, 1, 1, 1), (-1, 1, -1, 1)], k=1: max(S_k - c_k D)=+337.42 at rows(bottom-up)=[(1, 1, 1, 1), (1, 1, 1, 1), (-1, 1, -1, 1)], k=2: max(S_k - c_k D)=+80.889 at rows(bottom-up)=[(1, 1, 1, 1), (-1, 1, -1, 1)]
a=3 b=3 p=7 q=3: k=0: max(S_k - c_k D)=+39.012 at rows(bottom-up)=[(1, 1, 1, 1), (1, 1, 1, 1), (1, 1, 1, 1), (-1, 1, -1, 1)], k=1: max(S_k - c_k D)=+42.186 at rows(bottom-up)=[(1, 1, 1, 1), (1, 1, 1, 1), (-1, 1, -1, 1)], k=2: max(S_k - c_k D)=+25.176 at rows(bottom-up)=[(1, 1, 1, 1), (-1, 1, -1, 1)]
a=3 b=3 p=5 q=7: k=0: max(S_k - c_k D)=+395.86 at rows(bottom-up)=[(1, 1, 1, 1), (1, 1, 1, 1), (1, 1, 1, 1), (-1, 1, -1, 1)], k=1: max(S_k - c_k D)=+491.62 at rows(bottom-up)=[(1, 1, 1, 1), (1, 1, 1, 1), (-1, 1, -1, 1)], k=2: max(S_k - c_k D)=+152.28 at rows(bottom-up)=[(1, 1, 1, 1), (-1, 1, -1, 1)]
a=3 b=3 p=11 q=3: k=0: max(S_k - c_k D)=+35.176 at rows(bottom-up)=[(1, 1, 1, 1), (1, 1, 1, 1), (1, 1, 1, 1), (-1, 1, -1, 1)], k=1: max(S_k - c_k D)=+36.298 at rows(bottom-up)=[(1, 1, 1, 1), (1, 1, 1, 1), (-1, 1, -1, 1)], k=2: max(S_k - c_k D)=+25.922 at rows(bottom-up)=[(1, 1, 1, 1), (-1, 1, -1, 1)]
a=3 b=3 p=3 q=11: k=0: max(S_k - c_k D)=+1715.7 at rows(bottom-up)=[(1, 1, 1, 1), (1, 1, 1, 1), (1, 1, 1, 1), (-1, 1, -1, 1)], k=1: max(S_k - c_k D)=+3332.6 at rows(bottom-up)=[(1, 1, 1, 1), (1, 1, 1, 1), (-1, 1, -1, 1)], k=2: max(S_k - c_k D)=+427.56 at rows(bottom-up)=[(1, 1, 1, 1), (-1, 1, -1, 1)]
