== H1 (2,2) p=5 q=3 Theta=2055
   gap=         0  Y=+-+/-+-/+-+  Zab=85
   gap=       248  Y=+--/-+-/+-+  Zab=45
   gap=       280  Y=+-+/-+-/+++  Zab=89
   gap=       304  Y=+-+/-+-/--+  Zab=73
   gap=       336  Y=+-+/-++/+-+  Zab=93
   gap=       368  Y=+-+/++-/--+  Zab=121
   gap=       376  Y=++-/-+-/+-+  Zab=125
   gap=       424  Y=++-/-++/+-+  Zab=133
== H2 (2,2) p=5 q=3 Theta=2055
   gap=         0  Y=+-+/-+-/+--  Zab=83
   gap=         8  Y=++-/--+/++-  Zab=119
   gap=       112  Y=+-+/-++/++-  Zab=95
   gap=       112  Y=++-/+-+/-+-  Zab=155
   gap=       144  Y=+-+/--+/++-  Zab=79
   gap=       144  Y=++-/--+/+--  Zab=115
   gap=       248  Y=+-+/-+-/---  Zab=71
   gap=       256  Y=++-/--+/-+-  Zab=107
== H1 (2,2) p=3 q=5 Theta=2055
   gap=         0  Y=+-+/-+-/+-+  Zab=85
   gap=       248  Y=+-+/-+-/--+  Zab=45
   gap=       280  Y=+-+/-++/+-+  Zab=89
   gap=       304  Y=+--/-+-/+-+  Zab=73
   gap=       336  Y=+-+/-+-/+++  Zab=93
   gap=       368  Y=++-/-+-/+-+  Zab=121
   gap=       376  Y=+-+/++-/--+  Zab=125
   gap=       424  Y=+-+/++-/-++  Zab=133
== H2 (2,2) p=3 q=5 Theta=2055
   gap=         0  Y=+-+/-+-/+--  Zab=83
   gap=         8  Y=+-+/+-+/-+-  Zab=119
   gap=       112  Y=++-/+-+/-+-  Zab=155
   gap=       112  Y=+-+/-++/++-  Zab=95
   gap=       144  Y=+-+/+--/-+-  Zab=115
   gap=       144  Y=+-+/--+/++-  Zab=79
   gap=       248  Y=+--/-+-/+--  Zab=71
   gap=       256  Y=+-+/--+/-+-  Zab=39
== H1 (2,4) p=5 q=3 Theta=32871
   gap=         0  Y=+-+-+/-+-+-/+-+-+  Zab=697
   gap=      2416  Y=+-+-+/-+-+-/--+-+  Zab=589
   gap=      2520  Y=+-+-+/-+-+-/+++-+  Zab=733
   gap=      2552  Y=+-+--/-+-+-/+-+-+  Zab=657
   gap=      2640  Y=+-+-+/-+-++/+-+-+  Zab=705
   gap=      2728  Y=+-+-+/-+-+-/+-+++  Zab=701
   gap=      2832  Y=+-+-+/-+-+-/+---+  Zab=685
   gap=      3064  Y=+-++-/-+-+-/+-+-+  Zab=737
== H2 (2,4) p=5 q=3 Theta=32871
   gap=         0  Y=+-+-+/-+-+-/+-+--  Zab=695
   gap=       920  Y=+-++-/-+--+/+-++-  Zab=731
   gap=       920  Y=++-+-/--+-+/++-+-  Zab=1139
   gap=      1024  Y=+-+-+/-+-++/+-++-  Zab=707
   gap=      1024  Y=++-+-/+-+-+/-+-+-  Zab=1463
   gap=      1824  Y=+-+-+/-+--+/+-++-  Zab=691
   gap=      1872  Y=+-++-/-+--+/+-+--  Zab=727
   gap=      2144  Y=++-+-/--+-+/+--+-  Zab=1103
== H1 (2,4) p=3 q=5 Theta=93055
   gap=         0  Y=+-+-+/-+-+-/+-+-+  Zab=2085
   gap=      6008  Y=+-+-+/-+-+-/--+-+  Zab=1085
   gap=      6680  Y=+-+-+/-+-++/+-+-+  Zab=2089
   gap=      7984  Y=+-+--/-+-+-/+-+-+  Zab=2073
   gap=      8048  Y=+-++-/-+-+-/+-+-+  Zab=2121
   gap=      8320  Y=+-+-+/-+-+-/+---+  Zab=2045
   gap=      8336  Y=+-+-+/-+-+-/+-+++  Zab=2093
   gap=      8400  Y=+-+-+/-+-+-/+++-+  Zab=2285
== H2 (2,4) p=3 q=5 Theta=93055
   gap=         0  Y=+-+-+/-+-+-/+-+--  Zab=2083
   gap=      2992  Y=++-+-/+-+-+/-+-+-  Zab=3915
   gap=      2992  Y=+-+-+/-+-++/+-++-  Zab=2095
   gap=      3608  Y=+-+-+/+-+-+/-+-+-  Zab=2919
   gap=      4304  Y=+-+-+/-+--+/+-++-  Zab=2079
   gap=      5504  Y=+-+-+/-+--+/+--+-  Zab=2039
   gap=      5504  Y=+--+-/+-+-+/-+-+-  Zab=2715
   gap=      6008  Y=+-+--/-+-+-/+-+--  Zab=2071
== H1 (2,4) p=7 q=3 Theta=71271
   gap=         0  Y=+-+-+/-+-+-/+-+-+  Zab=1517
   gap=      5400  Y=+-+-+/-+-+-/+++-+  Zab=1553
   gap=      5592  Y=+-+-+/-+-+-/--+-+  Zab=1409
   gap=      5640  Y=+-+--/-+-+-/+-+-+  Zab=1433
   gap=      5928  Y=+-+-+/-+-++/+-+-+  Zab=1529
   gap=      5928  Y=+-+-+/-+-+-/+-+++  Zab=1521
   gap=      6192  Y=+-+-+/-+-+-/+---+  Zab=1505
   gap=      7200  Y=+-++-/-+-++/+-+-+  Zab=1613
== H2 (2,4) p=7 q=3 Theta=71271
   gap=         0  Y=+-+-+/-+-+-/+-+--  Zab=1515
   gap=      1984  Y=++-+-/--+-+/++-+-  Zab=2479
   gap=      1984  Y=+-++-/-+--+/+-++-  Zab=1591
   gap=      2752  Y=++-+-/+-+-+/-+-+-  Zab=3019
   gap=      2752  Y=+-+-+/-+-++/+-++-  Zab=1531
   gap=      4056  Y=+-++-/-+--+/+-+--  Zab=1587
   gap=      4648  Y=++-+-/--+-+/+--+-  Zab=2443
   gap=      5176  Y=+--+-/--+-+/++-+-  Zab=967
== H1 (2,4) p=11 q=3 Theta=192303
   gap=         0  Y=+-+-+/-+-+-/+-+-+  Zab=4141
   gap=     14616  Y=+-+-+/-+-+-/+++-+  Zab=4177
   gap=     15656  Y=+-+--/-+-+-/+-+-+  Zab=3921
   gap=     15880  Y=+-+-+/-+-+-/--+-+  Zab=4033
   gap=     16168  Y=+-+-+/-+-+-/+-+++  Zab=4145
   gap=     16440  Y=+-+-+/-+-++/+-+-+  Zab=4161
   gap=     16944  Y=+-+-+/-+-+-/+---+  Zab=4129
   gap=     20656  Y=+-++-/-+-++/+-+-+  Zab=4381
== H2 (2,4) p=11 q=3 Theta=192303
   gap=         0  Y=+-+-+/-+-+-/+-+--  Zab=4139
   gap=      5264  Y=++-+-/--+-+/++-+-  Zab=6767
   gap=      5264  Y=+-++-/-+--+/+-++-  Zab=4343
   gap=      8800  Y=+-+-+/-+-++/+-++-  Zab=4163
   gap=      8800  Y=++-+-/+-+-+/-+-+-  Zab=7739
   gap=     10920  Y=+-++-/-+--+/+-+--  Zab=4339
   gap=     12536  Y=++-+-/--+-+/+--+-  Zab=6731
   gap=     14312  Y=+-++-/-+--+/+--+-  Zab=4331
== H1 (2,4) p=5 q=7 Theta=1421239
   gap=         0  Y=+-+-+/-+-+-/+-+-+  Zab=30617
   gap=    111152  Y=+-+-+/-+-+-/--+-+  Zab=26501
   gap=    115280  Y=+-+-+/-+-++/+-+-+  Zab=30625
   gap=    119304  Y=+-+--/-+-+-/+-+-+  Zab=30577
   gap=    121128  Y=+-+-+/-+-+-/+++-+  Zab=31205
   gap=    122424  Y=+-+-+/-+-+-/+-+++  Zab=30629
   gap=    122640  Y=+-+-+/-+-+-/+---+  Zab=30533
   gap=    177288  Y=+-++-/-+-+-/+-+-+  Zab=30817
== H2 (2,4) p=5 q=7 Theta=1421239
   gap=         0  Y=+-+-+/-+-+-/+-+--  Zab=30615
   gap=     73024  Y=+-+-+/-+-++/+-++-  Zab=30635
   gap=     73024  Y=++-+-/+-+-+/-+-+-  Zab=51703
   gap=    111152  Y=+-+--/-+-+-/+-+--  Zab=30575
   gap=    115264  Y=+-+-+/-+-++/+-+--  Zab=30623
   gap=    119304  Y=+-+-+/-+-+-/--+--  Zab=26499
   gap=    119952  Y=+-+-+/-+-+-/+++--  Zab=31203
   gap=    122400  Y=+-+-+/-+-+-/+-++-  Zab=30627
== H1 (2,4) p=3 q=7 Theta=398415
   gap=         0  Y=+-+-+/-+-+-/+-+-+  Zab=9005
   gap=     26760  Y=+-+-+/-+-+-/--+-+  Zab=4889
   gap=     28824  Y=+-+-+/-+-++/+-+-+  Zab=9009
   gap=     34968  Y=+-+--/-+-+-/+-+-+  Zab=8993
   gap=     35952  Y=+-+-+/-+-+-/+---+  Zab=8921
   gap=     36024  Y=+-+-+/-+-+-/+-+++  Zab=9017
   gap=     36456  Y=+-+-+/-+-+-/+++-+  Zab=9593
   gap=     39192  Y=+-++-/-+-+-/+-+-+  Zab=9065
== H2 (2,4) p=3 q=7 Theta=398415
   gap=         0  Y=+-+-+/-+-+-/+-+--  Zab=9003
   gap=     15304  Y=+-+-+/+-+-+/-+-+-  Zab=12607
   gap=     15424  Y=+-+-+/-+-++/+-++-  Zab=9019
   gap=     15424  Y=++-+-/+-+-+/-+-+-  Zab=15691
   gap=     23632  Y=+-+-+/-+--+/+-++-  Zab=8995
   gap=     24472  Y=+-+-+/-+--+/+--+-  Zab=8911
   gap=     24472  Y=+--+-/+-+-+/-+-+-  Zab=12163
   gap=     26760  Y=+-+--/-+-+-/+-+--  Zab=8991
== H1 (2,4) p=101 q=3 Theta=18507303
   gap=         0  Y=+-+-+/-+-+-/+-+-+  Zab=410041
   gap=   1440216  Y=+-+-+/-+-+-/+++-+  Zab=410077
   gap=   1594616  Y=+-+--/-+-+-/+-+-+  Zab=389841
   gap=   1600168  Y=+-+-+/-+-+-/+-+++  Zab=410045
   gap=   1634800  Y=+-+-+/-+-+-/--+-+  Zab=409933
   gap=   1640400  Y=+-+-+/-+-++/+-+-+  Zab=410241
   gap=   1680144  Y=+-+-+/-+-+-/+---+  Zab=410029
   gap=   2165200  Y=+-+-+/++-+-/--+-+  Zab=420733
== H2 (2,4) p=101 q=3 Theta=18507303
   gap=         0  Y=+-+-+/-+-+-/+-+--  Zab=410039
   gap=    485144  Y=+-++-/-+--+/+-++-  Zab=430043
   gap=    485144  Y=++-+-/--+-+/++-+-  Zab=670067
   gap=   1045200  Y=+-++-/-+--+/+-+--  Zab=430039
   gap=   1058560  Y=++-+-/+-+-+/-+-+-  Zab=680759
   gap=   1058560  Y=+-+-+/-+-++/+-++-  Zab=410243
   gap=   1205216  Y=++-+-/--+-+/+--+-  Zab=670031
   gap=   1438112  Y=+-++-/-+--+/+--+-  Zab=430031
== H1 (2,4) p=3 q=101 Theta=21984310015
   gap=         0  Y=+-+-+/-+-+-/+-+-+  Zab=510100005
   gap=1624239224  Y=+-+-+/-+-+-/--+-+  Zab=304039805
   gap=1632320024  Y=+-+-+/-+-++/+-+-+  Zab=510100009
   gap=2036359600  Y=+-+--/-+-+-/+-+-+  Zab=510099993
   gap=2040361600  Y=+-+-+/-+-+-/+---+  Zab=510079805
   gap=2040400400  Y=+-+-+/-+-+-/+-+++  Zab=510100205
   gap=2044280400  Y=+-+-+/-+-+-/+++-+  Zab=512140205
   gap=2428560400  Y=+-++-/-+-+-/+-+-+  Zab=510101193
== H2 (2,4) p=3 q=101 Theta=21984310015
   gap=         0  Y=+-+-+/-+-+-/+-+--  Zab=510100003
   gap= 820160792  Y=+-+-+/+-+-+/-+-+-  Zab=714140007
   gap=1199997616  Y=++-+-/+-+-+/-+-+-  Zab=726261195
   gap=1199997616  Y=+-+-+/-+-++/+-++-  Zab=510100207
   gap=1608559616  Y=+-+-+/-+--+/+--+-  Zab=510079607
   gap=1608559616  Y=+--+-/+-+-+/-+-+-  Zab=714019995
   gap=1624239224  Y=+-+--/-+-+-/+-+--  Zab=510099991
   gap=1632320016  Y=+-+-+/-+-++/+-+--  Zab=510100007
