=== (2,2) p=5 q=3
   ('+B', 'B', 'j=0'): min s_j/need = 1.7000  at -++/--+/+--
   ('+B', 'B', 'j>0'): min s_j/need = 1.8000  at +-+/+-+/++-
   ('+B', 'C', 'j=0'): min s_j/need = 2.1000  at +-+/-++/---
   ('+B', 'C', 'j>0'): min s_j/need = 2.4000  at +-+/+++/++-
   ('+B', 'E', 'j=0'): min s_j/need = 5.2000  at +-+/+++/+--
   ('+B', 'E', 'j>0'): min s_j/need = 5.2000  at +-+/+-+/+--
   ('-A', 'B', 'j=0'): min s_j/need = 0.9882  at +--/+++/-+-
   ('-A', 'B', 'j>0'): min s_j/need = 2.0353  at +--/+-+/++-
   ('-A', 'C', 'j=0'): min s_j/need = 0.9882  at +--/-++/---
   ('-A', 'C', 'j>0'): min s_j/need = 1.1294  at ++-/+-+/+--
   ('-A', 'E', 'j=0'): min s_j/need = 1.9765  at +--/+++/+--
   ('-A', 'E', 'j>0'): min s_j/need = 2.1647  at ++-/+++/++-
   #configs (with a non-A column j<b) where no non-A column pays and kappa<need: 1
       (6.223529411764706, '+--/-++/---', '+C-A-A', 1)
=== (2,2) p=3 q=5
   ('+B', 'B', 'j=0'): min s_j/need = 0.5882  at +-+/+-+/-+-
   ('+B', 'B', 'j>0'): min s_j/need = 0.4706  at +-+/+-+/++-
   ('+B', 'C', 'j=0'): min s_j/need = 2.0588  at +-+/-++/---
   ('+B', 'C', 'j>0'): min s_j/need = 1.8235  at +-+/+++/++-
   ('+B', 'E', 'j=0'): min s_j/need = 3.4118  at +-+/+++/+--
   ('+B', 'E', 'j>0'): min s_j/need = 3.0588  at +-+/+-+/+--
   ('-A', 'B', 'j=0'): min s_j/need = 0.4706  at +--/+-+/-+-
   ('-A', 'B', 'j>0'): min s_j/need = 2.0353  at +--/+-+/++-
   ('-A', 'C', 'j=0'): min s_j/need = 1.6471  at +--/-++/---
   ('-A', 'C', 'j>0'): min s_j/need = 1.4588  at ++-/+-+/+--
   ('-A', 'E', 'j=0'): min s_j/need = 2.5882  at +--/+++/+--
   ('-A', 'E', 'j>0'): min s_j/need = 2.3059  at ++-/+++/++-
   #configs (with a non-A column j<b) where no non-A column pays and kappa<need: 2
       (1.0588235294117647, '+-+/+-+/-+-', '+B-B+B', 1)
       (2.0588235294117645, '+-+/--+/++-', '+A-B+B', 1)
=== (2,2) p=7 q=3
   ('+B', 'B', 'j=0'): min s_j/need = 3.2000  at -++/--+/+--
   ('+B', 'B', 'j>0'): min s_j/need = 3.3333  at +-+/+-+/++-
   ('+B', 'C', 'j=0'): min s_j/need = 3.2000  at +-+/-++/---
   ('+B', 'C', 'j>0'): min s_j/need = 3.5333  at +-+/+++/++-
   ('+B', 'E', 'j=0'): min s_j/need = 8.0000  at +-+/+++/+--
   ('+B', 'E', 'j>0'): min s_j/need = 8.0000  at +-+/+-+/+--
   ('-A', 'B', 'j=0'): min s_j/need = 1.1676  at +--/+++/-+-
   ('-A', 'B', 'j>0'): min s_j/need = 2.0811  at +--/+-+/++-
   ('-A', 'C', 'j=0'): min s_j/need = 1.0378  at +--/-++/---
   ('-A', 'C', 'j>0'): min s_j/need = 1.1459  at ++-/+-+/+--
   ('-A', 'E', 'j=0'): min s_j/need = 2.1405  at +--/+++/+--
   ('-A', 'E', 'j>0'): min s_j/need = 2.2703  at ++-/+++/++-
   #configs (with a non-A column j<b) where no non-A column pays and kappa<need: 0
=== (2,2) p=11 q=3
   ('+B', 'B', 'j=0'): min s_j/need = 6.3200  at -++/--+/+--
   ('+B', 'B', 'j>0'): min s_j/need = 6.4800  at +-+/+-+/++-
   ('+B', 'C', 'j=0'): min s_j/need = 5.5200  at +-+/-++/---
   ('+B', 'C', 'j>0'): min s_j/need = 5.8800  at +-+/+++/++-
   ('+B', 'E', 'j=0'): min s_j/need = 13.6000  at +-+/+++/+--
   ('+B', 'E', 'j>0'): min s_j/need = 13.6000  at +-+/+-+/+--
   ('-A', 'B', 'j=0'): min s_j/need = 1.3307  at +--/+++/-+-
   ('-A', 'B', 'j>0'): min s_j/need = 2.1248  at +--/+-+/++-
   ('-A', 'C', 'j=0'): min s_j/need = 1.0931  at +--/-++/---
   ('-A', 'C', 'j>0'): min s_j/need = 1.1644  at ++-/+-+/+--
   ('-A', 'E', 'j=0'): min s_j/need = 2.2574  at +--/+++/+--
   ('-A', 'E', 'j>0'): min s_j/need = 2.3366  at ++-/+++/++-
   #configs (with a non-A column j<b) where no non-A column pays and kappa<need: 0
=== (2,2) p=3 q=7
   ('+B', 'B', 'j=0'): min s_j/need = 0.5676  at +-+/+-+/-+-
   ('+B', 'B', 'j>0'): min s_j/need = 0.4865  at +-+/+-+/++-
   ('+B', 'C', 'j=0'): min s_j/need = 2.2703  at +-+/-++/---
   ('+B', 'C', 'j>0'): min s_j/need = 2.0270  at +-+/+++/++-
   ('+B', 'E', 'j=0'): min s_j/need = 3.6757  at +-+/+++/+--
   ('+B', 'E', 'j>0'): min s_j/need = 3.3514  at +-+/+-+/+--
   ('-A', 'B', 'j=0'): min s_j/need = 0.4541  at +--/+-+/-+-
   ('-A', 'B', 'j>0'): min s_j/need = 2.0811  at +--/+-+/++-
   ('-A', 'C', 'j=0'): min s_j/need = 1.8162  at +--/-++/---
   ('-A', 'C', 'j>0'): min s_j/need = 1.6216  at ++-/+-+/+--
   ('-A', 'E', 'j=0'): min s_j/need = 2.8757  at +--/+++/+--
   ('-A', 'E', 'j>0'): min s_j/need = 2.5730  at ++-/+++/++-
   #configs (with a non-A column j<b) where no non-A column pays and kappa<need: 2
       (1.054054054054054, '+-+/+-+/-+-', '+B-B+B', 1)
       (2.5135135135135136, '+-+/--+/++-', '+A-B+B', 1)
=== (2,4) p=5 q=3
   ('+B', 'B', 'j=0'): min s_j/need = 1.0854  at -++++/----+/+----
   ('+B', 'B', 'j>0'): min s_j/need = 1.4146  at +-+++/+---+/++---
   ('+B', 'C', 'j=0'): min s_j/need = 2.3049  at +-+++/-++++/-----
   ('+B', 'C', 'j>0'): min s_j/need = 2.5244  at +++-+/++-++/++---
   ('+B', 'E', 'j=0'): min s_j/need = 4.7317  at +---+/+++++/+----
   ('+B', 'E', 'j>0'): min s_j/need = 5.1707  at ++--+/+++++/++---
   ('-A', 'B', 'j=0'): min s_j/need = 0.5337  at +----/+++++/-+++-
   ('-A', 'B', 'j>0'): min s_j/need = 0.7231  at ++---/+++-+/+-++-
   ('-A', 'C', 'j=0'): min s_j/need = 1.0846  at +-++-/-++++/-----
   ('-A', 'C', 'j>0'): min s_j/need = 1.1879  at +++--/++-++/++---
   ('-A', 'E', 'j=0'): min s_j/need = 2.1693  at +----/+++++/+----
   ('-A', 'E', 'j>0'): min s_j/need = 2.3070  at +++--/+++++/+++--
   #configs (with a non-A column j<b) where no non-A column pays and kappa<need: 0
=== (2,4) p=3 q=5
   ('+B', 'B', 'j=0'): min s_j/need = 0.5995  at +-+++/+++-+/-+++-
   ('+B', 'B', 'j>0'): min s_j/need = 0.4796  at ++-++/+++-+/+-++-
   ('+B', 'C', 'j=0'): min s_j/need = 2.0983  at +-+++/-++++/-----
   ('+B', 'C', 'j>0'): min s_j/need = 1.8585  at ++-++/+-+++/+----
   ('+B', 'E', 'j=0'): min s_j/need = 3.3046  at +---+/+++++/+----
   ('+B', 'E', 'j>0'): min s_j/need = 2.9592  at ++--+/+++++/++---
   ('-A', 'B', 'j=0'): min s_j/need = 0.4796  at +-++-/+++-+/-+++-
   ('-A', 'B', 'j>0'): min s_j/need = 0.3837  at ++-+-/+++-+/+-++-
   ('-A', 'C', 'j=0'): min s_j/need = 1.6787  at +-++-/-++++/-----
   ('-A', 'C', 'j>0'): min s_j/need = 1.4868  at ++-+-/+-+++/+----
   ('-A', 'E', 'j=0'): min s_j/need = 2.6379  at +----/+++++/+----
   ('-A', 'E', 'j>0'): min s_j/need = 2.3501  at ++---/+++++/++---
   #configs (with a non-A column j<b) where no non-A column pays and kappa<need: 8
       (2.081534772182254, '+-+-+/+-+-+/-+-+-', '+B-B+B-B+B', 1)
       (2.290167865707434, '+-+-+/-+--+/+-++-', '+A-A+A-B+B', 1)
       (3.081534772182254, '+-+-+/-++-+/+--+-', '+A-A+B-B+B', 1)
       (3.273381294964029, '+-+-+/--+-+/++-+-', '+A-B+B-B+B', 1)
       (5.743405275779376, '++--+/--+-+/++-+-', '+A+A-A-B+B', 1)
       (7.206235011990407, '+---+/-++-+/+--+-', '+A-A-A-B+B', 1)
=== (2,4) p=7 q=3
   ('+B', 'B', 'j=0'): min s_j/need = 2.3415  at -++++/----+/+----
   ('+B', 'B', 'j>0'): min s_j/need = 2.7073  at +-+++/+---+/++---
   ('+B', 'C', 'j=0'): min s_j/need = 3.5122  at +-+++/-++++/-----
   ('+B', 'C', 'j>0'): min s_j/need = 3.7561  at +++-+/++-++/++---
   ('+B', 'E', 'j=0'): min s_j/need = 7.4146  at +---+/+++++/+----
   ('+B', 'E', 'j>0'): min s_j/need = 7.8537  at ++--+/+++++/++---
   ('-A', 'B', 'j=0'): min s_j/need = 0.7752  at +----/+++++/-+++-
   ('-A', 'B', 'j>0'): min s_j/need = 0.9334  at ++---/+++-+/+-++-
   ('-A', 'C', 'j=0'): min s_j/need = 1.1391  at +-++-/-++++/-----
   ('-A', 'C', 'j>0'): min s_j/need = 1.2182  at +++--/++-++/++---
   ('-A', 'E', 'j=0'): min s_j/need = 2.3494  at +----/+++++/+----
   ('-A', 'E', 'j>0'): min s_j/need = 2.4443  at +++--/+++++/+++--
   #configs (with a non-A column j<b) where no non-A column pays and kappa<need: 0
=== (2,4) p=5 q=7
   ('+B', 'B', 'j=0'): min s_j/need = 2.5711  at +-+++/+++-+/-+++-
   ('+B', 'B', 'j>0'): min s_j/need = 2.2038  at ++-++/+++-+/+-++-
   ('+B', 'C', 'j=0'): min s_j/need = 3.9042  at +-+++/-++++/-----
   ('+B', 'C', 'j>0'): min s_j/need = 3.4825  at ++-++/+-+++/+----
   ('+B', 'E', 'j=0'): min s_j/need = 7.4303  at +---+/+++++/+----
   ('+B', 'E', 'j>0'): min s_j/need = 6.6252  at ++--+/+++++/++---
   ('-A', 'B', 'j=0'): min s_j/need = 1.2099  at +-++-/+++-+/-+++-
   ('-A', 'B', 'j>0'): min s_j/need = 1.0371  at ++-+-/+++-+/+-++-
   ('-A', 'C', 'j=0'): min s_j/need = 1.8373  at +-++-/-++++/-----
   ('-A', 'C', 'j>0'): min s_j/need = 1.6388  at ++-+-/+-+++/+----
   ('-A', 'E', 'j=0'): min s_j/need = 3.4953  at +----/+++++/+----
   ('-A', 'E', 'j>0'): min s_j/need = 3.1112  at ++---/+++++/++---
   #configs (with a non-A column j<b) where no non-A column pays and kappa<need: 0
=== (2,4) p=3 q=7
   ('+B', 'B', 'j=0'): min s_j/need = 0.5713  at +-+++/+++-+/-+++-
   ('+B', 'B', 'j>0'): min s_j/need = 0.4897  at ++-++/+++-+/+-++-
   ('+B', 'C', 'j=0'): min s_j/need = 2.2854  at +-+++/-++++/-----
   ('+B', 'C', 'j>0'): min s_j/need = 2.0405  at ++-++/+-+++/+----
   ('+B', 'E', 'j=0'): min s_j/need = 3.6202  at +---+/+++++/+----
   ('+B', 'E', 'j>0'): min s_j/need = 3.2460  at ++--+/+++++/++---
   ('-A', 'B', 'j=0'): min s_j/need = 0.4571  at +-++-/+++-+/-+++-
   ('-A', 'B', 'j>0'): min s_j/need = 0.3918  at ++-+-/+++-+/+-++-
   ('-A', 'C', 'j=0'): min s_j/need = 1.8283  at +-++-/-++++/-----
   ('-A', 'C', 'j>0'): min s_j/need = 1.6324  at ++-+-/+-+++/+----
   ('-A', 'E', 'j=0'): min s_j/need = 2.8948  at +----/+++++/+----
   ('-A', 'E', 'j>0'): min s_j/need = 2.5901  at ++---/+++++/++---
   #configs (with a non-A column j<b) where no non-A column pays and kappa<need: 8
       (2.062187673514714, '+-+-+/+-+-+/-+-+-', '+B-B+B-B+B', 1)
       (2.640199888950583, '+-+-+/-+--+/+-++-', '+A-A+A-B+B', 1)
       (3.281510272071072, '+-+-+/-++-+/+--+-', '+A-A+B-B+B', 1)
       (3.631315935591338, '+-+-+/--+-+/++-+-', '+A-B+B-B+B', 1)
       (6.837867851193781, '++--+/--+-+/++-+-', '+A+A-A-B+B', 1)
       (7.8289838978345365, '+---+/-++-+/+--+-', '+A-A-A-B+B', 1)
