found 31 trees with b*>=13 and >=2 square secular roots
ok (13, 11, 7, 7, 7, 1, 1) n=55 N_I=2 N_II=1 squares=[9, 16]  row b*=13: bad 1 of 24 (bound 10)
ok (20, 20, 10, 10, 10, 10, 10, 10, 10, 10, 10) n=142 N_I=2 N_II=0 squares=[16, 25]  row b*=20: bad 0 of 78 (bound 8)
ok (13, 13, 13, 13, 13, 13, 13, 13, 13, 1, 1, 1, 1, 1, 1) n=139 N_I=2 N_II=0 squares=[4, 25]  row b*=13: bad 4 of 232 (bound 8)
ok (13, 13, 7, 7, 7) n=53 N_I=2 N_II=0 squares=[9, 16]  row b*=13: bad 6 of 50 (bound 8)
ok (22, 22, 13, 13, 13, 13) n=103 N_I=2 N_II=0 squares=[16, 25]  row b*=22: bad 4 of 86 (bound 8)
ok (14, 4, 4, 4, 4, 4, 4) n=46 N_I=2 N_II=0 squares=[9, 16]  row b*=14: bad 1 of 26 (bound 8)
ok (20, 20, 20, 20, 15, 15) n=117 N_I=2 N_II=0 squares=[16, 25]  row b*=20: bad 4 of 158 (bound 8)
ok (19, 19, 19, 13, 13, 13, 13, 13, 13) n=145 N_I=2 N_II=0 squares=[16, 25]  row b*=19: bad 7 of 112 (bound 8)
ok (16, 16, 16, 16, 16, 16, 6, 6, 6, 2, 2, 2, 2, 2, 2) n=142 N_I=2 N_II=0 squares=[4, 9]  row b*=16: bad 4 of 190 (bound 8)
ok (19, 19, 19, 14, 3, 3, 3, 3, 3, 3, 3, 3, 3) n=112 N_I=2 N_II=0 squares=[9, 25]  row b*=19: bad 4 of 112 (bound 8)
ok (23, 16, 16, 16, 7, 7, 7) n=100 N_I=2 N_II=0 squares=[9, 25]  row b*=23: bad 1 of 44 (bound 8)
ok (22, 20, 20, 15, 13, 13) n=110 N_I=2 N_II=0 squares=[16, 25]  row b*=22: bad 4 of 42 (bound 8)
ok (13, 13, 13, 13, 13, 13, 7, 7, 7, 7, 3, 3, 3) n=129 N_I=2 N_II=0 squares=[4, 9]  row b*=13: bad 8 of 154 (bound 8)
ok (21, 21, 15, 6, 6, 6, 6) n=89 N_I=2 N_II=0 squares=[9, 16]  row b*=21: bad 7 of 82 (bound 8)
ok (15, 15, 15, 13, 13, 13, 10, 7, 7, 7, 7, 7, 7, 5) n=156 N_I=2 N_II=0 squares=[9, 25]  row b*=15: bad 4 of 88 (bound 8)
ok (13, 13, 13, 13, 13, 13, 10, 10, 8, 8, 8, 8, 3, 3, 3) n=155 N_I=2 N_II=0 squares=[4, 9]  row b*=13: bad 8 of 154 (bound 8)
ok (19, 19, 19, 15, 10, 10, 10, 10, 10, 10) n=143 N_I=2 N_II=0 squares=[16, 25]  row b*=19: bad 7 of 112 (bound 8)
ok (17, 17, 17, 17, 17, 17, 7, 7, 7, 1, 1) n=137 N_I=2 N_II=0 squares=[9, 25]  row b*=17: bad 4 of 202 (bound 8)
ok (21, 21, 13, 13, 13, 1, 1, 1, 1, 1, 1) n=99 N_I=2 N_II=0 squares=[16, 25]  row b*=21: bad 0 of 82 (bound 8)
ok (24, 24, 12, 12, 4, 4, 4, 4, 4, 4, 4, 4, 4) n=122 N_I=2 N_II=0 squares=[9, 16]  row b*=24: bad 3 of 94 (bound 8)
ok (13, 13, 13, 7, 7, 1, 1, 1, 1, 1, 1) n=71 N_I=2 N_II=0 squares=[4, 9]  row b*=13: bad 4 of 76 (bound 8)
ok (21, 21, 15, 15, 5, 5, 5, 5, 5, 5) n=113 N_I=2 N_II=0 squares=[9, 25]  row b*=21: bad 7 of 82 (bound 8)
ok (21, 21, 21, 13, 7, 7, 7) n=105 N_I=2 N_II=0 squares=[9, 25]  row b*=21: bad 7 of 124 (bound 8)
ok (21, 13, 13, 6, 6, 6, 6, 1, 1) n=83 N_I=2 N_II=0 squares=[9, 16]  row b*=21: bad 0 of 40 (bound 8)
ok (19, 19, 19, 19, 15, 15, 10, 10) n=135 N_I=2 N_II=0 squares=[16, 25]  row b*=19: bad 7 of 150 (bound 8)
ok (15, 15, 15, 13, 13, 13, 5, 5, 5, 5, 5, 5, 5, 5, 5) n=145 N_I=2 N_II=0 squares=[9, 25]  row b*=15: bad 4 of 88 (bound 8)
ok (14, 9, 9, 2, 2, 2) n=45 N_I=2 N_II=0 squares=[4, 16]  row b*=14: bad 1 of 26 (bound 8)
ok (16, 16, 16, 8, 2, 2, 2) n=70 N_I=2 N_II=0 squares=[4, 9]  row b*=16: bad 7 of 94 (bound 8)
ok (19, 14, 14, 7, 7, 7) n=75 N_I=2 N_II=0 squares=[9, 16]  row b*=19: bad 4 of 36 (bound 8)
ok (19, 19, 19, 9, 9, 9, 9, 1, 1, 1, 1, 1, 1) n=113 N_I=2 N_II=0 squares=[4, 25]  row b*=19: bad 4 of 112 (bound 8)
ok (19, 19, 19, 11, 4, 4, 4, 4, 4, 4, 4, 4, 4) n=118 N_I=2 N_II=0 squares=[9, 25]  row b*=19: bad 4 of 112 (bound 8)
SUMMARY violations 0
