ℹ [8706/8707] Built Research.RM714Weights (114s)
info: Research/RM714Weights.lean:300:0: 'RM714.rm714_new_weights' depends on axioms: [propext, Classical.choice, Quot.sound]
info: Research/RM714Weights.lean:301:0: 'RM714.weight_map_maskSet' depends on axioms: [propext, Classical.choice, Quot.sound]
ℹ [8707/8707] Built Research.RM714WeightsAudit (14s)
info: Research/RM714WeightsAudit.lean:8:0: def RM714.evalPoly : List (Finset (Fin 14)) → (Fin 14 → ZMod 2) → ZMod 2 :=
fun L x => (List.map (fun S => ∏ i ∈ S, x i) L).sum
info: Research/RM714WeightsAudit.lean:9:0: def RM714.weight : List (Finset (Fin 14)) → ℕ :=
fun L => {x | RM714.evalPoly L x = 1}.card
info: Research/RM714WeightsAudit.lean:10:0: def RM714.IsRM714Weight : ℕ → Prop :=
fun w => ∃ L, (∀ S ∈ L, S.card ≤ 7) ∧ RM714.weight L = w
info: Research/RM714WeightsAudit.lean:11:0: RM714.rm714_new_weights : ∀
  w ∈ [354, 16030, 4378, 4380, 4382, 8174, 8178, 8182, 8186, 8188, 8190, 8194, 8196, 8198, 8202, 8206, 8210],
  RM714.IsRM714Weight w
info: Research/RM714WeightsAudit.lean:12:0: RM714.weight_map_maskSet : ∀ (L : List ℕ),
  (∀ s ∈ L, s < 2 ^ 14) → RM714.weight (List.map RM714.maskSet L) = RM714.weightNat L
info: Research/RM714WeightsAudit.lean:13:0: RM714.isRM714Weight_of : ∀ (L : List ℕ) (w : ℕ),
  (∀ s ∈ L, s < 2 ^ 14) →
    (L.all fun s => decide (RM714.degNat s ≤ 7)) = true → RM714.weightNat L = w → RM714.IsRM714Weight w
info: Research/RM714WeightsAudit.lean:30:0: 'RM714.rm714_new_weights' depends on axioms: [propext, Classical.choice, Quot.sound]
info: Research/RM714WeightsAudit.lean:31:0: 'RM714.weight_map_maskSet' depends on axioms: [propext, Classical.choice, Quot.sound]
info: Research/RM714WeightsAudit.lean:32:0: 'RM714.isRM714Weight_of' depends on axioms: [propext, Classical.choice, Quot.sound]
Build completed successfully (8707 jobs).
      132.89 real       118.98 user        11.15 sys
          8146026496  maximum resident set size
                   0  average shared memory size
                   0  average unshared data size
                   0  average unshared stack size
             1087846  page reclaims
              109830  page faults
                   0  swaps
                   0  block input operations
                   0  block output operations
                   0  messages sent
                   0  messages received
                   0  signals received
               89503  voluntary context switches
              262755  involuntary context switches
         56588443311  instructions retired
         35771972552  cycles elapsed
           339043272  peak memory footprint
start=2026-09-26T07:16:16Z exit=0 elapsed=133s (lock released)
