(2,2) p=3 q=5: max G = 2055, Theta = 2055, equal=True, maximisers exactly {Y-,Y+}: True; next value below max: gap 8 (0.0s)
(2,2) p=5 q=3: max G = 2055, Theta = 2055, equal=True, maximisers exactly {Y-,Y+}: True; next value below max: gap 8 (0.0s)
(2,2) p=3 q=7: max G = 4455, Theta = 4455, equal=True, maximisers exactly {Y-,Y+}: True; next value below max: gap 16 (0.0s)
(2,2) p=7 q=3: max G = 4455, Theta = 4455, equal=True, maximisers exactly {Y-,Y+}: True; next value below max: gap 16 (0.0s)
(2,2) p=5 q=7: max G = 15919, Theta = 15919, equal=True, maximisers exactly {Y-,Y+}: True; next value below max: gap 1456 (0.0s)
(2,2) p=7 q=5: max G = 15919, Theta = 15919, equal=True, maximisers exactly {Y-,Y+}: True; next value below max: gap 1456 (0.0s)
(2,2) p=3 q=11: max G = 12015, Theta = 12015, equal=True, maximisers exactly {Y-,Y+}: True; next value below max: gap 32 (0.0s)
(2,2) p=11 q=3: max G = 12015, Theta = 12015, equal=True, maximisers exactly {Y-,Y+}: True; next value below max: gap 32 (0.0s)
(2,2) p=3 q=101: max G = 1155015, Theta = 1155015, equal=True, maximisers exactly {Y-,Y+}: True; next value below max: gap 392 (0.0s)
(2,2) p=101 q=3: max G = 1155015, Theta = 1155015, equal=True, maximisers exactly {Y-,Y+}: True; next value below max: gap 392 (0.0s)
(2,2) p=11 q=13: max G = 358855, Theta = 358855, equal=True, maximisers exactly {Y-,Y+}: True; next value below max: gap 47536 (0.0s)
(2,2) p=13 q=11: max G = 358855, Theta = 358855, equal=True, maximisers exactly {Y-,Y+}: True; next value below max: gap 47536 (0.0s)
(2,2) p=3 q=1009: max G = 116897775, Theta = 116897775, equal=True, maximisers exactly {Y-,Y+}: True; next value below max: gap 4024 (0.0s)
(2,2) p=1009 q=3: max G = 116897775, Theta = 116897775, equal=True, maximisers exactly {Y-,Y+}: True; next value below max: gap 4024 (0.0s)
(2,2) p=5 q=3: max G = 2055, Theta = 2055, equal=True, maximisers exactly {Y-,Y+}: True; next value below max: gap 8 (0.0s)
(2,2) p=3 q=5: max G = 2055, Theta = 2055, equal=True, maximisers exactly {Y-,Y+}: True; next value below max: gap 8 (0.0s)
(2,2) p=11/2 q=7/2: max G = 61375/16, Theta = 61375/16, equal=True, maximisers exactly {Y-,Y+}: True; next value below max: gap 385/2 (0.0s)
(2,2) p=5 q=10/3: max G = 2708, Theta = 2708, equal=True, maximisers exactly {Y-,Y+}: True; next value below max: gap 292/3 (0.0s)
(2,2) p=51/10 q=31/10: max G = 23483583/10000, Theta = 23483583/10000, equal=True, maximisers exactly {Y-,Y+}: True; next value below max: gap 41201/1250 (0.0s)
(2,2) p=41/4 q=3: max G = 165075/16, Theta = 165075/16, equal=True, maximisers exactly {Y-,Y+}: True; next value below max: gap 29 (0.0s)
(2,2) p=3 q=11/2: max G = 10275/4, Theta = 10275/4, equal=True, maximisers exactly {Y-,Y+}: True; next value below max: gap 10 (0.0s)
(2,2) p=3 q=51/10: max G = 43063/20, Theta = 43063/20, equal=True, maximisers exactly {Y-,Y+}: True; next value below max: gap 42/5 (0.0s)
(2,2) p=3 q=41/4: max G = 165075/16, Theta = 165075/16, equal=True, maximisers exactly {Y-,Y+}: True; next value below max: gap 29 (0.1s)
(2,2) p=21/4 q=21/4: max G = 2364359/256, Theta = 2364359/256, equal=True, maximisers exactly {Y-,Y+}: True; next value below max: gap 48841/64 (0.0s)
(2,4) p=3 q=5: max G = 93055, Theta = 93055, equal=True, maximisers exactly {Y-,Y+}: True; next value below max: gap 2992 (0.0s)
(2,4) p=5 q=3: max G = 32871, Theta = 32871, equal=True, maximisers exactly {Y-,Y+}: True; next value below max: gap 920 (0.2s)
(2,4) p=3 q=7: max G = 398415, Theta = 398415, equal=True, maximisers exactly {Y-,Y+}: True; next value below max: gap 15304 (0.0s)
(2,4) p=7 q=3: max G = 71271, Theta = 71271, equal=True, maximisers exactly {Y-,Y+}: True; next value below max: gap 1984 (0.0s)
(2,4) p=5 q=7: max G = 1421239, Theta = 1421239, equal=True, maximisers exactly {Y-,Y+}: True; next value below max: gap 73024 (0.0s)
(2,4) p=7 q=5: max G = 719719, Theta = 719719, equal=True, maximisers exactly {Y-,Y+}: True; next value below max: gap 37616 (0.0s)
(2,4) p=3 q=11: max G = 2674015, Theta = 2674015, equal=True, maximisers exactly {Y-,Y+}: True; next value below max: gap 101672 (0.0s)
(2,4) p=11 q=3: max G = 192303, Theta = 192303, equal=True, maximisers exactly {Y-,Y+}: True; next value below max: gap 5264 (0.0s)
(2,4) p=3 q=101: max G = 21984310015, Theta = 21984310015, equal=True, maximisers exactly {Y-,Y+}: True; next value below max: gap 820160792 (0.0s)
(2,4) p=101 q=3: max G = 18507303, Theta = 18507303, equal=True, maximisers exactly {Y-,Y+}: True; next value below max: gap 485144 (0.0s)
(2,4) p=11 q=13: max G = 111667663, Theta = 111667663, equal=True, maximisers exactly {Y-,Y+}: True; next value below max: gap 8082160 (0.0s)
(2,4) p=13 q=11: max G = 79783255, Theta = 79783255, equal=True, maximisers exactly {Y-,Y+}: True; next value below max: gap 5798336 (0.0s)
(2,4) p=3 q=1009: max G = 222455050614735, Theta = 222455050614735, equal=True, maximisers exactly {Y-,Y+}: True; next value below max: gap 8279588532088 (0.1s)
(2,4) p=1009 q=3: max G = 1873382415, Theta = 1873382415, equal=True, maximisers exactly {Y-,Y+}: True; next value below max: gap 48823432 (0.0s)
(2,4) p=5 q=3: max G = 32871, Theta = 32871, equal=True, maximisers exactly {Y-,Y+}: True; next value below max: gap 920 (0.0s)
(2,4) p=3 q=5: max G = 93055, Theta = 93055, equal=True, maximisers exactly {Y-,Y+}: True; next value below max: gap 2992 (0.0s)
(2,4) p=11/2 q=7/2: max G = 5379475/64, Theta = 5379475/64, equal=True, maximisers exactly {Y-,Y+}: True; next value below max: gap 51461/16 (0.0s)
(2,4) p=5 q=10/3: max G = 4351448/81, Theta = 4351448/81, equal=True, maximisers exactly {Y-,Y+}: True; next value below max: gap 150196/81 (0.0s)
(2,4) p=51/10 q=31/10: max G = 40170034563/1000000, Theta = 40170034563/1000000, equal=True, maximisers exactly {Y-,Y+}: True; next value below max: gap 328530661/250000 (0.0s)
(2,4) p=41/4 q=3: max G = 2641875/16, Theta = 2641875/16, equal=True, maximisers exactly {Y-,Y+}: True; next value below max: gap 4532 (0.0s)
(2,4) p=3 q=11/2: max G = 2257215/16, Theta = 2257215/16, equal=True, maximisers exactly {Y-,Y+}: True; next value below max: gap 19315/4 (0.0s)
(2,4) p=3 q=51/10: max G = 202978483/2000, Theta = 202978483/2000, equal=True, maximisers exactly {Y-,Y+}: True; next value below max: gap 8271283/2500 (0.0s)
(2,4) p=3 q=41/4: max G = 509857735/256, Theta = 509857735/256, equal=True, maximisers exactly {Y-,Y+}: True; next value below max: gap 2426611/32 (0.1s)
(2,4) p=21/4 q=21/4: max G = 1887692003/4096, Theta = 1887692003/4096, equal=True, maximisers exactly {Y-,Y+}: True; next value below max: gap 22320337/1024 (0.0s)
(2,6) p=3 q=5: max G = 3368055, Theta = 3368055, equal=True, maximisers exactly {Y-,Y+}: True; next value below max: gap 74992 (0.6s)
(2,6) p=5 q=3: max G = 425559, Theta = 425559, equal=True, maximisers exactly {Y-,Y+}: True; next value below max: gap 9128 (0.5s)
(2,6) p=3 q=7: max G = 28346055, Theta = 28346055, equal=True, maximisers exactly {Y-,Y+}: True; next value below max: gap 756304 (0.7s)
(2,6) p=7 q=3: max G = 922743, Theta = 922743, equal=True, maximisers exactly {Y-,Y+}: True; next value below max: gap 19696 (0.7s)
(2,6) p=5 q=7: max G = 101053135, Theta = 101053135, equal=True, maximisers exactly {Y-,Y+}: True; next value below max: gap 3579856 (0.5s)
(2,6) p=7 q=5: max G = 26034719, Theta = 26034719, equal=True, maximisers exactly {Y-,Y+}: True; next value below max: gap 941616 (0.7s)
(2,6) p=3 q=101: max G = 328332549465015, Theta = 328332549465015, equal=True, maximisers exactly {Y-,Y+}: True; next value below max: gap 12241175877616 (0.6s)
(2,6) p=101 q=3: max G = 239738391, Theta = 239738391, equal=True, maximisers exactly {Y-,Y+}: True; next value below max: gap 4847912 (0.8s)
(2,6) p=11 q=13: max G = 27493898071, Theta = 27493898071, equal=True, maximisers exactly {Y-,Y+}: True; next value below max: gap 1365933616 (1.1s)
(2,6) p=13 q=11: max G = 14053153655, Theta = 14053153655, equal=True, maximisers exactly {Y-,Y+}: True; next value below max: gap 701645136 (0.7s)
(2,6) p=1009 q=3: max G = 24268452927, Theta = 24268452927, equal=True, maximisers exactly {Y-,Y+}: True; next value below max: gap 488198104 (0.8s)
(2,6) p=11/2 q=7/2: max G = 379927175/256, Theta = 379927175/256, equal=True, maximisers exactly {Y-,Y+}: True; next value below max: gap 2529669/64 (0.8s)
(2,6) p=3 q=11/2: max G = 395770875/64, Theta = 395770875/64, equal=True, maximisers exactly {Y-,Y+}: True; next value below max: gap 2341291/16 (0.4s)
(2,6) p=51/10 q=31/10: max G = 55554908330343/100000000, Theta = 55554908330343/100000000, equal=True, maximisers exactly {Y-,Y+}: True; next value below max: gap 316511975221/25000000 (0.8s)
(2,6) p=3 q=41/4: max G = 1247635399995/4096, Theta = 1247635399995/4096, equal=True, maximisers exactly {Y-,Y+}: True; next value below max: gap 9430680835/1024 (0.6s)
(2,8) p=3 q=5: max G = 110243055, Theta = 110243055, equal=True, maximisers exactly {Y-,Y+}: True; next value below max: gap 1874992 (38.4s)
(2,8) p=5 q=3: max G = 4997847, Theta = 4997847, equal=True, maximisers exactly {Y-,Y+}: True; next value below max: gap 83000 (27.8s)
(2,8) p=7 q=3: max G = 10837143, Theta = 10837143, equal=True, maximisers exactly {Y-,Y+}: True; next value below max: gap 179104 (23.7s)
(2,8) p=3 q=7: max G = 1821316815, Theta = 1821316815, equal=True, maximisers exactly {Y-,Y+}: True; next value below max: gap 37059424 (19.1s)
(2,8) p=11/2 q=7/2: max G = 24317143675/1024, Theta = 24317143675/1024, equal=True, maximisers exactly {Y-,Y+}: True; next value below max: gap 123986101/256 (17.2s)
(2,8) p=3 q=11/2: max G = 62728511415/256, Theta = 62728511415/256, equal=True, maximisers exactly {Y-,Y+}: True; next value below max: gap 283312915/64 (17.2s)
ALL OK
