2026-09-29T20:21:31Z cmd: lake env leanchecker Research.CirculantQ3
      191.30 real       122.57 user        56.34 sys
         25160269824  maximum resident set size
                   0  average shared memory size
                   0  average unshared data size
                   0  average unshared stack size
            13714304  page reclaims
               82596  page faults
                   0  swaps
                   0  block input operations
                   0  block output operations
                   0  messages sent
                   0  messages received
                   0  signals received
               25653  voluntary context switches
              495590  involuntary context switches
          3521495077  instructions retired
          1505481552  cycles elapsed
           138666904  peak memory footprint
exit=0
2026-09-29T20:24:43Z
