2026-09-28T00:25:31Z
All targets up-to-date (8925 jobs).
        7.70 real         3.19 user         3.69 sys
           896450560  maximum resident set size
                   0  average shared memory size
                   0  average unshared data size
                   0  average unshared stack size
               63451  page reclaims
               18982  page faults
                   0  swaps
                   0  block input operations
                   0  block output operations
                   0  messages sent
                   0  messages received
                   0  signals received
               84218  voluntary context switches
               90614  involuntary context switches
         62020746065  instructions retired
         27634458511  cycles elapsed
           295069168  peak memory footprint
exit=0
2026-09-28T00:25:38Z
