leanchecker run started 2026-09-29T13:15:55Z; Lean (version 4.34.1, arm64-apple-darwin24.6.0, commit 5045d0056413266e57c625dcd7c365b10e377c52, Release); modules 390; parallelism 2; command: lake env leanchecker <Module>
OK   Research.AxialMSZ.Audit (10s) exit=0
OK   Research.AxialMSZ.Challenge (10s) exit=0
OK   Research.AxialMSZ.ChallengeTests (9s) exit=0
OK   Research.AxialMSZ.Check (9s) exit=0
OK   Research.AxialMSZ.Proof.Corollary (10s) exit=0
OK   Research.AxialMSZ.Proof.ExD (10s) exit=0
OK   Research.AxialMSZ.Proof.ExDBase (10s) exit=0
OK   Research.AxialMSZ.Proof.ExDBlock (10s) exit=0
OK   Research.AxialMSZ.Proof.ExDFrobenius (9s) exit=0
OK   Research.AxialMSZ.Proof.ExDSupplement (9s) exit=0
OK   Research.AxialMSZ.Proof.ExE (9s) exit=0
OK   Research.AxialMSZ.Proof.ExEBase (10s) exit=0
OK   Research.AxialMSZ.Proof.ExEBlocks (10s) exit=0
OK   Research.AxialMSZ.Proof.ExEGraph (9s) exit=0
OK   Research.AxialMSZ.Proof.ExP (9s) exit=0
OK   Research.AxialMSZ.Proof.ExS (9s) exit=0
OK   Research.AxialMSZ.Proof.ExSBase (10s) exit=0
OK   Research.AxialMSZ.Proof.ExSDecomp (9s) exit=0
OK   Research.AxialMSZ.Proof.ExSGraph (9s) exit=0
OK   Research.AxialMSZ.Proof.ExSSimple (9s) exit=0
OK   Research.AxialMSZ.Proof.Laws (9s) exit=0
OK   Research.AxialMSZ.Proof.PConsequence (9s) exit=0
OK   Research.AxialMSZ.Proof.SFourNegations (9s) exit=0
OK   Research.AxialMSZ.Proof.SimpleIndecomposable (9s) exit=0
OK   Research.AxialMSZ.SupplementDChallenge (9s) exit=0
OK   Research.Backfill.Paper3.Challenge (9s) exit=0
OK   Research.Backfill.Paper3.ChallengeTests (10s) exit=0
OK   Research.Backfill.Paper3.Check (10s) exit=0
OK   Research.Backfill.Paper3.Proof.A.Basic (10s) exit=0
OK   Research.Backfill.Paper3.Proof.A.Blocks (10s) exit=0
OK   Research.Backfill.Paper3.Proof.A.Consequences (10s) exit=0
OK   Research.Backfill.Paper3.Proof.A.Lemma1 (10s) exit=0
OK   Research.Backfill.Paper3.Proof.A.Lemma3 (10s) exit=0
OK   Research.Backfill.Paper3.Proof.A.Main (10s) exit=0
OK   Research.Backfill.Paper3.Proof.A.Prop2 (9s) exit=0
OK   Research.Backfill.Paper3.Proof.A.Remark4 (22s) exit=0
OK   Research.Backfill.Paper3.Proof.A.TheoremA (7s) exit=0
OK   Research.Backfill.Paper3.Proof.A.TwoRegular (7s) exit=0
OK   Research.Backfill.Paper3.Proof.B.Cor5 (8s) exit=0
OK   Research.Backfill.Paper3.Proof.B.Count (9s) exit=0
OK   Research.Backfill.Paper3.Proof.B.Main (9s) exit=0
OK   Research.Backfill.Paper3.Proof.B.Small (8s) exit=0
OK   Research.Backfill.Paper3.Proof.B.Switch (8s) exit=0
OK   Research.Backfill.Paper3.Proof.B.TheoremB (9s) exit=0
OK   Research.Backfill.Paper3.Proof.B.Totals (8s) exit=0
OK   Research.Backfill.Paper3.Proof.Basic (8s) exit=0
OK   Research.Backfill.Paper3.Proof.CD.Gn (8s) exit=0
OK   Research.Backfill.Paper3.Proof.CD.Law (8s) exit=0
OK   Research.Backfill.Paper3.Proof.CD.Main (9s) exit=0
OK   Research.Backfill.Paper3.Proof.CD.Markov (9s) exit=0
OK   Research.Backfill.Paper3.Proof.CD.Pd (8s) exit=0
OK   Research.Backfill.Paper3.Proof.CD.PropC (8s) exit=0
OK   Research.Backfill.Paper3.Proof.CD.Psi (8s) exit=0
OK   Research.Backfill.Paper3.Proof.CD.Remark10 (8s) exit=0
OK   Research.Backfill.Paper3.Proof.CD.Remark10c (8s) exit=0
OK   Research.Backfill.Paper3.Proof.CD.ThmD (8s) exit=0
OK   Research.Backfill.Paper3.Proof.L67.BPrime (9s) exit=0
OK   Research.Backfill.Paper3.Proof.L67.Lemma6 (9s) exit=0
OK   Research.Backfill.Paper3.Proof.L67.Lemma7 (8s) exit=0
OK   Research.Backfill.Paper3.Proof.L67.Main (8s) exit=0
OK   Research.Backfill.Paper3.Proof.L67.Marked (8s) exit=0
OK   Research.Backfill.Paper3.Proof.L67.Switch (8s) exit=0
OK   Research.Backfill.Paper3.Proof.L67.W (8s) exit=0
OK   Research.Backfill.Paper3.Proof.L8.Bridge (8s) exit=0
OK   Research.Backfill.Paper3.Proof.L8.Core (9s) exit=0
OK   Research.Backfill.Paper3.Proof.L8.Main (9s) exit=0
OK   Research.Backfill.Paper3.Proof.L8.Poly (8s) exit=0
OK   Research.Backfill.Paper3.Proof.L8.Tilt (8s) exit=0
OK   Research.Backfill.Paper3.Proof.Num.Bridge (8s) exit=0
OK   Research.Backfill.Paper3.Proof.Num.Data (8s) exit=0
OK   Research.Backfill.Paper3.Proof.Num.ListPoly (8s) exit=0
OK   Research.Backfill.Paper3.Proof.Num.Loop (8s) exit=0
OK   Research.Backfill.Paper3.Proof.Num.Main (8s) exit=0
OK   Research.Backfill.Paper3.Proof.Num.Remark10b (9s) exit=0
OK   Research.Backfill.Paper3.Proof.Num.Remark12 (9s) exit=0
OK   Research.Backfill.Paper3.Proof.Num.RunR10b (10s) exit=0
OK   Research.Backfill.Paper3.Proof.Num.RunR12a (9s) exit=0
OK   Research.Backfill.Paper3.Proof.Num.RunR12b (15s) exit=0
OK   Research.Backfill.Paper3.Proof.Num.RunTD2 (10s) exit=0
OK   Research.Backfill.Paper3.Proof.Num.RunTD3 (15s) exit=0
OK   Research.Backfill.Paper3.Proof.Num.RunTD4 (19s) exit=0
OK   Research.Backfill.Paper3.Proof.Num.TDNum (7s) exit=0
OK   Research.Backfill.Paper3.Proof.Poly (8s) exit=0
OK   Research.Backfill.Paper3.Proof.Remark10d (8s) exit=0
OK   Research.Backfill.Paper3.Proof.SSSZ.Cover (8s) exit=0
OK   Research.Backfill.Paper3.Proof.SSSZ.Cut (8s) exit=0
OK   Research.Backfill.Paper3.Proof.SSSZ.Finner (8s) exit=0
OK   Research.Backfill.Paper3.Proof.SSSZ.Main (8s) exit=0
OK   Research.Backfill.Paper3.Proof.SSSZ.Swap (8s) exit=0
OK   Research.Backfill.Paper3.Proof.Small.Bridge (8s) exit=0
OK   Research.Backfill.Paper3.Proof.Small.Counts (15s) exit=0
OK   Research.Backfill.Paper3.Proof.Small.Counts6 (5s) exit=0
OK   Research.Backfill.Paper3.Proof.Small.Cubic (7s) exit=0
OK   Research.Backfill.Paper3.Proof.Small.Defs (7s) exit=0
OK   Research.Backfill.Paper3.Proof.Small.Enum (21s) exit=0
OK   Research.Backfill.Paper3.Proof.Small.Failure (7s) exit=0
OK   Research.Backfill.Paper3.Proof.Small.Labelled (7s) exit=0
OK   Research.Backfill.Paper3.Proof.Small.Main (9s) exit=0
OK   Research.Backfill.Paper3.Proof.Small.Tables (9s) exit=0
OK   Research.Backfill.Paper3.Proof.TS.Classify (9s) exit=0
OK   Research.Backfill.Paper3.Proof.TS.Code (9s) exit=0
OK   Research.Backfill.Paper3.Proof.TS.Connected (10s) exit=0
OK   Research.Backfill.Paper3.Proof.TS.Count (10s) exit=0
OK   Research.Backfill.Paper3.Proof.TS.D3 (10s) exit=0
OK   Research.Backfill.Paper3.Proof.TS.D4 (13s) exit=0
OK   Research.Backfill.Paper3.Proof.TS.D5 (10s) exit=0
OK   Research.Backfill.Paper3.Proof.TS.D5C0 (28s) exit=0
OK   Research.Backfill.Paper3.Proof.TS.D5C1 (26s) exit=0
OK   Research.Backfill.Paper3.Proof.TS.D5C2 (26s) exit=0
OK   Research.Backfill.Paper3.Proof.TS.D5C3 (26s) exit=0
OK   Research.Backfill.Paper3.Proof.TS.D5C4 (26s) exit=0
OK   Research.Backfill.Paper3.Proof.TS.D5C5 (27s) exit=0
OK   Research.Backfill.Paper3.Proof.TS.D5Data (10s) exit=0
OK   Research.Backfill.Paper3.Proof.TS.Invariants (7s) exit=0
OK   Research.Backfill.Paper3.Proof.TS.Main (8s) exit=0
OK   Research.Backfill.Paper3.Proof.TS.Row (8s) exit=0
OK   Research.Backfill.Paper3.Proof.TS.Switch (8s) exit=0
OK   Research.Backfill.Paper3.Proof.TS.Table2 (8s) exit=0
OK   Research.Backfill.Paper3.Proof.Tier0 (8s) exit=0
OK   Research.Backfill.Paper4.Challenge (8s) exit=0
OK   Research.Backfill.Paper4.ChallengeTests (8s) exit=0
OK   Research.Backfill.Paper4.Check (8s) exit=0
OK   Research.Backfill.Paper4.Proof.AutCount (8s) exit=0
OK   Research.Backfill.Paper4.Proof.BasicCorollaries (8s) exit=0
OK   Research.Backfill.Paper4.Proof.ConcreteCore (9s) exit=0
OK   Research.Backfill.Paper4.Proof.ConcreteDHCertificate (8s) exit=0
OK   Research.Backfill.Paper4.Proof.ConcreteRemarks (8s) exit=0
OK   Research.Backfill.Paper4.Proof.CutVertexMetric (8s) exit=0
OK   Research.Backfill.Paper4.Proof.DHExtension (8s) exit=0
OK   Research.Backfill.Paper4.Proof.DHExtensionCore (8s) exit=0
OK   Research.Backfill.Paper4.Proof.DHFourPoint (8s) exit=0
OK   Research.Backfill.Paper4.Proof.DHFourPointBase (10s) exit=0
OK   Research.Backfill.Paper4.Proof.DHFourPointConsequences (8s) exit=0
OK   Research.Backfill.Paper4.Proof.F1DistanceHereditary (8s) exit=0
OK   Research.Backfill.Paper4.Proof.F1GDHData (8s) exit=0
OK   Research.Backfill.Paper4.Proof.F1HDHData (8s) exit=0
OK   Research.Backfill.Paper4.Proof.Foundation (8s) exit=0
OK   Research.Backfill.Paper4.Proof.FourPointConsequences (8s) exit=0
OK   Research.Backfill.Paper4.Proof.G2DHData (19s) exit=0
OK   Research.Backfill.Paper4.Proof.G2DistanceHereditary (7s) exit=0
OK   Research.Backfill.Paper4.Proof.GraphAutomorphisms (8s) exit=0
OK   Research.Backfill.Paper4.Proof.GridExamples (10s) exit=0
OK   Research.Backfill.Paper4.Proof.GridInterval (9s) exit=0
OK   Research.Backfill.Paper4.Proof.GridMonotone (8s) exit=0
OK   Research.Backfill.Paper4.Proof.H11AssemblyDraft (9s) exit=0
OK   Research.Backfill.Paper4.Proof.H11DHBlock00 (10s) exit=0
OK   Research.Backfill.Paper4.Proof.H11DHBlock01 (10s) exit=0
OK   Research.Backfill.Paper4.Proof.H11DHBlock02 (10s) exit=0
OK   Research.Backfill.Paper4.Proof.H11DHBlock03 (10s) exit=0
OK   Research.Backfill.Paper4.Proof.H11DHBlock04 (9s) exit=0
OK   Research.Backfill.Paper4.Proof.H11DHBlock05 (9s) exit=0
OK   Research.Backfill.Paper4.Proof.H11DHBlock06 (10s) exit=0
OK   Research.Backfill.Paper4.Proof.H11DHBlock07 (10s) exit=0
OK   Research.Backfill.Paper4.Proof.H11DHBlock08 (10s) exit=0
OK   Research.Backfill.Paper4.Proof.H11DHBlock09 (10s) exit=0
OK   Research.Backfill.Paper4.Proof.H11DHBlock10 (9s) exit=0
OK   Research.Backfill.Paper4.Proof.H11DHBlock11 (10s) exit=0
OK   Research.Backfill.Paper4.Proof.H11DHBlock12 (10s) exit=0
OK   Research.Backfill.Paper4.Proof.H11DHBlock13 (9s) exit=0
OK   Research.Backfill.Paper4.Proof.H11DHBlock14 (9s) exit=0
OK   Research.Backfill.Paper4.Proof.H11DHBlock15 (10s) exit=0
OK   Research.Backfill.Paper4.Proof.H11DHBlock16 (10s) exit=0
OK   Research.Backfill.Paper4.Proof.H11DHBlock17 (9s) exit=0
OK   Research.Backfill.Paper4.Proof.H11DHBlock18 (9s) exit=0
OK   Research.Backfill.Paper4.Proof.H11DHBlock19 (10s) exit=0
OK   Research.Backfill.Paper4.Proof.H11DHBlock20 (9s) exit=0
OK   Research.Backfill.Paper4.Proof.H11DHBlock21 (9s) exit=0
OK   Research.Backfill.Paper4.Proof.H11DHBlock22 (9s) exit=0
OK   Research.Backfill.Paper4.Proof.H11DHBlock23 (9s) exit=0
OK   Research.Backfill.Paper4.Proof.H11DHBlock24 (9s) exit=0
OK   Research.Backfill.Paper4.Proof.H11DHBlock25 (9s) exit=0
OK   Research.Backfill.Paper4.Proof.H11DHBlock26 (9s) exit=0
OK   Research.Backfill.Paper4.Proof.H11DHBlock27 (10s) exit=0
OK   Research.Backfill.Paper4.Proof.H11DHBlock28 (10s) exit=0
OK   Research.Backfill.Paper4.Proof.H11DHBlock29 (9s) exit=0
OK   Research.Backfill.Paper4.Proof.H11DHBlock30 (9s) exit=0
OK   Research.Backfill.Paper4.Proof.H11DHBlock31 (9s) exit=0
OK   Research.Backfill.Paper4.Proof.H11Metric (8s) exit=0
OK   Research.Backfill.Paper4.Proof.H11SubsetCover (9s) exit=0
OK   Research.Backfill.Paper4.Proof.HKOFig2Remark (9s) exit=0
OK   Research.Backfill.Paper4.Proof.MedianEight (8s) exit=0
OK   Research.Backfill.Paper4.Proof.MedianEightAut0 (13s) exit=0
OK   Research.Backfill.Paper4.Proof.MedianEightAut1 (10s) exit=0
OK   Research.Backfill.Paper4.Proof.MedianEightAut2 (12s) exit=0
OK   Research.Backfill.Paper4.Proof.MedianEightAut3 (11s) exit=0
OK   Research.Backfill.Paper4.Proof.MedianEightAut4 (11s) exit=0
OK   Research.Backfill.Paper4.Proof.MedianEightAut5 (12s) exit=0
OK   Research.Backfill.Paper4.Proof.MedianEightAut6 (11s) exit=0
OK   Research.Backfill.Paper4.Proof.MedianEightLabelled (9s) exit=0
OK   Research.Backfill.Paper4.Proof.MedianEightParent00 (12s) exit=0
OK   Research.Backfill.Paper4.Proof.MedianEightParent01 (11s) exit=0
OK   Research.Backfill.Paper4.Proof.MedianEightParent02 (12s) exit=0
OK   Research.Backfill.Paper4.Proof.MedianEightParent03 (12s) exit=0
OK   Research.Backfill.Paper4.Proof.MedianEightParent04 (12s) exit=0
OK   Research.Backfill.Paper4.Proof.MedianEightParent05 (11s) exit=0
OK   Research.Backfill.Paper4.Proof.MedianEightParent06 (12s) exit=0
OK   Research.Backfill.Paper4.Proof.MedianEightParent07 (11s) exit=0
OK   Research.Backfill.Paper4.Proof.MedianEightParent08 (11s) exit=0
OK   Research.Backfill.Paper4.Proof.MedianEightParent09 (11s) exit=0
OK   Research.Backfill.Paper4.Proof.MedianEightParent10 (11s) exit=0
OK   Research.Backfill.Paper4.Proof.MedianEightParent11 (12s) exit=0
OK   Research.Backfill.Paper4.Proof.MedianEightParent12 (11s) exit=0
OK   Research.Backfill.Paper4.Proof.MedianEightParent13 (11s) exit=0
OK   Research.Backfill.Paper4.Proof.MedianEightParent14 (11s) exit=0
OK   Research.Backfill.Paper4.Proof.MedianEightParent15 (11s) exit=0
OK   Research.Backfill.Paper4.Proof.MedianEightParent16 (11s) exit=0
OK   Research.Backfill.Paper4.Proof.MedianEightParent17 (10s) exit=0
OK   Research.Backfill.Paper4.Proof.MedianEightParent18 (12s) exit=0
OK   Research.Backfill.Paper4.Proof.MedianEightParent19 (12s) exit=0
OK   Research.Backfill.Paper4.Proof.MedianEightParent20 (11s) exit=0
OK   Research.Backfill.Paper4.Proof.MedianEightParent21 (11s) exit=0
OK   Research.Backfill.Paper4.Proof.MedianEightParent22 (11s) exit=0
OK   Research.Backfill.Paper4.Proof.MedianEightParent23 (11s) exit=0
OK   Research.Backfill.Paper4.Proof.MedianEightParent24 (11s) exit=0
OK   Research.Backfill.Paper4.Proof.MedianEightParent25 (11s) exit=0
OK   Research.Backfill.Paper4.Proof.MedianEightParent26 (12s) exit=0
OK   Research.Backfill.Paper4.Proof.MedianEightParent27 (12s) exit=0
OK   Research.Backfill.Paper4.Proof.MedianEightParent28 (11s) exit=0
OK   Research.Backfill.Paper4.Proof.MedianEightParent29 (11s) exit=0
OK   Research.Backfill.Paper4.Proof.MedianEightParent30 (12s) exit=0
OK   Research.Backfill.Paper4.Proof.MedianEightParent31 (11s) exit=0
OK   Research.Backfill.Paper4.Proof.MedianEightParent32 (12s) exit=0
OK   Research.Backfill.Paper4.Proof.MedianEightParent33 (11s) exit=0
OK   Research.Backfill.Paper4.Proof.MedianEightParent34 (10s) exit=0
OK   Research.Backfill.Paper4.Proof.MedianEightParent35 (11s) exit=0
OK   Research.Backfill.Paper4.Proof.MedianEightParent36 (11s) exit=0
OK   Research.Backfill.Paper4.Proof.MedianEightParent37 (11s) exit=0
OK   Research.Backfill.Paper4.Proof.MedianEightParent38 (11s) exit=0
OK   Research.Backfill.Paper4.Proof.MedianEightParent39 (11s) exit=0
OK   Research.Backfill.Paper4.Proof.MedianEightParent40 (11s) exit=0
OK   Research.Backfill.Paper4.Proof.MedianEightParent41 (11s) exit=0
OK   Research.Backfill.Paper4.Proof.MedianEightParent42 (11s) exit=0
OK   Research.Backfill.Paper4.Proof.MedianEightParent43 (11s) exit=0
OK   Research.Backfill.Paper4.Proof.MedianEightParent44 (12s) exit=0
OK   Research.Backfill.Paper4.Proof.MedianEightParent45 (12s) exit=0
OK   Research.Backfill.Paper4.Proof.MedianEightParent46 (11s) exit=0
OK   Research.Backfill.Paper4.Proof.MedianEightParent47 (11s) exit=0
OK   Research.Backfill.Paper4.Proof.MedianEightParent48 (12s) exit=0
OK   Research.Backfill.Paper4.Proof.MedianEightParent49 (12s) exit=0
OK   Research.Backfill.Paper4.Proof.MedianEightParent50 (11s) exit=0
OK   Research.Backfill.Paper4.Proof.MedianEightParent51 (11s) exit=0
OK   Research.Backfill.Paper4.Proof.MedianEightParent52 (11s) exit=0
OK   Research.Backfill.Paper4.Proof.MedianEightParent53 (12s) exit=0
OK   Research.Backfill.Paper4.Proof.MedianEightParent54 (11s) exit=0
OK   Research.Backfill.Paper4.Proof.MedianEightParent55 (11s) exit=0
OK   Research.Backfill.Paper4.Proof.MedianEightParent56 (11s) exit=0
OK   Research.Backfill.Paper4.Proof.MedianEightParent57 (10s) exit=0
OK   Research.Backfill.Paper4.Proof.MedianEightParent58 (10s) exit=0
OK   Research.Backfill.Paper4.Proof.MedianEightRepFacts (9s) exit=0
OK   Research.Backfill.Paper4.Proof.MedianEightRepFacts0 (17s) exit=0
OK   Research.Backfill.Paper4.Proof.MedianEightRepFacts1 (18s) exit=0
OK   Research.Backfill.Paper4.Proof.MedianEightRepFacts2 (17s) exit=0
OK   Research.Backfill.Paper4.Proof.MedianEightRepFacts3 (17s) exit=0
OK   Research.Backfill.Paper4.Proof.MedianEightRepFacts4 (18s) exit=0
OK   Research.Backfill.Paper4.Proof.MedianEightRepFacts5 (17s) exit=0
OK   Research.Backfill.Paper4.Proof.MedianEightRepFacts6 (16s) exit=0
OK   Research.Backfill.Paper4.Proof.MedianEightReps (12s) exit=0
OK   Research.Backfill.Paper4.Proof.MedianMetricTransport (7s) exit=0
OK   Research.Backfill.Paper4.Proof.MetricBounds (8s) exit=0
OK   Research.Backfill.Paper4.Proof.NonDHExamples (8s) exit=0
OK   Research.Backfill.Paper4.Proof.Readings (8s) exit=0
OK   Research.Backfill.Paper4.Proof.Reduction (8s) exit=0
OK   Research.Backfill.Paper4.Proof.ReductionBasics (8s) exit=0
OK   Research.Backfill.Paper4.Proof.RowDist (8s) exit=0
OK   Research.Backfill.Paper4.Proof.SmallMedianClassification (7s) exit=0
OK   Research.Backfill.Paper4.Proof.SmallMedianClassificationBlock00 (8s) exit=0
OK   Research.Backfill.Paper4.Proof.SmallMedianClassificationBlock01 (9s) exit=0
OK   Research.Backfill.Paper4.Proof.SmallMedianClassificationBlock02 (8s) exit=0
OK   Research.Backfill.Paper4.Proof.SmallMedianClassificationBlock03 (9s) exit=0
OK   Research.Backfill.Paper4.Proof.SmallMedianClassificationBlock04 (9s) exit=0
OK   Research.Backfill.Paper4.Proof.SmallMedianClassificationBlock05 (9s) exit=0
OK   Research.Backfill.Paper4.Proof.SmallMedianClassificationBlock06 (9s) exit=0
OK   Research.Backfill.Paper4.Proof.SmallMedianClassificationBlock07 (8s) exit=0
OK   Research.Backfill.Paper4.Proof.SmallMedianClassificationBlock08 (8s) exit=0
OK   Research.Backfill.Paper4.Proof.SmallMedianCounts (8s) exit=0
OK   Research.Backfill.Paper4.Proof.SmallMedianFacts (22s) exit=0
OK   Research.Backfill.Paper4.Proof.SmallMedianMinimality (8s) exit=0
OK   Research.Backfill.Paper4.Proof.SmallMetricCertificate (7s) exit=0
OK   Research.Backfill.Paper4.Proof.TheoremCFP (7s) exit=0
OK   Research.Backfill.Paper4.Proof.TriangleFreeCandidates (16s) exit=0
OK   Research.Backfill.Paper4.Proof.TriangleFreeClassification (7s) exit=0
OK   Research.Backfill.Paper4.Proof.TriangleFreeEnumerationCore (7s) exit=0
OK   Research.Backfill.Paper4.Proof.TriangleFreeEnumerationFamily (8s) exit=0
OK   Research.Backfill.Paper4.Proof.TriangleFreeEnumerationLayers (8s) exit=0
OK   Research.Backfill.Paper4.Proof.TriangleFreeEnumerationParent3P00 (8s) exit=0
OK   Research.Backfill.Paper4.Proof.TriangleFreeEnumerationParent4P00 (9s) exit=0
OK   Research.Backfill.Paper4.Proof.TriangleFreeEnumerationParent4P01 (8s) exit=0
OK   Research.Backfill.Paper4.Proof.TriangleFreeEnumerationParent4P02 (8s) exit=0
OK   Research.Backfill.Paper4.Proof.TriangleFreeEnumerationParent5P00 (9s) exit=0
OK   Research.Backfill.Paper4.Proof.TriangleFreeEnumerationParent5P01 (8s) exit=0
OK   Research.Backfill.Paper4.Proof.TriangleFreeEnumerationParent5P02 (8s) exit=0
OK   Research.Backfill.Paper4.Proof.TriangleFreeEnumerationParent5P03 (8s) exit=0
OK   Research.Backfill.Paper4.Proof.TriangleFreeEnumerationParent5P04 (8s) exit=0
OK   Research.Backfill.Paper4.Proof.TriangleFreeEnumerationParent5P05 (9s) exit=0
OK   Research.Backfill.Paper4.Proof.TriangleFreeEnumerationParent6P00 (9s) exit=0
OK   Research.Backfill.Paper4.Proof.TriangleFreeEnumerationParent6P01 (8s) exit=0
OK   Research.Backfill.Paper4.Proof.TriangleFreeEnumerationParent6P02 (9s) exit=0
OK   Research.Backfill.Paper4.Proof.TriangleFreeEnumerationParent6P03 (9s) exit=0
OK   Research.Backfill.Paper4.Proof.TriangleFreeEnumerationParent6P04 (8s) exit=0
OK   Research.Backfill.Paper4.Proof.TriangleFreeEnumerationParent6P05 (9s) exit=0
OK   Research.Backfill.Paper4.Proof.TriangleFreeEnumerationParent6P06 (9s) exit=0
OK   Research.Backfill.Paper4.Proof.TriangleFreeEnumerationParent6P07 (8s) exit=0
OK   Research.Backfill.Paper4.Proof.TriangleFreeEnumerationParent6P08 (9s) exit=0
OK   Research.Backfill.Paper4.Proof.TriangleFreeEnumerationParent6P09 (9s) exit=0
OK   Research.Backfill.Paper4.Proof.TriangleFreeEnumerationParent6P10 (8s) exit=0
OK   Research.Backfill.Paper4.Proof.TriangleFreeEnumerationParent6P11 (8s) exit=0
OK   Research.Backfill.Paper4.Proof.TriangleFreeEnumerationParent6P12 (9s) exit=0
OK   Research.Backfill.Paper4.Proof.TriangleFreeEnumerationParent6P13 (9s) exit=0
OK   Research.Backfill.Paper4.Proof.TriangleFreeEnumerationParent6P14 (9s) exit=0
OK   Research.Backfill.Paper4.Proof.TriangleFreeEnumerationParent6P15 (9s) exit=0
OK   Research.Backfill.Paper4.Proof.TriangleFreeEnumerationParent6P16 (8s) exit=0
OK   Research.Backfill.Paper4.Proof.TriangleFreeEnumerationParent6P17 (8s) exit=0
OK   Research.Backfill.Paper4.Proof.TriangleFreeEnumerationParent6P18 (9s) exit=0
OK   Research.Backfill.Paper4.Proof.TriangleFreeEnumerationSmallLayers (9s) exit=0
OK   Research.Backfill.Paper4.Proof.TriangleFreeEnumerationValidity (16s) exit=0
OK   Research.Backfill.Paper4.Proof.TriangleFreeFingerprint (8s) exit=0
OK   Research.Backfill.Paper4.Proof.TriangleFreeIndependentCount (7s) exit=0
OK   Research.Backfill.Paper4.Proof.TriangleFreeRepresentativeFingerprint (11s) exit=0
OK   Research.BrauerCMCore (9s) exit=0
OK   Research.Carenini (105s) exit=0
OK   Research.CareniniAudit (8s) exit=0
OK   Research.HKOTriameter (9s) exit=0
OK   Research.HKOTriameterAudit (7s) exit=0
OK   Research.HKOTriameterDH (8s) exit=0
OK   Research.HannaA107099 (6s) exit=0
OK   Research.HannaA120566 (5s) exit=0
OK   Research.HannaA184894 (6s) exit=0
OK   Research.HannaA240998 (6s) exit=0
OK   Research.HannaA246056 (6s) exit=0
OK   Research.HannaA273958 (5s) exit=0
OK   Research.HannaA274479 (6s) exit=0
OK   Research.HannaA295762 (5s) exit=0
OK   Research.HannaA301933 (6s) exit=0
OK   Research.HannaA338633 (6s) exit=0
OK   Research.HannaA361047 (5s) exit=0
OK   Research.HannaA376230 (6s) exit=0
OK   Research.HannaA377100 (6s) exit=0
OK   Research.HannaA388734 (7s) exit=0
OK   Research.ICGBridgeAudit (8s) exit=0
OK   Research.ICGBridgeEnergy (8s) exit=0
OK   Research.ICGBridgeFinal (8s) exit=0
OK   Research.ICGBridgeMain (8s) exit=0
OK   Research.ICGBridgeRamanujan (8s) exit=0
OK   Research.ICGBridgeSharp (8s) exit=0
OK   Research.ICGBridgeSpectral (8s) exit=0
OK   Research.ICGEqualParityA (9s) exit=0
OK   Research.ICGEqualParityBAudit (8s) exit=0
OK   Research.ICGEqualParityBCert1 (9s) exit=0
OK   Research.ICGEqualParityBCert2 (9s) exit=0
OK   Research.ICGEqualParityBCert3 (10s) exit=0
OK   Research.ICGEqualParityBCert4 (10s) exit=0
OK   Research.ICGEqualParityBCert5 (10s) exit=0
OK   Research.ICGEqualParityBCert6 (10s) exit=0
OK   Research.ICGEqualParityBCertAudit (9s) exit=0
OK   Research.ICGEqualParityBCol (9s) exit=0
OK   Research.ICGEqualParityBFD (8s) exit=0
OK   Research.ICGEqualParityBGraph (8s) exit=0
OK   Research.ICGEqualParityBMain (9s) exit=0
OK   Research.ICGEqualParityGraph (8s) exit=0
OK   Research.ICGEqualParityLemmas (9s) exit=0
OK   Research.ICGEqualParityUnique (9s) exit=0
OK   Research.ICGGeneralAudit (8s) exit=0
OK   Research.ICGGeneralBridge (9s) exit=0
OK   Research.ICGGeneralMain (8s) exit=0
OK   Research.ICGGeneralPath (8s) exit=0
OK   Research.ICGGeneralSwap (9s) exit=0
OK   Research.ICGGeneralThm5 (9s) exit=0
OK   Research.Oeis389472Mod3 (7s) exit=0
OK   Research.RM714Weights (99s) exit=0
OK   Research.RM714WeightsAudit (7s) exit=0
OK   Research.SubstSemanticsCheck (5s) exit=0
OK   Research.SwitchingDiam4Cubic (7s) exit=0
OK   Research.SwitchingDiam4CubicAudit (7s) exit=0
OK   Research.SwitchingRowCount (7s) exit=0
OK   Research.SwitchingRowCountAudit (7s) exit=0
OK   Research.SwitchingThmH (7s) exit=0
OK   Research.SwitchingThmHAudit (7s) exit=0
OK   Research.SwitchingWalkProfile (7s) exit=0
OK   Research.SwitchingWalkProfileAudit (6s) exit=0
OK   Research.WordRepTensor.Challenge (6s) exit=0
OK   Research.WordRepTensor.ChallengeTests (7s) exit=0
OK   Research.WordRepTensor.Check (7s) exit=0
OK   Research.WordRepTensor.Proof.WREmbed (7s) exit=0
OK   Research.WordRepTensor.Proof.WRFold (8s) exit=0
OK   Research.WordRepTensor.Proof.WRGraphs (9s) exit=0
OK   Research.WordRepTensor.Proof.WRMain (9s) exit=0
OK   Research.WordRepTensor.Proof.WRMycielski (22s) exit=0
OK   Research.WordRepTensor.Proof.WRWindow (15s) exit=0
OK   Research.WordRepTensor.Proof.WRWindowData (9s) exit=0
OK   Research.WordRepTensor.Proof.WRWords (9s) exit=0
finished 2026-09-29T13:48:51Z ok=390 fail=0
