2026-09-28T00:25:38Z
⚠ [8924/8924] Built Research.CirculantQ3 (895s)
warning: Research/CirculantQ3.lean:167:20: Used `tac1 <;> tac2` where `(tac1; tac2)` would suffice

Note: This linter can be disabled with `set_option linter.unnecessarySeqFocus false`
info: Research/CirculantQ3.lean:186:0: 'CirculantQ3.coefficient_certificate' depends on axioms: [propext, Classical.choice, Quot.sound]
info: Research/CirculantQ3.lean:187:0: 'CirculantQ3.exactEnergy_eq_energy' depends on axioms: [propext, Classical.choice, Quot.sound]
info: Research/CirculantQ3.lean:188:0: 'CirculantQ3.exactEnergy_unique' depends on axioms: [propext, Classical.choice, Quot.sound]
info: Research/CirculantQ3.lean:189:0: 'CirculantQ3.exactEnergy_strict' depends on axioms: [propext, Classical.choice, Quot.sound]
info: Research/CirculantQ3.lean:190:0: 'CirculantQ3.exactEnergy_star' depends on axioms: [propext, Classical.choice, Quot.sound]
Build completed successfully (8924 jobs).
      898.56 real       176.52 user       431.87 sys
         18962137088  maximum resident set size
                   0  average shared memory size
                   0  average unshared data size
                   0  average unshared stack size
           113762520  page reclaims
              187620  page faults
                   0  swaps
                   0  block input operations
                   0  block output operations
                   0  messages sent
                   0  messages received
                   0  signals received
             1721372  voluntary context switches
             5918783  involuntary context switches
         53625147564  instructions retired
         22958659857  cycles elapsed
           318940560  peak memory footprint
exit=0
2026-09-28T00:40:37Z
