ℹ [3039/3446] Replayed Research.Oeis389472Mod3
info: Research/Oeis389472Mod3.lean:136:0: 'Oeis389472Mod3.integer_conjecture' depends on axioms: [propext, Classical.choice, Quot.sound]
ℹ [3059/3446] Replayed Research.HannaA240998
info: Research/HannaA240998.lean:119:0: 'HannaA240998.hanna_a240998' depends on axioms: [propext, Classical.choice, Quot.sound]
ℹ [3060/3446] Replayed Research.HannaA295762
info: Research/HannaA295762.lean:124:0: 'HannaA295762.hanna_a295762' depends on axioms: [propext, Classical.choice, Quot.sound]
ℹ [3061/3446] Replayed Research.HannaA273958
info: Research/HannaA273958.lean:196:0: 'HannaA273958.hanna_a273958' depends on axioms: [propext, Classical.choice, Quot.sound]
⚠ [8711/8719] Replayed Research.CirculantQ3
warning: Research/CirculantQ3.lean:167:20: Used `tac1 <;> tac2` where `(tac1; tac2)` would suffice

Note: This linter can be disabled with `set_option linter.unnecessarySeqFocus false`
info: Research/CirculantQ3.lean:186:0: 'CirculantQ3.coefficient_certificate' depends on axioms: [propext, Classical.choice, Quot.sound]
info: Research/CirculantQ3.lean:187:0: 'CirculantQ3.exactEnergy_eq_energy' depends on axioms: [propext, Classical.choice, Quot.sound]
info: Research/CirculantQ3.lean:188:0: 'CirculantQ3.exactEnergy_unique' depends on axioms: [propext, Classical.choice, Quot.sound]
info: Research/CirculantQ3.lean:189:0: 'CirculantQ3.exactEnergy_strict' depends on axioms: [propext, Classical.choice, Quot.sound]
info: Research/CirculantQ3.lean:190:0: 'CirculantQ3.exactEnergy_star' depends on axioms: [propext, Classical.choice, Quot.sound]
ℹ [8712/8719] Replayed Research.ICGBridgeSpectral
info: Research/ICGBridgeSpectral.lean:123:0: 'ICGBridge.sum_abs_eigenvalues_eq_sum_norm_dft' depends on axioms: [propext, Classical.choice, Quot.sound]
ℹ [8713/8719] Replayed Research.ICGBridgeRamanujan
info: Research/ICGBridgeRamanujan.lean:252:0: 'ICGBridge.dft_gcd_class' depends on axioms: [propext, Classical.choice, Quot.sound]
info: Research/ICGBridgeRamanujan.lean:253:0: 'ICGBridge.sum_dvd_stdAddChar' depends on axioms: [propext, Classical.choice, Quot.sound]
ℹ [8714/8719] Replayed Research.ICGBridgeEnergy
info: Research/ICGBridgeEnergy.lean:171:0: 'ICGBridge.sum_norm_dft_connFun' depends on axioms: [propext, Classical.choice, Quot.sound]
ℹ [8715/8719] Built Research.ICGBridgeMain (9.5s)
info: Research/ICGBridgeMain.lean:449:0: 'ICGBridge.energy_icgAdj_eq' depends on axioms: [propext, Classical.choice, Quot.sound]
info: Research/ICGBridgeMain.lean:450:0: 'ICGBridge.energy_icgGraph_eq' depends on axioms: [propext, Classical.choice, Quot.sound]
info: Research/ICGBridgeMain.lean:451:0: 'ICGBridge.roldan_q3_graph_of_arith' depends on axioms: [propext, Classical.choice, Quot.sound]
info: Research/ICGBridgeMain.lean:452:0: 'ICGBridge.roldan_q3_of_arith' depends on axioms: [propext, Classical.choice, Quot.sound]
ℹ [8716/8719] Built Research.ICGBridgeFinal (3.2s)
info: Research/ICGBridgeFinal.lean:78:0: 'ICGBridge.roldan_q3' depends on axioms: [propext, Classical.choice, Quot.sound]
info: Research/ICGBridgeFinal.lean:79:0: 'ICGBridge.roldan_q3_graph' depends on axioms: [propext, Classical.choice, Quot.sound]
info: Research/ICGBridgeFinal.lean:80:0: 'ICGBridge.energy_Dstar' depends on axioms: [propext, Classical.choice, Quot.sound]
info: Research/ICGBridgeFinal.lean:81:0: 'ICGBridge.energy_icgAdj_eq_exactEnergy' depends on axioms: [propext, Classical.choice, Quot.sound]
ℹ [8717/8719] Built Research.ICGBridgeSharp (3.5s)
info: Research/ICGBridgeSharp.lean:174:0: 'ICGBridge.roldan_q3_gap' depends on axioms: [propext, Classical.choice, Quot.sound]
info: Research/ICGBridgeSharp.lean:175:0: 'ICGBridge.roldan_q3_sharp' depends on axioms: [propext, Classical.choice, Quot.sound]
info: Research/ICGBridgeSharp.lean:176:0: 'ICGBridge.roldan_q3_gap_attained' depends on axioms: [propext, Classical.choice, Quot.sound]
info: Research/ICGBridgeSharp.lean:177:0: 'ICGBridge.roldan_q3_gap_graph' depends on axioms: [propext, Classical.choice, Quot.sound]
info: Research/ICGBridgeSharp.lean:178:0: 'ICGBridge.roldan_q3_sharp_graph' depends on axioms: [propext, Classical.choice, Quot.sound]
✔ [8718/8719] Built Research (2.0s)
Build completed successfully (8719 jobs).
exit=0
