ℹ [3039/3478] Replayed Research.Oeis389472Mod3
info: Research/Oeis389472Mod3.lean:136:0: 'Oeis389472Mod3.integer_conjecture' depends on axioms: [propext, Classical.choice, Quot.sound]
⚠ [8708/8716] Replayed Research.CirculantQ3
warning: Research/CirculantQ3.lean:167:20: Used `tac1 <;> tac2` where `(tac1; tac2)` would suffice

Note: This linter can be disabled with `set_option linter.unnecessarySeqFocus false`
info: Research/CirculantQ3.lean:186:0: 'CirculantQ3.coefficient_certificate' depends on axioms: [propext, Classical.choice, Quot.sound]
info: Research/CirculantQ3.lean:187:0: 'CirculantQ3.exactEnergy_eq_energy' depends on axioms: [propext, Classical.choice, Quot.sound]
info: Research/CirculantQ3.lean:188:0: 'CirculantQ3.exactEnergy_unique' depends on axioms: [propext, Classical.choice, Quot.sound]
info: Research/CirculantQ3.lean:189:0: 'CirculantQ3.exactEnergy_strict' depends on axioms: [propext, Classical.choice, Quot.sound]
info: Research/CirculantQ3.lean:190:0: 'CirculantQ3.exactEnergy_star' depends on axioms: [propext, Classical.choice, Quot.sound]
ℹ [8709/8716] Replayed Research.ICGBridgeSpectral
info: Research/ICGBridgeSpectral.lean:123:0: 'ICGBridge.sum_abs_eigenvalues_eq_sum_norm_dft' depends on axioms: [propext, Classical.choice, Quot.sound]
ℹ [8710/8716] Replayed Research.ICGBridgeRamanujan
info: Research/ICGBridgeRamanujan.lean:252:0: 'ICGBridge.dft_gcd_class' depends on axioms: [propext, Classical.choice, Quot.sound]
info: Research/ICGBridgeRamanujan.lean:253:0: 'ICGBridge.sum_dvd_stdAddChar' depends on axioms: [propext, Classical.choice, Quot.sound]
ℹ [8711/8716] Replayed Research.ICGBridgeEnergy
info: Research/ICGBridgeEnergy.lean:171:0: 'ICGBridge.sum_norm_dft_connFun' depends on axioms: [propext, Classical.choice, Quot.sound]
ℹ [8712/8716] Replayed Research.ICGBridgeMain
info: Research/ICGBridgeMain.lean:447:0: 'ICGBridge.energy_icgAdj_eq' depends on axioms: [propext, Classical.choice, Quot.sound]
info: Research/ICGBridgeMain.lean:448:0: 'ICGBridge.energy_icgGraph_eq' depends on axioms: [propext, Classical.choice, Quot.sound]
info: Research/ICGBridgeMain.lean:449:0: 'ICGBridge.roldan_q3_graph_of_arith' depends on axioms: [propext, Classical.choice, Quot.sound]
info: Research/ICGBridgeMain.lean:450:0: 'ICGBridge.roldan_q3_of_arith' depends on axioms: [propext, Classical.choice, Quot.sound]
ℹ [8713/8716] Replayed Research.ICGBridgeFinal
info: Research/ICGBridgeFinal.lean:78:0: 'ICGBridge.roldan_q3' depends on axioms: [propext, Classical.choice, Quot.sound]
info: Research/ICGBridgeFinal.lean:79:0: 'ICGBridge.roldan_q3_graph' depends on axioms: [propext, Classical.choice, Quot.sound]
info: Research/ICGBridgeFinal.lean:80:0: 'ICGBridge.energy_Dstar' depends on axioms: [propext, Classical.choice, Quot.sound]
info: Research/ICGBridgeFinal.lean:81:0: 'ICGBridge.energy_icgAdj_eq_exactEnergy' depends on axioms: [propext, Classical.choice, Quot.sound]
ℹ [8714/8716] Built Research.ICGBridgeSharp (3.4s)
info: Research/ICGBridgeSharp.lean:174:0: 'ICGBridge.roldan_q3_gap' depends on axioms: [propext, Classical.choice, Quot.sound]
info: Research/ICGBridgeSharp.lean:175:0: 'ICGBridge.roldan_q3_sharp' depends on axioms: [propext, Classical.choice, Quot.sound]
info: Research/ICGBridgeSharp.lean:176:0: 'ICGBridge.roldan_q3_gap_attained' depends on axioms: [propext, Classical.choice, Quot.sound]
info: Research/ICGBridgeSharp.lean:177:0: 'ICGBridge.roldan_q3_gap_graph' depends on axioms: [propext, Classical.choice, Quot.sound]
info: Research/ICGBridgeSharp.lean:178:0: 'ICGBridge.roldan_q3_sharp_graph' depends on axioms: [propext, Classical.choice, Quot.sound]
✔ [8715/8716] Built Research (2.8s)
Build completed successfully (8716 jobs).
exit=0
