2026-09-29T19:37:49Z cmd: lake build Research.Backfill.Paper8.Proof.Tests.Cond Research.Backfill.Paper8.Proof.Tests.Counts Research.Backfill.Paper8.Proof.Tests.Crit Research.Backfill.Paper8.Proof.Tests.Main Research.Backfill.Paper8.Proof.Tests.Poly Research.Backfill.Paper8.Proof.Tests.Spectral Research.Backfill.Paper8.Proof.Tests.Switch Research.Backfill.Paper8.Proof.Tests.Vec
ℹ [8931/8941] Replayed Research.Backfill.Paper8.Proof.Orb.Main
info: Research/Backfill/Paper8/Proof/Orb/Main.lean:34:0: 'P8Orb.check_Lemma_3_3_a' depends on axioms: [propext, Classical.choice, Quot.sound]
info: Research/Backfill/Paper8/Proof/Orb/Main.lean:44:0: 'P8Orb.check_Lemma_3_3_b' depends on axioms: [propext, Classical.choice, Quot.sound]
info: Research/Backfill/Paper8/Proof/Orb/Main.lean:50:0: 'P8Orb.check_Lemma_3_3_c' depends on axioms: [propext, Classical.choice, Quot.sound]
info: Research/Backfill/Paper8/Proof/Orb/Main.lean:56:0: 'P8Orb.check_Lemma_3_3_d' depends on axioms: [propext, Classical.choice, Quot.sound]
info: Research/Backfill/Paper8/Proof/Orb/Main.lean:62:0: 'P8Orb.check_Lemma_3_3_e' depends on axioms: [propext, Classical.choice, Quot.sound]
info: Research/Backfill/Paper8/Proof/Orb/Main.lean:138:0: 'P8Orb.check_Lemma_3_4' depends on axioms: [propext, Classical.choice, Quot.sound]
✔ [8934/8941] Built Research.Backfill.Paper8.Proof.Tests.Vec (4.2s)
✔ [8935/8941] Built Research.Backfill.Paper8.Proof.Tests.Poly (4.7s)
✔ [8936/8941] Built Research.Backfill.Paper8.Proof.Tests.Switch (4.7s)
✔ [8937/8941] Built Research.Backfill.Paper8.Proof.Tests.Counts (4.8s)
✔ [8938/8941] Built Research.Backfill.Paper8.Proof.Tests.Crit (4.8s)
✔ [8939/8941] Built Research.Backfill.Paper8.Proof.Tests.Cond (5.3s)
✔ [8940/8941] Built Research.Backfill.Paper8.Proof.Tests.Spectral (4.5s)
ℹ [8941/8941] Built Research.Backfill.Paper8.Proof.Tests.Main (3.9s)
info: Research/Backfill/Paper8/Proof/Tests/Main.lean:19:0: 'P8Tests.test_secular_3' depends on axioms: [propext, Classical.choice, Quot.sound]
info: Research/Backfill/Paper8/Proof/Tests/Main.lean:20:0: 'P8Tests.test_secular_22' depends on axioms: [propext, Classical.choice, Quot.sound]
info: Research/Backfill/Paper8/Proof/Tests/Main.lean:21:0: 'P8Tests.test_secular_5' depends on axioms: [propext, Classical.choice, Quot.sound]
info: Research/Backfill/Paper8/Proof/Tests/Main.lean:22:0: 'P8Tests.test_secular_1' depends on axioms: [propext, Classical.choice, Quot.sound]
info: Research/Backfill/Paper8/Proof/Tests/Main.lean:23:0: 'P8Tests.test_secular_2' depends on axioms: [propext, Classical.choice, Quot.sound]
info: Research/Backfill/Paper8/Proof/Tests/Main.lean:24:0: 'P8Tests.test_secular_15' depends on axioms: [propext, Classical.choice, Quot.sound]
info: Research/Backfill/Paper8/Proof/Tests/Main.lean:25:0: 'P8Tests.test_secular_200' depends on axioms: [propext, Classical.choice, Quot.sound]
info: Research/Backfill/Paper8/Proof/Tests/Main.lean:26:0: 'P8Tests.test_secular_3000' depends on axioms: [propext, Classical.choice, Quot.sound]
info: Research/Backfill/Paper8/Proof/Tests/Main.lean:27:0: 'P8Tests.test_secular_20' depends on axioms: [propext, Classical.choice, Quot.sound]
info: Research/Backfill/Paper8/Proof/Tests/Main.lean:28:0: 'P8Tests.test_secular_1800' depends on axioms: [propext, Classical.choice, Quot.sound]
info: Research/Backfill/Paper8/Proof/Tests/Main.lean:29:0: 'P8Tests.test_secular_5_ne' depends on axioms: [propext, Classical.choice, Quot.sound]
info: Research/Backfill/Paper8/Proof/Tests/Main.lean:30:0: 'P8Tests.test_R2_15' depends on axioms: [propext, Classical.choice, Quot.sound]
info: Research/Backfill/Paper8/Proof/Tests/Main.lean:31:0: 'P8Tests.test_R2_1800' depends on axioms: [propext, Classical.choice, Quot.sound]
info: Research/Backfill/Paper8/Proof/Tests/Main.lean:32:0: 'P8Tests.test_R2_3000' depends on axioms: [propext, Classical.choice, Quot.sound]
info: Research/Backfill/Paper8/Proof/Tests/Main.lean:33:0: 'P8Tests.test_R2_1' depends on axioms: [propext, Classical.choice, Quot.sound]
info: Research/Backfill/Paper8/Proof/Tests/Main.lean:34:0: 'P8Tests.test_orbit_15' depends on axioms: [propext, Classical.choice, Quot.sound]
info: Research/Backfill/Paper8/Proof/Tests/Main.lean:35:0: 'P8Tests.test_noneven_15' depends on axioms: [propext, Classical.choice, Quot.sound]
info: Research/Backfill/Paper8/Proof/Tests/Main.lean:36:0: 'P8Tests.test_mirror_15' depends on axioms: [propext, Classical.choice, Quot.sound]
info: Research/Backfill/Paper8/Proof/Tests/Main.lean:37:0: 'P8Tests.test_not_orbit_15_sq' depends on axioms: [propext, Classical.choice, Quot.sound]
info: Research/Backfill/Paper8/Proof/Tests/Main.lean:38:0: 'P8Tests.test_orbit_1' depends on axioms: [propext, Classical.choice, Quot.sound]
info: Research/Backfill/Paper8/Proof/Tests/Main.lean:39:0: 'P8Tests.test_even_1' depends on axioms: [propext, Classical.choice, Quot.sound]
info: Research/Backfill/Paper8/Proof/Tests/Main.lean:40:0: 'P8Tests.test_orbit_3000' depends on axioms: [propext, Classical.choice, Quot.sound]
info: Research/Backfill/Paper8/Proof/Tests/Main.lean:41:0: 'P8Tests.test_mirror_3000' depends on axioms: [propext, Classical.choice, Quot.sound]
info: Research/Backfill/Paper8/Proof/Tests/Main.lean:42:0: 'P8Tests.test_noneven_3000' depends on axioms: [propext, Classical.choice, Quot.sound]
info: Research/Backfill/Paper8/Proof/Tests/Main.lean:43:0: 'P8Tests.test_pair_3000' depends on axioms: [propext, Classical.choice, Quot.sound]
info: Research/Backfill/Paper8/Proof/Tests/Main.lean:44:0: 'P8Tests.test_mirror_18' depends on axioms: [propext, Classical.choice, Quot.sound]
info: Research/Backfill/Paper8/Proof/Tests/Main.lean:45:0: 'P8Tests.test_natDegree_18' depends on axioms: [propext, Classical.choice, Quot.sound]
info: Research/Backfill/Paper8/Proof/Tests/Main.lean:46:0: 'P8Tests.test_noneven_18' depends on axioms: [propext, Classical.choice, Quot.sound]
info: Research/Backfill/Paper8/Proof/Tests/Main.lean:47:0: 'P8Tests.test_orbit_18' depends on axioms: [propext, Classical.choice, Quot.sound]
info: Research/Backfill/Paper8/Proof/Tests/Main.lean:48:0: 'P8Tests.test_pair_18' depends on axioms: [propext, Classical.choice, Quot.sound]
info: Research/Backfill/Paper8/Proof/Tests/Main.lean:49:0: 'P8Tests.test_U1_tight_15' depends on axioms: [propext, Classical.choice, Quot.sound]
info: Research/Backfill/Paper8/Proof/Tests/Main.lean:52:0: 'P8Tests.test_NI_3' depends on axioms: [propext, Classical.choice, Quot.sound]
info: Research/Backfill/Paper8/Proof/Tests/Main.lean:53:0: 'P8Tests.test_NI_3_direct' depends on axioms: [propext, Classical.choice, Quot.sound]
info: Research/Backfill/Paper8/Proof/Tests/Main.lean:54:0: 'P8Tests.test_NI_22' depends on axioms: [propext, Classical.choice, Quot.sound]
info: Research/Backfill/Paper8/Proof/Tests/Main.lean:55:0: 'P8Tests.test_NI_15' depends on axioms: [propext, Classical.choice, Quot.sound]
info: Research/Backfill/Paper8/Proof/Tests/Main.lean:56:0: 'P8Tests.test_NI_200' depends on axioms: [propext, Classical.choice, Quot.sound]
info: Research/Backfill/Paper8/Proof/Tests/Main.lean:57:0: 'P8Tests.test_NI_5' depends on axioms: [propext, Classical.choice, Quot.sound]
info: Research/Backfill/Paper8/Proof/Tests/Main.lean:58:0: 'P8Tests.test_NI_2' depends on axioms: [propext, Classical.choice, Quot.sound]
info: Research/Backfill/Paper8/Proof/Tests/Main.lean:59:0: 'P8Tests.test_NI_3000' depends on axioms: [propext, Classical.choice, Quot.sound]
info: Research/Backfill/Paper8/Proof/Tests/Main.lean:60:0: 'P8Tests.test_NI_20' depends on axioms: [propext, Classical.choice, Quot.sound]
info: Research/Backfill/Paper8/Proof/Tests/Main.lean:61:0: 'P8Tests.test_NII_3' depends on axioms: [propext, Classical.choice, Quot.sound]
info: Research/Backfill/Paper8/Proof/Tests/Main.lean:62:0: 'P8Tests.test_NII_22' depends on axioms: [propext, Classical.choice, Quot.sound]
info: Research/Backfill/Paper8/Proof/Tests/Main.lean:63:0: 'P8Tests.test_NII_15' depends on axioms: [propext, Classical.choice, Quot.sound]
info: Research/Backfill/Paper8/Proof/Tests/Main.lean:64:0: 'P8Tests.test_NII_5' depends on axioms: [propext, Classical.choice, Quot.sound]
info: Research/Backfill/Paper8/Proof/Tests/Main.lean:65:0: 'P8Tests.test_NII_2' depends on axioms: [propext, Classical.choice, Quot.sound]
info: Research/Backfill/Paper8/Proof/Tests/Main.lean:66:0: 'P8Tests.test_NII_1' depends on axioms: [propext, Classical.choice, Quot.sound]
info: Research/Backfill/Paper8/Proof/Tests/Main.lean:67:0: 'P8Tests.test_NII_200' depends on axioms: [propext, Classical.choice, Quot.sound]
info: Research/Backfill/Paper8/Proof/Tests/Main.lean:68:0: 'P8Tests.test_NII_20' depends on axioms: [propext, Classical.choice, Quot.sound]
info: Research/Backfill/Paper8/Proof/Tests/Main.lean:69:0: 'P8Tests.test_NII_3000' depends on axioms: [propext, Classical.choice, Quot.sound]
info: Research/Backfill/Paper8/Proof/Tests/Main.lean:70:0: 'P8Tests.test_NI_1800' depends on axioms: [propext, Classical.choice, Quot.sound]
info: Research/Backfill/Paper8/Proof/Tests/Main.lean:71:0: 'P8Tests.test_NII_1800' depends on axioms: [propext, Classical.choice, Quot.sound]
info: Research/Backfill/Paper8/Proof/Tests/Main.lean:72:0: 'P8Tests.test_NI_NII_5' depends on axioms: [propext, Classical.choice, Quot.sound]
info: Research/Backfill/Paper8/Proof/Tests/Main.lean:73:0: 'P8Tests.test_NI_ne_NII_3000' depends on axioms: [propext, Classical.choice, Quot.sound]
info: Research/Backfill/Paper8/Proof/Tests/Main.lean:74:0: 'P8Tests.test_Nei_5' depends on axioms: [propext, Classical.choice, Quot.sound]
info: Research/Backfill/Paper8/Proof/Tests/Main.lean:75:0: 'P8Tests.test_Nei_1' depends on axioms: [propext, Classical.choice, Quot.sound]
info: Research/Backfill/Paper8/Proof/Tests/Main.lean:76:0: 'P8Tests.test_Nei_3' depends on axioms: [propext, Classical.choice, Quot.sound]
info: Research/Backfill/Paper8/Proof/Tests/Main.lean:77:0: 'P8Tests.test_Nei_22' depends on axioms: [propext, Classical.choice, Quot.sound]
info: Research/Backfill/Paper8/Proof/Tests/Main.lean:78:0: 'P8Tests.test_Nei_2' depends on axioms: [propext, Classical.choice, Quot.sound]
info: Research/Backfill/Paper8/Proof/Tests/Main.lean:79:0: 'P8Tests.test_Nei_200' depends on axioms: [propext, Classical.choice, Quot.sound]
info: Research/Backfill/Paper8/Proof/Tests/Main.lean:80:0: 'P8Tests.test_Nei_20' depends on axioms: [propext, Classical.choice, Quot.sound]
info: Research/Backfill/Paper8/Proof/Tests/Main.lean:81:0: 'P8Tests.test_Nei_3000' depends on axioms: [propext, Classical.choice, Quot.sound]
info: Research/Backfill/Paper8/Proof/Tests/Main.lean:82:0: 'P8Tests.test_count_3000' depends on axioms: [propext, Classical.choice, Quot.sound]
info: Research/Backfill/Paper8/Proof/Tests/Main.lean:83:0: 'P8Tests.test_count_200' depends on axioms: [propext, Classical.choice, Quot.sound]
info: Research/Backfill/Paper8/Proof/Tests/Main.lean:84:0: 'P8Tests.test_count_1' depends on axioms: [propext, Classical.choice, Quot.sound]
info: Research/Backfill/Paper8/Proof/Tests/Main.lean:87:0: 'P8Tests.test_not_critA_22' depends on axioms: [propext, Classical.choice, Quot.sound]
info: Research/Backfill/Paper8/Proof/Tests/Main.lean:88:0: 'P8Tests.test_not_critB_22' depends on axioms: [propext, Classical.choice, Quot.sound]
info: Research/Backfill/Paper8/Proof/Tests/Main.lean:89:0: 'P8Tests.test_not_critA_200' depends on axioms: [propext, Classical.choice, Quot.sound]
info: Research/Backfill/Paper8/Proof/Tests/Main.lean:90:0: 'P8Tests.test_not_critB_200' depends on axioms: [propext, Classical.choice, Quot.sound]
info: Research/Backfill/Paper8/Proof/Tests/Main.lean:91:0: 'P8Tests.test_not_critA_3' depends on axioms: [propext, Classical.choice, Quot.sound]
info: Research/Backfill/Paper8/Proof/Tests/Main.lean:92:0: 'P8Tests.test_not_critB_3' depends on axioms: [propext, Classical.choice, Quot.sound]
info: Research/Backfill/Paper8/Proof/Tests/Main.lean:93:0: 'P8Tests.test_exception_22' depends on axioms: [propext, Classical.choice, Quot.sound]
info: Research/Backfill/Paper8/Proof/Tests/Main.lean:94:0: 'P8Tests.test_exception_200' depends on axioms: [propext, Classical.choice, Quot.sound]
info: Research/Backfill/Paper8/Proof/Tests/Main.lean:95:0: 'P8Tests.test_exception_3' depends on axioms: [propext, Classical.choice, Quot.sound]
info: Research/Backfill/Paper8/Proof/Tests/Main.lean:96:0: 'P8Tests.test_CritAat_2' depends on axioms: [propext, Classical.choice, Quot.sound]
info: Research/Backfill/Paper8/Proof/Tests/Main.lean:97:0: 'P8Tests.test_critA_2' depends on axioms: [propext, Classical.choice, Quot.sound]
info: Research/Backfill/Paper8/Proof/Tests/Main.lean:98:0: 'P8Tests.test_crit_2' depends on axioms: [propext, Classical.choice, Quot.sound]
info: Research/Backfill/Paper8/Proof/Tests/Main.lean:99:0: 'P8Tests.test_not_CritAat_3' depends on axioms: [propext, Classical.choice, Quot.sound]
info: Research/Backfill/Paper8/Proof/Tests/Main.lean:100:0: 'P8Tests.test_critB_20' depends on axioms: [propext, Classical.choice, Quot.sound]
info: Research/Backfill/Paper8/Proof/Tests/Main.lean:101:0: 'P8Tests.test_region_2' depends on axioms: [propext, Classical.choice, Quot.sound]
info: Research/Backfill/Paper8/Proof/Tests/Main.lean:102:0: 'P8Tests.test_region_20' depends on axioms: [propext, Classical.choice, Quot.sound]
info: Research/Backfill/Paper8/Proof/Tests/Main.lean:103:0: 'P8Tests.test_region_22' depends on axioms: [propext, Classical.choice, Quot.sound]
info: Research/Backfill/Paper8/Proof/Tests/Main.lean:104:0: 'P8Tests.test_region_200' depends on axioms: [propext, Classical.choice, Quot.sound]
info: Research/Backfill/Paper8/Proof/Tests/Main.lean:105:0: 'P8Tests.test_region_3' depends on axioms: [propext, Classical.choice, Quot.sound]
info: Research/Backfill/Paper8/Proof/Tests/Main.lean:106:0: 'P8Tests.test_not_region_13' depends on axioms: [propext, Classical.choice, Quot.sound]
info: Research/Backfill/Paper8/Proof/Tests/Main.lean:107:0: 'P8Tests.test_not_region_222' depends on axioms: [propext, Classical.choice, Quot.sound]
info: Research/Backfill/Paper8/Proof/Tests/Main.lean:108:0: 'P8Tests.test_not_region_20000' depends on axioms: [propext, Classical.choice, Quot.sound]
info: Research/Backfill/Paper8/Proof/Tests/Main.lean:109:0: 'P8Tests.test_regionR' depends on axioms: [propext, Classical.choice, Quot.sound]
info: Research/Backfill/Paper8/Proof/Tests/Main.lean:112:0: 'P8Tests.test_adjT_200' depends on axioms: [propext, Classical.choice, Quot.sound]
info: Research/Backfill/Paper8/Proof/Tests/Main.lean:113:0: 'P8Tests.test_adjT_200_zero' depends on axioms: [propext, Classical.choice, Quot.sound]
info: Research/Backfill/Paper8/Proof/Tests/Main.lean:114:0: 'P8Tests.test_adjT_degrees_200' depends on axioms: [propext, Classical.choice, Quot.sound]
info: Research/Backfill/Paper8/Proof/Tests/Main.lean:115:0: 'P8Tests.test_secVec_3' depends on axioms: [propext, Classical.choice, Quot.sound]
info: Research/Backfill/Paper8/Proof/Tests/Main.lean:116:0: 'P8Tests.test_secVec_eigen_3' depends on axioms: [propext, Classical.choice, Quot.sound]
info: Research/Backfill/Paper8/Proof/Tests/Main.lean:117:0: 'P8Tests.test_secVec_not_eigen_3' depends on axioms: [propext, Classical.choice, Quot.sound]
info: Research/Backfill/Paper8/Proof/Tests/Main.lean:118:0: 'P8Tests.test_sw56a' depends on axioms: [propext, Classical.choice, Quot.sound]
info: Research/Backfill/Paper8/Proof/Tests/Main.lean:119:0: 'P8Tests.test_isSwitching_56a' depends on axioms: [propext, Classical.choice, Quot.sound]
info: Research/Backfill/Paper8/Proof/Tests/Main.lean:120:0: 'P8Tests.test_sw56b' depends on axioms: [propext, Classical.choice, Quot.sound]
info: Research/Backfill/Paper8/Proof/Tests/Main.lean:121:0: 'P8Tests.test_isSwitching_56b' depends on axioms: [propext, Classical.choice, Quot.sound]
info: Research/Backfill/Paper8/Proof/Tests/Main.lean:122:0: 'P8Tests.test_sw56b_ne_one' depends on axioms: [propext, Classical.choice, Quot.sound]
info: Research/Backfill/Paper8/Proof/Tests/Main.lean:123:0: 'P8Tests.test_isSecular_22' depends on axioms: [propext, Classical.choice, Quot.sound]
info: Research/Backfill/Paper8/Proof/Tests/Main.lean:124:0: 'P8Tests.test_isSecular_200' depends on axioms: [propext, Classical.choice, Quot.sound]
info: Research/Backfill/Paper8/Proof/Tests/Main.lean:125:0: 'P8Tests.test_lam_56a' depends on axioms: [propext, Classical.choice, Quot.sound]
info: Research/Backfill/Paper8/Proof/Tests/Main.lean:126:0: 'P8Tests.test_data_56a' depends on axioms: [propext, Classical.choice, Quot.sound]
info: Research/Backfill/Paper8/Proof/Tests/Main.lean:127:0: 'P8Tests.test_Gs_56a' depends on axioms: [propext, Classical.choice, Quot.sound]
info: Research/Backfill/Paper8/Proof/Tests/Main.lean:128:0: 'P8Tests.test_sc_sig_56b' depends on axioms: [propext, Classical.choice, Quot.sound]
info: Research/Backfill/Paper8/Proof/Tests/Main.lean:129:0: 'P8Tests.test_lam_56b' depends on axioms: [propext, Classical.choice, Quot.sound]
info: Research/Backfill/Paper8/Proof/Tests/Main.lean:130:0: 'P8Tests.test_Sb_56b' depends on axioms: [propext, Classical.choice, Quot.sound]
info: Research/Backfill/Paper8/Proof/Tests/Main.lean:131:0: 'P8Tests.test_Lamb_56b' depends on axioms: [propext, Classical.choice, Quot.sound]
info: Research/Backfill/Paper8/Proof/Tests/Main.lean:132:0: 'P8Tests.test_Ab_56b' depends on axioms: [propext, Classical.choice, Quot.sound]
info: Research/Backfill/Paper8/Proof/Tests/Main.lean:133:0: 'P8Tests.test_Gs_56b' depends on axioms: [propext, Classical.choice, Quot.sound]
info: Research/Backfill/Paper8/Proof/Tests/Main.lean:134:0: 'P8Tests.test_Ps_56b' depends on axioms: [propext, Classical.choice, Quot.sound]
info: Research/Backfill/Paper8/Proof/Tests/Main.lean:135:0: 'P8Tests.test_Sb_56b_ne' depends on axioms: [propext, Classical.choice, Quot.sound]
info: Research/Backfill/Paper8/Proof/Tests/Main.lean:136:0: 'P8Tests.test_data_56c' depends on axioms: [propext, Classical.choice, Quot.sound]
info: Research/Backfill/Paper8/Proof/Tests/Main.lean:137:0: 'P8Tests.test_Gs_56c' depends on axioms: [propext, Classical.choice, Quot.sound]
info: Research/Backfill/Paper8/Proof/Tests/Main.lean:138:0: 'P8Tests.test_Ps_56c' depends on axioms: [propext, Classical.choice, Quot.sound]
info: Research/Backfill/Paper8/Proof/Tests/Main.lean:139:0: 'P8Tests.test_lemma34_56c' depends on axioms: [propext, Classical.choice, Quot.sound]
info: Research/Backfill/Paper8/Proof/Tests/Main.lean:140:0: 'P8Tests.test_secVec_dot_56c' depends on axioms: [propext, Classical.choice, Quot.sound]
info: Research/Backfill/Paper8/Proof/Tests/Main.lean:141:0: 'P8Tests.test_Ufun_31' depends on axioms: [propext, Classical.choice, Quot.sound]
info: Research/Backfill/Paper8/Proof/Tests/Main.lean:142:0: 'P8Tests.test_Ubeta_31' depends on axioms: [propext, Classical.choice, Quot.sound]
info: Research/Backfill/Paper8/Proof/Tests/Main.lean:143:0: 'P8Tests.test_Ufun_22' depends on axioms: [propext, Classical.choice, Quot.sound]
info: Research/Backfill/Paper8/Proof/Tests/Main.lean:144:0: 'P8Tests.test_Ubeta_22' depends on axioms: [propext, Classical.choice, Quot.sound]
info: Research/Backfill/Paper8/Proof/Tests/Main.lean:145:0: 'P8Tests.test_leafG_56c' depends on axioms: [propext, Classical.choice, Quot.sound]
info: Research/Backfill/Paper8/Proof/Tests/Main.lean:148:0: 'P8Tests.test_condS_56c' depends on axioms: [propext, Classical.choice, Quot.sound]
info: Research/Backfill/Paper8/Proof/Tests/Main.lean:149:0: 'P8Tests.test_condS_56a' depends on axioms: [propext, Classical.choice, Quot.sound]
info: Research/Backfill/Paper8/Proof/Tests/Main.lean:150:0: 'P8Tests.test_condS_56b' depends on axioms: [propext, Classical.choice, Quot.sound]
info: Research/Backfill/Paper8/Proof/Tests/Main.lean:151:0: 'P8Tests.test_not_condS_sL3' depends on axioms: [propext, Classical.choice, Quot.sound]
info: Research/Backfill/Paper8/Proof/Tests/Main.lean:152:0: 'P8Tests.test_not_condS_K2' depends on axioms: [propext, Classical.choice, Quot.sound]
info: Research/Backfill/Paper8/Proof/Tests/Main.lean:153:0: 'P8Tests.test_condL_56a' depends on axioms: [propext, Classical.choice, Quot.sound]
info: Research/Backfill/Paper8/Proof/Tests/Main.lean:154:0: 'P8Tests.test_not_condL_22' depends on axioms: [propext, Classical.choice, Quot.sound]
info: Research/Backfill/Paper8/Proof/Tests/Main.lean:155:0: 'P8Tests.test_condZ_56a' depends on axioms: [propext, Classical.choice, Quot.sound]
info: Research/Backfill/Paper8/Proof/Tests/Main.lean:156:0: 'P8Tests.test_condL_56b' depends on axioms: [propext, Classical.choice, Quot.sound]
info: Research/Backfill/Paper8/Proof/Tests/Main.lean:157:0: 'P8Tests.test_condZ_56b' depends on axioms: [propext, Classical.choice, Quot.sound]
info: Research/Backfill/Paper8/Proof/Tests/Main.lean:158:0: 'P8Tests.test_condL_56c' depends on axioms: [propext, Classical.choice, Quot.sound]
info: Research/Backfill/Paper8/Proof/Tests/Main.lean:159:0: 'P8Tests.test_condZ_56c' depends on axioms: [propext, Classical.choice, Quot.sound]
info: Research/Backfill/Paper8/Proof/Tests/Main.lean:160:0: 'P8Tests.test_condZ_s00' depends on axioms: [propext, Classical.choice, Quot.sound]
info: Research/Backfill/Paper8/Proof/Tests/Main.lean:161:0: 'P8Tests.test_not_condZ_00' depends on axioms: [propext, Classical.choice, Quot.sound]
info: Research/Backfill/Paper8/Proof/Tests/Main.lean:162:0: 'P8Tests.test_not_condZ_2' depends on axioms: [propext, Classical.choice, Quot.sound]
info: Research/Backfill/Paper8/Proof/Tests/Main.lean:163:0: 'P8Tests.test_failsAtOrbit_sL3' depends on axioms: [propext, Classical.choice, Quot.sound]
info: Research/Backfill/Paper8/Proof/Tests/Main.lean:164:0: 'P8Tests.test_not_failsAtOrbit_sL3' depends on axioms: [propext, Classical.choice, Quot.sound]
info: Research/Backfill/Paper8/Proof/Tests/Main.lean:165:0: 'P8Tests.test_failsAtPair_sL3' depends on axioms: [propext, Classical.choice, Quot.sound]
info: Research/Backfill/Paper8/Proof/Tests/Main.lean:166:0: 'P8Tests.test_not_failsAtPair_56c' depends on axioms: [propext, Classical.choice, Quot.sound]
info: Research/Backfill/Paper8/Proof/Tests/Main.lean:167:0: 'P8Tests.test_leafRow_56c' depends on axioms: [propext, Classical.choice, Quot.sound]
info: Research/Backfill/Paper8/Proof/Tests/Main.lean:168:0: 'P8Tests.test_leafRow_sL3' depends on axioms: [propext, Classical.choice, Quot.sound]
info: Research/Backfill/Paper8/Proof/Tests/Main.lean:169:0: 'P8Tests.test_not_leafRow_sL3' depends on axioms: [propext, Classical.choice, Quot.sound]
info: Research/Backfill/Paper8/Proof/Tests/Main.lean:170:0: 'P8Tests.test_not_leafRow_56a' depends on axioms: [propext, Classical.choice, Quot.sound]
info: Research/Backfill/Paper8/Proof/Tests/Main.lean:171:0: 'P8Tests.test_bareRow_sB' depends on axioms: [propext, Classical.choice, Quot.sound]
info: Research/Backfill/Paper8/Proof/Tests/Main.lean:172:0: 'P8Tests.test_not_bareRow_sB' depends on axioms: [propext, Classical.choice, Quot.sound]
info: Research/Backfill/Paper8/Proof/Tests/Main.lean:173:0: 'P8Tests.test_not_bareRow_56b' depends on axioms: [propext, Classical.choice, Quot.sound]
info: Research/Backfill/Paper8/Proof/Tests/Main.lean:176:0: 'P8Tests.test_small_trees' depends on axioms: [propext, Classical.choice, Quot.sound]
info: Research/Backfill/Paper8/Proof/Tests/Main.lean:177:0: 'P8Tests.test_allMain_K1' depends on axioms: [propext, Classical.choice, Quot.sound]
info: Research/Backfill/Paper8/Proof/Tests/Main.lean:178:0: 'P8Tests.test_not_allMain_K2' depends on axioms: [propext, Classical.choice, Quot.sound]
info: Research/Backfill/Paper8/Proof/Tests/Main.lean:179:0: 'P8Tests.test_allMain_s00' depends on axioms: [propext, Classical.choice, Quot.sound]
info: Research/Backfill/Paper8/Proof/Tests/Main.lean:180:0: 'P8Tests.test_not_allMain_00' depends on axioms: [propext, Classical.choice, Quot.sound]
info: Research/Backfill/Paper8/Proof/Tests/Main.lean:181:0: 'P8Tests.test_QAdj_sqrt2' depends on axioms: [propext, Classical.choice, Quot.sound]
info: Research/Backfill/Paper8/Proof/Tests/Main.lean:182:0: 'P8Tests.test_QAdj_3_9' depends on axioms: [propext, Classical.choice, Quot.sound]
info: Research/Backfill/Paper8/Proof/Tests/Main.lean:183:0: 'P8Tests.test_QAdj_pair_3000' depends on axioms: [propext, Classical.choice, Quot.sound]
info: Research/Backfill/Paper8/Proof/Tests/Main.lean:184:0: 'P8Tests.test_isTree_200' depends on axioms: [propext, Classical.choice, Quot.sound]
info: Research/Backfill/Paper8/Proof/Tests/Main.lean:185:0: 'P8Tests.test_ediam_200' depends on axioms: [propext, Classical.choice, Quot.sound]
info: Research/Backfill/Paper8/Proof/Tests/Main.lean:186:0: 'P8Tests.test_ediam_3' depends on axioms: [propext, Classical.choice, Quot.sound]
Build completed successfully (8941 jobs).
       25.80 real        26.82 user        23.86 sys
          6028050432  maximum resident set size
                   0  average shared memory size
                   0  average unshared data size
                   0  average unshared stack size
             3721911  page reclaims
                 138  page faults
                   0  swaps
                   0  block input operations
                   0  block output operations
                   0  messages sent
                   0  messages received
                   0  signals received
                 116  voluntary context switches
              314250  involuntary context switches
         63917172799  instructions retired
         22780880071  cycles elapsed
           375973288  peak memory footprint
exit=0
2026-09-29T19:38:15Z
