2026-09-29T19:06:14Z cmd: lake build Research.CirculantQ3 (alone)
⚠ [8924/8924] Built Research.CirculantQ3 (378s)
warning: Research/CirculantQ3.lean:167:20: Used `tac1 <;> tac2` where `(tac1; tac2)` would suffice

Note: This linter can be disabled with `set_option linter.unnecessarySeqFocus false`
info: Research/CirculantQ3.lean:186:0: 'CirculantQ3.coefficient_certificate' depends on axioms: [propext, Classical.choice, Quot.sound]
info: Research/CirculantQ3.lean:187:0: 'CirculantQ3.exactEnergy_eq_energy' depends on axioms: [propext, Classical.choice, Quot.sound]
info: Research/CirculantQ3.lean:188:0: 'CirculantQ3.exactEnergy_unique' depends on axioms: [propext, Classical.choice, Quot.sound]
info: Research/CirculantQ3.lean:189:0: 'CirculantQ3.exactEnergy_strict' depends on axioms: [propext, Classical.choice, Quot.sound]
info: Research/CirculantQ3.lean:190:0: 'CirculantQ3.exactEnergy_star' depends on axioms: [propext, Classical.choice, Quot.sound]
Build completed successfully (8924 jobs).
      383.79 real       154.13 user       194.31 sys
         23063150592  maximum resident set size
                   0  average shared memory size
                   0  average unshared data size
                   0  average unshared stack size
            52342984  page reclaims
              144848  page faults
                   0  swaps
                   0  block input operations
                   0  block output operations
                   0  messages sent
                   0  messages received
                   0  signals received
              154331  voluntary context switches
             2566579  involuntary context switches
         55606543089  instructions retired
         23808855070  cycles elapsed
           317646224  peak memory footprint
exit=0
2026-09-29T19:12:38Z
