leanchecker run started 2026-09-29T19:40:10Z; Lean (version 4.34.1, arm64-apple-darwin24.6.0, commit 5045d0056413266e57c625dcd7c365b10e377c52, Release); modules 470; parallelism 2; command: lake env leanchecker <Module>
OK   Research.AxialMSZ.Audit (11s) exit=0
OK   Research.AxialMSZ.Challenge (11s) exit=0
OK   Research.AxialMSZ.ChallengeTests (10s) exit=0
OK   Research.AxialMSZ.Check (10s) exit=0
OK   Research.AxialMSZ.Proof.Corollary (10s) exit=0
OK   Research.AxialMSZ.Proof.ExD (10s) exit=0
OK   Research.AxialMSZ.Proof.ExDBase (11s) exit=0
OK   Research.AxialMSZ.Proof.ExDBlock (11s) exit=0
OK   Research.AxialMSZ.Proof.ExDFrobenius (9s) exit=0
OK   Research.AxialMSZ.Proof.ExDSupplement (9s) exit=0
OK   Research.AxialMSZ.Proof.ExE (10s) exit=0
OK   Research.AxialMSZ.Proof.ExEBase (10s) exit=0
OK   Research.AxialMSZ.Proof.ExEBlocks (9s) exit=0
OK   Research.AxialMSZ.Proof.ExEGraph (9s) exit=0
OK   Research.AxialMSZ.Proof.ExP (9s) exit=0
OK   Research.AxialMSZ.Proof.ExS (10s) exit=0
OK   Research.AxialMSZ.Proof.ExSBase (10s) exit=0
OK   Research.AxialMSZ.Proof.ExSDecomp (9s) exit=0
OK   Research.AxialMSZ.Proof.ExSGraph (10s) exit=0
OK   Research.AxialMSZ.Proof.ExSSimple (10s) exit=0
OK   Research.AxialMSZ.Proof.Laws (9s) exit=0
OK   Research.AxialMSZ.Proof.PConsequence (9s) exit=0
OK   Research.AxialMSZ.Proof.SFourNegations (10s) exit=0
OK   Research.AxialMSZ.Proof.SimpleIndecomposable (10s) exit=0
OK   Research.AxialMSZ.SupplementDChallenge (10s) exit=0
OK   Research.Backfill.Paper3.Challenge (10s) exit=0
OK   Research.Backfill.Paper3.ChallengeTests (11s) exit=0
OK   Research.Backfill.Paper3.Check (11s) exit=0
OK   Research.Backfill.Paper3.Proof.A.Basic (11s) exit=0
OK   Research.Backfill.Paper3.Proof.A.Blocks (11s) exit=0
OK   Research.Backfill.Paper3.Proof.A.Consequences (10s) exit=0
OK   Research.Backfill.Paper3.Proof.A.Lemma1 (10s) exit=0
OK   Research.Backfill.Paper3.Proof.A.Lemma3 (11s) exit=0
OK   Research.Backfill.Paper3.Proof.A.Main (11s) exit=0
OK   Research.Backfill.Paper3.Proof.A.Prop2 (10s) exit=0
OK   Research.Backfill.Paper3.Proof.A.Remark4 (24s) exit=0
OK   Research.Backfill.Paper3.Proof.A.TheoremA (8s) exit=0
OK   Research.Backfill.Paper3.Proof.A.TwoRegular (8s) exit=0
OK   Research.Backfill.Paper3.Proof.B.Cor5 (10s) exit=0
OK   Research.Backfill.Paper3.Proof.B.Count (9s) exit=0
OK   Research.Backfill.Paper3.Proof.B.Main (10s) exit=0
OK   Research.Backfill.Paper3.Proof.B.Small (10s) exit=0
OK   Research.Backfill.Paper3.Proof.B.Switch (9s) exit=0
OK   Research.Backfill.Paper3.Proof.B.TheoremB (9s) exit=0
OK   Research.Backfill.Paper3.Proof.B.Totals (9s) exit=0
OK   Research.Backfill.Paper3.Proof.Basic (9s) exit=0
OK   Research.Backfill.Paper3.Proof.CD.Gn (10s) exit=0
OK   Research.Backfill.Paper3.Proof.CD.Law (10s) exit=0
OK   Research.Backfill.Paper3.Proof.CD.Main (10s) exit=0
OK   Research.Backfill.Paper3.Proof.CD.Markov (9s) exit=0
OK   Research.Backfill.Paper3.Proof.CD.Pd (9s) exit=0
OK   Research.Backfill.Paper3.Proof.CD.PropC (10s) exit=0
OK   Research.Backfill.Paper3.Proof.CD.Psi (10s) exit=0
OK   Research.Backfill.Paper3.Proof.CD.Remark10 (9s) exit=0
OK   Research.Backfill.Paper3.Proof.CD.Remark10c (9s) exit=0
OK   Research.Backfill.Paper3.Proof.CD.ThmD (10s) exit=0
OK   Research.Backfill.Paper3.Proof.L67.BPrime (11s) exit=0
OK   Research.Backfill.Paper3.Proof.L67.Lemma6 (10s) exit=0
OK   Research.Backfill.Paper3.Proof.L67.Lemma7 (9s) exit=0
OK   Research.Backfill.Paper3.Proof.L67.Main (10s) exit=0
OK   Research.Backfill.Paper3.Proof.L67.Marked (10s) exit=0
OK   Research.Backfill.Paper3.Proof.L67.Switch (10s) exit=0
OK   Research.Backfill.Paper3.Proof.L67.W (10s) exit=0
OK   Research.Backfill.Paper3.Proof.L8.Bridge (10s) exit=0
OK   Research.Backfill.Paper3.Proof.L8.Core (10s) exit=0
OK   Research.Backfill.Paper3.Proof.L8.Main (10s) exit=0
OK   Research.Backfill.Paper3.Proof.L8.Poly (10s) exit=0
OK   Research.Backfill.Paper3.Proof.L8.Tilt (10s) exit=0
OK   Research.Backfill.Paper3.Proof.Num.Bridge (10s) exit=0
OK   Research.Backfill.Paper3.Proof.Num.Data (10s) exit=0
OK   Research.Backfill.Paper3.Proof.Num.ListPoly (11s) exit=0
OK   Research.Backfill.Paper3.Proof.Num.Loop (11s) exit=0
OK   Research.Backfill.Paper3.Proof.Num.Main (10s) exit=0
OK   Research.Backfill.Paper3.Proof.Num.Remark10b (10s) exit=0
OK   Research.Backfill.Paper3.Proof.Num.Remark12 (11s) exit=0
OK   Research.Backfill.Paper3.Proof.Num.RunR10b (13s) exit=0
OK   Research.Backfill.Paper3.Proof.Num.RunR12a (10s) exit=0
OK   Research.Backfill.Paper3.Proof.Num.RunR12b (18s) exit=0
OK   Research.Backfill.Paper3.Proof.Num.RunTD2 (13s) exit=0
OK   Research.Backfill.Paper3.Proof.Num.RunTD3 (17s) exit=0
OK   Research.Backfill.Paper3.Proof.Num.RunTD4 (21s) exit=0
OK   Research.Backfill.Paper3.Proof.Num.TDNum (8s) exit=0
OK   Research.Backfill.Paper3.Proof.Poly (10s) exit=0
OK   Research.Backfill.Paper3.Proof.Remark10d (10s) exit=0
OK   Research.Backfill.Paper3.Proof.SSSZ.Cover (10s) exit=0
OK   Research.Backfill.Paper3.Proof.SSSZ.Cut (9s) exit=0
OK   Research.Backfill.Paper3.Proof.SSSZ.Finner (9s) exit=0
OK   Research.Backfill.Paper3.Proof.SSSZ.Main (9s) exit=0
OK   Research.Backfill.Paper3.Proof.SSSZ.Swap (11s) exit=0
OK   Research.Backfill.Paper3.Proof.Small.Bridge (10s) exit=0
OK   Research.Backfill.Paper3.Proof.Small.Counts (17s) exit=0
OK   Research.Backfill.Paper3.Proof.Small.Counts6 (7s) exit=0
OK   Research.Backfill.Paper3.Proof.Small.Cubic (7s) exit=0
OK   Research.Backfill.Paper3.Proof.Small.Defs (5s) exit=0
OK   Research.Backfill.Paper3.Proof.Small.Enum (21s) exit=0
OK   Research.Backfill.Paper3.Proof.Small.Failure (9s) exit=0
OK   Research.Backfill.Paper3.Proof.Small.Labelled (7s) exit=0
OK   Research.Backfill.Paper3.Proof.Small.Main (8s) exit=0
OK   Research.Backfill.Paper3.Proof.Small.Tables (8s) exit=0
OK   Research.Backfill.Paper3.Proof.TS.Classify (8s) exit=0
OK   Research.Backfill.Paper3.Proof.TS.Code (8s) exit=0
OK   Research.Backfill.Paper3.Proof.TS.Connected (8s) exit=0
OK   Research.Backfill.Paper3.Proof.TS.Count (9s) exit=0
OK   Research.Backfill.Paper3.Proof.TS.D3 (8s) exit=0
OK   Research.Backfill.Paper3.Proof.TS.D4 (10s) exit=0
OK   Research.Backfill.Paper3.Proof.TS.D5 (10s) exit=0
OK   Research.Backfill.Paper3.Proof.TS.D5C0 (30s) exit=0
OK   Research.Backfill.Paper3.Proof.TS.D5C1 (28s) exit=0
OK   Research.Backfill.Paper3.Proof.TS.D5C2 (29s) exit=0
OK   Research.Backfill.Paper3.Proof.TS.D5C3 (29s) exit=0
OK   Research.Backfill.Paper3.Proof.TS.D5C4 (29s) exit=0
OK   Research.Backfill.Paper3.Proof.TS.D5C5 (29s) exit=0
OK   Research.Backfill.Paper3.Proof.TS.D5Data (11s) exit=0
OK   Research.Backfill.Paper3.Proof.TS.Invariants (8s) exit=0
OK   Research.Backfill.Paper3.Proof.TS.Main (10s) exit=0
OK   Research.Backfill.Paper3.Proof.TS.Row (9s) exit=0
OK   Research.Backfill.Paper3.Proof.TS.Switch (9s) exit=0
OK   Research.Backfill.Paper3.Proof.TS.Table2 (9s) exit=0
OK   Research.Backfill.Paper3.Proof.Tier0 (9s) exit=0
OK   Research.Backfill.Paper4.Challenge (10s) exit=0
OK   Research.Backfill.Paper4.ChallengeTests (9s) exit=0
OK   Research.Backfill.Paper4.Check (9s) exit=0
OK   Research.Backfill.Paper4.Proof.AutCount (10s) exit=0
OK   Research.Backfill.Paper4.Proof.BasicCorollaries (9s) exit=0
OK   Research.Backfill.Paper4.Proof.ConcreteCore (9s) exit=0
OK   Research.Backfill.Paper4.Proof.ConcreteDHCertificate (10s) exit=0
OK   Research.Backfill.Paper4.Proof.ConcreteRemarks (10s) exit=0
OK   Research.Backfill.Paper4.Proof.CutVertexMetric (9s) exit=0
OK   Research.Backfill.Paper4.Proof.DHExtension (10s) exit=0
OK   Research.Backfill.Paper4.Proof.DHExtensionCore (10s) exit=0
OK   Research.Backfill.Paper4.Proof.DHFourPoint (10s) exit=0
OK   Research.Backfill.Paper4.Proof.DHFourPointBase (11s) exit=0
OK   Research.Backfill.Paper4.Proof.DHFourPointConsequences (8s) exit=0
OK   Research.Backfill.Paper4.Proof.F1DistanceHereditary (9s) exit=0
OK   Research.Backfill.Paper4.Proof.F1GDHData (10s) exit=0
OK   Research.Backfill.Paper4.Proof.F1HDHData (10s) exit=0
OK   Research.Backfill.Paper4.Proof.Foundation (9s) exit=0
OK   Research.Backfill.Paper4.Proof.FourPointConsequences (9s) exit=0
OK   Research.Backfill.Paper4.Proof.G2DHData (21s) exit=0
OK   Research.Backfill.Paper4.Proof.G2DistanceHereditary (8s) exit=0
OK   Research.Backfill.Paper4.Proof.GraphAutomorphisms (8s) exit=0
OK   Research.Backfill.Paper4.Proof.GridExamples (10s) exit=0
OK   Research.Backfill.Paper4.Proof.GridInterval (8s) exit=0
OK   Research.Backfill.Paper4.Proof.GridMonotone (8s) exit=0
OK   Research.Backfill.Paper4.Proof.H11AssemblyDraft (9s) exit=0
OK   Research.Backfill.Paper4.Proof.H11DHBlock00 (10s) exit=0
OK   Research.Backfill.Paper4.Proof.H11DHBlock01 (9s) exit=0
OK   Research.Backfill.Paper4.Proof.H11DHBlock02 (9s) exit=0
OK   Research.Backfill.Paper4.Proof.H11DHBlock03 (10s) exit=0
OK   Research.Backfill.Paper4.Proof.H11DHBlock04 (10s) exit=0
OK   Research.Backfill.Paper4.Proof.H11DHBlock05 (10s) exit=0
OK   Research.Backfill.Paper4.Proof.H11DHBlock06 (9s) exit=0
OK   Research.Backfill.Paper4.Proof.H11DHBlock07 (9s) exit=0
OK   Research.Backfill.Paper4.Proof.H11DHBlock08 (10s) exit=0
OK   Research.Backfill.Paper4.Proof.H11DHBlock09 (10s) exit=0
OK   Research.Backfill.Paper4.Proof.H11DHBlock10 (10s) exit=0
OK   Research.Backfill.Paper4.Proof.H11DHBlock11 (10s) exit=0
OK   Research.Backfill.Paper4.Proof.H11DHBlock12 (9s) exit=0
OK   Research.Backfill.Paper4.Proof.H11DHBlock13 (10s) exit=0
OK   Research.Backfill.Paper4.Proof.H11DHBlock14 (10s) exit=0
OK   Research.Backfill.Paper4.Proof.H11DHBlock15 (9s) exit=0
OK   Research.Backfill.Paper4.Proof.H11DHBlock16 (10s) exit=0
OK   Research.Backfill.Paper4.Proof.H11DHBlock17 (10s) exit=0
OK   Research.Backfill.Paper4.Proof.H11DHBlock18 (9s) exit=0
OK   Research.Backfill.Paper4.Proof.H11DHBlock19 (10s) exit=0
OK   Research.Backfill.Paper4.Proof.H11DHBlock20 (10s) exit=0
OK   Research.Backfill.Paper4.Proof.H11DHBlock21 (9s) exit=0
OK   Research.Backfill.Paper4.Proof.H11DHBlock22 (9s) exit=0
OK   Research.Backfill.Paper4.Proof.H11DHBlock23 (10s) exit=0
OK   Research.Backfill.Paper4.Proof.H11DHBlock24 (9s) exit=0
OK   Research.Backfill.Paper4.Proof.H11DHBlock25 (9s) exit=0
OK   Research.Backfill.Paper4.Proof.H11DHBlock26 (9s) exit=0
OK   Research.Backfill.Paper4.Proof.H11DHBlock27 (10s) exit=0
OK   Research.Backfill.Paper4.Proof.H11DHBlock28 (9s) exit=0
OK   Research.Backfill.Paper4.Proof.H11DHBlock29 (10s) exit=0
OK   Research.Backfill.Paper4.Proof.H11DHBlock30 (10s) exit=0
OK   Research.Backfill.Paper4.Proof.H11DHBlock31 (9s) exit=0
OK   Research.Backfill.Paper4.Proof.H11Metric (8s) exit=0
OK   Research.Backfill.Paper4.Proof.H11SubsetCover (9s) exit=0
OK   Research.Backfill.Paper4.Proof.HKOFig2Remark (10s) exit=0
OK   Research.Backfill.Paper4.Proof.MedianEight (8s) exit=0
OK   Research.Backfill.Paper4.Proof.MedianEightAut0 (14s) exit=0
OK   Research.Backfill.Paper4.Proof.MedianEightAut1 (12s) exit=0
OK   Research.Backfill.Paper4.Proof.MedianEightAut2 (13s) exit=0
OK   Research.Backfill.Paper4.Proof.MedianEightAut3 (12s) exit=0
OK   Research.Backfill.Paper4.Proof.MedianEightAut4 (12s) exit=0
OK   Research.Backfill.Paper4.Proof.MedianEightAut5 (13s) exit=0
OK   Research.Backfill.Paper4.Proof.MedianEightAut6 (12s) exit=0
OK   Research.Backfill.Paper4.Proof.MedianEightLabelled (9s) exit=0
OK   Research.Backfill.Paper4.Proof.MedianEightParent00 (14s) exit=0
OK   Research.Backfill.Paper4.Proof.MedianEightParent01 (13s) exit=0
OK   Research.Backfill.Paper4.Proof.MedianEightParent02 (12s) exit=0
OK   Research.Backfill.Paper4.Proof.MedianEightParent03 (12s) exit=0
OK   Research.Backfill.Paper4.Proof.MedianEightParent04 (12s) exit=0
OK   Research.Backfill.Paper4.Proof.MedianEightParent05 (12s) exit=0
OK   Research.Backfill.Paper4.Proof.MedianEightParent06 (12s) exit=0
OK   Research.Backfill.Paper4.Proof.MedianEightParent07 (12s) exit=0
OK   Research.Backfill.Paper4.Proof.MedianEightParent08 (12s) exit=0
OK   Research.Backfill.Paper4.Proof.MedianEightParent09 (11s) exit=0
OK   Research.Backfill.Paper4.Proof.MedianEightParent10 (12s) exit=0
OK   Research.Backfill.Paper4.Proof.MedianEightParent11 (12s) exit=0
OK   Research.Backfill.Paper4.Proof.MedianEightParent12 (11s) exit=0
OK   Research.Backfill.Paper4.Proof.MedianEightParent13 (11s) exit=0
OK   Research.Backfill.Paper4.Proof.MedianEightParent14 (11s) exit=0
OK   Research.Backfill.Paper4.Proof.MedianEightParent15 (11s) exit=0
OK   Research.Backfill.Paper4.Proof.MedianEightParent16 (12s) exit=0
OK   Research.Backfill.Paper4.Proof.MedianEightParent17 (11s) exit=0
OK   Research.Backfill.Paper4.Proof.MedianEightParent18 (12s) exit=0
OK   Research.Backfill.Paper4.Proof.MedianEightParent19 (12s) exit=0
OK   Research.Backfill.Paper4.Proof.MedianEightParent20 (12s) exit=0
OK   Research.Backfill.Paper4.Proof.MedianEightParent21 (12s) exit=0
OK   Research.Backfill.Paper4.Proof.MedianEightParent22 (12s) exit=0
OK   Research.Backfill.Paper4.Proof.MedianEightParent23 (11s) exit=0
OK   Research.Backfill.Paper4.Proof.MedianEightParent24 (12s) exit=0
OK   Research.Backfill.Paper4.Proof.MedianEightParent25 (12s) exit=0
OK   Research.Backfill.Paper4.Proof.MedianEightParent26 (13s) exit=0
OK   Research.Backfill.Paper4.Proof.MedianEightParent27 (12s) exit=0
OK   Research.Backfill.Paper4.Proof.MedianEightParent28 (12s) exit=0
OK   Research.Backfill.Paper4.Proof.MedianEightParent29 (12s) exit=0
OK   Research.Backfill.Paper4.Proof.MedianEightParent30 (11s) exit=0
OK   Research.Backfill.Paper4.Proof.MedianEightParent31 (11s) exit=0
OK   Research.Backfill.Paper4.Proof.MedianEightParent32 (12s) exit=0
OK   Research.Backfill.Paper4.Proof.MedianEightParent33 (12s) exit=0
OK   Research.Backfill.Paper4.Proof.MedianEightParent34 (12s) exit=0
OK   Research.Backfill.Paper4.Proof.MedianEightParent35 (13s) exit=0
OK   Research.Backfill.Paper4.Proof.MedianEightParent36 (12s) exit=0
OK   Research.Backfill.Paper4.Proof.MedianEightParent37 (11s) exit=0
OK   Research.Backfill.Paper4.Proof.MedianEightParent38 (11s) exit=0
OK   Research.Backfill.Paper4.Proof.MedianEightParent39 (12s) exit=0
OK   Research.Backfill.Paper4.Proof.MedianEightParent40 (12s) exit=0
OK   Research.Backfill.Paper4.Proof.MedianEightParent41 (11s) exit=0
OK   Research.Backfill.Paper4.Proof.MedianEightParent42 (12s) exit=0
OK   Research.Backfill.Paper4.Proof.MedianEightParent43 (12s) exit=0
OK   Research.Backfill.Paper4.Proof.MedianEightParent44 (12s) exit=0
OK   Research.Backfill.Paper4.Proof.MedianEightParent45 (11s) exit=0
OK   Research.Backfill.Paper4.Proof.MedianEightParent46 (12s) exit=0
OK   Research.Backfill.Paper4.Proof.MedianEightParent47 (12s) exit=0
OK   Research.Backfill.Paper4.Proof.MedianEightParent48 (12s) exit=0
OK   Research.Backfill.Paper4.Proof.MedianEightParent49 (11s) exit=0
OK   Research.Backfill.Paper4.Proof.MedianEightParent50 (12s) exit=0
OK   Research.Backfill.Paper4.Proof.MedianEightParent51 (12s) exit=0
OK   Research.Backfill.Paper4.Proof.MedianEightParent52 (12s) exit=0
OK   Research.Backfill.Paper4.Proof.MedianEightParent53 (12s) exit=0
OK   Research.Backfill.Paper4.Proof.MedianEightParent54 (11s) exit=0
OK   Research.Backfill.Paper4.Proof.MedianEightParent55 (12s) exit=0
OK   Research.Backfill.Paper4.Proof.MedianEightParent56 (11s) exit=0
OK   Research.Backfill.Paper4.Proof.MedianEightParent57 (11s) exit=0
OK   Research.Backfill.Paper4.Proof.MedianEightParent58 (11s) exit=0
OK   Research.Backfill.Paper4.Proof.MedianEightRepFacts (9s) exit=0
OK   Research.Backfill.Paper4.Proof.MedianEightRepFacts0 (18s) exit=0
OK   Research.Backfill.Paper4.Proof.MedianEightRepFacts1 (18s) exit=0
OK   Research.Backfill.Paper4.Proof.MedianEightRepFacts2 (18s) exit=0
OK   Research.Backfill.Paper4.Proof.MedianEightRepFacts3 (18s) exit=0
OK   Research.Backfill.Paper4.Proof.MedianEightRepFacts4 (18s) exit=0
OK   Research.Backfill.Paper4.Proof.MedianEightRepFacts5 (18s) exit=0
OK   Research.Backfill.Paper4.Proof.MedianEightRepFacts6 (18s) exit=0
OK   Research.Backfill.Paper4.Proof.MedianEightReps (13s) exit=0
OK   Research.Backfill.Paper4.Proof.MedianMetricTransport (8s) exit=0
OK   Research.Backfill.Paper4.Proof.MetricBounds (8s) exit=0
OK   Research.Backfill.Paper4.Proof.NonDHExamples (8s) exit=0
OK   Research.Backfill.Paper4.Proof.Readings (8s) exit=0
OK   Research.Backfill.Paper4.Proof.Reduction (8s) exit=0
OK   Research.Backfill.Paper4.Proof.ReductionBasics (8s) exit=0
OK   Research.Backfill.Paper4.Proof.RowDist (8s) exit=0
OK   Research.Backfill.Paper4.Proof.SmallMedianClassification (8s) exit=0
OK   Research.Backfill.Paper4.Proof.SmallMedianClassificationBlock00 (9s) exit=0
OK   Research.Backfill.Paper4.Proof.SmallMedianClassificationBlock01 (9s) exit=0
OK   Research.Backfill.Paper4.Proof.SmallMedianClassificationBlock02 (8s) exit=0
OK   Research.Backfill.Paper4.Proof.SmallMedianClassificationBlock03 (9s) exit=0
OK   Research.Backfill.Paper4.Proof.SmallMedianClassificationBlock04 (9s) exit=0
OK   Research.Backfill.Paper4.Proof.SmallMedianClassificationBlock05 (9s) exit=0
OK   Research.Backfill.Paper4.Proof.SmallMedianClassificationBlock06 (10s) exit=0
OK   Research.Backfill.Paper4.Proof.SmallMedianClassificationBlock07 (10s) exit=0
OK   Research.Backfill.Paper4.Proof.SmallMedianClassificationBlock08 (10s) exit=0
OK   Research.Backfill.Paper4.Proof.SmallMedianCounts (10s) exit=0
OK   Research.Backfill.Paper4.Proof.SmallMedianFacts (24s) exit=0
OK   Research.Backfill.Paper4.Proof.SmallMedianMinimality (7s) exit=0
OK   Research.Backfill.Paper4.Proof.SmallMetricCertificate (8s) exit=0
OK   Research.Backfill.Paper4.Proof.TheoremCFP (7s) exit=0
OK   Research.Backfill.Paper4.Proof.TriangleFreeCandidates (18s) exit=0
OK   Research.Backfill.Paper4.Proof.TriangleFreeClassification (8s) exit=0
OK   Research.Backfill.Paper4.Proof.TriangleFreeEnumerationCore (8s) exit=0
OK   Research.Backfill.Paper4.Proof.TriangleFreeEnumerationFamily (9s) exit=0
OK   Research.Backfill.Paper4.Proof.TriangleFreeEnumerationLayers (9s) exit=0
OK   Research.Backfill.Paper4.Proof.TriangleFreeEnumerationParent3P00 (9s) exit=0
OK   Research.Backfill.Paper4.Proof.TriangleFreeEnumerationParent4P00 (9s) exit=0
OK   Research.Backfill.Paper4.Proof.TriangleFreeEnumerationParent4P01 (9s) exit=0
OK   Research.Backfill.Paper4.Proof.TriangleFreeEnumerationParent4P02 (9s) exit=0
OK   Research.Backfill.Paper4.Proof.TriangleFreeEnumerationParent5P00 (9s) exit=0
OK   Research.Backfill.Paper4.Proof.TriangleFreeEnumerationParent5P01 (10s) exit=0
OK   Research.Backfill.Paper4.Proof.TriangleFreeEnumerationParent5P02 (10s) exit=0
OK   Research.Backfill.Paper4.Proof.TriangleFreeEnumerationParent5P03 (9s) exit=0
OK   Research.Backfill.Paper4.Proof.TriangleFreeEnumerationParent5P04 (9s) exit=0
OK   Research.Backfill.Paper4.Proof.TriangleFreeEnumerationParent5P05 (9s) exit=0
OK   Research.Backfill.Paper4.Proof.TriangleFreeEnumerationParent6P00 (11s) exit=0
OK   Research.Backfill.Paper4.Proof.TriangleFreeEnumerationParent6P01 (10s) exit=0
OK   Research.Backfill.Paper4.Proof.TriangleFreeEnumerationParent6P02 (10s) exit=0
OK   Research.Backfill.Paper4.Proof.TriangleFreeEnumerationParent6P03 (11s) exit=0
OK   Research.Backfill.Paper4.Proof.TriangleFreeEnumerationParent6P04 (10s) exit=0
OK   Research.Backfill.Paper4.Proof.TriangleFreeEnumerationParent6P05 (9s) exit=0
OK   Research.Backfill.Paper4.Proof.TriangleFreeEnumerationParent6P06 (10s) exit=0
OK   Research.Backfill.Paper4.Proof.TriangleFreeEnumerationParent6P07 (10s) exit=0
OK   Research.Backfill.Paper4.Proof.TriangleFreeEnumerationParent6P08 (10s) exit=0
OK   Research.Backfill.Paper4.Proof.TriangleFreeEnumerationParent6P09 (10s) exit=0
OK   Research.Backfill.Paper4.Proof.TriangleFreeEnumerationParent6P10 (10s) exit=0
OK   Research.Backfill.Paper4.Proof.TriangleFreeEnumerationParent6P11 (10s) exit=0
OK   Research.Backfill.Paper4.Proof.TriangleFreeEnumerationParent6P12 (10s) exit=0
OK   Research.Backfill.Paper4.Proof.TriangleFreeEnumerationParent6P13 (10s) exit=0
OK   Research.Backfill.Paper4.Proof.TriangleFreeEnumerationParent6P14 (11s) exit=0
OK   Research.Backfill.Paper4.Proof.TriangleFreeEnumerationParent6P15 (11s) exit=0
OK   Research.Backfill.Paper4.Proof.TriangleFreeEnumerationParent6P16 (11s) exit=0
OK   Research.Backfill.Paper4.Proof.TriangleFreeEnumerationParent6P17 (11s) exit=0
OK   Research.Backfill.Paper4.Proof.TriangleFreeEnumerationParent6P18 (10s) exit=0
OK   Research.Backfill.Paper4.Proof.TriangleFreeEnumerationSmallLayers (10s) exit=0
OK   Research.Backfill.Paper4.Proof.TriangleFreeEnumerationValidity (18s) exit=0
OK   Research.Backfill.Paper4.Proof.TriangleFreeFingerprint (10s) exit=0
OK   Research.Backfill.Paper4.Proof.TriangleFreeIndependentCount (7s) exit=0
OK   Research.Backfill.Paper4.Proof.TriangleFreeRepresentativeFingerprint (12s) exit=0
OK   Research.Backfill.Paper8.Challenge (9s) exit=0
OK   Research.Backfill.Paper8.ChallengeTests (9s) exit=0
OK   Research.Backfill.Paper8.Check (8s) exit=0
OK   Research.Backfill.Paper8.Proof.Basic (8s) exit=0
OK   Research.Backfill.Paper8.Proof.Lin.BaseChange (8s) exit=0
OK   Research.Backfill.Paper8.Proof.Lin.Bipartite (9s) exit=0
OK   Research.Backfill.Paper8.Proof.Lin.Krylov (9s) exit=0
OK   Research.Backfill.Paper8.Proof.Lin.Main (9s) exit=0
OK   Research.Backfill.Paper8.Proof.Lin.Spectral (9s) exit=0
OK   Research.Backfill.Paper8.Proof.Lin.Switch (8s) exit=0
OK   Research.Backfill.Paper8.Proof.Main.Eigen (8s) exit=0
OK   Research.Backfill.Paper8.Proof.Main.Lemma32 (8s) exit=0
OK   Research.Backfill.Paper8.Proof.Main.Main (9s) exit=0
OK   Research.Backfill.Paper8.Proof.Main.Pointwise (9s) exit=0
OK   Research.Backfill.Paper8.Proof.Main.Prop56 (9s) exit=0
OK   Research.Backfill.Paper8.Proof.Main.Setup (8s) exit=0
OK   Research.Backfill.Paper8.Proof.Orb.Counts (8s) exit=0
OK   Research.Backfill.Paper8.Proof.Orb.Main (9s) exit=0
OK   Research.Backfill.Paper8.Proof.Orb.Orbits (9s) exit=0
OK   Research.Backfill.Paper8.Proof.Orb.Poly (9s) exit=0
OK   Research.Backfill.Paper8.Proof.Orb.Secular (9s) exit=0
OK   Research.Backfill.Paper8.Proof.Orb.Switch (9s) exit=0
OK   Research.Backfill.Paper8.Proof.Real.Count (9s) exit=0
OK   Research.Backfill.Paper8.Proof.Real.Large (8s) exit=0
OK   Research.Backfill.Paper8.Proof.Real.Lset (9s) exit=0
OK   Research.Backfill.Paper8.Proof.Real.Main (9s) exit=0
OK   Research.Backfill.Paper8.Proof.Real.StdLeaf (9s) exit=0
OK   Research.Backfill.Paper8.Proof.Region.Bridge (9s) exit=0
OK   Research.Backfill.Paper8.Proof.Region.Chunk1 (10s) exit=0
OK   Research.Backfill.Paper8.Proof.Region.Chunk10 (20s) exit=0
OK   Research.Backfill.Paper8.Proof.Region.Chunk2 (10s) exit=0
OK   Research.Backfill.Paper8.Proof.Region.Chunk3 (12s) exit=0
OK   Research.Backfill.Paper8.Proof.Region.Chunk4 (10s) exit=0
OK   Research.Backfill.Paper8.Proof.Region.Chunk5 (11s) exit=0
OK   Research.Backfill.Paper8.Proof.Region.Chunk6 (13s) exit=0
OK   Research.Backfill.Paper8.Proof.Region.Chunk7 (13s) exit=0
OK   Research.Backfill.Paper8.Proof.Region.Chunk8 (14s) exit=0
OK   Research.Backfill.Paper8.Proof.Region.Chunk9 (14s) exit=0
OK   Research.Backfill.Paper8.Proof.Region.Crit (8s) exit=0
OK   Research.Backfill.Paper8.Proof.Region.Defs (7s) exit=0
OK   Research.Backfill.Paper8.Proof.Region.Enum (9s) exit=0
OK   Research.Backfill.Paper8.Proof.Region.Main (8s) exit=0
OK   Research.Backfill.Paper8.Proof.Region.Search (8s) exit=0
OK   Research.Backfill.Paper8.Proof.Rows.Cor (9s) exit=0
OK   Research.Backfill.Paper8.Proof.Rows.CorMain (9s) exit=0
OK   Research.Backfill.Paper8.Proof.Rows.Count (8s) exit=0
OK   Research.Backfill.Paper8.Proof.Rows.CountBare (8s) exit=0
OK   Research.Backfill.Paper8.Proof.Rows.GFormula (8s) exit=0
OK   Research.Backfill.Paper8.Proof.Rows.Lemmas (9s) exit=0
OK   Research.Backfill.Paper8.Proof.Rows.Main (9s) exit=0
OK   Research.Backfill.Paper8.Proof.Rows.Members (8s) exit=0
OK   Research.Backfill.Paper8.Proof.Rows.Secular (8s) exit=0
OK   Research.Backfill.Paper8.Proof.Rows.Sharp (9s) exit=0
OK   Research.Backfill.Paper8.Proof.Small.Alg (9s) exit=0
OK   Research.Backfill.Paper8.Proof.Small.CasesABC (8s) exit=0
OK   Research.Backfill.Paper8.Proof.Small.CasesDE (8s) exit=0
OK   Research.Backfill.Paper8.Proof.Small.Irr (9s) exit=0
OK   Research.Backfill.Paper8.Proof.Small.LamStd (9s) exit=0
OK   Research.Backfill.Paper8.Proof.Small.Main (8s) exit=0
OK   Research.Backfill.Paper8.Proof.Small.Setup (8s) exit=0
OK   Research.Backfill.Paper8.Proof.Spec.Count (8s) exit=0
OK   Research.Backfill.Paper8.Proof.Spec.Eigen (9s) exit=0
OK   Research.Backfill.Paper8.Proof.Spec.Kernel (9s) exit=0
OK   Research.Backfill.Paper8.Proof.Spec.Main (8s) exit=0
OK   Research.Backfill.Paper8.Proof.Spec.Roots (8s) exit=0
OK   Research.Backfill.Paper8.Proof.Spec.Secular (8s) exit=0
OK   Research.Backfill.Paper8.Proof.Tests.Cond (9s) exit=0
OK   Research.Backfill.Paper8.Proof.Tests.Counts (9s) exit=0
OK   Research.Backfill.Paper8.Proof.Tests.Crit (8s) exit=0
OK   Research.Backfill.Paper8.Proof.Tests.Main (8s) exit=0
OK   Research.Backfill.Paper8.Proof.Tests.Poly (8s) exit=0
OK   Research.Backfill.Paper8.Proof.Tests.Spectral (9s) exit=0
OK   Research.Backfill.Paper8.Proof.Tests.Switch (8s) exit=0
OK   Research.Backfill.Paper8.Proof.Tests.Vec (8s) exit=0
OK   Research.Backfill.Paper8.Proof.Tree.Build (8s) exit=0
OK   Research.Backfill.Paper8.Proof.Tree.Main (8s) exit=0
OK   Research.Backfill.Paper8.Proof.Tree.Metric (8s) exit=0
OK   Research.Backfill.Paper8.Proof.Tree.Signed (8s) exit=0
OK   Research.Backfill.Paper8.Proof.Tree.Thm1 (8s) exit=0
OK   Research.Backfill.Paper8.Proof.Tree.Transfer (8s) exit=0
OK   Research.BrauerCMCore (8s) exit=0
OK   Research.Carenini (108s) exit=0
OK   Research.CareniniAudit (8s) exit=0
OK   Research.HKOTriameter (9s) exit=0
OK   Research.HKOTriameterAudit (7s) exit=0
OK   Research.HKOTriameterDH (8s) exit=0
OK   Research.HannaA107099 (6s) exit=0
OK   Research.HannaA120566 (6s) exit=0
OK   Research.HannaA184894 (5s) exit=0
OK   Research.HannaA240998 (6s) exit=0
OK   Research.HannaA246056 (6s) exit=0
OK   Research.HannaA273958 (6s) exit=0
OK   Research.HannaA274479 (6s) exit=0
OK   Research.HannaA295762 (6s) exit=0
OK   Research.HannaA301933 (5s) exit=0
OK   Research.HannaA338633 (6s) exit=0
OK   Research.HannaA361047 (6s) exit=0
OK   Research.HannaA376230 (6s) exit=0
OK   Research.HannaA377100 (7s) exit=0
OK   Research.HannaA388734 (7s) exit=0
OK   Research.ICGBridgeAudit (8s) exit=0
OK   Research.ICGBridgeEnergy (8s) exit=0
OK   Research.ICGBridgeFinal (8s) exit=0
OK   Research.ICGBridgeMain (9s) exit=0
OK   Research.ICGBridgeRamanujan (8s) exit=0
OK   Research.ICGBridgeSharp (8s) exit=0
OK   Research.ICGBridgeSpectral (7s) exit=0
OK   Research.ICGEqualParityA (8s) exit=0
OK   Research.ICGEqualParityBAudit (7s) exit=0
OK   Research.ICGEqualParityBCert1 (10s) exit=0
OK   Research.ICGEqualParityBCert2 (9s) exit=0
OK   Research.ICGEqualParityBCert3 (10s) exit=0
OK   Research.ICGEqualParityBCert4 (9s) exit=0
OK   Research.ICGEqualParityBCert5 (10s) exit=0
OK   Research.ICGEqualParityBCert6 (10s) exit=0
OK   Research.ICGEqualParityBCertAudit (9s) exit=0
OK   Research.ICGEqualParityBCol (8s) exit=0
OK   Research.ICGEqualParityBFD (8s) exit=0
OK   Research.ICGEqualParityBGraph (9s) exit=0
OK   Research.ICGEqualParityBMain (9s) exit=0
OK   Research.ICGEqualParityGraph (8s) exit=0
OK   Research.ICGEqualParityLemmas (8s) exit=0
OK   Research.ICGEqualParityUnique (9s) exit=0
OK   Research.ICGGeneralAudit (8s) exit=0
OK   Research.ICGGeneralBridge (8s) exit=0
OK   Research.ICGGeneralMain (9s) exit=0
OK   Research.ICGGeneralPath (8s) exit=0
OK   Research.ICGGeneralSwap (8s) exit=0
OK   Research.ICGGeneralThm5 (9s) exit=0
OK   Research.Oeis389472Mod3 (7s) exit=0
OK   Research.RM714Weights (102s) exit=0
OK   Research.RM714WeightsAudit (7s) exit=0
OK   Research.SubstSemanticsCheck (6s) exit=0
OK   Research.SwitchingDiam4Cubic (7s) exit=0
OK   Research.SwitchingDiam4CubicAudit (7s) exit=0
OK   Research.SwitchingRowCount (8s) exit=0
OK   Research.SwitchingRowCountAudit (6s) exit=0
OK   Research.SwitchingThmH (6s) exit=0
OK   Research.SwitchingThmHAudit (7s) exit=0
OK   Research.SwitchingWalkProfile (7s) exit=0
OK   Research.SwitchingWalkProfileAudit (7s) exit=0
OK   Research.WordRepTensor.Challenge (7s) exit=0
OK   Research.WordRepTensor.ChallengeTests (7s) exit=0
OK   Research.WordRepTensor.Check (7s) exit=0
OK   Research.WordRepTensor.Proof.WREmbed (7s) exit=0
OK   Research.WordRepTensor.Proof.WRFold (9s) exit=0
OK   Research.WordRepTensor.Proof.WRGraphs (9s) exit=0
OK   Research.WordRepTensor.Proof.WRMain (10s) exit=0
OK   Research.WordRepTensor.Proof.WRMycielski (24s) exit=0
OK   Research.WordRepTensor.Proof.WRWindow (15s) exit=0
OK   Research.WordRepTensor.Proof.WRWindowData (9s) exit=0
OK   Research.WordRepTensor.Proof.WRWords (9s) exit=0
finished 2026-09-29T20:21:30Z ok=470 fail=0
