leanchecker run started 2026-09-26T02:23:42Z; toolchain Lean (version 4.33.1, arm64-apple-darwin24.6.0, commit 819816b2e0a3bf405af45ae5c7af2491d8f5bee6, Release)
OK   Research.CirculantQ3 (699s)
OK   Research.HannaA107099 (8s)
OK   Research.HannaA120566 (6s)
OK   Research.HannaA184894 (6s)
OK   Research.HannaA240998 (5s)
OK   Research.HannaA273958 (6s)
OK   Research.HannaA274479 (6s)
OK   Research.HannaA295762 (7s)
OK   Research.HannaA301933 (5s)
OK   Research.HannaA338633 (6s)
OK   Research.HannaA361047 (6s)
OK   Research.HannaA377100 (6s)
OK   Research.HannaA388734 (6s)
OK   Research.ICGBridgeEnergy (7s)
OK   Research.ICGBridgeFinal (7s)
OK   Research.ICGBridgeMain (8s)
OK   Research.ICGBridgeRamanujan (7s)
OK   Research.ICGBridgeSharp (7s)
OK   Research.ICGBridgeSpectral (7s)
OK   Research.ICGGeneralBridge (8s)
OK   Research.ICGGeneralMain (7s)
OK   Research.ICGGeneralPath (8s)
OK   Research.ICGGeneralSwap (8s)
OK   Research.ICGGeneralThm5 (7s)
OK   Research.Oeis389472Mod3 (6s)
OK   Research.SubstSemanticsCheck (5s)
finished 2026-09-26T02:38:06Z fail=0
