leanchecker run started 2026-09-28T21:36:52Z; Lean (version 4.34.1, arm64-apple-darwin24.6.0, commit 5045d0056413266e57c625dcd7c365b10e377c52, Release); modules 296; parallelism 2; command: lake env leanchecker <Module>
OK   Research.AxialMSZ.Audit (14s) exit=0
OK   Research.AxialMSZ.Challenge (14s) exit=0
OK   Research.AxialMSZ.ChallengeTests (13s) exit=0
OK   Research.AxialMSZ.Check (13s) exit=0
OK   Research.AxialMSZ.Proof.Corollary (13s) exit=0
OK   Research.AxialMSZ.Proof.ExD (13s) exit=0
OK   Research.AxialMSZ.Proof.ExDBase (24s) exit=0
OK   Research.AxialMSZ.Proof.ExDBlock (23s) exit=0
OK   Research.AxialMSZ.Proof.ExDFrobenius (13s) exit=0
OK   Research.AxialMSZ.Proof.ExDSupplement (12s) exit=0
OK   Research.AxialMSZ.Proof.ExE (12s) exit=0
OK   Research.AxialMSZ.Proof.ExEBase (13s) exit=0
OK   Research.AxialMSZ.Proof.ExEBlocks (13s) exit=0
OK   Research.AxialMSZ.Proof.ExEGraph (12s) exit=0
OK   Research.AxialMSZ.Proof.ExP (13s) exit=0
OK   Research.AxialMSZ.Proof.ExS (13s) exit=0
OK   Research.AxialMSZ.Proof.ExSBase (13s) exit=0
OK   Research.AxialMSZ.Proof.ExSDecomp (13s) exit=0
OK   Research.AxialMSZ.Proof.ExSGraph (12s) exit=0
OK   Research.AxialMSZ.Proof.ExSSimple (13s) exit=0
OK   Research.AxialMSZ.Proof.Laws (13s) exit=0
OK   Research.AxialMSZ.Proof.PConsequence (12s) exit=0
OK   Research.AxialMSZ.Proof.SFourNegations (13s) exit=0
OK   Research.AxialMSZ.Proof.SimpleIndecomposable (12s) exit=0
OK   Research.AxialMSZ.SupplementDChallenge (15s) exit=0
OK   Research.Backfill.Paper4.Challenge (14s) exit=0
OK   Research.Backfill.Paper4.ChallengeTests (12s) exit=0
OK   Research.Backfill.Paper4.Check (12s) exit=0
OK   Research.Backfill.Paper4.Proof.AutCount (13s) exit=0
OK   Research.Backfill.Paper4.Proof.BasicCorollaries (12s) exit=0
OK   Research.Backfill.Paper4.Proof.ConcreteCore (13s) exit=0
OK   Research.Backfill.Paper4.Proof.ConcreteDHCertificate (13s) exit=0
OK   Research.Backfill.Paper4.Proof.ConcreteRemarks (12s) exit=0
OK   Research.Backfill.Paper4.Proof.CutVertexMetric (12s) exit=0
OK   Research.Backfill.Paper4.Proof.DHExtension (11s) exit=0
OK   Research.Backfill.Paper4.Proof.DHExtensionCore (11s) exit=0
OK   Research.Backfill.Paper4.Proof.DHFourPoint (11s) exit=0
OK   Research.Backfill.Paper4.Proof.DHFourPointBase (13s) exit=0
OK   Research.Backfill.Paper4.Proof.DHFourPointConsequences (9s) exit=0
OK   Research.Backfill.Paper4.Proof.F1DistanceHereditary (9s) exit=0
OK   Research.Backfill.Paper4.Proof.F1GDHData (10s) exit=0
OK   Research.Backfill.Paper4.Proof.F1HDHData (11s) exit=0
OK   Research.Backfill.Paper4.Proof.Foundation (9s) exit=0
OK   Research.Backfill.Paper4.Proof.FourPointConsequences (9s) exit=0
OK   Research.Backfill.Paper4.Proof.G2DHData (20s) exit=0
OK   Research.Backfill.Paper4.Proof.G2DistanceHereditary (9s) exit=0
OK   Research.Backfill.Paper4.Proof.GraphAutomorphisms (8s) exit=0
OK   Research.Backfill.Paper4.Proof.GridExamples (35s) exit=0
OK   Research.Backfill.Paper4.Proof.GridInterval (29s) exit=0
OK   Research.Backfill.Paper4.Proof.GridMonotone (28s) exit=0
OK   Research.Backfill.Paper4.Proof.H11AssemblyDraft (32s) exit=0
OK   Research.Backfill.Paper4.Proof.H11DHBlock00 (37s) exit=0
OK   Research.Backfill.Paper4.Proof.H11DHBlock01 (37s) exit=0
OK   Research.Backfill.Paper4.Proof.H11DHBlock02 (35s) exit=0
OK   Research.Backfill.Paper4.Proof.H11DHBlock03 (36s) exit=0
OK   Research.Backfill.Paper4.Proof.H11DHBlock04 (38s) exit=0
OK   Research.Backfill.Paper4.Proof.H11DHBlock05 (37s) exit=0
OK   Research.Backfill.Paper4.Proof.H11DHBlock06 (35s) exit=0
OK   Research.Backfill.Paper4.Proof.H11DHBlock07 (37s) exit=0
OK   Research.Backfill.Paper4.Proof.H11DHBlock08 (36s) exit=0
OK   Research.Backfill.Paper4.Proof.H11DHBlock09 (35s) exit=0
OK   Research.Backfill.Paper4.Proof.H11DHBlock10 (37s) exit=0
OK   Research.Backfill.Paper4.Proof.H11DHBlock11 (35s) exit=0
OK   Research.Backfill.Paper4.Proof.H11DHBlock12 (22s) exit=0
OK   Research.Backfill.Paper4.Proof.H11DHBlock13 (20s) exit=0
OK   Research.Backfill.Paper4.Proof.H11DHBlock14 (19s) exit=0
OK   Research.Backfill.Paper4.Proof.H11DHBlock15 (19s) exit=0
OK   Research.Backfill.Paper4.Proof.H11DHBlock16 (16s) exit=0
OK   Research.Backfill.Paper4.Proof.H11DHBlock17 (17s) exit=0
OK   Research.Backfill.Paper4.Proof.H11DHBlock18 (11s) exit=0
OK   Research.Backfill.Paper4.Proof.H11DHBlock19 (9s) exit=0
OK   Research.Backfill.Paper4.Proof.H11DHBlock20 (20s) exit=0
OK   Research.Backfill.Paper4.Proof.H11DHBlock21 (25s) exit=0
OK   Research.Backfill.Paper4.Proof.H11DHBlock22 (15s) exit=0
OK   Research.Backfill.Paper4.Proof.H11DHBlock23 (11s) exit=0
OK   Research.Backfill.Paper4.Proof.H11DHBlock24 (9s) exit=0
OK   Research.Backfill.Paper4.Proof.H11DHBlock25 (9s) exit=0
OK   Research.Backfill.Paper4.Proof.H11DHBlock26 (9s) exit=0
OK   Research.Backfill.Paper4.Proof.H11DHBlock27 (9s) exit=0
OK   Research.Backfill.Paper4.Proof.H11DHBlock28 (9s) exit=0
OK   Research.Backfill.Paper4.Proof.H11DHBlock29 (9s) exit=0
OK   Research.Backfill.Paper4.Proof.H11DHBlock30 (8s) exit=0
OK   Research.Backfill.Paper4.Proof.H11DHBlock31 (9s) exit=0
OK   Research.Backfill.Paper4.Proof.H11Metric (10s) exit=0
OK   Research.Backfill.Paper4.Proof.H11SubsetCover (11s) exit=0
OK   Research.Backfill.Paper4.Proof.HKOFig2Remark (11s) exit=0
OK   Research.Backfill.Paper4.Proof.MedianEight (10s) exit=0
OK   Research.Backfill.Paper4.Proof.MedianEightAut0 (18s) exit=0
OK   Research.Backfill.Paper4.Proof.MedianEightAut1 (14s) exit=0
OK   Research.Backfill.Paper4.Proof.MedianEightAut2 (18s) exit=0
OK   Research.Backfill.Paper4.Proof.MedianEightAut3 (17s) exit=0
OK   Research.Backfill.Paper4.Proof.MedianEightAut4 (15s) exit=0
OK   Research.Backfill.Paper4.Proof.MedianEightAut5 (16s) exit=0
OK   Research.Backfill.Paper4.Proof.MedianEightAut6 (15s) exit=0
OK   Research.Backfill.Paper4.Proof.MedianEightLabelled (11s) exit=0
OK   Research.Backfill.Paper4.Proof.MedianEightParent00 (18s) exit=0
OK   Research.Backfill.Paper4.Proof.MedianEightParent01 (16s) exit=0
OK   Research.Backfill.Paper4.Proof.MedianEightParent02 (36s) exit=0
OK   Research.Backfill.Paper4.Proof.MedianEightParent03 (34s) exit=0
OK   Research.Backfill.Paper4.Proof.MedianEightParent04 (39s) exit=0
OK   Research.Backfill.Paper4.Proof.MedianEightParent05 (36s) exit=0
OK   Research.Backfill.Paper4.Proof.MedianEightParent06 (35s) exit=0
OK   Research.Backfill.Paper4.Proof.MedianEightParent07 (35s) exit=0
OK   Research.Backfill.Paper4.Proof.MedianEightParent08 (31s) exit=0
OK   Research.Backfill.Paper4.Proof.MedianEightParent09 (33s) exit=0
OK   Research.Backfill.Paper4.Proof.MedianEightParent10 (34s) exit=0
OK   Research.Backfill.Paper4.Proof.MedianEightParent11 (37s) exit=0
OK   Research.Backfill.Paper4.Proof.MedianEightParent12 (33s) exit=0
OK   Research.Backfill.Paper4.Proof.MedianEightParent13 (34s) exit=0
OK   Research.Backfill.Paper4.Proof.MedianEightParent14 (32s) exit=0
OK   Research.Backfill.Paper4.Proof.MedianEightParent15 (33s) exit=0
OK   Research.Backfill.Paper4.Proof.MedianEightParent16 (33s) exit=0
OK   Research.Backfill.Paper4.Proof.MedianEightParent17 (28s) exit=0
OK   Research.Backfill.Paper4.Proof.MedianEightParent18 (24s) exit=0
OK   Research.Backfill.Paper4.Proof.MedianEightParent19 (21s) exit=0
OK   Research.Backfill.Paper4.Proof.MedianEightParent20 (22s) exit=0
OK   Research.Backfill.Paper4.Proof.MedianEightParent21 (20s) exit=0
OK   Research.Backfill.Paper4.Proof.MedianEightParent22 (16s) exit=0
OK   Research.Backfill.Paper4.Proof.MedianEightParent23 (15s) exit=0
OK   Research.Backfill.Paper4.Proof.MedianEightParent24 (28s) exit=0
OK   Research.Backfill.Paper4.Proof.MedianEightParent25 (28s) exit=0
OK   Research.Backfill.Paper4.Proof.MedianEightParent26 (16s) exit=0
OK   Research.Backfill.Paper4.Proof.MedianEightParent27 (15s) exit=0
OK   Research.Backfill.Paper4.Proof.MedianEightParent28 (13s) exit=0
OK   Research.Backfill.Paper4.Proof.MedianEightParent29 (12s) exit=0
OK   Research.Backfill.Paper4.Proof.MedianEightParent30 (13s) exit=0
OK   Research.Backfill.Paper4.Proof.MedianEightParent31 (13s) exit=0
OK   Research.Backfill.Paper4.Proof.MedianEightParent32 (11s) exit=0
OK   Research.Backfill.Paper4.Proof.MedianEightParent33 (11s) exit=0
OK   Research.Backfill.Paper4.Proof.MedianEightParent34 (11s) exit=0
OK   Research.Backfill.Paper4.Proof.MedianEightParent35 (12s) exit=0
OK   Research.Backfill.Paper4.Proof.MedianEightParent36 (12s) exit=0
OK   Research.Backfill.Paper4.Proof.MedianEightParent37 (11s) exit=0
OK   Research.Backfill.Paper4.Proof.MedianEightParent38 (11s) exit=0
OK   Research.Backfill.Paper4.Proof.MedianEightParent39 (11s) exit=0
OK   Research.Backfill.Paper4.Proof.MedianEightParent40 (11s) exit=0
OK   Research.Backfill.Paper4.Proof.MedianEightParent41 (11s) exit=0
OK   Research.Backfill.Paper4.Proof.MedianEightParent42 (12s) exit=0
OK   Research.Backfill.Paper4.Proof.MedianEightParent43 (12s) exit=0
OK   Research.Backfill.Paper4.Proof.MedianEightParent44 (11s) exit=0
OK   Research.Backfill.Paper4.Proof.MedianEightParent45 (11s) exit=0
OK   Research.Backfill.Paper4.Proof.MedianEightParent46 (12s) exit=0
OK   Research.Backfill.Paper4.Proof.MedianEightParent47 (11s) exit=0
OK   Research.Backfill.Paper4.Proof.MedianEightParent48 (12s) exit=0
OK   Research.Backfill.Paper4.Proof.MedianEightParent49 (11s) exit=0
OK   Research.Backfill.Paper4.Proof.MedianEightParent50 (11s) exit=0
OK   Research.Backfill.Paper4.Proof.MedianEightParent51 (11s) exit=0
OK   Research.Backfill.Paper4.Proof.MedianEightParent52 (11s) exit=0
OK   Research.Backfill.Paper4.Proof.MedianEightParent53 (12s) exit=0
OK   Research.Backfill.Paper4.Proof.MedianEightParent54 (11s) exit=0
OK   Research.Backfill.Paper4.Proof.MedianEightParent55 (11s) exit=0
OK   Research.Backfill.Paper4.Proof.MedianEightParent56 (11s) exit=0
OK   Research.Backfill.Paper4.Proof.MedianEightParent57 (11s) exit=0
OK   Research.Backfill.Paper4.Proof.MedianEightParent58 (11s) exit=0
OK   Research.Backfill.Paper4.Proof.MedianEightRepFacts (9s) exit=0
OK   Research.Backfill.Paper4.Proof.MedianEightRepFacts0 (17s) exit=0
OK   Research.Backfill.Paper4.Proof.MedianEightRepFacts1 (17s) exit=0
OK   Research.Backfill.Paper4.Proof.MedianEightRepFacts2 (16s) exit=0
OK   Research.Backfill.Paper4.Proof.MedianEightRepFacts3 (16s) exit=0
OK   Research.Backfill.Paper4.Proof.MedianEightRepFacts4 (18s) exit=0
OK   Research.Backfill.Paper4.Proof.MedianEightRepFacts5 (19s) exit=0
OK   Research.Backfill.Paper4.Proof.MedianEightRepFacts6 (18s) exit=0
OK   Research.Backfill.Paper4.Proof.MedianEightReps (13s) exit=0
OK   Research.Backfill.Paper4.Proof.MedianMetricTransport (8s) exit=0
OK   Research.Backfill.Paper4.Proof.MetricBounds (9s) exit=0
OK   Research.Backfill.Paper4.Proof.NonDHExamples (9s) exit=0
OK   Research.Backfill.Paper4.Proof.Readings (8s) exit=0
OK   Research.Backfill.Paper4.Proof.Reduction (8s) exit=0
OK   Research.Backfill.Paper4.Proof.ReductionBasics (8s) exit=0
OK   Research.Backfill.Paper4.Proof.RowDist (9s) exit=0
OK   Research.Backfill.Paper4.Proof.SmallMedianClassification (9s) exit=0
OK   Research.Backfill.Paper4.Proof.SmallMedianClassificationBlock00 (8s) exit=0
OK   Research.Backfill.Paper4.Proof.SmallMedianClassificationBlock01 (8s) exit=0
OK   Research.Backfill.Paper4.Proof.SmallMedianClassificationBlock02 (9s) exit=0
OK   Research.Backfill.Paper4.Proof.SmallMedianClassificationBlock03 (9s) exit=0
OK   Research.Backfill.Paper4.Proof.SmallMedianClassificationBlock04 (8s) exit=0
OK   Research.Backfill.Paper4.Proof.SmallMedianClassificationBlock05 (8s) exit=0
OK   Research.Backfill.Paper4.Proof.SmallMedianClassificationBlock06 (9s) exit=0
OK   Research.Backfill.Paper4.Proof.SmallMedianClassificationBlock07 (8s) exit=0
OK   Research.Backfill.Paper4.Proof.SmallMedianClassificationBlock08 (8s) exit=0
OK   Research.Backfill.Paper4.Proof.SmallMedianCounts (9s) exit=0
OK   Research.Backfill.Paper4.Proof.SmallMedianFacts (20s) exit=0
OK   Research.Backfill.Paper4.Proof.SmallMedianMinimality (7s) exit=0
OK   Research.Backfill.Paper4.Proof.SmallMetricCertificate (7s) exit=0
OK   Research.Backfill.Paper4.Proof.TheoremCFP (8s) exit=0
OK   Research.Backfill.Paper4.Proof.TriangleFreeCandidates (15s) exit=0
OK   Research.Backfill.Paper4.Proof.TriangleFreeClassification (7s) exit=0
OK   Research.Backfill.Paper4.Proof.TriangleFreeEnumerationCore (7s) exit=0
OK   Research.Backfill.Paper4.Proof.TriangleFreeEnumerationFamily (8s) exit=0
OK   Research.Backfill.Paper4.Proof.TriangleFreeEnumerationLayers (8s) exit=0
OK   Research.Backfill.Paper4.Proof.TriangleFreeEnumerationParent3P00 (8s) exit=0
OK   Research.Backfill.Paper4.Proof.TriangleFreeEnumerationParent4P00 (8s) exit=0
OK   Research.Backfill.Paper4.Proof.TriangleFreeEnumerationParent4P01 (8s) exit=0
OK   Research.Backfill.Paper4.Proof.TriangleFreeEnumerationParent4P02 (8s) exit=0
OK   Research.Backfill.Paper4.Proof.TriangleFreeEnumerationParent5P00 (8s) exit=0
OK   Research.Backfill.Paper4.Proof.TriangleFreeEnumerationParent5P01 (8s) exit=0
OK   Research.Backfill.Paper4.Proof.TriangleFreeEnumerationParent5P02 (8s) exit=0
OK   Research.Backfill.Paper4.Proof.TriangleFreeEnumerationParent5P03 (8s) exit=0
OK   Research.Backfill.Paper4.Proof.TriangleFreeEnumerationParent5P04 (8s) exit=0
OK   Research.Backfill.Paper4.Proof.TriangleFreeEnumerationParent5P05 (8s) exit=0
OK   Research.Backfill.Paper4.Proof.TriangleFreeEnumerationParent6P00 (8s) exit=0
OK   Research.Backfill.Paper4.Proof.TriangleFreeEnumerationParent6P01 (8s) exit=0
OK   Research.Backfill.Paper4.Proof.TriangleFreeEnumerationParent6P02 (8s) exit=0
OK   Research.Backfill.Paper4.Proof.TriangleFreeEnumerationParent6P03 (8s) exit=0
OK   Research.Backfill.Paper4.Proof.TriangleFreeEnumerationParent6P04 (8s) exit=0
OK   Research.Backfill.Paper4.Proof.TriangleFreeEnumerationParent6P05 (9s) exit=0
OK   Research.Backfill.Paper4.Proof.TriangleFreeEnumerationParent6P06 (8s) exit=0
OK   Research.Backfill.Paper4.Proof.TriangleFreeEnumerationParent6P07 (8s) exit=0
OK   Research.Backfill.Paper4.Proof.TriangleFreeEnumerationParent6P08 (9s) exit=0
OK   Research.Backfill.Paper4.Proof.TriangleFreeEnumerationParent6P09 (8s) exit=0
OK   Research.Backfill.Paper4.Proof.TriangleFreeEnumerationParent6P10 (8s) exit=0
OK   Research.Backfill.Paper4.Proof.TriangleFreeEnumerationParent6P11 (8s) exit=0
OK   Research.Backfill.Paper4.Proof.TriangleFreeEnumerationParent6P12 (8s) exit=0
OK   Research.Backfill.Paper4.Proof.TriangleFreeEnumerationParent6P13 (8s) exit=0
OK   Research.Backfill.Paper4.Proof.TriangleFreeEnumerationParent6P14 (8s) exit=0
OK   Research.Backfill.Paper4.Proof.TriangleFreeEnumerationParent6P15 (9s) exit=0
OK   Research.Backfill.Paper4.Proof.TriangleFreeEnumerationParent6P16 (8s) exit=0
OK   Research.Backfill.Paper4.Proof.TriangleFreeEnumerationParent6P17 (7s) exit=0
OK   Research.Backfill.Paper4.Proof.TriangleFreeEnumerationParent6P18 (8s) exit=0
OK   Research.Backfill.Paper4.Proof.TriangleFreeEnumerationSmallLayers (8s) exit=0
OK   Research.Backfill.Paper4.Proof.TriangleFreeEnumerationValidity (14s) exit=0
OK   Research.Backfill.Paper4.Proof.TriangleFreeFingerprint (7s) exit=0
OK   Research.Backfill.Paper4.Proof.TriangleFreeIndependentCount (8s) exit=0
OK   Research.Backfill.Paper4.Proof.TriangleFreeRepresentativeFingerprint (10s) exit=0
OK   Research.BrauerCMCore (7s) exit=0
OK   Research.Carenini (99s) exit=0
OK   Research.CareniniAudit (8s) exit=0
OK   Research.HKOTriameter (8s) exit=0
OK   Research.HKOTriameterAudit (7s) exit=0
OK   Research.HKOTriameterDH (8s) exit=0
OK   Research.HannaA107099 (6s) exit=0
OK   Research.HannaA120566 (6s) exit=0
OK   Research.HannaA184894 (5s) exit=0
OK   Research.HannaA240998 (5s) exit=0
OK   Research.HannaA246056 (6s) exit=0
OK   Research.HannaA273958 (6s) exit=0
OK   Research.HannaA274479 (6s) exit=0
OK   Research.HannaA295762 (5s) exit=0
OK   Research.HannaA301933 (6s) exit=0
OK   Research.HannaA338633 (6s) exit=0
OK   Research.HannaA361047 (5s) exit=0
OK   Research.HannaA376230 (7s) exit=0
OK   Research.HannaA377100 (7s) exit=0
OK   Research.HannaA388734 (7s) exit=0
OK   Research.ICGBridgeAudit (8s) exit=0
OK   Research.ICGBridgeEnergy (8s) exit=0
OK   Research.ICGBridgeFinal (8s) exit=0
OK   Research.ICGBridgeMain (9s) exit=0
OK   Research.ICGBridgeRamanujan (8s) exit=0
OK   Research.ICGBridgeSharp (8s) exit=0
OK   Research.ICGBridgeSpectral (8s) exit=0
OK   Research.ICGEqualParityA (8s) exit=0
OK   Research.ICGEqualParityBAudit (8s) exit=0
OK   Research.ICGEqualParityBCert1 (10s) exit=0
OK   Research.ICGEqualParityBCert2 (9s) exit=0
OK   Research.ICGEqualParityBCert3 (10s) exit=0
OK   Research.ICGEqualParityBCert4 (10s) exit=0
OK   Research.ICGEqualParityBCert5 (11s) exit=0
OK   Research.ICGEqualParityBCert6 (10s) exit=0
OK   Research.ICGEqualParityBCertAudit (9s) exit=0
OK   Research.ICGEqualParityBCol (9s) exit=0
OK   Research.ICGEqualParityBFD (8s) exit=0
OK   Research.ICGEqualParityBGraph (9s) exit=0
OK   Research.ICGEqualParityBMain (9s) exit=0
OK   Research.ICGEqualParityGraph (9s) exit=0
OK   Research.ICGEqualParityLemmas (9s) exit=0
OK   Research.ICGEqualParityUnique (8s) exit=0
OK   Research.ICGGeneralAudit (9s) exit=0
OK   Research.ICGGeneralBridge (9s) exit=0
OK   Research.ICGGeneralMain (8s) exit=0
OK   Research.ICGGeneralPath (9s) exit=0
OK   Research.ICGGeneralSwap (9s) exit=0
OK   Research.ICGGeneralThm5 (8s) exit=0
OK   Research.Oeis389472Mod3 (7s) exit=0
OK   Research.RM714Weights (95s) exit=0
OK   Research.RM714WeightsAudit (7s) exit=0
OK   Research.SubstSemanticsCheck (5s) exit=0
OK   Research.SwitchingDiam4Cubic (7s) exit=0
OK   Research.SwitchingDiam4CubicAudit (7s) exit=0
OK   Research.SwitchingRowCount (7s) exit=0
OK   Research.SwitchingRowCountAudit (7s) exit=0
OK   Research.SwitchingThmH (7s) exit=0
OK   Research.SwitchingThmHAudit (6s) exit=0
OK   Research.SwitchingWalkProfile (6s) exit=0
OK   Research.SwitchingWalkProfileAudit (7s) exit=0
OK   Research.WordRepTensor.Challenge (7s) exit=0
OK   Research.WordRepTensor.ChallengeTests (7s) exit=0
OK   Research.WordRepTensor.Check (7s) exit=0
OK   Research.WordRepTensor.Proof.WREmbed (8s) exit=0
OK   Research.WordRepTensor.Proof.WRFold (9s) exit=0
OK   Research.WordRepTensor.Proof.WRGraphs (9s) exit=0
OK   Research.WordRepTensor.Proof.WRMain (8s) exit=0
OK   Research.WordRepTensor.Proof.WRMycielski (22s) exit=0
OK   Research.WordRepTensor.Proof.WRWindow (16s) exit=0
OK   Research.WordRepTensor.Proof.WRWindowData (7s) exit=0
OK   Research.WordRepTensor.Proof.WRWords (7s) exit=0
finished 2026-09-28T22:11:34Z ok=296 fail=0
