2026-09-25T23:52:43Z
✔ [8706/8715] Built Research.SubstSemanticsCheck (10s)
ℹ [8707/8715] Built Research.Oeis389472Mod3 (10s)
info: Research/Oeis389472Mod3.lean:136:0: 'Oeis389472Mod3.integer_conjecture' depends on axioms: [propext, Classical.choice, Quot.sound]
ℹ [8708/8715] Built Research.ICGBridgeSpectral (13s)
info: Research/ICGBridgeSpectral.lean:123:0: 'ICGBridge.sum_abs_eigenvalues_eq_sum_norm_dft' depends on axioms: [propext, Classical.choice, Quot.sound]
ℹ [8709/8715] Built Research.ICGBridgeRamanujan (4.1s)
info: Research/ICGBridgeRamanujan.lean:252:0: 'ICGBridge.dft_gcd_class' depends on axioms: [propext, Classical.choice, Quot.sound]
info: Research/ICGBridgeRamanujan.lean:253:0: 'ICGBridge.sum_dvd_stdAddChar' depends on axioms: [propext, Classical.choice, Quot.sound]
ℹ [8710/8715] Built Research.ICGBridgeEnergy (3.7s)
info: Research/ICGBridgeEnergy.lean:171:0: 'ICGBridge.sum_norm_dft_connFun' depends on axioms: [propext, Classical.choice, Quot.sound]
ℹ [8711/8715] Built Research.ICGBridgeMain (12s)
info: Research/ICGBridgeMain.lean:447:0: 'ICGBridge.energy_icgAdj_eq' depends on axioms: [propext, Classical.choice, Quot.sound]
info: Research/ICGBridgeMain.lean:448:0: 'ICGBridge.energy_icgGraph_eq' depends on axioms: [propext, Classical.choice, Quot.sound]
info: Research/ICGBridgeMain.lean:449:0: 'ICGBridge.roldan_q3_graph_of_arith' depends on axioms: [propext, Classical.choice, Quot.sound]
info: Research/ICGBridgeMain.lean:450:0: 'ICGBridge.roldan_q3_of_arith' depends on axioms: [propext, Classical.choice, Quot.sound]
⚠ [8712/8715] Built Research.CirculantQ3 (392s)
warning: Research/CirculantQ3.lean:167:20: Used `tac1 <;> tac2` where `(tac1; tac2)` would suffice

Note: This linter can be disabled with `set_option linter.unnecessarySeqFocus false`
info: Research/CirculantQ3.lean:186:0: 'CirculantQ3.coefficient_certificate' depends on axioms: [propext, Classical.choice, Quot.sound]
info: Research/CirculantQ3.lean:187:0: 'CirculantQ3.exactEnergy_eq_energy' depends on axioms: [propext, Classical.choice, Quot.sound]
info: Research/CirculantQ3.lean:188:0: 'CirculantQ3.exactEnergy_unique' depends on axioms: [propext, Classical.choice, Quot.sound]
info: Research/CirculantQ3.lean:189:0: 'CirculantQ3.exactEnergy_strict' depends on axioms: [propext, Classical.choice, Quot.sound]
info: Research/CirculantQ3.lean:190:0: 'CirculantQ3.exactEnergy_star' depends on axioms: [propext, Classical.choice, Quot.sound]
ℹ [8713/8715] Built Research.ICGBridgeFinal (13s)
info: Research/ICGBridgeFinal.lean:78:0: 'ICGBridge.roldan_q3' depends on axioms: [propext, Classical.choice, Quot.sound]
info: Research/ICGBridgeFinal.lean:79:0: 'ICGBridge.roldan_q3_graph' depends on axioms: [propext, Classical.choice, Quot.sound]
info: Research/ICGBridgeFinal.lean:80:0: 'ICGBridge.energy_Dstar' depends on axioms: [propext, Classical.choice, Quot.sound]
info: Research/ICGBridgeFinal.lean:81:0: 'ICGBridge.energy_icgAdj_eq_exactEnergy' depends on axioms: [propext, Classical.choice, Quot.sound]
✔ [8714/8715] Built Research (2.9s)
Build completed successfully (8715 jobs).
      414.00 real       188.61 user       205.14 sys
         22187376640  maximum resident set size
                   0  average shared memory size
                   0  average unshared data size
                   0  average unshared stack size
            52080994  page reclaims
              394603  page faults
                   0  swaps
                   0  block input operations
                   0  block output operations
                   0  messages sent
                   0  messages received
                   0  signals received
              252838  voluntary context switches
             3546431  involuntary context switches
         78236424679  instructions retired
         48462813775  cycles elapsed
           467362952  peak memory footprint
exit=0
2026-09-25T23:59:41Z
