2026-09-28T20:49:06Z cmd: lake build Research.CirculantQ3 (alone)
⚠ [8924/8924] Built Research.CirculantQ3 (1249s)
warning: Research/CirculantQ3.lean:167:20: Used `tac1 <;> tac2` where `(tac1; tac2)` would suffice

Note: This linter can be disabled with `set_option linter.unnecessarySeqFocus false`
info: Research/CirculantQ3.lean:186:0: 'CirculantQ3.coefficient_certificate' depends on axioms: [propext, Classical.choice, Quot.sound]
info: Research/CirculantQ3.lean:187:0: 'CirculantQ3.exactEnergy_eq_energy' depends on axioms: [propext, Classical.choice, Quot.sound]
info: Research/CirculantQ3.lean:188:0: 'CirculantQ3.exactEnergy_unique' depends on axioms: [propext, Classical.choice, Quot.sound]
info: Research/CirculantQ3.lean:189:0: 'CirculantQ3.exactEnergy_strict' depends on axioms: [propext, Classical.choice, Quot.sound]
info: Research/CirculantQ3.lean:190:0: 'CirculantQ3.exactEnergy_star' depends on axioms: [propext, Classical.choice, Quot.sound]
Build completed successfully (8924 jobs).
     1254.81 real       166.83 user       577.47 sys
         19804602368  maximum resident set size
                   0  average shared memory size
                   0  average unshared data size
                   0  average unshared stack size
           144930606  page reclaims
              278394  page faults
                   0  swaps
                   0  block input operations
                   0  block output operations
                   0  messages sent
                   0  messages received
                   0  signals received
             1154463  voluntary context switches
             7861922  involuntary context switches
         55348095193  instructions retired
         24266510676  cycles elapsed
           319972920  peak memory footprint
exit=0
2026-09-28T21:10:01Z
