n=3 shard=0/3 dist={0: 1}
n=4 shard=0/3 dist={0: 1}
n=5 shard=0/3 dist={0: 1, 1: 1}
MULTI 6 (2, 0, 0) ['x - 2', 'x - 1']
n=6 shard=0/3 dist={0: 2, 2: 1}
n=7 shard=0/3 dist={0: 2, 1: 2}
n=8 shard=0/3 dist={0: 5}
n=9 shard=0/3 dist={0: 8}
n=10 shard=0/3 dist={0: 8, 1: 2}
n=11 shard=0/3 dist={0: 11, 1: 3}
n=12 shard=0/3 dist={0: 18, 1: 1}
n=13 shard=0/3 dist={0: 26}
n=14 shard=0/3 dist={0: 31, 1: 3}
n=15 shard=0/3 dist={0: 41, 1: 4}
MULTI 16 (3, 1, 1, 1, 1, 0, 0, 0) ['x - 3', 'x**2 - x - 1']
n=16 shard=0/3 dist={0: 55, 1: 3, 2: 1}
MULTI 17 (7, 1, 1, 1, 1) ['x - 3', 'x - 2']
n=17 shard=0/3 dist={0: 70, 1: 6, 2: 1}
n=18 shard=0/3 dist={0: 93, 1: 6}
n=19 shard=0/3 dist={0: 123, 1: 6}
n=20 shard=0/3 dist={0: 160, 1: 4}
n=21 shard=0/3 dist={0: 206, 1: 3}
n=22 shard=0/3 dist={0: 262, 1: 2}
n=23 shard=0/3 dist={0: 330, 1: 4}
MULTI 24 (6, 3, 2, 0, 0, 0, 0, 0, 0, 0, 0, 0) ['x**2 - 2*x - 6', 'x**2 - x - 3']
n=24 shard=0/3 dist={0: 407, 1: 11, 2: 1}
n=25 shard=0/3 dist={0: 515, 1: 10}
MULTI 26 (12, 0, 0, 0, 0, 0, 0, 0, 0, 0, 0, 0, 0) ['x - 4', 'x - 3']
n=26 shard=0/3 dist={0: 638, 1: 14, 2: 1}
MULTI 27 (6, 6, 2, 2, 1, 1, 1) ['x - 2', 'x**2 - 2*x - 4']
MULTI 27 (3, 3, 2, 2, 2, 2, 0, 0, 0, 0, 0, 0) ['x - 1', 'x**2 - 2*x - 6']
n=27 shard=0/3 dist={0: 794, 1: 16, 2: 2}
n=28 shard=0/3 dist={0: 991, 1: 13}
n=29 shard=0/3 dist={0: 1226, 1: 14}
n=30 shard=0/3 dist={0: 1508, 1: 14}
n=31 shard=0/3 dist={0: 1853, 1: 15}
n=32 shard=0/3 dist={0: 2264, 1: 17}
n=33 shard=0/3 dist={0: 2769, 1: 14}
n=34 shard=0/3 dist={0: 3350, 1: 31}
MULTI 35 (7, 7, 7, 3, 1, 1, 1) ['x - 2', 'x**2 - 2*x - 5']
MULTI 35 (13, 1, 1, 1, 1, 1, 1, 1, 1, 1, 1) ['x - 4', 'x - 3']
n=35 shard=0/3 dist={0: 4062, 1: 40, 2: 2}
n=36 shard=0/3 dist={0: 4909, 1: 52}
MULTI 37 (11, 1, 1, 1, 1, 1, 1, 1, 1, 1, 1, 1, 1) ['x - 4', 'x - 3']
n=37 shard=0/3 dist={0: 5926, 1: 66, 2: 1}
MULTI 38 (8, 8, 8, 2, 2, 2, 0) ['x - 2', 'x**2 - 3*x - 2']
MULTI 38 (10, 8, 5, 3, 1, 1, 0, 0, 0) ['x - 3', 'x - 2']
MULTI 38 (3, 3, 3, 2, 1, 1, 1, 1, 1, 1, 1, 1, 0, 0, 0, 0, 0, 0) ['x**2 - 3*x - 6', 'x**2 - x - 1']
n=38 shard=0/3 dist={0: 7141, 1: 69, 2: 3}
n=39 shard=0/3 dist={0: 8614, 1: 58}
n=40 shard=0/3 dist={0: 10338, 1: 57}
