n=3 shard=1/3 dist={0: 1}
n=4 shard=1/3 dist={1: 1}
n=5 shard=1/3 dist={0: 1, 1: 1}
n=6 shard=1/3 dist={0: 2}
n=7 shard=1/3 dist={0: 4}
n=8 shard=1/3 dist={0: 5}
n=9 shard=1/3 dist={0: 7}
n=10 shard=1/3 dist={0: 9, 1: 1}
n=11 shard=1/3 dist={0: 13, 1: 1}
n=12 shard=1/3 dist={0: 17, 1: 2}
n=13 shard=1/3 dist={0: 26}
n=14 shard=1/3 dist={0: 32, 1: 2}
n=15 shard=1/3 dist={0: 39, 1: 6}
n=16 shard=1/3 dist={0: 56, 1: 3}
n=17 shard=1/3 dist={0: 72, 1: 5}
n=18 shard=1/3 dist={0: 95, 1: 4}
n=19 shard=1/3 dist={0: 125, 1: 3}
n=20 shard=1/3 dist={0: 159, 1: 4}
n=21 shard=1/3 dist={0: 207, 1: 2}
n=22 shard=1/3 dist={0: 258, 1: 6}
MULTI 23 (6, 6, 3, 3) ['x - 3', 'x - 2']
n=23 shard=1/3 dist={0: 326, 1: 7, 2: 1}
n=24 shard=1/3 dist={0: 410, 1: 8}
n=25 shard=1/3 dist={0: 510, 1: 15}
n=26 shard=1/3 dist={0: 635, 1: 18}
MULTI 27 (8, 8, 1, 1, 1, 0, 0) ['x - 2', 'x**2 - 4*x + 2']
MULTI 27 (8, 5, 2, 2, 0, 0, 0, 0, 0) ['x - 2', 'x**3 - 2*x**2 - 8*x + 10']
MULTI 27 (5, 5, 3, 2, 2, 0, 0, 0, 0) ['x - 2', 'x - 1']
n=27 shard=1/3 dist={0: 790, 1: 19, 2: 3}
MULTI 28 (6, 4, 3, 2, 1, 1, 1, 1) ['x**2 - x - 3', 'x**3 - 3*x**2 - 4*x + 10']
n=28 shard=1/3 dist={0: 985, 1: 17, 2: 1}
n=29 shard=1/3 dist={0: 1224, 1: 15}
n=30 shard=1/3 dist={0: 1505, 1: 17}
n=31 shard=1/3 dist={0: 1856, 1: 12}
n=32 shard=1/3 dist={0: 2269, 1: 12}
MULTI 33 (6, 6, 6, 3, 2, 0, 0, 0, 0) ['x - 2', 'x**3 - 4*x**2 + 6']
n=33 shard=1/3 dist={0: 2765, 1: 17, 2: 1}
MULTI 34 (6, 6, 6, 1, 1, 1, 0, 0, 0, 0, 0, 0) ['x - 2', 'x**2 - 3*x - 3']
MULTI 34 (10, 6, 0, 0, 0, 0, 0, 0, 0, 0, 0, 0, 0, 0, 0, 0, 0) ['x - 3', 'x**2 - 2*x - 10']
n=34 shard=1/3 dist={0: 3346, 1: 33, 2: 2}
n=35 shard=1/3 dist={0: 4067, 1: 36}
n=36 shard=1/3 dist={0: 4921, 1: 40}
n=37 shard=1/3 dist={0: 5929, 1: 63}
n=38 shard=1/3 dist={0: 7167, 1: 45}
n=39 shard=1/3 dist={0: 8617, 1: 55}
MULTI 40 (4, 4, 4, 4, 4, 1, 1, 1, 1, 1, 0, 0, 0, 0) ['x - 4', 'x**2 - x - 1']
n=40 shard=1/3 dist={0: 10347, 1: 47, 2: 1}
