n=3 shard=2/3 dist={}
n=4 shard=2/3 dist={0: 1}
n=5 shard=2/3 dist={0: 1}
n=6 shard=2/3 dist={0: 2}
n=7 shard=2/3 dist={0: 3}
n=8 shard=2/3 dist={0: 3, 1: 2}
n=9 shard=2/3 dist={0: 7}
n=10 shard=2/3 dist={0: 7, 1: 3}
n=11 shard=2/3 dist={0: 14}
n=12 shard=2/3 dist={0: 17, 1: 1}
n=13 shard=2/3 dist={0: 22, 1: 3}
MULTI 14 (6, 0, 0, 0, 0, 0, 0) ['x - 3', 'x - 2']
n=14 shard=2/3 dist={0: 31, 1: 1, 2: 1}
n=15 shard=2/3 dist={0: 40, 1: 5}
n=16 shard=2/3 dist={0: 51, 1: 7}
n=17 shard=2/3 dist={0: 71, 1: 6}
n=18 shard=2/3 dist={0: 98, 1: 1}
MULTI 19 (5, 1, 1, 1, 1, 1, 1) ['x - 3', 'x - 2']
n=19 shard=2/3 dist={0: 124, 1: 3, 2: 1}
MULTI 20 (3, 3, 3, 3, 0, 0, 0) ['x - 3', 'x - 1']
n=20 shard=2/3 dist={0: 156, 1: 6, 2: 1}
n=21 shard=2/3 dist={0: 207, 1: 2}
n=22 shard=2/3 dist={0: 256, 1: 8}
n=23 shard=2/3 dist={0: 330, 1: 4}
n=24 shard=2/3 dist={0: 413, 1: 5}
MULTI 25 (5, 5, 3, 3, 3) ['x - 3', 'x - 2']
n=25 shard=2/3 dist={0: 514, 1: 10, 2: 1}
n=26 shard=2/3 dist={0: 637, 1: 15}
n=27 shard=2/3 dist={0: 802, 1: 10}
n=28 shard=2/3 dist={0: 989, 1: 14}
n=29 shard=2/3 dist={0: 1224, 1: 15}
MULTI 30 (2, 2, 2, 2, 2, 2, 2, 0, 0, 0, 0, 0, 0, 0, 0) ['x - 4', 'x - 1']
n=30 shard=2/3 dist={0: 1505, 1: 15, 2: 1}
n=31 shard=2/3 dist={0: 1852, 1: 16}
MULTI 32 (12, 12, 3, 0) ['x - 2', 'x**2 - 3*x - 3']
n=32 shard=2/3 dist={0: 2265, 1: 14, 2: 1}
n=33 shard=2/3 dist={0: 2768, 1: 15}
MULTI 34 (6, 5, 5, 3, 0, 0, 0, 0, 0, 0, 0, 0, 0, 0) ['x - 2', 'x**3 - 12*x - 15']
n=34 shard=2/3 dist={0: 3353, 1: 27, 2: 1}
n=35 shard=2/3 dist={0: 4059, 1: 44}
MULTI 36 (10, 8, 7, 3, 0, 0, 0) ['x - 3', 'x - 2']
n=36 shard=2/3 dist={0: 4919, 1: 41, 2: 1}
n=37 shard=2/3 dist={0: 5934, 1: 58}
MULTI 38 (5, 5, 5, 2, 2, 2, 0, 0, 0, 0, 0, 0, 0, 0, 0, 0) ['x - 2', 'x**2 - 3*x - 5']
n=38 shard=2/3 dist={0: 7177, 1: 34, 2: 1}
MULTI 39 (10, 10, 8, 1, 0, 0, 0, 0, 0) ['x - 2', 'x**3 - 12*x - 10']
n=39 shard=2/3 dist={0: 8617, 1: 53, 2: 1}
MULTI 40 (11, 7, 7, 6, 3) ['x - 3', 'x**3 - 3*x**2 - 7*x + 17']
n=40 shard=2/3 dist={0: 10343, 1: 51, 2: 1}
