T(3, 1, 1, 1, 1, 0, 0, 0) n=16 b*=3 B=[0, 1, 3] N_I=1 N_II=1 N_ei=0 integer roots=[9]
   criterion (b'): 2(k0+1) = 8 > 4N_I + 2N_II + N_ei = 6
   family size 8, bad 1 (bound 6)
   good member: bare-row m=0 eps=+1  s=++++++++++-----+  Galois check: True
T(6, 3, 2, 0, 0, 0, 0, 0, 0, 0, 0, 0) n=24 b*=6 B=[0, 2, 3, 6] N_I=0 N_II=2 N_ei=0 integer roots=[]
   criterion (a') at beta=6: |L_beta| = 5 >= 2N_I + N_II + 1 = 3
   family size 10, bad 1 (bound 4)
   good member: leaf-row beta=6 Lambda=-4 eps=+1  s=+++++++++++++-+--+-----+  Galois check: True
T(8, 8, 1, 1, 1, 0, 0) n=27 b*=8 B=[0, 1, 8] N_I=1 N_II=1 N_ei=0 integer roots=[4]
   criterion (a') at beta=8: |L_beta| = 15 >= 2N_I + N_II + 1 = 4
   family size 30, bad 0 (bound 6)
   good member: leaf-row beta=8 Lambda=-14 eps=+1  s=+++++++++-----------------+  Galois check: True
T(8, 5, 2, 2, 0, 0, 0, 0, 0) n=27 b*=8 B=[0, 2, 5, 8] N_I=1 N_II=1 N_ei=0 integer roots=[4]
   criterion (a') at beta=8: |L_beta| = 7 >= 2N_I + N_II + 1 = 4
   family size 14, bad 2 (bound 6)
   good member: leaf-row beta=8 Lambda=-6 eps=+1  s=++++++++++-+-----++-------+  Galois check: True
T(6, 4, 3, 2, 1, 1, 1, 1) n=28 b*=6 B=[1, 2, 3, 4, 6] N_I=0 N_II=2 N_ei=0 integer roots=[]
   criterion (a') at beta=6: |L_beta| = 5 >= 2N_I + N_II + 1 = 3
   family size 10, bad 0 (bound 4)
   good member: leaf-row beta=6 Lambda=-4 eps=+1  s=++++++++++----+--+--++-----+  Galois check: True
T(2, 2) n=7 b*=2 B=[2] N_I=1 N_II=0 N_ei=0 integer roots=[4]
   not covered by (a')/(b'); N = 1; explicit good switching (first found, s_c=+1): s=+++++--  Galois check: True
   vertex order: centre, branches in nondecreasing size (2, 2), then leaves branch by branch
T(2, 0, 0) n=6 b*=2 B=[0, 2] N_I=2 N_II=0 N_ei=0 integer roots=[1, 4]
   not covered by (a')/(b'); N = 2; explicit good switching (first found, s_c=+1): s=+++-+-  Galois check: True
   vertex order: centre, branches in nondecreasing size (0, 0, 2), then leaves branch by branch
T(3,) n=5 b*=3 B=[3] N_I=1 N_II=0 N_ei=0 integer roots=[4]
   not covered by (a')/(b'); N = 1; explicit good switching (first found, s_c=+1): s=+++--  Galois check: True
   vertex order: centre, branches in nondecreasing size (3,), then leaves branch by branch
