6 (2, 0, 0) N= 2 Nei= 0 (a)= None (b)= None
14 (6, 0, 0, 0, 0, 0, 0) N= 2 Nei= 0 (a)= (6, 5) (b)= (6, 0)
16 (3, 1, 1, 1, 1, 0, 0, 0) N= 2 Nei= 0 (a)= None (b)= None
17 (7, 1, 1, 1, 1) N= 2 Nei= 0 (a)= (7, 6) (b)= None
19 (5, 1, 1, 1, 1, 1, 1) N= 2 Nei= 0 (a)= (1, 5) (b)= None
20 (3, 3, 3, 3, 0, 0, 0) N= 2 Nei= 0 (a)= (3, 11) (b)= None
23 (6, 6, 3, 3) N= 2 Nei= 0 (a)= (6, 11) (b)= None
24 (6, 3, 2, 0, 0, 0, 0, 0, 0, 0, 0, 0) N= 2 Nei= 0 (a)= (6, 5) (b)= (9, 0)
25 (5, 5, 3, 3, 3) N= 2 Nei= 0 (a)= (5, 9) (b)= None
26 (12, 0, 0, 0, 0, 0, 0, 0, 0, 0, 0, 0, 0) N= 2 Nei= 0 (a)= (12, 11) (b)= (12, 0)
27 (3, 3, 2, 2, 2, 2, 0, 0, 0, 0, 0, 0) N= 2 Nei= 0 (a)= (3, 5) (b)= (6, 0)
27 (5, 5, 3, 2, 2, 0, 0, 0, 0) N= 2 Nei= 0 (a)= (5, 9) (b)= (4, 0)
27 (6, 6, 2, 2, 1, 1, 1) N= 2 Nei= 0 (a)= (6, 11) (b)= None
27 (8, 5, 2, 2, 0, 0, 0, 0, 0) N= 2 Nei= 0 (a)= (8, 7) (b)= (5, 0)
27 (8, 8, 1, 1, 1, 0, 0) N= 2 Nei= 0 (a)= (8, 15) (b)= None
28 (6, 4, 3, 2, 1, 1, 1, 1) N= 2 Nei= 0 (a)= (6, 5) (b)= None
30 (2, 2, 2, 2, 2, 2, 2, 0, 0, 0, 0, 0, 0, 0, 0) N= 2 Nei= 0 (a)= (2, 13) (b)= (8, 0)
32 (12, 12, 3, 0) N= 2 Nei= 0 (a)= (12, 23) (b)= None
33 (6, 6, 6, 3, 2, 0, 0, 0, 0) N= 2 Nei= 0 (a)= (6, 17) (b)= (4, 0)
34 (6, 5, 5, 3, 0, 0, 0, 0, 0, 0, 0, 0, 0, 0) N= 2 Nei= 0 (a)= (6, 5) (b)= (10, 0)
34 (6, 6, 6, 1, 1, 1, 0, 0, 0, 0, 0, 0) N= 2 Nei= 0 (a)= (6, 17) (b)= (6, 0)
34 (10, 6, 0, 0, 0, 0, 0, 0, 0, 0, 0, 0, 0, 0, 0, 0, 0) N= 2 Nei= 0 (a)= (10, 9) (b)= (15, 0)
35 (7, 7, 7, 3, 1, 1, 1) N= 2 Nei= 0 (a)= (7, 20) (b)= None
35 (13, 1, 1, 1, 1, 1, 1, 1, 1, 1, 1) N= 2 Nei= 0 (a)= (13, 12) (b)= None
36 (10, 8, 7, 3, 0, 0, 0) N= 2 Nei= 0 (a)= (10, 9) (b)= None
37 (11, 1, 1, 1, 1, 1, 1, 1, 1, 1, 1, 1, 1) N= 2 Nei= 0 (a)= (11, 10) (b)= None
38 (3, 3, 3, 2, 1, 1, 1, 1, 1, 1, 1, 1, 0, 0, 0, 0, 0, 0) N= 2 Nei= 0 (a)= (3, 8) (b)= (6, 0)
38 (5, 5, 5, 2, 2, 2, 0, 0, 0, 0, 0, 0, 0, 0, 0, 0) N= 2 Nei= 0 (a)= (5, 14) (b)= (10, 0)
38 (8, 8, 8, 2, 2, 2, 0) N= 2 Nei= 0 (a)= (8, 23) (b)= None
38 (10, 8, 5, 3, 1, 1, 0, 0, 0) N= 2 Nei= 0 (a)= (10, 9) (b)= None
39 (10, 10, 8, 1, 0, 0, 0, 0, 0) N= 2 Nei= 0 (a)= (10, 19) (b)= (5, 0)
40 (4, 4, 4, 4, 4, 1, 1, 1, 1, 1, 0, 0, 0, 0) N= 2 Nei= 0 (a)= (4, 19) (b)= (4, 0)
40 (11, 7, 7, 6, 3) N= 2 Nei= 0 (a)= (11, 10) (b)= None
41 (16, 7, 7, 0, 0, 0, 0, 0, 0, 0) N= 2 Nei= 0 (a)= (16, 15) (b)= (7, 0)
42 (6, 6, 6, 5, 3, 3, 0, 0, 0, 0, 0, 0) N= 2 Nei= 0 (a)= (6, 17) (b)= (6, 0)
42 (6, 6, 6, 6, 6, 2, 0, 0, 0) N= 2 Nei= 0 (a)= (6, 29) (b)= None
42 (8, 8, 4, 4, 4, 0, 0, 0, 0, 0, 0, 0, 0) N= 2 Nei= 0 (a)= (8, 15) (b)= (8, 0)
42 (9, 9, 9, 2, 0, 0, 0, 0, 0, 0, 0, 0) N= 2 Nei= 0 (a)= (9, 26) (b)= (8, 0)
42 (11, 6, 6, 3, 3, 3, 0, 0, 0) N= 2 Nei= 0 (a)= (11, 10) (b)= None
42 (12, 12, 8, 0, 0, 0, 0, 0, 0) N= 3 Nei= 0 (a)= (12, 23) (b)= (6, 0)
42 (18, 2, 2, 2, 2, 2, 2, 2, 0) N= 2 Nei= 0 (a)= (18, 17) (b)= None
42 (20, 0, 0, 0, 0, 0, 0, 0, 0, 0, 0, 0, 0, 0, 0, 0, 0, 0, 0, 0, 0) N= 2 Nei= 0 (a)= (20, 19) (b)= (20, 0)
44 (10, 7, 6, 6, 3, 0, 0, 0, 0, 0, 0) N= 2 Nei= 0 (a)= (10, 9) (b)= (6, 0)
44 (16, 6, 3, 3, 3, 3, 2) N= 2 Nei= 0 (a)= (16, 15) (b)= None
44 (19, 4, 4, 4, 1, 1, 1, 1) N= 2 Nei= 0 (a)= (19, 18) (b)= None
multi-pair trees n<=44: 45 {'a': 43, 'b-only': 0, 'neither': 2} neither: [(6, (2, 0, 0), 2), (16, (3, 1, 1, 1, 1, 0, 0, 0), 2)]
