start 2026-09-26T20:12:07Z
cwd <project>/work/round6/switching/lean/replay-20260926T201207Z
lean Lean (version 4.33.1, arm64-apple-darwin24.6.0, commit 819816b2e0a3bf405af45ae5c7af2491d8f5bee6, Release)
mathlib rev 
375599ede626ff8dbbd04083d4fdcd49cadf0aac3a23736d42627eebd4234b29  lakefile.toml
9cb2278091171314d2816e57efa3c813f64d9da54bd82e5ecbdaf779c2b203e8  lake-manifest.json
3aac669c7a910ec2389f4e4f921b605adf6ebf2d1e0c9b9cd0be4d33f3f5db71  lean-toolchain
5525449cb89f810d02443cf2fe90751729a429de47194b1b3f6fc61559f474fa  Research.lean
cf33cae4f0ec4a21a35fb24c0f851bce94a3ab266490b6a76335b005a6220596  Research/SwitchingWalkProfile.lean
6647b0f06b4cf00c209d2f8e6c3156d6eba58d090bdbc62cedcd7981626b6276  Research/SwitchingWalkProfileAudit.lean
exit 0
end 2026-09-26T20:12:44Z
8
axioms: all within {propext, Classical.choice, Quot.sound}
<project>/work/round6/switching/lean/SwitchingWalkProfile.lean: OK
<project>/work/round6/switching/lean/SwitchingWalkProfileAudit.lean: OK
3be2db32b851bde3b474b98a410d67618e415efca682643a4c1672b04ef4c8cb  build.log
mathlib 0df444a360eaa60ab8c11dca51a86af692955474
plausible b7eb3304aeae834b12dda98993a37f6a41f6f0bb
LeanSearchClient 5f4d51b81cbd3f6b32b156bfad9056621a040404
importGraph 16f02aa7642864af59f1ff0e384a015994db9118
proofwidgets 4be2e3d5087eeb272cf5a8853b8f9dd025ef5957
aesop 3448c0bcc5ce01b2d1546e483ec3620e32df3d0e
Qq 92c15be17b7caf78c2ad767ec40f89052d908d81
batteries 4488d40d070b9700d4d5a6aa342f0d40c31b2a2d
Cli 6130a47896ce867c6a4a55373441e59e565bad0f
