d=2: identity Z_2K - Z_H = 2(q-1)(w0w2-w1^2): True;  (q-1)(w0w2-w1^2)>0 on grid q in (0,11], q!=1: True
d=3: identity Z_2K - Z_H = 2(q-1)(w0w2-w1^2): True;  (q-1)(w0w2-w1^2)>0 on grid q in (0,11], q!=1: True
d=4: identity Z_2K - Z_H = 2(q-1)(w0w2-w1^2): True;  (q-1)(w0w2-w1^2)>0 on grid q in (0,11], q!=1: True
d=5: identity Z_2K - Z_H = 2(q-1)(w0w2-w1^2): True;  (q-1)(w0w2-w1^2)>0 on grid q in (0,11], q!=1: True
  d=2 gamma=3/20: 8:K 16:K 32:K 64:K 96:K 128:K 192:K
  d=2 gamma=1/5: 8:H 16:K 32:K 64:H 96:H 128:H 192:H
  d=2 gamma=1/4: 8:= 16:K 32:H 64:H 96:H 128:H 192:H
  d=2 gamma=1/3: 8:= 16:K 32:H 64:H 96:H 128:H 192:H
  d=2 gamma=2/5: 8:= 16:= 32:H 64:H 96:H 128:H 192:H
  d=2 gamma=9/20: 8:= 16:= 32:= 64:H 96:K 128:H 192:H
  d=3 gamma=3/20: 12:H 24:K 48:H 96:K 144:K 192:K
  d=3 gamma=1/5: 12:H 24:K 48:K 96:H 144:H 192:H
  d=3 gamma=1/4: 12:H 24:K 48:H 96:H 144:H 192:H
  d=3 gamma=1/3: 12:= 24:H 48:H 96:H 144:H 192:H
  d=3 gamma=2/5: 12:= 24:= 48:H 96:H 144:H 192:H
  d=3 gamma=9/20: 12:= 24:= 48:= 96:H 144:K 192:H
  d=4 gamma=3/20: 16:H 32:H 64:K 128:K 192:K
  d=4 gamma=1/5: 16:K 32:H 64:H 128:H 192:H
  d=4 gamma=1/4: 16:K 32:H 64:H 128:H 192:H
  d=4 gamma=1/3: 16:= 32:K 64:H 128:H 192:H
  d=4 gamma=2/5: 16:= 32:H 64:K 128:H 192:H
  d=4 gamma=9/20: 16:= 32:= 64:H 128:K 192:H
