d=3 n=6 t*=1: failing t (union over 42 cands) = [1]
     prism: [1]
     switch1: [1]
d=4 n=8 t*=5: failing t (union over 43 cands) = [1, 3, 5]
     prism: [1, 3, 5]
     switch1: [1, 5]
     switch2: [1, 3, 5]
d=5 n=10 t*=11: failing t (union over 43 cands) = [1, 2, 3, 5, 7, 8, 11]
     prism: [1, 3, 5, 7, 8, 11]
     switch1: [1, 2, 3, 5, 7, 11]
     switch2: [1, 2, 3, 5, 7, 8, 11]
d=6 n=12 t*=19: failing t (union over 44 cands) = [1, 2, 3, 5, 7, 8, 11, 14, 15, 19]
     prism: [1, 2, 3, 5, 7, 8, 11, 14, 15, 19]
     switch1: [1, 2, 3, 5, 7, 11, 14, 19]
     switch2: [1, 2, 3, 5, 7, 8, 11, 14, 15, 19]
     switch3: [1, 2, 3, 5, 7, 8, 11, 14, 15, 19]
d=7 n=14 t*=29: failing t (union over 44 cands) = [1, 2, 3, 5, 7, 8, 11, 14, 15, 17, 19, 23, 24, 29]
     prism: [1, 2, 3, 5, 7, 8, 11, 14, 15, 19, 23, 24, 29]
     switch1: [1, 2, 3, 5, 7, 11, 14, 17, 19, 23, 29]
     switch2: [1, 2, 3, 5, 7, 8, 11, 14, 15, 17, 19, 23, 24, 29]
     switch3: [1, 2, 3, 5, 7, 8, 11, 14, 15, 19, 23, 24, 29]
d=8 n=16 t*=41: failing t (union over 45 cands) = [1, 2, 3, 5, 7, 8, 9, 11, 13, 14, 15, 17, 18, 19, 22, 23, 24, 27, 29, 34, 35, 41]
     prism: [3, 5, 7, 8, 11, 14, 15, 18, 19, 23, 24, 29, 34, 35, 41]
     switch1: [1, 2, 3, 5, 7, 9, 11, 13, 14, 17, 19, 23, 27, 29, 34, 41]
     switch2: [1, 2, 3, 5, 7, 9, 11, 14, 17, 19, 22, 23, 27, 29, 34, 35, 41]
     switch3: [2, 3, 5, 7, 8, 11, 14, 17, 19, 22, 23, 27, 29, 34, 35, 41]
     switch4: [2, 3, 5, 7, 11, 14, 15, 17, 19, 22, 23, 24, 27, 29, 34, 35, 41]
d=9 n=18 t*=55: failing t (union over 17 cands) = [1, 2, 3, 5, 7, 8, 9, 11, 13, 14, 15, 17, 18, 19, 22, 23, 24, 27, 28, 29, 31, 33, 34, 35, 39, 41, 47, 48, 55]
     prism: [5, 7, 8, 11, 14, 15, 18, 19, 23, 24, 28, 29, 34, 35, 41, 47, 48, 55]
     switch1: [1, 2, 3, 5, 7, 9, 11, 13, 14, 17, 19, 23, 27, 29, 31, 34, 39, 41, 47, 55]
     switch2: [2, 3, 5, 7, 9, 11, 13, 14, 17, 19, 22, 23, 27, 29, 33, 34, 39, 41, 47, 48, 55]
     switch3: [2, 3, 5, 7, 9, 11, 13, 14, 17, 19, 22, 23, 27, 29, 33, 34, 35, 39, 41, 47, 48, 55]
     switch4: [2, 3, 5, 7, 9, 11, 14, 17, 19, 22, 23, 27, 29, 33, 34, 35, 39, 41, 47, 48, 55]
d=10 n=20 t*=71: failing t (union over 18 cands) = [1, 2, 3, 5, 7, 9, 11, 13, 14, 15, 17, 18, 19, 22, 23, 24, 26, 27, 28, 29, 31, 33, 34, 35, 38, 39, 40, 41, 44, 46, 47, 48, 53, 55, 62, 63, 71]
     prism: [7, 11, 14, 15, 17, 18, 19, 23, 24, 27, 28, 29, 34, 35, 39, 40, 41, 47, 48, 55, 62, 63, 71]
     switch1: [1, 2, 3, 5, 7, 9, 11, 13, 14, 17, 19, 23, 26, 27, 29, 31, 34, 39, 41, 44, 47, 53, 55, 62, 71]
     switch2: [2, 3, 5, 7, 9, 11, 13, 14, 17, 19, 22, 23, 27, 29, 31, 33, 34, 38, 39, 41, 44, 46, 47, 53, 55, 62, 63, 71]
     switch3: [2, 3, 5, 7, 9, 11, 13, 14, 17, 19, 22, 23, 27, 29, 33, 34, 38, 39, 41, 44, 46, 47, 53, 55, 62, 63, 71]
     switch4: [2, 3, 5, 7, 9, 11, 13, 14, 17, 19, 22, 23, 27, 29, 33, 34, 35, 38, 39, 41, 44, 46, 47, 48, 53, 55, 62, 63, 71]
     switch5: [2, 3, 5, 7, 9, 11, 13, 14, 17, 19, 22, 23, 27, 29, 33, 34, 35, 38, 39, 41, 44, 46, 47, 48, 53, 55, 62, 63, 71]
