a=1 b=1 p=5 q=3 case i (Y00=+1): 0.0000:+-/--  0.1633:++/+-  0.3265:++/--  0.4898:+-/+-
a=1 b=1 p=5 q=3 case ii (Y00=-1): 0.0000:-+/+-  0.3265:-+/--  0.4898:--/+-  1.3061:--/--
a=1 b=1 p=3 q=5 case i (Y00=+1): 0.0000:+-/--  0.1633:++/+-  0.3265:+-/+-  0.4898:++/--
a=1 b=1 p=3 q=5 case ii (Y00=-1): 0.0000:-+/+-  0.3265:--/+-  0.4898:-+/--  1.3061:--/--
a=1 b=1 p=40 q=3 case i (Y00=+1): 0.0000:+-/--  0.2937:++/+-  0.3095:++/--  0.6032:+-/+-
a=1 b=1 p=40 q=3 case ii (Y00=-1): 0.0000:-+/+-  0.3095:-+/--  0.6032:--/+-  1.2381:--/--
a=1 b=1 p=7 q=5 case i (Y00=+1): 0.0000:+-/--  0.3567:++/+-  0.4586:++/--  0.5096:+-/+-
a=1 b=1 p=7 q=5 case ii (Y00=-1): 0.0000:-+/+-  0.4586:-+/--  0.5096:--/+-  1.2229:--/--
a=2 b=2 p=5 q=3 case i (Y00=+1): 0.0000:+-+/-+-/+--  0.0039:++-/--+/++-  0.0545:+-+/-++/++-  0.0545:++-/+-+/-+-
a=2 b=2 p=5 q=3 case ii (Y00=-1): 0.0000:-+-/+-+/-+-  0.1207:-++/+-+/-+-  0.1363:-+-/+-+/---  0.1479:-+-/+-+/++-
a=2 b=2 p=3 q=5 case i (Y00=+1): 0.0000:+-+/-+-/+--  0.0039:+-+/+-+/-+-  0.0545:++-/+-+/-+-  0.0545:+-+/-++/++-
a=2 b=2 p=3 q=5 case ii (Y00=-1): 0.0000:-+-/+-+/-+-  0.1207:-+-/+-+/++-  0.1363:-+-/+--/-+-  0.1479:-++/+-+/-+-
a=2 b=2 p=40 q=3 case i (Y00=+1): 0.0000:+-+/-+-/+--  0.0008:++-/--+/++-  0.0697:++-/--+/+--  0.0980:+-+/-++/++-
a=2 b=2 p=40 q=3 case ii (Y00=-1): 0.0000:-+-/+-+/-+-  0.1360:-++/+-+/-+-  0.1377:-+-/+-+/---  0.1711:-+-/+-+/++-
a=2 b=2 p=7 q=5 case i (Y00=+1): 0.0000:+-+/-+-/+--  0.0915:+-+/-++/++-  0.0915:++-/+-+/-+-  0.1392:++-/--+/++-
a=2 b=2 p=7 q=5 case ii (Y00=-1): 0.0000:-+-/+-+/-+-  0.1437:-++/+-+/-+-  0.1493:-+-/+-+/++-  0.1498:-+-/+-+/---
a=1 b=3 p=5 q=3 case i (Y00=+1): 0.0000:+-+-/-+--  0.0310:+--+/-++-  0.0310:++-+/--+-  0.0774:+--+/-+--
a=1 b=3 p=5 q=3 case ii (Y00=-1): 0.0000:-+-+/+-+-  0.1162:-+-+/+++-  0.1471:-+--/+-+-  0.1626:-++-/++--
a=1 b=3 p=3 q=5 case i (Y00=+1): 0.0000:+-+-/-+--  0.0582:++-+/-++-  0.0582:+--+/-+--  0.0637:+--+/--+-
a=1 b=3 p=3 q=5 case ii (Y00=-1): 0.0000:-+-+/+-+-  0.0831:-+-+/+++-  0.0942:-+--/+-+-  0.1163:-++-/++--
a=1 b=3 p=40 q=3 case i (Y00=+1): 0.0000:+-+-/-+--  0.0160:++-+/--+-  0.0160:+--+/-++-  0.0727:+--+/-+--
a=1 b=3 p=40 q=3 case ii (Y00=-1): 0.0000:-+-+/+-+-  0.1678:-+-+/+++-  0.1890:-+-+/--+-  0.1969:-+--/+-+-
a=1 b=3 p=7 q=5 case i (Y00=+1): 0.0000:+-+-/-+--  0.0946:++-+/--+-  0.0946:+--+/-++-  0.1113:+--+/--+-
a=1 b=3 p=7 q=5 case ii (Y00=-1): 0.0000:-+-+/+-+-  0.1590:-+-+/+++-  0.1691:-+--/+-+-  0.1775:-+-+/+---
a=3 b=1 p=5 q=3 case i (Y00=+1): 0.0000:+-/-+/+-/--  0.0582:+-/++/-+/+-  0.0582:+-/-+/--/+-  0.0637:+-/--/-+/+-
a=3 b=1 p=5 q=3 case ii (Y00=-1): 0.0000:-+/+-/-+/+-  0.0831:-+/++/-+/+-  0.0942:-+/+-/-+/--  0.1163:-+/++/+-/--
a=3 b=1 p=3 q=5 case i (Y00=+1): 0.0000:+-/-+/+-/--  0.0310:+-/-+/-+/+-  0.0310:+-/+-/-+/+-  0.0774:+-/--/-+/+-
a=3 b=1 p=3 q=5 case ii (Y00=-1): 0.0000:-+/+-/-+/+-  0.1162:-+/++/-+/+-  0.1471:-+/+-/-+/--  0.1626:-+/++/+-/--
a=3 b=1 p=40 q=3 case i (Y00=+1): 0.0000:+-/-+/+-/--  0.1115:+-/++/-+/+-  0.1115:+-/-+/--/+-  0.1115:+-/--/-+/+-
a=3 b=1 p=40 q=3 case ii (Y00=-1): 0.0000:-+/+-/-+/+-  0.1172:-+/++/-+/+-  0.1173:-+/+-/-+/--  0.1204:-+/+-/--/+-
a=3 b=1 p=7 q=5 case i (Y00=+1): 0.0000:+-/-+/+-/--  0.1155:+-/--/-+/+-  0.1294:+-/-+/--/+-  0.1294:+-/++/-+/+-
a=3 b=1 p=7 q=5 case ii (Y00=-1): 0.0000:-+/+-/-+/+-  0.1505:-+/++/-+/+-  0.1556:-+/+-/-+/--  0.1644:-+/+-/--/+-
a=3 b=3 p=5 q=3 case i (Y00=+1): 0.0000:+-+-/-+-+/+-+-/-+--  0.0305:++-+/+-+-/-+-+/+-+-  0.0305:+-+-/-+-+/+-++/-++-  0.0649:++-+/--+-/-+-+/+-+-
a=3 b=3 p=5 q=3 case ii (Y00=-1): 0.0000:-+-+/+-+-/-+-+/+-+-  0.0665:-+-+/+-+-/-+-+/+++-  0.0680:-+-+/+-+-/-+-+/--+-  0.0685:-+-+/+-++/-+-+/+-+-
a=3 b=3 p=3 q=5 case i (Y00=+1): 0.0000:+-+-/-+-+/+-+-/-+--  0.0305:+-+-/-+-+/+-++/-++-  0.0305:++-+/+-+-/-+-+/+-+-  0.0649:+--+/+-+-/-+-+/+-+-
a=3 b=3 p=3 q=5 case ii (Y00=-1): 0.0000:-+-+/+-+-/-+-+/+-+-  0.0665:-+-+/+-++/-+-+/+-+-  0.0680:-+--/+-+-/-+-+/+-+-  0.0685:-+-+/+-+-/-+-+/+++-
a=3 b=3 p=40 q=3 case i (Y00=+1): 0.0000:+-+-/-+-+/+-+-/-+--  0.0499:++-+/+-+-/-+-+/+-+-  0.0499:+-+-/-+-+/+-++/-++-  0.0649:+--+/-++-/+--+/-++-
a=3 b=3 p=40 q=3 case ii (Y00=-1): 0.0000:-+-+/+-+-/-+-+/+-+-  0.0700:-+-+/+-+-/-+-+/+++-  0.0751:-+-+/+-+-/-+-+/--+-  0.0756:-+-+/+-++/-+-+/+-+-
a=3 b=3 p=7 q=5 case i (Y00=+1): 0.0000:+-+-/-+-+/+-+-/-+--  0.0496:++-+/+-+-/-+-+/+-+-  0.0496:+-+-/-+-+/+-++/-++-  0.0750:+-+-/-+-+/+-+-/----
a=3 b=3 p=7 q=5 case ii (Y00=-1): 0.0000:-+-+/+-+-/-+-+/+-+-  0.0749:-+-+/+-+-/-+-+/+++-  0.0759:-+-+/+-+-/-+-+/--+-  0.0761:-+-+/+-++/-+-+/+-+-
a=2 b=4 p=5 q=3 case i (Y00=+1): 0.0000:+-+-+/-+-+-/+-+--  0.0280:+-++-/-+--+/+-++-  0.0280:++-+-/--+-+/++-+-  0.0312:+-+-+/-+-++/+-++-
a=2 b=4 p=5 q=3 case ii (Y00=-1): 0.0000:-+-+-/+-+-+/-+-+-  0.0735:-+-+-/+-+-+/++-+-  0.0767:-+-+-/+-+-+/---+-  0.0776:-+-++/+-+-+/-+-+-
a=2 b=4 p=3 q=5 case i (Y00=+1): 0.0000:+-+-+/-+-+-/+-+--  0.0322:++-+-/+-+-+/-+-+-  0.0322:+-+-+/-+-++/+-++-  0.0388:+-+-+/+-+-+/-+-+-
a=2 b=4 p=3 q=5 case ii (Y00=-1): 0.0000:-+-+-/+-+-+/-+-+-  0.0646:-+-+-/+-+-+/++-+-  0.0718:-+-+-/+-+--/-+-+-  0.0858:-+-++/+-+-+/-+-+-
a=2 b=4 p=40 q=3 case i (Y00=+1): 0.0000:+-+-+/-+-+-/+-+--  0.0265:++-+-/--+-+/++-+-  0.0265:+-++-/-+--+/+-++-  0.0551:++-+-/+-+-+/-+-+-
a=2 b=4 p=40 q=3 case ii (Y00=-1): 0.0000:-+-+-/+-+-+/-+-+-  0.0774:-+-+-/+-+-+/---+-  0.0852:-+-++/+-+-+/-+-+-  0.0859:-+-+-/+-+-+/-+---
a=2 b=4 p=7 q=5 case i (Y00=+1): 0.0000:+-+-+/-+-+-/+-+--  0.0523:++-+-/+-+-+/-+-+-  0.0523:+-+-+/-+-++/+-++-  0.0807:+-+--/-+-+-/+-+--
a=2 b=4 p=7 q=5 case ii (Y00=-1): 0.0000:-+-+-/+-+-+/-+-+-  0.0807:-+-+-/+-+-+/++-+-  0.0828:-+-+-/+-+-+/---+-  0.0832:-+-++/+-+-+/-+-+-
a=4 b=2 p=5 q=3 case i (Y00=+1): 0.0000:+-+/-+-/+-+/-+-/+--  0.0322:+-+/-+-/+-+/-++/++-  0.0322:++-/+-+/-+-/+-+/-+-  0.0388:++-/--+/++-/--+/++-
a=4 b=2 p=5 q=3 case ii (Y00=-1): 0.0000:-+-/+-+/-+-/+-+/-+-  0.0646:-++/+-+/-+-/+-+/-+-  0.0718:-+-/+-+/-+-/+-+/---  0.0858:-+-/+-+/-+-/+-+/++-
a=4 b=2 p=3 q=5 case i (Y00=+1): 0.0000:+-+/-+-/+-+/-+-/+--  0.0280:+-+/-+-/+-+/+-+/-+-  0.0280:+-+/+-+/-+-/+-+/-+-  0.0312:+-+/-+-/+-+/-++/++-
a=4 b=2 p=3 q=5 case ii (Y00=-1): 0.0000:-+-/+-+/-+-/+-+/-+-  0.0735:-++/+-+/-+-/+-+/-+-  0.0767:-+-/+--/-+-/+-+/-+-  0.0776:-+-/+-+/-+-/+-+/++-
a=4 b=2 p=40 q=3 case i (Y00=+1): 0.0000:+-+/-+-/+-+/-+-/+--  0.0375:++-/--+/++-/--+/++-  0.0527:++-/+-+/-+-/+-+/-+-  0.0527:+-+/-+-/+-+/-++/++-
a=4 b=2 p=40 q=3 case ii (Y00=-1): 0.0000:-+-/+-+/-+-/+-+/-+-  0.0731:-++/+-+/-+-/+-+/-+-  0.0740:-+-/+-+/-+-/+-+/---  0.0920:-+-/+-+/-+-/+-+/++-
a=4 b=2 p=7 q=5 case i (Y00=+1): 0.0000:+-+/-+-/+-+/-+-/+--  0.0514:+-+/-+-/+-+/-++/++-  0.0514:++-/+-+/-+-/+-+/-+-  0.0782:+-+/-+-/+-+/-+-/---
a=4 b=2 p=7 q=5 case ii (Y00=-1): 0.0000:-+-/+-+/-+-/+-+/-+-  0.0782:-++/+-+/-+-/+-+/-+-  0.0811:-+-/+-+/-+-/+-+/---  0.0839:-+-/+-+/-+-/+-+/++-
