reduction a=1 verified exactly on sample shapes
m=1 x=3 R=2: max=7.666667 target=7.666667 OK ties=3 relgap_next=0.3478 u=++ v=+-
m=1 x=3 R=2.5: max=9.833333 target=9.833333 OK ties=2 relgap_next=0.0678 u=+- v=--
m=1 x=3 R=3: max=12.000000 target=12.000000 OK ties=2 relgap_next=0.1111 u=+- v=--
m=1 x=3 R=4: max=16.333333 target=16.333333 OK ties=2 relgap_next=0.1633 u=+- v=--
m=1 x=3 R=6: max=25.000000 target=25.000000 OK ties=2 relgap_next=0.2133 u=-+ v=+-
m=1 x=3 R=10: max=42.333333 target=42.333333 OK ties=2 relgap_next=0.252 u=+- v=--
m=1 x=3 R=40: max=172.333333 target=172.333333 OK ties=2 relgap_next=0.294 u=+- v=--
m=1 x=3 R=200: max=865.666667 target=865.666667 OK ties=2 relgap_next=0.305 u=-+ v=+-
m=1 x=3.5 R=2: max=8.428571 target=8.428571 OK ties=2 relgap_next=0.0678 u=+- v=--
m=1 x=3.5 R=2.5: max=10.785714 target=10.785714 OK ties=2 relgap_next=0.1325 u=+- v=--
m=1 x=3.5 R=3: max=13.142857 target=13.142857 OK ties=2 relgap_next=0.1739 u=+- v=--
m=1 x=3.5 R=4: max=17.857143 target=17.857143 OK ties=2 relgap_next=0.224 u=+- v=--
m=1 x=3.5 R=6: max=27.285714 target=27.285714 OK ties=2 relgap_next=0.2723 u=+- v=--
m=1 x=3.5 R=10: max=46.142857 target=46.142857 OK ties=2 relgap_next=0.3096 u=+- v=--
m=1 x=3.5 R=40: max=187.571429 target=187.571429 OK ties=2 relgap_next=0.3503 u=+- v=--
m=1 x=3.5 R=200: max=941.857143 target=941.857143 OK ties=2 relgap_next=0.361 u=-+ v=+-
m=1 x=4 R=2: max=9.000000 target=9.000000 OK ties=2 relgap_next=0.1111 u=+- v=--
m=1 x=4 R=2.5: max=11.500000 target=11.500000 OK ties=2 relgap_next=0.1739 u=+- v=--
m=1 x=4 R=3: max=14.000000 target=14.000000 OK ties=2 relgap_next=0.2143 u=+- v=--
m=1 x=4 R=4: max=19.000000 target=19.000000 OK ties=2 relgap_next=0.2632 u=+- v=--
m=1 x=4 R=6: max=29.000000 target=29.000000 OK ties=2 relgap_next=0.3103 u=+- v=--
m=1 x=4 R=10: max=49.000000 target=49.000000 OK ties=2 relgap_next=0.3469 u=+- v=--
m=1 x=4 R=40: max=199.000000 target=199.000000 OK ties=2 relgap_next=0.3869 u=+- v=--
m=1 x=4 R=200: max=999.000000 target=999.000000 OK ties=2 relgap_next=0.3974 u=+- v=--
m=1 x=5 R=2: max=9.800000 target=9.800000 OK ties=2 relgap_next=0.1633 u=+- v=--
m=1 x=5 R=2.5: max=12.500000 target=12.500000 OK ties=2 relgap_next=0.224 u=+- v=--
m=1 x=5 R=3: max=15.200000 target=15.200000 OK ties=2 relgap_next=0.2632 u=+- v=--
m=1 x=5 R=4: max=20.600000 target=20.600000 OK ties=2 relgap_next=0.3107 u=+- v=--
m=1 x=5 R=6: max=31.400000 target=31.400000 OK ties=2 relgap_next=0.3567 u=+- v=--
m=1 x=5 R=10: max=53.000000 target=53.000000 OK ties=2 relgap_next=0.3925 u=+- v=--
m=1 x=5 R=40: max=215.000000 target=215.000000 OK ties=2 relgap_next=0.4316 u=+- v=--
m=1 x=5 R=200: max=1079.000000 target=1079.000000 OK ties=2 relgap_next=0.4419 u=-+ v=+-
m=1 x=7 R=2: max=10.714286 target=10.714286 OK ties=2 relgap_next=0.2133 u=+- v=--
m=1 x=7 R=2.5: max=13.642857 target=13.642857 OK ties=2 relgap_next=0.2723 u=+- v=--
m=1 x=7 R=3: max=16.571429 target=16.571429 OK ties=2 relgap_next=0.3103 u=+- v=--
m=1 x=7 R=4: max=22.428571 target=22.428571 OK ties=2 relgap_next=0.3567 u=+- v=--
m=1 x=7 R=6: max=34.142857 target=34.142857 OK ties=2 relgap_next=0.4017 u=+- v=--
m=1 x=7 R=10: max=57.571429 target=57.571429 OK ties=2 relgap_next=0.4367 u=-+ v=+-
m=1 x=7 R=40: max=233.285714 target=233.285714 OK ties=2 relgap_next=0.4752 u=+- v=--
m=1 x=7 R=200: max=1170.428571 target=1170.428571 OK ties=2 relgap_next=0.4853 u=+- v=--
m=1 x=11 R=2: max=11.545455 target=11.545455 OK ties=2 relgap_next=0.252 u=+- v=--
m=1 x=11 R=2.5: max=14.681818 target=14.681818 OK ties=2 relgap_next=0.3096 u=-+ v=+-
m=1 x=11 R=3: max=17.818182 target=17.818182 OK ties=2 relgap_next=0.3469 u=+- v=--
m=1 x=11 R=4: max=24.090909 target=24.090909 OK ties=2 relgap_next=0.3925 u=-+ v=+-
m=1 x=11 R=6: max=36.636364 target=36.636364 OK ties=2 relgap_next=0.4367 u=+- v=--
m=1 x=11 R=10: max=61.727273 target=61.727273 OK ties=2 relgap_next=0.4713 u=-+ v=+-
m=1 x=11 R=40: max=249.909091 target=249.909091 OK ties=2 relgap_next=0.5093 u=-+ v=+-
m=1 x=11 R=200: max=1253.545455 target=1253.545455 OK ties=2 relgap_next=0.5193 u=+- v=--
m=1 x=50 R=2: max=12.680000 target=12.680000 OK ties=2 relgap_next=0.2965 u=+- v=--
m=1 x=50 R=2.5: max=16.100000 target=16.100000 OK ties=2 relgap_next=0.3528 u=+- v=--
m=1 x=50 R=3: max=19.520000 target=19.520000 OK ties=2 relgap_next=0.3893 u=+- v=--
m=1 x=50 R=4: max=26.360000 target=26.360000 OK ties=2 relgap_next=0.434 u=+- v=--
m=1 x=50 R=6: max=40.040000 target=40.040000 OK ties=2 relgap_next=0.4775 u=+- v=--
m=1 x=50 R=10: max=67.400000 target=67.400000 OK ties=2 relgap_next=0.5116 u=+- v=--
m=1 x=50 R=40: max=272.600000 target=272.600000 OK ties=2 relgap_next=0.5491 u=+- v=--
m=1 x=50 R=200: max=1367.000000 target=1367.000000 OK ties=2 relgap_next=0.5589 u=+- v=--
m=3 x=3 R=2: max=17.740741 target=17.740741 OK ties=2 relgap_next=0.0334 u=+-+- v=-+--
m=3 x=3 R=2.5: max=22.870370 target=22.870370 OK ties=2 relgap_next=0.04211 u=+-+- v=-+--
m=3 x=3 R=3: max=28.000000 target=28.000000 OK ties=2 relgap_next=0.03704 u=+-+- v=-+--
m=3 x=3 R=4: max=38.259259 target=38.259259 OK ties=2 relgap_next=0.03098 u=+-+- v=-+--
m=3 x=3 R=6: max=58.777778 target=58.777778 OK ties=2 relgap_next=0.0252 u=-+-+ v=+-+-
m=3 x=3 R=10: max=99.814815 target=99.814815 OK ties=2 relgap_next=0.02078 u=+-+- v=-+--
m=3 x=3 R=40: max=407.592593 target=407.592593 OK ties=2 relgap_next=0.01599 u=-+-+ v=+-+-
m=3 x=3 R=200: max=2049.074074 target=2049.074074 OK ties=2 relgap_next=0.01475 u=+-+- v=-+--
m=3 x=3.5 R=2: max=19.565598 target=19.565598 OK ties=2 relgap_next=0.04113 u=+-+- v=-+--
m=3 x=3.5 R=2.5: max=25.217201 target=25.217201 OK ties=2 relgap_next=0.0659 u=+-+- v=-+--
m=3 x=3.5 R=3: max=30.868805 target=30.868805 OK ties=2 relgap_next=0.06082 u=+-+- v=-+--
m=3 x=3.5 R=4: max=42.172012 target=42.172012 OK ties=2 relgap_next=0.05475 u=+-+- v=-+--
m=3 x=3.5 R=6: max=64.778426 target=64.778426 OK ties=2 relgap_next=0.04897 u=+-+- v=-+--
m=3 x=3.5 R=10: max=109.991254 target=109.991254 OK ties=2 relgap_next=0.04453 u=+-+- v=-+--
m=3 x=3.5 R=40: max=449.087464 target=449.087464 OK ties=2 relgap_next=0.03973 u=+-+- v=-+--
m=3 x=3.5 R=200: max=2257.600583 target=2257.600583 OK ties=2 relgap_next=0.03848 u=+-+- v=-+--
m=3 x=4 R=2: max=21.000000 target=21.000000 OK ties=2 relgap_next=0.04762 u=+-+- v=-+--
m=3 x=4 R=2.5: max=27.062500 target=27.062500 OK ties=2 relgap_next=0.07044 u=+-+- v=-+--
m=3 x=4 R=3: max=33.125000 target=33.125000 OK ties=2 relgap_next=0.07925 u=+-+- v=-+--
m=3 x=4 R=4: max=45.250000 target=45.250000 OK ties=2 relgap_next=0.0732 u=+-+- v=-+--
m=3 x=4 R=6: max=69.500000 target=69.500000 OK ties=2 relgap_next=0.06745 u=+-+- v=-+--
m=3 x=4 R=10: max=118.000000 target=118.000000 OK ties=2 relgap_next=0.06303 u=+-+- v=-+--
m=3 x=4 R=40: max=481.750000 target=481.750000 OK ties=2 relgap_next=0.05825 u=+-+- v=-+--
m=3 x=4 R=200: max=2421.750000 target=2421.750000 OK ties=2 relgap_next=0.05701 u=+-+- v=-+--
m=3 x=5 R=2: max=23.112000 target=23.112000 OK ties=2 relgap_next=0.05815 u=+-+- v=-+--
m=3 x=5 R=2.5: max=29.780000 target=29.780000 OK ties=2 relgap_next=0.07898 u=+-+- v=-+--
m=3 x=5 R=3: max=36.448000 target=36.448000 OK ties=2 relgap_next=0.08867 u=+-+- v=-+--
m=3 x=5 R=4: max=49.784000 target=49.784000 OK ties=2 relgap_next=0.1003 u=+-+- v=-+--
m=3 x=5 R=6: max=76.456000 target=76.456000 OK ties=2 relgap_next=0.09459 u=+-+- v=-+--
m=3 x=5 R=10: max=129.800000 target=129.800000 OK ties=2 relgap_next=0.09023 u=+-+- v=-+--
m=3 x=5 R=40: max=529.880000 target=529.880000 OK ties=2 relgap_next=0.08551 u=+-+- v=-+--
m=3 x=5 R=200: max=2663.640000 target=2663.640000 OK ties=2 relgap_next=0.08429 u=+-+- v=-+--
m=3 x=7 R=2: max=25.688047 target=25.688047 OK ties=2 relgap_next=0.07264 u=+-+- v=-+--
m=3 x=7 R=2.5: max=33.094752 target=33.094752 OK ties=2 relgap_next=0.09215 u=+-+- v=-+--
m=3 x=7 R=3: max=40.501458 target=40.501458 OK ties=2 relgap_next=0.1028 u=+-+- v=-+--
m=3 x=7 R=4: max=55.314869 target=55.314869 OK ties=2 relgap_next=0.1155 u=+-+- v=-+--
m=3 x=7 R=6: max=84.941691 target=84.941691 OK ties=2 relgap_next=0.1277 u=+-+- v=-+--
m=3 x=7 R=10: max=144.195335 target=144.195335 OK ties=2 relgap_next=0.1234 u=+-+- v=-+--
m=3 x=7 R=40: max=588.597668 target=588.597668 OK ties=2 relgap_next=0.1188 u=+-+- v=-+--
m=3 x=7 R=200: max=2958.743440 target=2958.743440 OK ties=2 relgap_next=0.1176 u=+-+- v=-+--
m=3 x=11 R=2: max=28.194591 target=28.194591 OK ties=2 relgap_next=0.08826 u=+-+- v=-+--
m=3 x=11 R=2.5: max=36.319684 target=36.319684 OK ties=2 relgap_next=0.1074 u=-+-+ v=+-+-
m=3 x=11 R=3: max=44.444778 target=44.444778 OK ties=2 relgap_next=0.1188 u=+-+- v=-+--
m=3 x=11 R=4: max=60.694966 target=60.694966 OK ties=2 relgap_next=0.1325 u=+-+- v=-+--
m=3 x=11 R=6: max=93.195342 target=93.195342 OK ties=2 relgap_next=0.1456 u=+-+- v=-+--
m=3 x=11 R=10: max=158.196093 target=158.196093 OK ties=2 relgap_next=0.1556 u=+-+- v=-+--
m=3 x=11 R=40: max=645.701728 target=645.701728 OK ties=2 relgap_next=0.1511 u=+-+- v=-+--
m=3 x=11 R=200: max=3245.731781 target=3245.731781 OK ties=2 relgap_next=0.1499 u=+-+- v=-+--
m=3 x=50 R=2: max=31.894272 target=31.894272 OK ties=2 relgap_next=0.1134 u=+-+- v=-+--
m=3 x=50 R=2.5: max=41.078240 target=41.078240 OK ties=2 relgap_next=0.133 u=+-+- v=-+--
m=3 x=50 R=3: max=50.262208 target=50.262208 OK ties=2 relgap_next=0.1454 u=+-+- v=-+--
m=3 x=50 R=4: max=68.630144 target=68.630144 OK ties=2 relgap_next=0.1603 u=+-+- v=-+--
m=3 x=50 R=6: max=105.366016 target=105.366016 OK ties=2 relgap_next=0.1745 u=+-+- v=-+--
m=3 x=50 R=10: max=178.837760 target=178.837760 OK ties=2 relgap_next=0.1853 u=+-+- v=-+--
m=3 x=50 R=40: max=729.875840 target=729.875840 OK ties=2 relgap_next=0.1971 u=+-+- v=-+--
m=3 x=50 R=200: max=3668.745600 target=3668.745600 OK ties=2 relgap_next=0.197 u=+-+- v=-+--
m=5 x=3 R=2: max=27.748971 target=27.748971 OK ties=2 relgap_next=0.01661 u=+-+-+- v=-+-+--
m=5 x=3 R=2.5: max=35.874486 target=35.874486 OK ties=2 relgap_next=0.0195 u=+-+-+- v=-+-+--
m=5 x=3 R=3: max=44.000000 target=44.000000 OK ties=2 relgap_next=0.01609 u=+-+-+- v=-+-+--
m=5 x=3 R=4: max=60.251029 target=60.251029 OK ties=2 relgap_next=0.01202 u=+-+-+- v=-+-+--
m=5 x=3 R=6: max=92.753086 target=92.753086 OK ties=2 relgap_next=0.008164 u=+-+-+- v=-+-+--
m=5 x=3 R=10: max=157.757202 target=157.757202 OK ties=2 relgap_next=0.005217 u=+-+-+- v=-+-+--
m=5 x=3 R=40: max=645.288066 target=645.288066 OK ties=2 relgap_next=0.002041 u=-+-+-+ v=+-+-+-
m=5 x=3 R=200: max=3245.452675 target=3245.452675 OK ties=2 relgap_next=0.001217 u=+-+-+- v=-+-+--
m=7 x=3 R=2: max=37.749886 target=37.749886 OK ties=2 relgap_next=0.01182 u=+-+-+-+- v=-+-+-+--
m=7 x=3 R=2.5: max=48.874943 target=48.874943 OK ties=2 relgap_next=0.01372 u=+-+-+-+- v=-+-+-+--
m=7 x=3 R=3: max=60.000000 target=60.000000 OK ties=2 relgap_next=0.01119 u=-+-+-+-+ v=+-+-+-+-
m=7 x=3 R=4: max=82.250114 target=82.250114 OK ties=2 relgap_next=0.008183 u=+-+-+-+- v=-+-+-+--
m=7 x=3 R=6: max=126.750343 target=126.750343 OK ties=2 relgap_next=0.005339 u=-+-+-+-+ v=+-+-+-+-
m=7 x=3 R=10: max=215.750800 target=215.750800 OK ties=2 relgap_next=0.003171 u=-+-+-+-+ v=+-+-+-+-
m=7 x=3 R=40: max=883.254230 target=883.254230 OK ties=2 relgap_next=0.0008366 u=+-+-+-+- v=-+-+-+--
m=7 x=3 R=200: max=4443.272519 target=4443.272519 OK ties=2 relgap_next=0.0002322 u=-+-+-+-+ v=+-+-+-+-
m=9 x=3 R=2: max=47.749987 target=47.749987 OK ties=2 relgap_next=0.009312 u=-+-+-+-+-+ v=+-+-+-+-+-
m=9 x=3 R=2.5: max=61.874994 target=61.874994 OK ties=2 relgap_next=0.01078 u=-+-+-+-+-+ v=+-+-+-+-+-
m=9 x=3 R=3: max=76.000000 target=76.000000 OK ties=2 relgap_next=0.008779 u=-+-+-+-+-+ v=+-+-+-+-+-
m=9 x=3 R=4: max=104.250013 target=104.250013 OK ties=2 relgap_next=0.006402 u=-+-+-+-+-+ v=+-+-+-+-+-
m=9 x=3 R=6: max=160.750038 target=160.750038 OK ties=2 relgap_next=0.004154 u=+-+-+-+-+- v=-+-+-+-+--
m=9 x=3 R=10: max=273.750089 target=273.750089 OK ties=2 relgap_next=0.002442 u=-+-+-+-+-+ v=+-+-+-+-+-
m=9 x=3 R=40: max=1121.250470 target=1121.250470 OK ties=2 relgap_next=0.0006017 u=-+-+-+-+-+ v=+-+-+-+-+-
m=9 x=3 R=200: max=5641.252502 target=5641.252502 OK ties=2 relgap_next=0.0001254 u=-+-+-+-+-+ v=+-+-+-+-+-
m=11 x=3 R=2: max=57.749999 target=57.749999 OK ties=2 relgap_next=0.007696 u=-+-+-+-+-+-+ v=+-+-+-+-+-+-
m=11 x=3 R=2.5: max=74.874999 target=74.874999 OK ties=2 relgap_next=0.008904 u=-+-+-+-+-+-+ v=+-+-+-+-+-+-
m=11 x=3 R=3: max=92.000000 target=92.000000 OK ties=2 relgap_next=0.007247 u=-+-+-+-+-+-+ v=+-+-+-+-+-+-
m=11 x=3 R=4: max=126.250001 target=126.250001 OK ties=2 relgap_next=0.005281 u=-+-+-+-+-+-+ v=+-+-+-+-+-+-
m=11 x=3 R=6: max=194.750004 target=194.750004 OK ties=2 relgap_next=0.003424 u=-+-+-+-+-+-+ v=+-+-+-+-+-+-
m=11 x=3 R=10: max=331.750010 target=331.750010 OK ties=2 relgap_next=0.00201 u=-+-+-+-+-+-+ v=+-+-+-+-+-+-
m=11 x=3 R=40: max=1359.250052 target=1359.250052 OK ties=2 relgap_next=0.0004911 u=-+-+-+-+-+-+ v=+-+-+-+-+-+-
m=11 x=3 R=200: max=6839.250278 target=6839.250278 OK ties=2 relgap_next=9.814e-05 u=-+-+-+-+-+-+ v=+-+-+-+-+-+-
worst relative margin (target-max)/target over scan: -3.912714257094602e-16
