a=1 b=1 p=5 q=3: max=49.000000 target=49.000000 OK ties=2 relgap_next=0.1633 argmax=['-+/+-', '+-/--']
a=1 b=1 p=3 q=5: max=49.000000 target=49.000000 OK ties=2 relgap_next=0.1633 argmax=['-+/+-', '+-/--']
a=1 b=1 p=5 q=5: max=103.000000 target=103.000000 OK ties=2 relgap_next=0.3107 argmax=['-+/+-', '+-/--']
a=1 b=1 p=3 q=3: max=23.000000 target=23.000000 OK ties=3 relgap_next=0.3478 argmax=['++/+-', '-+/+-', '+-/--']
a=1 b=1 p=4.5 q=3: max=42.500000 target=42.500000 OK ties=2 relgap_next=0.1412 argmax=['-+/+-', '+-/--']
a=1 b=1 p=4 q=3: max=36.000000 target=36.000000 OK ties=2 relgap_next=0.1111 argmax=['-+/+-', '+-/--']
a=1 b=1 p=5 q=2.5: max=35.500000 target=35.500000 OK ties=2 relgap_next=0.05634 argmax=['-+/+-', '+-/--']
a=1 b=1 p=7 q=3: max=75.000000 target=75.000000 OK ties=2 relgap_next=0.2133 argmax=['-+/+-', '+-/--']
a=1 b=1 p=11 q=3: max=127.000000 target=127.000000 OK ties=2 relgap_next=0.252 argmax=['-+/+-', '+-/--']
a=1 b=1 p=5 q=7: max=157.000000 target=157.000000 OK ties=2 relgap_next=0.3567 argmax=['-+/+-', '+-/--']
a=1 b=1 p=13 q=11: max=817.000000 target=817.000000 OK ties=2 relgap_next=0.4798 argmax=['-+/+-', '+-/--']
a=1 b=1 p=40 q=3: max=504.000000 target=504.000000 OK ties=2 relgap_next=0.2937 argmax=['-+/+-', '+-/--']
a=1 b=1 p=5 q=40: max=1048.000000 target=1048.000000 OK ties=2 relgap_next=0.4313 argmax=['-+/+-', '+-/--']
a=1 b=1 p=100 q=100: max=68408.000000 target=68408.000000 OK ties=2 relgap_next=0.5615 argmax=['-+/+-', '+-/--']
a=2 b=2 p=5 q=3: max=2055.000000 target=2055.000000 OK ties=2 relgap_next=0.003893 argmax=['-+-/+-+/-+-', '+-+/-+-/+--']
a=2 b=2 p=3 q=5: max=2055.000000 target=2055.000000 OK ties=2 relgap_next=0.003893 argmax=['-+-/+-+/-+-', '+-+/-+-/+--']
a=2 b=2 p=5 q=5: max=7343.000000 target=7343.000000 OK ties=2 relgap_next=0.07844 argmax=['-+-/+-+/-+-', '+-+/-+-/+--']
a=2 b=2 p=3 q=3: max=575.000000 target=575.000000 OK ties=6 relgap_next=nan argmax=['+-+/--+/++-', '++-/--+/++-', '+-+/+-+/-+-', '++-/+-+/-+-', '-+-/+-+/-+-', '+-+/-+-/+--']
a=2 b=2 p=4.5 q=3: max=1598.750000 target=1598.750000 OK ties=2 relgap_next=0.003753 argmax=['-+-/+-+/-+-', '+-+/-+-/+--']
a=2 b=2 p=4 q=3: max=1200.000000 target=1200.000000 OK ties=2 relgap_next=0.003333 argmax=['-+-/+-+/-+-', '+-+/-+-/+--']
a=2 b=2 p=5 q=2.5: max=1312.750000 target=1246.750000 FAIL ties=1 relgap_next=0 argmax=['++-/--+/++-']
a=2 b=2 p=7 q=3: max=4455.000000 target=4455.000000 OK ties=2 relgap_next=0.003591 argmax=['-+-/+-+/-+-', '+-+/-+-/+--']
a=2 b=2 p=11 q=3: max=12015.000000 target=12015.000000 OK ties=2 relgap_next=0.002663 argmax=['-+-/+-+/-+-', '+-+/-+-/+--']
a=2 b=2 p=5 q=7: max=15919.000000 target=15919.000000 OK ties=2 relgap_next=0.09146 argmax=['-+-/+-+/-+-', '+-+/-+-/+--']
a=2 b=2 p=13 q=11: max=358855.000000 target=358855.000000 OK ties=2 relgap_next=0.1325 argmax=['-+-/+-+/-+-', '+-+/-+-/+--']
a=2 b=2 p=40 q=3: max=176880.000000 target=176880.000000 OK ties=2 relgap_next=0.0008367 argmax=['-+-/+-+/-+-', '+-+/-+-/+--']
a=2 b=2 p=5 q=40: max=632128.000000 target=632128.000000 OK ties=2 relgap_next=0.1203 argmax=['-+-/+-+/-+-', '+-+/-+-/+--']
a=2 b=2 p=100 q=100: max=2228875208.000000 target=2228875208.000000 OK ties=2 relgap_next=0.1689 argmax=['-+-/+-+/-+-', '+-+/-+-/+--']
a=1 b=3 p=5 q=3: max=1033.000000 target=1033.000000 OK ties=2 relgap_next=0.03098 argmax=['-+-+/+-+-', '+-+-/-+--']
a=1 b=3 p=3 q=5: max=2889.000000 target=2889.000000 OK ties=2 relgap_next=0.05815 argmax=['-+-+/+-+-', '+-+-/-+--']
a=1 b=3 p=5 q=5: max=6223.000000 target=6223.000000 OK ties=2 relgap_next=0.1003 argmax=['-+-+/+-+-', '+-+-/-+--']
a=1 b=3 p=3 q=3: max=479.000000 target=479.000000 OK ties=2 relgap_next=0.0334 argmax=['-+-+/+-+-', '+-+-/-+--']
a=1 b=3 p=4.5 q=3: max=894.500000 target=894.500000 OK ties=2 relgap_next=0.03354 argmax=['-+-+/+-+-', '+-+-/-+--']
a=1 b=3 p=4 q=3: max=756.000000 target=756.000000 OK ties=2 relgap_next=0.03704 argmax=['-+-+/+-+-', '+-+-/-+--']
a=1 b=3 p=5 q=2.5: max=518.375000 target=517.375000 FAIL ties=2 relgap_next=0 argmax=['+--+/-++-', '++-+/--+-']
a=1 b=3 p=7 q=3: max=1587.000000 target=1587.000000 OK ties=2 relgap_next=0.0252 argmax=['-+-+/+-+-', '+-+-/-+--']
a=1 b=3 p=11 q=3: max=2695.000000 target=2695.000000 OK ties=2 relgap_next=0.02078 argmax=['-+-+/+-+-', '+-+-/-+--']
a=1 b=3 p=5 q=7: max=18973.000000 target=18973.000000 OK ties=2 relgap_next=0.1155 argmax=['-+-+/+-+-', '+-+-/-+--']
a=1 b=3 p=13 q=11: max=253817.000000 target=253817.000000 OK ties=2 relgap_next=0.1546 argmax=['-+-+/+-+-', '+-+-/-+--']
a=1 b=3 p=40 q=3: max=10728.000000 target=10728.000000 OK ties=2 relgap_next=0.01603 argmax=['-+-+/+-+-', '+-+-/-+--']
a=1 b=3 p=5 q=40: max=4355008.000000 target=4355008.000000 OK ties=2 relgap_next=0.1581 argmax=['-+-+/+-+-', '+-+-/-+--']
a=1 b=3 p=100 q=100: max=1844596808.000000 target=1844596808.000000 OK ties=2 relgap_next=0.2041 argmax=['-+-+/+-+-', '+-+-/-+--']
a=3 b=1 p=5 q=3: max=2889.000000 target=2889.000000 OK ties=2 relgap_next=0.05815 argmax=['-+/+-/-+/+-', '+-/-+/+-/--']
a=3 b=1 p=3 q=5: max=1033.000000 target=1033.000000 OK ties=2 relgap_next=0.03098 argmax=['-+/+-/-+/+-', '+-/-+/+-/--']
a=3 b=1 p=5 q=5: max=6223.000000 target=6223.000000 OK ties=2 relgap_next=0.1003 argmax=['-+/+-/-+/+-', '+-/-+/+-/--']
a=3 b=1 p=3 q=3: max=479.000000 target=479.000000 OK ties=2 relgap_next=0.0334 argmax=['-+/+-/-+/+-', '+-/-+/+-/--']
a=3 b=1 p=4.5 q=3: max=2019.125000 target=2019.125000 OK ties=2 relgap_next=0.05324 argmax=['-+/+-/-+/+-', '+-/-+/+-/--']
a=3 b=1 p=4 q=3: max=1344.000000 target=1344.000000 OK ties=2 relgap_next=0.04762 argmax=['-+/+-/-+/+-', '+-/-+/+-/--']
a=3 b=1 p=5 q=2.5: max=2055.500000 target=2055.500000 OK ties=2 relgap_next=0.01265 argmax=['-+/+-/-+/+-', '+-/-+/+-/--']
a=3 b=1 p=7 q=3: max=8811.000000 target=8811.000000 OK ties=2 relgap_next=0.07264 argmax=['-+/+-/-+/+-', '+-/-+/+-/--']
a=3 b=1 p=11 q=3: max=37527.000000 target=37527.000000 OK ties=2 relgap_next=0.08826 argmax=['-+/+-/-+/+-', '+-/-+/+-/--']
a=3 b=1 p=5 q=7: max=9557.000000 target=9557.000000 OK ties=2 relgap_next=0.09459 argmax=['-+/+-/-+/+-', '+-/-+/+-/--']
a=3 b=1 p=13 q=11: max=356185.000000 target=356185.000000 OK ties=2 relgap_next=0.1611 argmax=['-+/+-/-+/+-', '+-/-+/+-/--']
a=3 b=1 p=40 q=3: max=2023824.000000 target=2023824.000000 OK ties=2 relgap_next=0.1115 argmax=['-+/+-/-+/+-', '+-/-+/+-/--']
a=3 b=1 p=5 q=40: max=64568.000000 target=64568.000000 OK ties=2 relgap_next=0.08555 argmax=['-+/+-/-+/+-', '+-/-+/+-/--']
a=3 b=1 p=100 q=100: max=1844596808.000000 target=1844596808.000000 OK ties=2 relgap_next=0.2041 argmax=['-+/+-/-+/+-', '+-/-+/+-/--']
a=3 b=3 p=5 q=3: max=59553.000000 target=59553.000000 OK ties=2 relgap_next=0.03049 argmax=['-+-+/+-+-/-+-+/+-+-', '+-+-/-+-+/+-+-/-+--']
a=3 b=3 p=3 q=5: max=59553.000000 target=59553.000000 OK ties=2 relgap_next=0.03049 argmax=['-+-+/+-+-/-+-+/+-+-', '+-+-/-+-+/+-+-/-+--']
a=3 b=3 p=5 q=5: max=359543.000000 target=359543.000000 OK ties=2 relgap_next=0.04388 argmax=['-+-+/+-+-/-+-+/+-+-', '+-+-/-+-+/+-+-/-+--']
a=3 b=3 p=3 q=3: max=9863.000000 target=9863.000000 OK ties=2 relgap_next=0.01622 argmax=['-+-+/+-+-/-+-+/+-+-', '+-+-/-+-+/+-+-/-+--']
a=3 b=3 p=4.5 q=3: max=41616.125000 target=41616.125000 OK ties=2 relgap_next=0.02817 argmax=['-+-+/+-+-/-+-+/+-+-', '+-+-/-+-+/+-+-/-+--']
a=3 b=3 p=4 q=3: max=27696.000000 target=27696.000000 OK ties=2 relgap_next=0.02527 argmax=['-+-+/+-+-/-+-+/+-+-', '+-+-/-+-+/+-+-/-+--']
a=3 b=3 p=5 q=2.5: max=29762.375000 target=29762.375000 OK ties=2 relgap_next=0.02263 argmax=['-+-+/+-+-/-+-+/+-+-', '+-+-/-+-+/+-+-/-+--']
a=3 b=3 p=7 q=3: max=181683.000000 target=181683.000000 OK ties=2 relgap_next=0.03655 argmax=['-+-+/+-+-/-+-+/+-+-', '+-+-/-+-+/+-+-/-+--']
a=3 b=3 p=11 q=3: max=774015.000000 target=774015.000000 OK ties=2 relgap_next=0.04225 argmax=['-+-+/+-+-/-+-+/+-+-', '+-+-/-+-+/+-+-/-+--']
a=3 b=3 p=5 q=7: max=1096853.000000 target=1096853.000000 OK ties=2 relgap_next=0.0496 argmax=['-+-+/+-+-/-+-+/+-+-', '+-+-/-+-+/+-+-/-+--']
a=3 b=3 p=13 q=11: max=102745505.000000 target=102745505.000000 OK ties=2 relgap_next=0.06718 argmax=['-+-+/+-+-/-+-+/+-+-', '+-+-/-+-+/+-+-/-+--']
a=3 b=3 p=40 q=3: max=41757888.000000 target=41757888.000000 OK ties=2 relgap_next=0.04986 argmax=['-+-+/+-+-/-+-+/+-+-', '+-+-/-+-+/+-+-/-+--']
a=3 b=3 p=5 q=40: max=252084128.000000 target=252084128.000000 OK ties=2 relgap_next=0.06231 argmax=['-+-+/+-+-/-+-+/+-+-', '+-+-/-+-+/+-+-/-+--']
a=3 b=3 p=100 q=100: max=45423777355208.000000 target=45423777355208.000000 OK ties=2 relgap_next=0.08291 argmax=['-+-+/+-+-/-+-+/+-+-', '+-+-/-+-+/+-+-/-+--']
a=2 b=4 p=5 q=3: max=32871.000000 target=32871.000000 OK ties=2 relgap_next=0.02799 argmax=['-+-+-/+-+-+/-+-+-', '+-+-+/-+-+-/+-+--']
a=2 b=4 p=3 q=5: max=93055.000000 target=93055.000000 OK ties=2 relgap_next=0.03215 argmax=['-+-+-/+-+-+/-+-+-', '+-+-+/-+-+-/+-+--']
a=2 b=4 p=5 q=5: max=331943.000000 target=331943.000000 OK ties=2 relgap_next=0.04512 argmax=['-+-+-/+-+-+/-+-+-', '+-+-+/-+-+-/+-+--']
a=2 b=4 p=3 q=3: max=9215.000000 target=9215.000000 OK ties=2 relgap_next=0.01563 argmax=['-+-+-/+-+-+/-+-+-', '+-+-+/-+-+-/+-+--']
a=2 b=4 p=4.5 q=3: max=25574.750000 target=25574.750000 OK ties=2 relgap_next=0.02792 argmax=['-+-+-/+-+-+/-+-+-', '+-+-+/-+-+-/+-+--']
a=2 b=4 p=4 q=3: max=19200.000000 target=19200.000000 OK ties=2 relgap_next=0.02521 argmax=['-+-+-/+-+-+/-+-+-', '+-+-+/-+-+-/+-+--']
a=2 b=4 p=5 q=2.5: max=13744.937500 target=13701.437500 FAIL ties=2 relgap_next=0 argmax=['+-++-/-+--+/+-++-', '++-+-/--+-+/++-+-']
a=2 b=4 p=7 q=3: max=71271.000000 target=71271.000000 OK ties=2 relgap_next=0.02784 argmax=['-+-+-/+-+-+/-+-+-', '+-+-+/-+-+-/+-+--']
a=2 b=4 p=11 q=3: max=192303.000000 target=192303.000000 OK ties=2 relgap_next=0.02737 argmax=['-+-+-/+-+-+/-+-+-', '+-+-+/-+-+-/+-+--']
a=2 b=4 p=5 q=7: max=1421239.000000 target=1421239.000000 OK ties=2 relgap_next=0.05138 argmax=['-+-+-/+-+-+/-+-+-', '+-+-+/-+-+-/+-+--']
a=2 b=4 p=13 q=11: max=79783255.000000 target=79783255.000000 OK ties=2 relgap_next=0.07268 argmax=['-+-+-/+-+-+/-+-+-', '+-+-+/-+-+-/+-+--']
a=2 b=4 p=40 q=3: max=2833536.000000 target=2833536.000000 OK ties=2 relgap_next=0.02646 argmax=['-+-+-/+-+-+/-+-+-', '+-+-+/-+-+-/+-+--']
a=2 b=4 p=5 q=40: max=1878310528.000000 target=1878310528.000000 OK ties=2 relgap_next=0.06482 argmax=['-+-+-/+-+-+/-+-+-', '+-+-+/-+-+-/+-+--']
a=2 b=4 p=100 q=100: max=41580621115208.000000 target=41580621115208.000000 OK ties=2 relgap_next=0.09056 argmax=['-+-+-/+-+-+/-+-+-', '+-+-+/-+-+-/+-+--']
a=4 b=2 p=5 q=3: max=93055.000000 target=93055.000000 OK ties=2 relgap_next=0.03215 argmax=['-+-/+-+/-+-/+-+/-+-', '+-+/-+-/+-+/-+-/+--']
a=4 b=2 p=3 q=5: max=32871.000000 target=32871.000000 OK ties=2 relgap_next=0.02799 argmax=['-+-/+-+/-+-/+-+/-+-', '+-+/-+-/+-+/-+-/+--']
a=4 b=2 p=5 q=5: max=331943.000000 target=331943.000000 OK ties=2 relgap_next=0.04512 argmax=['-+-/+-+/-+-/+-+/-+-', '+-+/-+-/+-+/-+-/+--']
a=4 b=2 p=3 q=3: max=9215.000000 target=9215.000000 OK ties=2 relgap_next=0.01563 argmax=['-+-/+-+/-+-/+-+/-+-', '+-+/-+-/+-+/-+-/+--']
a=4 b=2 p=4.5 q=3: max=58475.937500 target=58475.937500 OK ties=2 relgap_next=0.02963 argmax=['-+-/+-+/-+-/+-+/-+-', '+-+/-+-/+-+/-+-/+--']
a=4 b=2 p=4 q=3: max=34560.000000 target=34560.000000 OK ties=2 relgap_next=0.0265 argmax=['-+-/+-+/-+-/+-+/-+-', '+-+/-+-/+-+/-+-/+--']
a=4 b=2 p=5 q=2.5: max=57362.750000 target=56596.750000 FAIL ties=1 relgap_next=0 argmax=['++-/--+/++-/--+/++-']
a=4 b=2 p=7 q=3: max=398415.000000 target=398415.000000 OK ties=2 relgap_next=0.03841 argmax=['-+-/+-+/-+-/+-+/-+-', '+-+/-+-/+-+/-+-/+--']
a=4 b=2 p=11 q=3: max=2674015.000000 target=2674015.000000 OK ties=2 relgap_next=0.03802 argmax=['-+-/+-+/-+-/+-+/-+-', '+-+/-+-/+-+/-+-/+--']
a=4 b=2 p=5 q=7: max=719719.000000 target=719719.000000 OK ties=2 relgap_next=0.05226 argmax=['-+-/+-+/-+-/+-+/-+-', '+-+/-+-/+-+/-+-/+--']
a=4 b=2 p=13 q=11: max=111667663.000000 target=111667663.000000 OK ties=2 relgap_next=0.07238 argmax=['-+-/+-+/-+-/+-+/-+-', '+-+/-+-/+-+/-+-/+--']
a=4 b=2 p=40 q=3: max=526520880.000000 target=526520880.000000 OK ties=2 relgap_next=0.03745 argmax=['-+-/+-+/-+-/+-+/-+-', '+-+/-+-/+-+/-+-/+--']
a=4 b=2 p=5 q=40: max=28613728.000000 target=28613728.000000 OK ties=2 relgap_next=0.06814 argmax=['-+-/+-+/-+-/+-+/-+-', '+-+/-+-/+-+/-+-/+--']
a=4 b=2 p=100 q=100: max=41580621115208.000000 target=41580621115208.000000 OK ties=2 relgap_next=0.09056 argmax=['-+-/+-+/-+-/+-+/-+-', '+-+/-+-/+-+/-+-/+--']
a=1 b=5 p=5 q=3: max=14641.000000 target=14641.000000 OK ties=2 relgap_next=0.01202 argmax=['-+-+-+/+-+-+-', '+-+-+-/-+-+--']
a=1 b=5 p=3 q=5: max=113889.000000 target=113889.000000 OK ties=2 relgap_next=0.03519 argmax=['-+-+-+/+-+-+-', '+-+-+-/-+-+--']
a=1 b=5 p=5 q=5: max=247223.000000 target=247223.000000 OK ties=2 relgap_next=0.06077 argmax=['-+-+-+/+-+-+-', '+-+-+-/-+-+--']
a=1 b=5 p=3 q=3: max=6743.000000 target=6743.000000 OK ties=2 relgap_next=0.01661 argmax=['-+-+-+/+-+-+-', '+-+-+-/-+-+--']
a=1 b=5 p=4.5 q=3: max=12666.500000 target=12666.500000 OK ties=2 relgap_next=0.01374 argmax=['-+-+-+/+-+-+-', '+-+-+-/-+-+--']
a=1 b=5 p=4 q=3: max=10692.000000 target=10692.000000 OK ties=2 relgap_next=0.01609 argmax=['-+-+-+/+-+-+-', '+-+-+-/-+-+--']
a=1 b=5 p=5 q=2.5: max=5133.218750 target=5075.968750 FAIL ties=2 relgap_next=0 argmax=['+-+--+/-+-++-', '++-+-+/--+-+-']
a=1 b=5 p=7 q=3: max=22539.000000 target=22539.000000 OK ties=2 relgap_next=0.008164 argmax=['-+-+-+/+-+-+-', '+-+-+-/-+-+--']
a=1 b=5 p=11 q=3: max=38335.000000 target=38335.000000 OK ties=2 relgap_next=0.005217 argmax=['-+-+-+/+-+-+-', '+-+-+-/-+-+--']
a=1 b=5 p=5 q=7: max=1484269.000000 target=1484269.000000 OK ties=2 relgap_next=0.07346 argmax=['-+-+-+/+-+-+-', '+-+-+-/-+-+--']
a=1 b=5 p=13 q=11: max=49500817.000000 target=49500817.000000 OK ties=2 relgap_next=0.09564 argmax=['-+-+-+/+-+-+-', '+-+-+-/-+-+--']
a=1 b=5 p=40 q=3: max=152856.000000 target=152856.000000 OK ties=2 relgap_next=0.002067 argmax=['-+-+-+/+-+-+-', '+-+-+-/-+-+--']
a=1 b=5 p=5 q=40: max=11253827008.000000 target=11253827008.000000 OK ties=2 relgap_next=0.09798 argmax=['-+-+-+/+-+-+-', '+-+-+-/-+-+--']
a=1 b=5 p=100 q=100: max=30051512596808.000000 target=30051512596808.000000 OK ties=2 relgap_next=0.1253 argmax=['-+-+-+/+-+-+-', '+-+-+-/-+-+--']
a=5 b=1 p=5 q=3: max=113889.000000 target=113889.000000 OK ties=2 relgap_next=0.03519 argmax=['-+/+-/-+/+-/-+/+-', '+-/-+/+-/-+/+-/--']
a=5 b=1 p=3 q=5: max=14641.000000 target=14641.000000 OK ties=2 relgap_next=0.01202 argmax=['-+/+-/-+/+-/-+/+-', '+-/-+/+-/-+/+-/--']
a=5 b=1 p=5 q=5: max=247223.000000 target=247223.000000 OK ties=2 relgap_next=0.06077 argmax=['-+/+-/-+/+-/-+/+-', '+-/-+/+-/-+/+-/--']
a=5 b=1 p=3 q=3: max=6743.000000 target=6743.000000 OK ties=2 relgap_next=0.01661 argmax=['-+/+-/-+/+-/-+/+-', '+-/-+/+-/-+/+-/--']
a=5 b=1 p=4.5 q=3: max=64371.406250 target=64371.406250 OK ties=2 relgap_next=0.03164 argmax=['-+/+-/-+/+-/-+/+-', '+-/-+/+-/-+/+-/--']
a=5 b=1 p=4 q=3: max=33792.000000 target=33792.000000 OK ties=2 relgap_next=0.02746 argmax=['-+/+-/-+/+-/-+/+-', '+-/-+/+-/-+/+-/--']
a=5 b=1 p=5 q=2.5: max=80555.500000 target=80555.500000 OK ties=2 relgap_next=0.006281 argmax=['-+/+-/-+/+-/-+/+-', '+-/-+/+-/-+/+-/--']
a=5 b=1 p=7 q=3: max=683835.000000 target=683835.000000 OK ties=2 relgap_next=0.04516 argmax=['-+/+-/-+/+-/-+/+-', '+-/-+/+-/-+/+-/--']
a=5 b=1 p=11 q=3: max=7224927.000000 target=7224927.000000 OK ties=2 relgap_next=0.05527 argmax=['-+/+-/-+/+-/-+/+-', '+-/-+/+-/-+/+-/--']
a=5 b=1 p=5 q=7: max=380557.000000 target=380557.000000 OK ties=2 relgap_next=0.05703 argmax=['-+/+-/-+/+-/-+/+-', '+-/-+/+-/-+/+-/--']
a=5 b=1 p=13 q=11: max=97112065.000000 target=97112065.000000 OK ties=2 relgap_next=0.1004 argmax=['-+/+-/-+/+-/-+/+-', '+-/-+/+-/-+/+-/--']
a=5 b=1 p=40 q=3: max=5186215824.000000 target=5186215824.000000 OK ties=2 relgap_next=0.06959 argmax=['-+/+-/-+/+-/-+/+-', '+-/-+/+-/-+/+-/--']
a=5 b=1 p=5 q=40: max=2580568.000000 target=2580568.000000 OK ties=2 relgap_next=0.05112 argmax=['-+/+-/-+/+-/-+/+-', '+-/-+/+-/-+/+-/--']
a=5 b=1 p=100 q=100: max=30051512596808.000000 target=30051512596808.000000 OK ties=2 relgap_next=0.1253 argmax=['-+/+-/-+/+-/-+/+-', '+-/-+/+-/-+/+-/--']
