== a=2 b=2 p=5 q=3 target=2055 (2055.0000)
   gap=    0.000000 rel=0.000e+00  Y=+-+/-+-/+--
   gap=    0.000000 rel=0.000e+00  Y=-+-/+-+/-+-
   gap=    8.000000 rel=3.893e-03  Y=++-/--+/++-
   gap=  112.000000 rel=5.450e-02  Y=++-/+-+/-+-
   gap=  112.000000 rel=5.450e-02  Y=+-+/-++/++-
   gap=  144.000000 rel=7.007e-02  Y=++-/--+/+--
== a=2 b=2 p=11 q=3 target=12015 (12015.0000)
   gap=    0.000000 rel=0.000e+00  Y=+-+/-+-/+--
   gap=    0.000000 rel=0.000e+00  Y=-+-/+-+/-+-
   gap=   32.000000 rel=2.663e-03  Y=++-/--+/++-
   gap=  840.000000 rel=6.991e-02  Y=++-/--+/+--
   gap=  976.000000 rel=8.123e-02  Y=++-/+-+/-+-
   gap=  976.000000 rel=8.123e-02  Y=+-+/-++/++-
== a=2 b=2 p=40 q=3 target=176880 (176880.0000)
   gap=    0.000000 rel=0.000e+00  Y=+-+/-+-/+--
   gap=    0.000000 rel=0.000e+00  Y=-+-/+-+/-+-
   gap=  148.000000 rel=8.367e-04  Y=++-/--+/++-
   gap=12324.000000 rel=6.967e-02  Y=++-/--+/+--
   gap=17332.000000 rel=9.799e-02  Y=++-/+-+/-+-
   gap=17332.000000 rel=9.799e-02  Y=+-+/-++/++-
== a=2 b=2 p=1000 q=3 target=114820080 (114820080.0000)
   gap=    0.000000 rel=0.000e+00  Y=+-+/-+-/+--
   gap=    0.000000 rel=0.000e+00  Y=-+-/+-+/-+-
   gap= 3988.000000 rel=3.473e-05  Y=++-/--+/++-
   gap=7988004.000000 rel=6.957e-02  Y=++-/--+/+--
   gap=11952052.000000 rel=1.041e-01  Y=++-/+-+/-+-
   gap=11952052.000000 rel=1.041e-01  Y=+-+/-++/++-
== a=2 b=2 p=5 q=1000 target=410356288 (410356288.0000)
   gap=    0.000000 rel=0.000e+00  Y=+-+/-+-/+--
   gap=    0.000000 rel=0.000e+00  Y=-+-/+-+/-+-
   gap=51816196.000000 rel=1.263e-01  Y=++-/+-+/-+-
   gap=51816196.000000 rel=1.263e-01  Y=+-+/-++/++-
   gap=55924004.000000 rel=1.363e-01  Y=+-+/+-+/-+-
   gap=63856160.000000 rel=1.556e-01  Y=+--/-+-/+--
== a=2 b=2 p=3 q=5 target=2055 (2055.0000)
   gap=    0.000000 rel=0.000e+00  Y=+-+/-+-/+--
   gap=    0.000000 rel=0.000e+00  Y=-+-/+-+/-+-
   gap=    8.000000 rel=3.893e-03  Y=+-+/+-+/-+-
   gap=  112.000000 rel=5.450e-02  Y=++-/+-+/-+-
   gap=  112.000000 rel=5.450e-02  Y=+-+/-++/++-
   gap=  144.000000 rel=7.007e-02  Y=+-+/+--/-+-
== a=2 b=2 p=3 q=40 target=176880 (176880.0000)
   gap=    0.000000 rel=0.000e+00  Y=+-+/-+-/+--
   gap=    0.000000 rel=0.000e+00  Y=-+-/+-+/-+-
   gap=  148.000000 rel=8.367e-04  Y=+-+/+-+/-+-
   gap=12324.000000 rel=6.967e-02  Y=+-+/+--/-+-
   gap=17332.000000 rel=9.799e-02  Y=++-/+-+/-+-
   gap=17332.000000 rel=9.799e-02  Y=+-+/-++/++-
== a=1 b=1 p=5 q=3 target=49 (49.0000)
   gap=    0.000000 rel=0.000e+00  Y=+-/--
   gap=    0.000000 rel=0.000e+00  Y=-+/+-
   gap=    8.000000 rel=1.633e-01  Y=++/+-
   gap=   16.000000 rel=3.265e-01  Y=++/--
   gap=   16.000000 rel=3.265e-01  Y=-+/--
   gap=   24.000000 rel=4.898e-01  Y=+-/+-
== a=1 b=1 p=11 q=3 target=127 (127.0000)
   gap=    0.000000 rel=0.000e+00  Y=+-/--
   gap=    0.000000 rel=0.000e+00  Y=-+/+-
   gap=   32.000000 rel=2.520e-01  Y=++/+-
   gap=   40.000000 rel=3.150e-01  Y=++/--
   gap=   40.000000 rel=3.150e-01  Y=-+/--
   gap=   72.000000 rel=5.669e-01  Y=+-/+-
== a=1 b=1 p=40 q=3 target=504 (504.0000)
   gap=    0.000000 rel=0.000e+00  Y=+-/--
   gap=    0.000000 rel=0.000e+00  Y=-+/+-
   gap=  148.000000 rel=2.937e-01  Y=++/+-
   gap=  156.000000 rel=3.095e-01  Y=++/--
   gap=  156.000000 rel=3.095e-01  Y=-+/--
   gap=  304.000000 rel=6.032e-01  Y=+-/+-
== a=1 b=1 p=1000 q=3 target=12984 (12984.0000)
   gap=    0.000000 rel=0.000e+00  Y=+-/--
   gap=    0.000000 rel=0.000e+00  Y=-+/+-
   gap= 3988.000000 rel=3.071e-01  Y=++/+-
   gap= 3996.000000 rel=3.078e-01  Y=++/--
   gap= 3996.000000 rel=3.078e-01  Y=-+/--
   gap= 7984.000000 rel=6.149e-01  Y=+-/+-
== a=1 b=1 p=5 q=1000 target=26968 (26968.0000)
   gap=    0.000000 rel=0.000e+00  Y=+-/--
   gap=    0.000000 rel=0.000e+00  Y=-+/+-
   gap=11972.000000 rel=4.439e-01  Y=++/+-
   gap=11988.000000 rel=4.445e-01  Y=+-/+-
   gap=11988.000000 rel=4.445e-01  Y=--/+-
   gap=15968.000000 rel=5.921e-01  Y=++/--
== a=1 b=1 p=3 q=5 target=49 (49.0000)
   gap=    0.000000 rel=0.000e+00  Y=+-/--
   gap=    0.000000 rel=0.000e+00  Y=-+/+-
   gap=    8.000000 rel=1.633e-01  Y=++/+-
   gap=   16.000000 rel=3.265e-01  Y=+-/+-
   gap=   16.000000 rel=3.265e-01  Y=--/+-
   gap=   24.000000 rel=4.898e-01  Y=++/--
== a=1 b=1 p=3 q=40 target=504 (504.0000)
   gap=    0.000000 rel=0.000e+00  Y=+-/--
   gap=    0.000000 rel=0.000e+00  Y=-+/+-
   gap=  148.000000 rel=2.937e-01  Y=++/+-
   gap=  156.000000 rel=3.095e-01  Y=+-/+-
   gap=  156.000000 rel=3.095e-01  Y=--/+-
   gap=  304.000000 rel=6.032e-01  Y=++/--
== a=1 b=3 p=5 q=3 target=1033 (1033.0000)
   gap=    0.000000 rel=0.000e+00  Y=+-+-/-+--
   gap=    0.000000 rel=0.000e+00  Y=-+-+/+-+-
   gap=   32.000000 rel=3.098e-02  Y=++-+/--+-
   gap=   32.000000 rel=3.098e-02  Y=+--+/-++-
   gap=   80.000000 rel=7.744e-02  Y=+--+/-+--
   gap=   80.000000 rel=7.744e-02  Y=+--+/--+-
== a=1 b=3 p=11 q=3 target=2695 (2695.0000)
   gap=    0.000000 rel=0.000e+00  Y=+-+-/-+--
   gap=    0.000000 rel=0.000e+00  Y=-+-+/+-+-
   gap=   56.000000 rel=2.078e-02  Y=++-+/--+-
   gap=   56.000000 rel=2.078e-02  Y=+--+/-++-
   gap=  200.000000 rel=7.421e-02  Y=+--+/-+--
   gap=  248.000000 rel=9.202e-02  Y=+--+/--+-
== a=1 b=3 p=40 q=3 target=10728 (10728.0000)
   gap=    0.000000 rel=0.000e+00  Y=+-+-/-+--
   gap=    0.000000 rel=0.000e+00  Y=-+-+/+-+-
   gap=  172.000000 rel=1.603e-02  Y=++-+/--+-
   gap=  172.000000 rel=1.603e-02  Y=+--+/-++-
   gap=  780.000000 rel=7.271e-02  Y=+--+/-+--
   gap= 1060.000000 rel=9.881e-02  Y=+--+/--+-
== a=1 b=3 p=1000 q=3 target=276648 (276648.0000)
   gap=    0.000000 rel=0.000e+00  Y=+-+-/-+--
   gap=    0.000000 rel=0.000e+00  Y=-+-+/+-+-
   gap= 4012.000000 rel=1.450e-02  Y=++-+/--+-
   gap= 4012.000000 rel=1.450e-02  Y=+--+/-++-
   gap=19980.000000 rel=7.222e-02  Y=+--+/-+--
   gap=27940.000000 rel=1.010e-01  Y=+--+/--+-
== a=1 b=3 p=5 q=1000 target=70880075968 (70880075968.0000)
   gap=    0.000000 rel=0.000e+00  Y=+-+-/-+--
   gap=    0.000000 rel=0.000e+00  Y=-+-+/+-+-
   gap=11948099924.000000 rel=1.686e-01  Y=+--+/--+-
   gap=11956079936.000000 rel=1.687e-01  Y=++-+/-++-
   gap=11956079936.000000 rel=1.687e-01  Y=+--+/-+--
   gap=11960055956.000000 rel=1.687e-01  Y=++-+/+-+-
== a=1 b=3 p=3 q=5 target=2889 (2889.0000)
   gap=    0.000000 rel=0.000e+00  Y=+-+-/-+--
   gap=    0.000000 rel=0.000e+00  Y=-+-+/+-+-
   gap=  168.000000 rel=5.815e-02  Y=++-+/-++-
   gap=  168.000000 rel=5.815e-02  Y=+--+/-+--
   gap=  184.000000 rel=6.369e-02  Y=+--+/--+-
   gap=  200.000000 rel=6.923e-02  Y=++-+/+-+-
== a=1 b=3 p=3 q=40 target=2023824 (2023824.0000)
   gap=    0.000000 rel=0.000e+00  Y=+-+-/-+--
   gap=    0.000000 rel=0.000e+00  Y=-+-+/+-+-
   gap=225568.000000 rel=1.115e-01  Y=++-+/-++-
   gap=225568.000000 rel=1.115e-01  Y=+--+/-+--
   gap=225724.000000 rel=1.115e-01  Y=+--+/--+-
   gap=231340.000000 rel=1.143e-01  Y=++-+/+-+-
== a=3 b=1 p=5 q=3 target=2889 (2889.0000)
   gap=    0.000000 rel=0.000e+00  Y=+-/-+/+-/--
   gap=    0.000000 rel=0.000e+00  Y=-+/+-/-+/+-
   gap=  168.000000 rel=5.815e-02  Y=+-/++/-+/+-
   gap=  168.000000 rel=5.815e-02  Y=+-/-+/--/+-
   gap=  184.000000 rel=6.369e-02  Y=+-/--/-+/+-
   gap=  200.000000 rel=6.923e-02  Y=++/+-/-+/+-
== a=3 b=1 p=11 q=3 target=37527 (37527.0000)
   gap=    0.000000 rel=0.000e+00  Y=+-/-+/+-/--
   gap=    0.000000 rel=0.000e+00  Y=-+/+-/-+/+-
   gap= 3312.000000 rel=8.826e-02  Y=+-/++/-+/+-
   gap= 3312.000000 rel=8.826e-02  Y=+-/-+/--/+-
   gap= 3352.000000 rel=8.932e-02  Y=+-/--/-+/+-
   gap= 3632.000000 rel=9.678e-02  Y=++/+-/-+/+-
== a=3 b=1 p=40 q=3 target=2023824 (2023824.0000)
   gap=    0.000000 rel=0.000e+00  Y=+-/-+/+-/--
   gap=    0.000000 rel=0.000e+00  Y=-+/+-/-+/+-
   gap=225568.000000 rel=1.115e-01  Y=+-/++/-+/+-
   gap=225568.000000 rel=1.115e-01  Y=+-/-+/--/+-
   gap=225724.000000 rel=1.115e-01  Y=+-/--/-+/+-
   gap=231340.000000 rel=1.143e-01  Y=++/+-/-+/+-
== a=3 b=1 p=1000 q=3 target=32944035984 (32944035984.0000)
   gap=    0.000000 rel=0.000e+00  Y=+-/-+/+-/--
   gap=    0.000000 rel=0.000e+00  Y=-+/+-/-+/+-
   gap=3980039968.000000 rel=1.208e-01  Y=+-/++/-+/+-
   gap=3980039968.000000 rel=1.208e-01  Y=+-/-+/--/+-
   gap=3980043964.000000 rel=1.208e-01  Y=+-/--/-+/+-
   gap=3984023980.000000 rel=1.209e-01  Y=++/+-/-+/+-
== a=3 b=1 p=5 q=1000 target=1664888 (1664888.0000)
   gap=    0.000000 rel=0.000e+00  Y=+-/-+/+-/--
   gap=    0.000000 rel=0.000e+00  Y=-+/+-/-+/+-
   gap=139924.000000 rel=8.404e-02  Y=+-/+-/-+/+-
   gap=139924.000000 rel=8.404e-02  Y=+-/-+/-+/+-
   gap=203796.000000 rel=1.224e-01  Y=+-/-+/--/+-
   gap=219524.000000 rel=1.319e-01  Y=+-/--/-+/+-
== a=3 b=1 p=3 q=5 target=1033 (1033.0000)
   gap=    0.000000 rel=0.000e+00  Y=+-/-+/+-/--
   gap=    0.000000 rel=0.000e+00  Y=-+/+-/-+/+-
   gap=   32.000000 rel=3.098e-02  Y=+-/+-/-+/+-
   gap=   32.000000 rel=3.098e-02  Y=+-/-+/-+/+-
   gap=   80.000000 rel=7.744e-02  Y=+-/-+/--/+-
   gap=   80.000000 rel=7.744e-02  Y=+-/--/-+/+-
== a=3 b=1 p=3 q=40 target=10728 (10728.0000)
   gap=    0.000000 rel=0.000e+00  Y=+-/-+/+-/--
   gap=    0.000000 rel=0.000e+00  Y=-+/+-/-+/+-
   gap=  172.000000 rel=1.603e-02  Y=+-/+-/-+/+-
   gap=  172.000000 rel=1.603e-02  Y=+-/-+/-+/+-
   gap=  780.000000 rel=7.271e-02  Y=+-/-+/--/+-
   gap= 1060.000000 rel=9.881e-02  Y=+-/--/-+/+-
