lower-bound witness n=3 target=1: good U with |U|<=0: 0 -> CONFIRMED
lower-bound witness n=4 target=1: good U with |U|<=0: 0 -> CONFIRMED
lower-bound witness n=5 target=2: good U with |U|<=1: 0 -> CONFIRMED
lower-bound witness n=6 target=2: good U with |U|<=1: 0 -> CONFIRMED
lower-bound witness n=7 target=2: good U with |U|<=1: 0 -> CONFIRMED
lower-bound witness n=8 target=2: good U with |U|<=1: 0 -> CONFIRMED
lower-bound witness n=9 target=2: good U with |U|<=1: 0 -> CONFIRMED
lower-bound witness n=10 target=2: good U with |U|<=1: 0 -> CONFIRMED
lower-bound witness n=11 target=2: good U with |U|<=1: 0 -> CONFIRMED
lower-bound witness n=12 target=2: good U with |U|<=1: 0 -> CONFIRMED
lower-bound witness n=13 target=3: good U with |U|<=2: 0 -> CONFIRMED
lower-bound witness n=14 target=2: good U with |U|<=1: 0 -> CONFIRMED
lower-bound witness n=15 target=3: good U with |U|<=2: 0 -> CONFIRMED
lower-bound witness n=16 target=3: good U with |U|<=2: 0 -> CONFIRMED
lower-bound witness n=17 target=3: good U with |U|<=2: 0 -> CONFIRMED
lower-bound witness n=18 target=3: good U with |U|<=2: 0 -> CONFIRMED
lower-bound witness n=19 target=3: good U with |U|<=2: 0 -> CONFIRMED
lower-bound witness n=20 target=3: good U with |U|<=2: 0 -> CONFIRMED
lower-bound witness n=21 target=3: good U with |U|<=2: 0 -> CONFIRMED
lower-bound witness n=22 target=3: good U with |U|<=2: 0 -> CONFIRMED
lower-bound witness n=23 target=3: good U with |U|<=2: 0 -> CONFIRMED
n=24 hard tree verify_hard24_first8_s0.log#0: good U with |U|<=3: 0 -> CONFIRMED
n=24 hard tree verify_hard24_first8_s0.log#2: good U with |U|<=3: 0 -> CONFIRMED
n=24 hard tree verify_hard24_first8_s0.log#4: good U with |U|<=3: 0 -> CONFIRMED
n=24 hard tree verify_hard24_first8_s0.log#6: good U with |U|<=3: 0 -> CONFIRMED
n=24 hard tree verify_hard24_first8_s1.log#1: good U with |U|<=3: 0 -> CONFIRMED
n=24 hard tree verify_hard24_first8_s1.log#3: good U with |U|<=3: 0 -> CONFIRMED
n=24 hard tree verify_hard24_first8_s1.log#5: good U with |U|<=3: 0 -> CONFIRMED
n=24 hard tree verify_hard24_first8_s1.log#7: good U with |U|<=3: 0 -> CONFIRMED
n=24 hard tree verify_hard24_s0_rest5.log#0: good U with |U|<=3: 0 -> CONFIRMED
n=24 hard tree verify_hard24_s0_rest5.log#1: good U with |U|<=3: 0 -> CONFIRMED
n=24 hard tree verify_hard24_s0_rest5.log#2: good U with |U|<=3: 0 -> CONFIRMED
n=24 hard tree verify_hard24_s0_rest5.log#3: good U with |U|<=3: 0 -> CONFIRMED
n=24 hard tree verify_hard24_s0_rest5.log#4: good U with |U|<=3: 0 -> CONFIRMED
n=24 hard tree verify_hard24_s12_part1_r0.log#0: good U with |U|<=3: 0 -> CONFIRMED
n=24 hard tree verify_hard24_s12_part1_r0.log#2: good U with |U|<=3: 0 -> CONFIRMED
n=24 hard tree verify_hard24_s12_part1_r0.log#4: good U with |U|<=3: 0 -> CONFIRMED
n=24 hard tree verify_hard24_s12_part1_r0.log#6: good U with |U|<=3: 0 -> CONFIRMED
n=24 hard tree verify_hard24_s12_part1_r0.log#8: good U with |U|<=3: 0 -> CONFIRMED
n=24 hard tree verify_hard24_s12_part1_r0.log#10: good U with |U|<=3: 0 -> CONFIRMED
n=24 hard tree verify_hard24_s12_part1_r0.log#12: good U with |U|<=3: 0 -> CONFIRMED
n=24 hard tree verify_hard24_s12_part1_r1.log#1: good U with |U|<=3: 0 -> CONFIRMED
n=24 hard tree verify_hard24_s12_part1_r1.log#3: good U with |U|<=3: 0 -> CONFIRMED
n=24 hard tree verify_hard24_s12_part1_r1.log#5: good U with |U|<=3: 0 -> CONFIRMED
n=24 hard tree verify_hard24_s12_part1_r1.log#7: good U with |U|<=3: 0 -> CONFIRMED
n=24 hard tree verify_hard24_s12_part1_r1.log#9: good U with |U|<=3: 0 -> CONFIRMED
n=24 hard tree verify_hard24_s12_part1_r1.log#11: good U with |U|<=3: 0 -> CONFIRMED
n=24 hard tree verify_hard24_s12_part1_r1.log#13: good U with |U|<=3: 0 -> CONFIRMED
n=24 hard tree verify_hard24_s12_part2_r0.log#0: good U with |U|<=3: 0 -> CONFIRMED
n=24 hard tree verify_hard24_s12_part2_r0.log#2: good U with |U|<=3: 0 -> CONFIRMED
n=24 hard tree verify_hard24_s12_part2_r0.log#4: good U with |U|<=3: 0 -> CONFIRMED
n=24 hard tree verify_hard24_s12_part2_r0.log#6: good U with |U|<=3: 0 -> CONFIRMED
n=24 hard tree verify_hard24_s12_part2_r0.log#8: good U with |U|<=3: 0 -> CONFIRMED
n=24 hard tree verify_hard24_s12_part2_r0.log#10: good U with |U|<=3: 0 -> CONFIRMED
n=24 hard tree verify_hard24_s12_part2_r1.log#1: good U with |U|<=3: 0 -> CONFIRMED
n=24 hard tree verify_hard24_s12_part2_r1.log#3: good U with |U|<=3: 0 -> CONFIRMED
n=24 hard tree verify_hard24_s12_part2_r1.log#5: good U with |U|<=3: 0 -> CONFIRMED
n=24 hard tree verify_hard24_s12_part2_r1.log#7: good U with |U|<=3: 0 -> CONFIRMED
n=24 hard tree verify_hard24_s12_part2_r1.log#9: good U with |U|<=3: 0 -> CONFIRMED
n=24 hard tree verify_hard24_s12_part2_r1.log#11: good U with |U|<=3: 0 -> CONFIRMED
shards 1-2 hard trees cross-checked: 26 mismatches: 0
