n=3 target=1 witness_layout=[0, 1, 1] d=3 good_with_<1_flips=0 exact_good_1-set=(1,) => a(n)>=1 PROVED edges=[(0, 1), (0, 2)]
n=4 target=1 witness_layout=[0, 1, 2, 1] d=4 good_with_<1_flips=0 exact_good_1-set=(0,) => a(n)>=1 PROVED edges=[(0, 1), (0, 3), (1, 2)]
n=5 target=2 witness_layout=[0, 1, 1, 1, 1] d=3 good_with_<2_flips=0 exact_good_2-set=(1, 2) => a(n)>=2 PROVED edges=[(0, 1), (0, 2), (0, 3), (0, 4)]
n=6 target=2 witness_layout=[0, 1, 2, 2, 1, 1] d=5 good_with_<2_flips=0 exact_good_2-set=(0, 4) => a(n)>=2 PROVED edges=[(0, 1), (0, 4), (0, 5), (1, 2), (1, 3)]
n=7 target=2 witness_layout=[0, 1, 2, 1, 2, 1, 1] d=7 good_with_<2_flips=0 exact_good_2-set=(1, 5) => a(n)>=2 PROVED edges=[(0, 1), (0, 3), (0, 5), (0, 6), (1, 2), (3, 4)]
n=8 target=2 witness_layout=[0, 1, 2, 3, 3, 1, 2, 2] d=7 good_with_<2_flips=0 exact_good_2-set=(0, 3) => a(n)>=2 PROVED edges=[(0, 1), (0, 5), (1, 2), (2, 3), (2, 4), (5, 6), (5, 7)]
n=9 target=2 witness_layout=[0, 1, 2, 3, 4, 1, 2, 3, 2] d=9 good_with_<2_flips=0 exact_good_2-set=(0, 3) => a(n)>=2 PROVED edges=[(0, 1), (0, 5), (1, 2), (2, 3), (3, 4), (5, 6), (5, 8), (6, 7)]
n=10 target=2 witness_layout=[0, 1, 2, 3, 4, 4, 1, 2, 3, 3] d=9 good_with_<2_flips=0 exact_good_2-set=(0, 4) => a(n)>=2 PROVED edges=[(0, 1), (0, 6), (1, 2), (2, 3), (3, 4), (3, 5), (6, 7), (7, 8), (7, 9)]
n=11 target=2 witness_layout=[0, 1, 2, 3, 4, 4, 1, 2, 3, 2, 3] d=11 good_with_<2_flips=0 exact_good_2-set=(4, 7) => a(n)>=2 PROVED edges=[(0, 1), (0, 6), (1, 2), (2, 3), (3, 4), (3, 5), (6, 7), (6, 9), (7, 8), (9, 10)]
n=12 target=2 witness_layout=[0, 1, 2, 3, 4, 5, 5, 1, 2, 3, 4, 4] d=11 good_with_<2_flips=0 exact_good_2-set=(0, 5) => a(n)>=2 PROVED edges=[(0, 1), (0, 7), (1, 2), (2, 3), (3, 4), (4, 5), (4, 6), (7, 8), (8, 9), (9, 10), (9, 11)]
n=13 target=3 witness_layout=[0, 1, 2, 3, 4, 1, 2, 3, 2, 1, 2, 2, 1] d=13 good_with_<3_flips=0 exact_good_3-set=(0, 2, 10) => a(n)>=3 PROVED edges=[(0, 1), (0, 5), (0, 9), (0, 12), (1, 2), (2, 3), (3, 4), (5, 6), (5, 8), (6, 7), (9, 10), (9, 11)]
n=14 target=2 witness_layout=[0, 1, 2, 3, 4, 5, 6, 6, 1, 2, 3, 4, 5, 5] d=13 good_with_<2_flips=0 exact_good_2-set=(0, 6) => a(n)>=2 PROVED edges=[(0, 1), (0, 8), (1, 2), (2, 3), (3, 4), (4, 5), (5, 6), (5, 7), (8, 9), (9, 10), (10, 11), (11, 12), (11, 13)]
n=15 target=3 witness_layout=[0, 1, 2, 3, 4, 1, 2, 3, 4, 1, 2, 1, 2, 1, 1] d=15 good_with_<3_flips=0 exact_good_3-set=(1, 9, 13) => a(n)>=3 PROVED edges=[(0, 1), (0, 5), (0, 9), (0, 11), (0, 13), (0, 14), (1, 2), (2, 3), (3, 4), (5, 6), (6, 7), (7, 8), (9, 10), (11, 12)]
n=16 target=3 witness_layout=[0, 1, 2, 3, 4, 5, 5, 1, 2, 3, 4, 3, 4, 2, 3, 3] d=15 good_with_<3_flips=0 exact_good_3-set=(0, 5, 9) => a(n)>=3 PROVED edges=[(0, 1), (0, 7), (1, 2), (2, 3), (3, 4), (4, 5), (4, 6), (7, 8), (7, 13), (8, 9), (8, 11), (9, 10), (11, 12), (13, 14), (13, 15)]
n=17 target=3 witness_layout=[0, 1, 2, 3, 4, 5, 5, 2, 1, 2, 3, 4, 5, 2, 3, 2, 3] d=17 good_with_<3_flips=0 exact_good_3-set=(0, 5, 13) => a(n)>=3 PROVED edges=[(0, 1), (0, 8), (1, 2), (1, 7), (2, 3), (3, 4), (4, 5), (4, 6), (8, 9), (8, 13), (8, 15), (9, 10), (10, 11), (11, 12), (13, 14), (15, 16)]
n=18 target=3 witness_layout=[0, 1, 2, 3, 4, 5, 6, 6, 1, 2, 3, 4, 5, 4, 5, 1, 2, 2] d=17 good_with_<3_flips=0 exact_good_3-set=(1, 6, 11) => a(n)>=3 PROVED edges=[(0, 1), (0, 8), (0, 15), (1, 2), (2, 3), (3, 4), (4, 5), (5, 6), (5, 7), (8, 9), (9, 10), (10, 11), (10, 13), (11, 12), (13, 14), (15, 16), (15, 17)]
n=19 target=3 witness_layout=[0, 1, 2, 3, 4, 5, 6, 6, 5, 2, 1, 2, 3, 4, 5, 2, 3, 4, 3] d=19 good_with_<3_flips=0 exact_good_3-set=(1, 6, 16) => a(n)>=3 PROVED edges=[(0, 1), (0, 10), (1, 2), (1, 9), (2, 3), (3, 4), (4, 5), (4, 8), (5, 6), (5, 7), (10, 11), (10, 15), (11, 12), (12, 13), (13, 14), (15, 16), (15, 18), (16, 17)]
n=20 target=3 witness_layout=[0, 1, 2, 3, 4, 5, 6, 7, 7, 1, 2, 3, 4, 5, 6, 5, 5, 4, 3, 4] d=19 good_with_<3_flips=0 exact_good_3-set=(0, 7, 11) => a(n)>=3 PROVED edges=[(0, 1), (0, 9), (1, 2), (2, 3), (3, 4), (4, 5), (5, 6), (6, 7), (6, 8), (9, 10), (10, 11), (10, 18), (11, 12), (11, 17), (12, 13), (12, 15), (12, 16), (13, 14), (18, 19)]
n=21 target=3 witness_layout=[0, 1, 2, 3, 4, 5, 6, 7, 8, 5, 5, 1, 2, 3, 4, 5, 6, 7, 8, 4, 5] d=21 good_with_<3_flips=0 exact_good_3-set=(0, 9, 14) => a(n)>=3 PROVED edges=[(0, 1), (0, 11), (1, 2), (2, 3), (3, 4), (4, 5), (4, 9), (4, 10), (5, 6), (6, 7), (7, 8), (11, 12), (12, 13), (13, 14), (13, 19), (14, 15), (15, 16), (16, 17), (17, 18), (19, 20)]
n=22 target=3 witness_layout=[0, 1, 2, 3, 4, 5, 6, 7, 8, 7, 8, 1, 2, 3, 4, 5, 6, 7, 7, 2, 3, 3] d=21 good_with_<3_flips=0 exact_good_3-set=(7, 12, 17) => a(n)>=3 PROVED edges=[(0, 1), (0, 11), (1, 2), (2, 3), (3, 4), (4, 5), (5, 6), (6, 7), (6, 9), (7, 8), (9, 10), (11, 12), (11, 19), (12, 13), (13, 14), (14, 15), (15, 16), (16, 17), (16, 18), (19, 20), (19, 21)]
n=23 target=3 witness_layout=[0, 1, 2, 3, 4, 5, 6, 7, 8, 9, 9, 6, 3, 4, 1, 2, 3, 4, 5, 6, 7, 8, 9] d=23 good_with_<3_flips=0 exact_good_3-set=(0, 2, 9) => a(n)>=3 PROVED edges=[(0, 1), (0, 14), (1, 2), (2, 3), (2, 12), (3, 4), (4, 5), (5, 6), (5, 11), (6, 7), (7, 8), (8, 9), (8, 10), (12, 13), (14, 15), (15, 16), (16, 17), (17, 18), (18, 19), (19, 20), (20, 21), (21, 22)]
