start n=19 2026-09-26T18:59:54Z
end n=19 2026-09-26T19:00:01Z
n=19 shard=0/3 trees=105985 certified=105985 fail=0 | s=1:42996 single:51406 double:11482 triple:101 random/exh:0 gcdfail:0 | total_enumerated=317955
d-histogram: 3:1 5:8 7:90 9:906 11:5812 13:20988 15:40085 17:31457 19:6638
n=19 shard=1/3 trees=105985 certified=105985 fail=0 | s=1:42856 single:51463 double:11567 triple:99 random/exh:0 gcdfail:0 | total_enumerated=317955
d-histogram: 5:6 7:92 9:907 11:5730 13:21032 15:40134 17:31376 19:6708
n=19 shard=2/3 trees=105985 certified=105985 fail=0 | s=1:43042 single:51331 double:11499 triple:113 random/exh:0 gcdfail:0 | total_enumerated=317955
d-histogram: 5:5 7:97 9:887 11:5792 13:21014 15:40218 17:31434 19:6538
start n=20 2026-09-26T19:00:01Z
end n=20 2026-09-26T19:00:22Z
n=20 shard=0/3 trees=274355 certified=274355 fail=0 | s=1:113367 single:134232 double:26504 triple:252 random/exh:0 gcdfail:0 | total_enumerated=823065
d-histogram: 3:1 5:4 6:1 7:109 8:2 9:1119 10:7 11:8345 12:79 13:35916 14:161 15:87722 16:527 17:98368 18:958 19:38732 20:2304
n=20 shard=1/3 trees=274355 certified=274355 fail=0 | s=1:113410 single:134497 double:26234 triple:214 random/exh:0 gcdfail:0 | total_enumerated=823065
d-histogram: 5:6 7:102 8:6 9:1120 10:6 11:8325 12:54 13:35978 14:135 15:87800 16:560 17:98236 18:1019 19:38584 20:2424
n=20 shard=2/3 trees=274355 certified=274355 fail=0 | s=1:113423 single:134533 double:26170 triple:229 random/exh:0 gcdfail:0 | total_enumerated=823065
d-histogram: 5:7 7:107 9:1120 10:5 11:8250 12:49 13:36158 14:158 15:87480 16:617 17:98314 18:972 19:38791 20:2327
start n=21 2026-09-26T19:00:22Z
end n=21 2026-09-26T19:01:33Z
n=21 shard=0/3 trees=714835 certified=714835 fail=0 | s=1:296790 single:342893 double:74301 triple:851 random/exh:0 gcdfail:0 | total_enumerated=2144505
d-histogram: 3:1 5:8 7:123 9:1378 11:11591 13:58353 15:174995 17:266699 19:172217 21:29470
n=21 shard=1/3 trees=714835 certified=714835 fail=0 | s=1:296914 single:342766 double:74303 triple:852 random/exh:0 gcdfail:0 | total_enumerated=2144505
d-histogram: 5:7 7:121 9:1361 11:11539 13:58391 15:175028 17:267034 19:172041 21:29313
n=21 shard=2/3 trees=714835 certified=714835 fail=0 | s=1:297161 single:342885 double:74008 triple:781 random/exh:0 gcdfail:0 | total_enumerated=2144505
d-histogram: 5:6 7:115 9:1449 11:11469 13:58564 15:175226 17:266692 19:171935 21:29379
start n=22 2026-09-26T19:01:33Z
end n=22 2026-09-26T19:04:58Z
n=22 shard=0/3 trees=1874585 certified=1874585 fail=0 | s=1:788932 single:906020 double:177886 triple:1747 random/exh:0 gcdfail:0 | total_enumerated=5623756
d-histogram: 5:7 6:1 7:134 8:2 9:1710 10:10 11:15759 12:76 13:91080 14:240 15:326052 16:947 17:636069 18:2587 19:592815 20:4417 21:192813 22:9866
n=22 shard=1/3 trees=1874586 certified=1874586 fail=0 | s=1:788484 single:906237 double:178101 triple:1764 random/exh:0 gcdfail:0 | total_enumerated=5623756
d-histogram: 3:1 5:9 7:139 8:4 9:1696 10:10 11:15641 12:74 13:91003 14:261 15:326182 16:964 17:637105 18:2515 19:591520 20:4654 21:192928 22:9880
n=22 shard=2/3 trees=1874585 certified=1874585 fail=0 | s=1:789979 single:904318 double:178500 triple:1788 random/exh:0 gcdfail:0 | total_enumerated=5623756
d-histogram: 5:5 7:147 8:3 9:1715 10:6 11:15758 12:84 13:91232 14:245 15:325671 16:937 17:636887 18:2483 19:592254 20:4527 21:192860 22:9771
start n=23 2026-09-26T19:04:58Z
end n=23 2026-09-26T19:15:14Z
n=23 shard=0/3 trees=4942691 certified=4942691 fail=0 | s=1:2082850 single:2357147 double:496481 triple:6213 random/exh:0 gcdfail:0 | total_enumerated=14828074
d-histogram: 5:6 7:164 9:2043 11:20710 13:136280 15:571140 17:1385987 19:1752440 21:937871 23:136050
n=23 shard=1/3 trees=4942692 certified=4942692 fail=0 | s=1:2084480 single:2355902 double:496106 triple:6204 random/exh:0 gcdfail:0 | total_enumerated=14828074
d-histogram: 3:1 5:8 7:156 9:2057 11:20764 13:136481 15:571628 17:1386257 19:1750696 21:938552 23:136092
n=23 shard=2/3 trees=4942691 certified=4942691 fail=0 | s=1:2083574 single:2356853 double:495928 triple:6336 random/exh:0 gcdfail:0 | total_enumerated=14828074
d-histogram: 5:7 7:139 9:2124 11:20863 13:136070 15:571718 17:1384478 19:1753663 21:937256 23:136373
start n=24 2026-09-26T19:15:14Z
end n=24 2026-09-26T19:44:54Z
n=24 shard=0/3 trees=13099965 certified=13099965 fail=0 | s=1:5569659 single:6282296 double:1233796 triple:14201 random/exh:13 gcdfail:0 | total_enumerated=39299897
d-histogram: 5:5 6:1 7:166 8:6 9:2441 10:5 11:27152 12:89 13:198026 14:311 15:955896 16:1661 17:2794932 18:4811 19:4554800 20:12372 21:3521622 22:21603 23:963012 24:41054
n=24 shard=1/3 trees=13099966 certified=13099966 fail=0 | s=1:5571175 single:6283272 double:1231361 triple:14144 random/exh:14 gcdfail:0 | total_enumerated=39299897
d-histogram: 5:6 7:167 9:2462 10:6 11:26969 12:110 13:197640 14:329 15:955298 16:1643 17:2796611 18:4871 19:4556028 20:12287 21:3519748 22:21648 23:963067 24:41076
n=24 shard=2/3 trees=13099966 certified=13099966 fail=0 | s=1:5568005 single:6285063 double:1232699 triple:14187 random/exh:12 gcdfail:0 | total_enumerated=39299897
d-histogram: 3:1 5:10 7:173 8:4 9:2434 10:11 11:27083 12:112 13:197394 14:337 15:955379 16:1670 17:2797197 18:4809 19:4554279 20:12549 21:3521340 22:21944 23:962240 24:41000
