trees T(a) enumerated (n<=3): 2
non-even secular factors: 0
n=3 trees=2 counts={'KNOWN': 2, 'E': 2, 'D': 2} residual=0 []
n=4 trees=3 counts={'KNOWN': 3, 'E': 2, 'D': 2, 'F': 1} residual=0 []
n=5 trees=5 counts={'KNOWN': 5, 'F': 1, 'D': 3, 'E': 3} residual=0 []
n=6 trees=7 counts={'KNOWN': 5, 'E': 6, 'D': 5} residual=0 []
n=7 trees=11 counts={'KNOWN': 7, 'E': 9, 'D': 9, 'F': 2} residual=0 []
n=8 trees=15 counts={'KNOWN': 7, 'E': 13, 'D': 12, 'F': 2} residual=0 []
n=9 trees=22 counts={'KNOWN': 8, 'E': 22, 'D': 17} residual=0 []
n=10 trees=30 counts={'KNOWN': 9, 'F': 4, 'D': 23, 'E': 24} residual=0 []
n=11 trees=42 counts={'KNOWN': 10, 'E': 38, 'D': 30, 'F': 2, 'F2': 1} residual=1 [((1, 1, 1, 0, 0, 0, 0), ['x**2 - 2*x - 2', 'x**2 + 2*x - 2'])]
n=12 trees=56 counts={'KNOWN': 11, 'E': 52, 'D': 38, 'F': 4} residual=0 []
n=13 trees=77 counts={'KNOWN': 12, 'E': 74, 'D': 50, 'F': 3} residual=0 []
n=14 trees=101 counts={'KNOWN': 13, 'E': 94, 'D': 64, 'F': 5} residual=1 [((2, 2, 2, 0, 0, 0, 0), ['x - 1', 'x + 1'])]
n=15 trees=135 counts={'KNOWN': 14, 'E': 120, 'D': 79, 'F': 14, 'F2': 1} residual=0 []
n=16 trees=176 counts={'KNOWN': 15, 'E': 162, 'D': 104, 'F': 13} residual=1 [((3, 1, 1, 1, 1, 0, 0, 0), ['x - 3', 'x + 3', 'x**2 - x - 1', 'x**2 + x - 1'])]
n=17 trees=231 counts={'KNOWN': 16, 'F': 16, 'D': 128, 'E': 213} residual=0 []
n=18 trees=297 counts={'KNOWN': 17, 'E': 286, 'D': 163, 'F': 9, 'F2': 1} residual=0 []
n=19 trees=385 counts={'KNOWN': 18, 'E': 372, 'D': 197, 'F': 9, 'F2': 2} residual=1 [((1, 1, 1, 1, 1, 1, 1, 0, 0, 0, 0), ['x**2 - 4*x + 2', 'x**2 + 4*x + 2'])]
n=20 trees=490 counts={'KNOWN': 19, 'E': 475, 'D': 250, 'F': 12, 'F2': 1} residual=1 [((1, 1, 1, 1, 1, 0, 0, 0, 0, 0, 0, 0, 0, 0), ['x**2 - 3*x - 3', 'x**2 + 3*x - 3'])]
n=21 trees=627 counts={'KNOWN': 20, 'E': 620, 'D': 298, 'F': 6} residual=0 []
n=22 trees=792 counts={'KNOWN': 22, 'E': 776, 'D': 377, 'F': 14, 'F2': 1} residual=1 [((2, 2, 2, 2, 2, 0, 0, 0, 0, 0, 0), ['x - 1', 'x + 1'])]
n=23 trees=1002 counts={'KNOWN': 22, 'E': 986, 'D': 441, 'F': 13, 'F2': 2} residual=0 []
n=24 trees=1255 counts={'KNOWN': 23, 'E': 1230, 'D': 557, 'F': 22, 'F2': 2} residual=1 [((6, 3, 2, 0, 0, 0, 0, 0, 0, 0, 0, 0), ['x**2 - 2*x - 6', 'x**2 - x - 3', 'x**2 + x - 3', 'x**2 + 2*x - 6'])]
n=25 trees=1575 counts={'KNOWN': 24, 'E': 1539, 'D': 646, 'F': 35} residual=0 []
n=26 trees=1958 counts={'KNOWN': 25, 'F': 44, 'D': 815, 'E': 1910, 'F2': 1} residual=0 []
n=27 trees=2436 counts={'KNOWN': 26, 'E': 2386, 'D': 932, 'F': 43, 'F2': 2} residual=2 [((8, 8, 1, 1, 1, 0, 0), ['x - 2', 'x + 2', 'x**2 - 4*x + 2', 'x**2 + 4*x + 2']), ((8, 5, 2, 2, 0, 0, 0, 0, 0), ['x - 2', 'x + 2', 'x**3 - 2*x**2 - 8*x + 10', 'x**3 + 2*x**2 - 8*x - 10'])]
n=28 trees=3010 counts={'KNOWN': 27, 'E': 2965, 'D': 1172, 'F': 39, 'F2': 4} residual=2 [((6, 4, 3, 2, 1, 1, 1, 1), ['x**2 - x - 3', 'x**2 + x - 3', 'x**3 - 3*x**2 - 4*x + 10', 'x**3 + 3*x**2 - 4*x - 10']), ((1, 1, 1, 1, 1, 1, 1, 1, 1, 0, 0, 0, 0, 0, 0, 0, 0, 0), ['x**2 - 5*x + 3', 'x**2 + 5*x + 3'])]
n=29 trees=3718 counts={'KNOWN': 28, 'E': 3674, 'D': 1333, 'F': 41, 'F2': 3} residual=0 []
n=30 trees=4565 counts={'KNOWN': 29, 'E': 4518, 'D': 1667, 'F': 45, 'F2': 1} residual=1 [((2, 2, 2, 2, 2, 2, 2, 0, 0, 0, 0, 0, 0, 0, 0), ['x - 4', 'x - 1', 'x + 1', 'x + 4'])]
