trees T(a) enumerated (n<=15): 506
non-even secular factors: 98
x + 1  count 5  e.g. [(2, 0, 0), (2, 2, 0, 0, 0), (3, 3, 0, 0), (2, 2, 2, 0, 0, 0, 0)]
x + 2  count 16  e.g. [(3,), (0, 0, 0, 0), (2, 0, 0), (2, 2)]
x + 3  count 4  e.g. [(8,), (0, 0, 0, 0, 0, 0, 0, 0, 0), (6, 0, 0, 0, 0, 0, 0), (3, 3, 0, 0, 0, 0, 0, 0)]
x - 1  count 5  e.g. [(2, 0, 0), (2, 2, 0, 0, 0), (3, 3, 0, 0), (2, 2, 2, 0, 0, 0, 0)]
x - 2  count 16  e.g. [(3,), (0, 0, 0, 0), (2, 0, 0), (2, 2)]
x - 3  count 4  e.g. [(8,), (0, 0, 0, 0, 0, 0, 0, 0, 0), (6, 0, 0, 0, 0, 0, 0), (3, 3, 0, 0, 0, 0, 0, 0)]
x**2 + x - 1  count 3  e.g. [(1, 0), (3, 2, 2, 0), (3, 2, 1, 1, 0, 0)]
x**2 + x - 3  count 3  e.g. [(4, 1), (3, 0, 0, 0), (2, 1, 1, 1)]
x**2 + x - 4  count 5  e.g. [(4, 0, 0, 0, 0), (5, 1, 1), (3, 1, 1, 1, 1), (4, 4, 2)]
x**2 + x - 5  count 2  e.g. [(5, 0, 0, 0, 0, 0), (6, 1, 1, 1)]
x**2 - x - 1  count 3  e.g. [(1, 0), (3, 2, 2, 0), (3, 2, 1, 1, 0, 0)]
x**2 - x - 3  count 3  e.g. [(4, 1), (3, 0, 0, 0), (2, 1, 1, 1)]
x**2 - x - 4  count 5  e.g. [(4, 0, 0, 0, 0), (5, 1, 1), (3, 1, 1, 1, 1), (4, 4, 2)]
x**2 - x - 5  count 2  e.g. [(5, 0, 0, 0, 0, 0), (6, 1, 1, 1)]
x**2 + 2*x - 1  count 1  e.g. [(1, 1, 1, 1, 0)]
x**2 + 2*x - 2  count 5  e.g. [(1, 1, 1, 0, 0, 0, 0), (6, 2, 0), (4, 1, 1, 0, 0, 0), (4, 4, 1, 0, 0)]
x**2 + 2*x - 4  count 1  e.g. [(2, 2, 0, 0, 0, 0, 0, 0, 0, 0)]
x**2 + 3*x + 1  count 1  e.g. [(1, 1, 1, 1, 1, 0)]
x**2 - 2*x - 1  count 1  e.g. [(1, 1, 1, 1, 0)]
x**2 - 2*x - 2  count 5  e.g. [(1, 1, 1, 0, 0, 0, 0), (6, 2, 0), (4, 1, 1, 0, 0, 0), (4, 4, 1, 0, 0)]
x**2 - 2*x - 4  count 1  e.g. [(2, 2, 0, 0, 0, 0, 0, 0, 0, 0)]
x**2 - 3*x + 1  count 1  e.g. [(1, 1, 1, 1, 1, 0)]
x**3 + 2*x**2 - 2*x - 2  count 1  e.g. [(2, 2, 1, 0, 0)]
x**3 + 2*x**2 - 3*x - 2  count 1  e.g. [(2, 1, 1, 1, 1, 0, 0)]
x**3 + 2*x**2 - 4*x - 6  count 1  e.g. [(4, 3, 0, 0, 0)]
x**3 - 2*x**2 - 2*x + 2  count 1  e.g. [(2, 2, 1, 0, 0)]
x**3 - 2*x**2 - 3*x + 2  count 1  e.g. [(2, 1, 1, 1, 1, 0, 0)]
x**3 - 2*x**2 - 4*x + 6  count 1  e.g. [(4, 3, 0, 0, 0)]
n=15 trees=135 classE=120 classD=79 union=131 (97.04%) uncovered=4 E-switch failures=[] uncovered_examples=[(8, 3, 0), (6, 3, 2), (3, 3, 2, 0, 0, 0), (5, 0, 0, 0, 0, 0, 0, 0, 0)]
n=16 trees=176 classE=162 classD=104 union=169 (96.02%) uncovered=7 E-switch failures=[] uncovered_examples=[(6, 3, 2, 0), (7, 2, 1, 0, 0), (5, 3, 2, 0, 0), (6, 1, 1, 1, 0, 0), (4, 1, 1, 1, 1, 1), (5, 2, 0, 0, 0, 0, 0, 0)]
n=17 trees=231 classE=213 classD=128 union=228 (98.70%) uncovered=3 E-switch failures=[] uncovered_examples=[(8, 1, 1, 1, 0), (6, 2, 1, 1, 1), (5, 1, 1, 1, 0, 0, 0, 0)]
n=18 trees=297 classE=286 classD=163 union=292 (98.32%) uncovered=5 E-switch failures=[] uncovered_examples=[(4, 4, 4, 0, 0), (5, 2, 2, 2, 0, 0), (5, 3, 1, 1, 0, 0, 0), (5, 2, 1, 1, 1, 0, 0), (2, 1, 1, 1, 0, 0, 0, 0, 0, 0, 0, 0)]
n=19 trees=385 classE=372 classD=197 union=382 (99.22%) uncovered=3 E-switch failures=[] uncovered_examples=[(6, 4, 2, 1, 0), (2, 2, 1, 1, 1, 1, 1, 0, 0), (1, 1, 1, 1, 1, 1, 1, 0, 0, 0, 0)]
n=20 trees=490 classE=475 classD=250 union=482 (98.37%) uncovered=8 E-switch failures=[] uncovered_examples=[(6, 4, 3, 2), (7, 4, 3, 0, 0), (8, 1, 1, 1, 1, 1), (6, 3, 1, 1, 1, 1), (8, 1, 0, 0, 0, 0, 0, 0, 0, 0), (5, 1, 1, 1, 1, 0, 0, 0, 0, 0)]
n=21 trees=627 classE=620 classD=298 union=626 (99.84%) uncovered=1 E-switch failures=[] uncovered_examples=[(7, 4, 0, 0, 0, 0, 0, 0, 0)]
n=22 trees=792 classE=776 classD=377 union=785 (99.12%) uncovered=7 E-switch failures=[] uncovered_examples=[(6, 5, 3, 1, 1), (6, 5, 2, 1, 1, 0), (4, 4, 4, 2, 0, 0, 0), (6, 1, 1, 1, 1, 1, 1, 1), (3, 3, 2, 2, 2, 1, 0, 0), (3, 3, 3, 2, 0, 0, 0, 0, 0, 0)]
n=23 trees=1002 classE=986 classD=441 union=995 (99.30%) uncovered=7 E-switch failures=[] uncovered_examples=[(16, 1, 0, 0, 0), (12, 1, 1, 1, 0, 0, 0), (8, 4, 1, 1, 1, 0, 0), (5, 5, 3, 2, 0, 0, 0), (4, 4, 4, 1, 1, 1, 0), (8, 1, 1, 1, 1, 1, 0, 0, 0)]
n=24 trees=1255 classE=1230 classD=557 union=1240 (98.80%) uncovered=15 E-switch failures=[] uncovered_examples=[(16, 2, 1, 0), (8, 6, 3, 0, 0, 0), (7, 6, 3, 1, 0, 0), (6, 6, 3, 2, 0, 0), (6, 5, 3, 3, 0, 0), (9, 2, 2, 1, 1, 1, 0)]
n=25 trees=1575 classE=1539 classD=646 union=1559 (98.98%) uncovered=16 E-switch failures=[] uncovered_examples=[(8, 7, 3, 1, 0), (8, 6, 3, 2, 0), (8, 5, 3, 3, 0), (7, 6, 3, 2, 1), (6, 5, 3, 3, 2), (8, 7, 1, 1, 0, 0, 0)]
n=26 trees=1958 classE=1910 classD=815 union=1929 (98.52%) uncovered=29 E-switch failures=[] uncovered_examples=[(10, 9, 1, 1), (13, 4, 1, 1, 1), (10, 7, 3, 0, 0), (6, 4, 4, 3, 1, 1), (8, 7, 2, 1, 0, 0, 0), (8, 5, 3, 2, 0, 0, 0)]
