trees T(a) enumerated (n<=30): 23023
non-even secular factors: 938
x + 1  count 32  e.g. [(2, 0, 0), (2, 2, 0, 0, 0), (3, 3, 0, 0), (2, 2, 2, 0, 0, 0, 0)]
x + 2  count 187  e.g. [(3,), (0, 0, 0, 0), (2, 0, 0), (2, 2)]
x + 3  count 61  e.g. [(8,), (0, 0, 0, 0, 0, 0, 0, 0, 0), (6, 0, 0, 0, 0, 0, 0), (3, 3, 0, 0, 0, 0, 0, 0)]
x + 4  count 13  e.g. [(15,), (0, 0, 0, 0, 0, 0, 0, 0, 0, 0, 0, 0, 0, 0, 0, 0), (14, 0, 0, 0, 0, 0, 0, 0, 0), (8, 0, 0, 0, 0, 0, 0, 0, 0, 0, 0, 0, 0, 0, 0)]
x + 5  count 2  e.g. [(24,), (0, 0, 0, 0, 0, 0, 0, 0, 0, 0, 0, 0, 0, 0, 0, 0, 0, 0, 0, 0, 0, 0, 0, 0, 0)]
x - 1  count 32  e.g. [(2, 0, 0), (2, 2, 0, 0, 0), (3, 3, 0, 0), (2, 2, 2, 0, 0, 0, 0)]
x - 2  count 187  e.g. [(3,), (0, 0, 0, 0), (2, 0, 0), (2, 2)]
x - 3  count 61  e.g. [(8,), (0, 0, 0, 0, 0, 0, 0, 0, 0), (6, 0, 0, 0, 0, 0, 0), (3, 3, 0, 0, 0, 0, 0, 0)]
x - 4  count 13  e.g. [(15,), (0, 0, 0, 0, 0, 0, 0, 0, 0, 0, 0, 0, 0, 0, 0, 0), (14, 0, 0, 0, 0, 0, 0, 0, 0), (8, 0, 0, 0, 0, 0, 0, 0, 0, 0, 0, 0, 0, 0, 0)]
x - 5  count 2  e.g. [(24,), (0, 0, 0, 0, 0, 0, 0, 0, 0, 0, 0, 0, 0, 0, 0, 0, 0, 0, 0, 0, 0, 0, 0, 0, 0)]
x**2 + x - 1  count 9  e.g. [(1, 0), (3, 2, 2, 0), (3, 2, 1, 1, 0, 0), (3, 1, 1, 1, 1, 0, 0, 0)]
x**2 + x - 3  count 14  e.g. [(4, 1), (3, 0, 0, 0), (2, 1, 1, 1), (6, 6, 5, 0, 0, 0)]
x**2 + x - 4  count 12  e.g. [(4, 0, 0, 0, 0), (5, 1, 1), (3, 1, 1, 1, 1), (4, 4, 2)]
x**2 + x - 5  count 4  e.g. [(5, 0, 0, 0, 0, 0), (6, 1, 1, 1), (4, 1, 1, 1, 1, 1), (4, 4, 4, 3)]
x**2 + x - 7  count 4  e.g. [(9, 4), (7, 0, 0, 0, 0, 0, 0, 0), (8, 1, 1, 1, 1, 1), (6, 1, 1, 1, 1, 1, 1, 1)]
x**2 + x - 8  count 6  e.g. [(8, 0, 0, 0, 0, 0, 0, 0, 0), (10, 4, 4), (9, 1, 1, 1, 1, 1, 1), (7, 1, 1, 1, 1, 1, 1, 1, 1)]
x**2 + x - 9  count 4  e.g. [(9, 0, 0, 0, 0, 0, 0, 0, 0, 0), (10, 1, 1, 1, 1, 1, 1, 1), (11, 4, 4, 4), (8, 1, 1, 1, 1, 1, 1, 1, 1, 1)]
x**2 - x - 1  count 9  e.g. [(1, 0), (3, 2, 2, 0), (3, 2, 1, 1, 0, 0), (3, 1, 1, 1, 1, 0, 0, 0)]
x**2 - x - 3  count 14  e.g. [(4, 1), (3, 0, 0, 0), (2, 1, 1, 1), (6, 6, 5, 0, 0, 0)]
x**2 - x - 4  count 12  e.g. [(4, 0, 0, 0, 0), (5, 1, 1), (3, 1, 1, 1, 1), (4, 4, 2)]
x**2 - x - 5  count 4  e.g. [(5, 0, 0, 0, 0, 0), (6, 1, 1, 1), (4, 1, 1, 1, 1, 1), (4, 4, 4, 3)]
x**2 - x - 7  count 4  e.g. [(9, 4), (7, 0, 0, 0, 0, 0, 0, 0), (8, 1, 1, 1, 1, 1), (6, 1, 1, 1, 1, 1, 1, 1)]
x**2 - x - 8  count 6  e.g. [(8, 0, 0, 0, 0, 0, 0, 0, 0), (10, 4, 4), (9, 1, 1, 1, 1, 1, 1), (7, 1, 1, 1, 1, 1, 1, 1, 1)]
x**2 - x - 9  count 4  e.g. [(9, 0, 0, 0, 0, 0, 0, 0, 0, 0), (10, 1, 1, 1, 1, 1, 1, 1), (11, 4, 4, 4), (8, 1, 1, 1, 1, 1, 1, 1, 1, 1)]
x**2 + x - 10  count 2  e.g. [(10, 0, 0, 0, 0, 0, 0, 0, 0, 0, 0), (11, 1, 1, 1, 1, 1, 1, 1, 1)]
x**2 + x - 11  count 1  e.g. [(11, 0, 0, 0, 0, 0, 0, 0, 0, 0, 0, 0)]
x**2 + x - 13  count 2  e.g. [(16, 9), (13, 0, 0, 0, 0, 0, 0, 0, 0, 0, 0, 0, 0, 0)]
x**2 + x - 14  count 1  e.g. [(14, 0, 0, 0, 0, 0, 0, 0, 0, 0, 0, 0, 0, 0, 0)]
x**2 - x - 10  count 2  e.g. [(10, 0, 0, 0, 0, 0, 0, 0, 0, 0, 0), (11, 1, 1, 1, 1, 1, 1, 1, 1)]
x**2 - x - 11  count 1  e.g. [(11, 0, 0, 0, 0, 0, 0, 0, 0, 0, 0, 0)]
x**2 - x - 13  count 2  e.g. [(16, 9), (13, 0, 0, 0, 0, 0, 0, 0, 0, 0, 0, 0, 0, 0)]
x**2 - x - 14  count 1  e.g. [(14, 0, 0, 0, 0, 0, 0, 0, 0, 0, 0, 0, 0, 0, 0)]
x**2 + 2*x - 1  count 3  e.g. [(1, 1, 1, 1, 0), (9, 2, 2, 1, 1, 1, 0), (7, 3, 3, 3, 1, 1, 1, 0)]
x**2 + 2*x - 2  count 13  e.g. [(1, 1, 1, 0, 0, 0, 0), (6, 2, 0), (4, 1, 1, 0, 0, 0), (4, 4, 1, 0, 0)]
x**2 + 2*x - 4  count 10  e.g. [(2, 2, 0, 0, 0, 0, 0, 0, 0, 0), (8, 2, 0, 0, 0, 0, 0), (4, 4, 2, 0, 0, 0, 0, 0, 0), (8, 8, 0, 0)]
x**2 + 2*x - 5  count 4  e.g. [(10, 5, 5, 1, 1), (3, 3, 3, 3, 1, 1, 1, 1, 1, 1), (9, 9, 4, 1, 1), (5, 5, 5, 5, 0, 0, 0, 0, 0)]
x**2 + 2*x - 6  count 9  e.g. [(12, 0, 0, 0), (3, 0, 0, 0, 0, 0, 0, 0, 0, 0, 0, 0, 0), (12, 6, 2), (6, 3, 2, 0, 0, 0, 0, 0, 0, 0, 0, 0)]
x**2 + 2*x - 7  count 1  e.g. [(13, 5, 1, 1, 1, 1)]
x**2 + 2*x - 9  count 1  e.g. [(16, 1, 1, 1, 1)]
x**2 + 3*x + 1  count 2  e.g. [(1, 1, 1, 1, 1, 0), (11, 2, 2, 1, 1, 1, 1, 0)]
x**2 + 3*x - 1  count 1  e.g. [(1, 1, 1, 1, 1, 1, 1, 1, 1, 0)]
x**2 + 3*x - 2  count 2  e.g. [(1, 1, 1, 1, 1, 1, 1, 1, 0, 0, 0, 0), (2, 2, 2, 2, 2, 2, 2, 2, 2, 0, 0)]
x**2 + 3*x - 3  count 1  e.g. [(1, 1, 1, 1, 1, 0, 0, 0, 0, 0, 0, 0, 0, 0)]
x**2 + 3*x - 6  count 2  e.g. [(18, 0, 0), (2, 0, 0, 0, 0, 0, 0, 0, 0, 0, 0, 0, 0, 0, 0, 0, 0, 0, 0)]
x**2 + 3*x - 8  count 1  e.g. [(21, 1, 1)]
x**2 + 4*x + 1  count 1  e.g. [(1, 1, 1, 1, 1, 1, 1, 1, 1, 1, 1, 1, 0)]
x**2 + 4*x + 2  count 5  e.g. [(1, 1, 1, 1, 1, 1, 1, 0, 0, 0, 0), (10, 2, 2, 2, 0), (8, 1, 1, 1, 1, 1, 0, 0, 0), (8, 8, 1, 1, 1, 0, 0)]
x**2 + 5*x + 3  count 1  e.g. [(1, 1, 1, 1, 1, 1, 1, 1, 1, 0, 0, 0, 0, 0, 0, 0, 0, 0)]
x**2 + 5*x + 5  count 2  e.g. [(12, 1), (2, 1, 1, 1, 1, 1, 1, 1, 1, 1, 1, 1)]
x**2 - 2*x - 1  count 3  e.g. [(1, 1, 1, 1, 0), (9, 2, 2, 1, 1, 1, 0), (7, 3, 3, 3, 1, 1, 1, 0)]
x**2 - 2*x - 2  count 13  e.g. [(1, 1, 1, 0, 0, 0, 0), (6, 2, 0), (4, 1, 1, 0, 0, 0), (4, 4, 1, 0, 0)]
x**2 - 2*x - 4  count 10  e.g. [(2, 2, 0, 0, 0, 0, 0, 0, 0, 0), (8, 2, 0, 0, 0, 0, 0), (4, 4, 2, 0, 0, 0, 0, 0, 0), (8, 8, 0, 0)]
x**2 - 2*x - 5  count 4  e.g. [(10, 5, 5, 1, 1), (3, 3, 3, 3, 1, 1, 1, 1, 1, 1), (9, 9, 4, 1, 1), (5, 5, 5, 5, 0, 0, 0, 0, 0)]
x**2 - 2*x - 6  count 9  e.g. [(12, 0, 0, 0), (3, 0, 0, 0, 0, 0, 0, 0, 0, 0, 0, 0, 0), (12, 6, 2), (6, 3, 2, 0, 0, 0, 0, 0, 0, 0, 0, 0)]
x**2 - 2*x - 7  count 1  e.g. [(13, 5, 1, 1, 1, 1)]
x**2 - 2*x - 9  count 1  e.g. [(16, 1, 1, 1, 1)]
x**2 - 3*x + 1  count 2  e.g. [(1, 1, 1, 1, 1, 0), (11, 2, 2, 1, 1, 1, 1, 0)]
x**2 - 3*x - 1  count 1  e.g. [(1, 1, 1, 1, 1, 1, 1, 1, 1, 0)]
x**2 - 3*x - 2  count 2  e.g. [(1, 1, 1, 1, 1, 1, 1, 1, 0, 0, 0, 0), (2, 2, 2, 2, 2, 2, 2, 2, 2, 0, 0)]
x**2 - 3*x - 3  count 1  e.g. [(1, 1, 1, 1, 1, 0, 0, 0, 0, 0, 0, 0, 0, 0)]
x**2 - 3*x - 6  count 2  e.g. [(18, 0, 0), (2, 0, 0, 0, 0, 0, 0, 0, 0, 0, 0, 0, 0, 0, 0, 0, 0, 0, 0)]
x**2 - 3*x - 8  count 1  e.g. [(21, 1, 1)]
x**2 - 4*x + 1  count 1  e.g. [(1, 1, 1, 1, 1, 1, 1, 1, 1, 1, 1, 1, 0)]
x**2 - 4*x + 2  count 5  e.g. [(1, 1, 1, 1, 1, 1, 1, 0, 0, 0, 0), (10, 2, 2, 2, 0), (8, 1, 1, 1, 1, 1, 0, 0, 0), (8, 8, 1, 1, 1, 0, 0)]
x**2 - 5*x + 3  count 1  e.g. [(1, 1, 1, 1, 1, 1, 1, 1, 1, 0, 0, 0, 0, 0, 0, 0, 0, 0)]
x**2 - 5*x + 5  count 2  e.g. [(12, 1), (2, 1, 1, 1, 1, 1, 1, 1, 1, 1, 1, 1)]
x**3 - 4*x + 2  count 1  e.g. [(6, 4, 2, 1, 0)]
x**3 - 4*x - 2  count 1  e.g. [(6, 4, 2, 1, 0)]
x**3 + 4*x**2 - 4  count 1  e.g. [(2, 2, 2, 2, 1, 0, 0, 0, 0, 0, 0, 0, 0)]
x**3 + 4*x**2 - 6  count 1  e.g. [(3, 3, 3, 2, 2, 0, 0, 0, 0, 0, 0)]
x**3 + 4*x**2 - 7  count 1  e.g. [(9, 9, 2, 1)]
x**3 - 4*x**2 + 4  count 1  e.g. [(2, 2, 2, 2, 1, 0, 0, 0, 0, 0, 0, 0, 0)]
x**3 - 4*x**2 + 6  count 1  e.g. [(3, 3, 3, 2, 2, 0, 0, 0, 0, 0, 0)]
x**3 - 4*x**2 + 7  count 1  e.g. [(9, 9, 2, 1)]
x**3 + 3*x**2 - x - 5  count 1  e.g. [(3, 3, 2, 1, 1)]
x**3 + x**2 - 4*x - 2  count 1  e.g. [(6, 5, 2, 1, 1, 0)]
x**3 + x**2 - 9*x + 5  count 1  e.g. [(5, 1, 1, 1, 1, 1, 1, 1, 0, 0, 0, 0, 0)]
x**3 - 3*x**2 - x + 5  count 1  e.g. [(3, 3, 2, 1, 1)]
x**3 - x**2 - 4*x + 2  count 1  e.g. [(6, 5, 2, 1, 1, 0)]
x**3 - x**2 - 9*x - 5  count 1  e.g. [(5, 1, 1, 1, 1, 1, 1, 1, 0, 0, 0, 0, 0)]
x**3 + 2*x**2 - 2*x - 2  count 1  e.g. [(2, 2, 1, 0, 0)]
x**3 + 2*x**2 - 3*x - 2  count 1  e.g. [(2, 1, 1, 1, 1, 0, 0)]
x**3 + 2*x**2 - 4*x - 2  count 1  e.g. [(4, 4, 4, 1, 1, 1, 0)]
x**3 + 2*x**2 - 4*x - 4  count 1  e.g. [(4, 4, 2, 2, 0, 0)]
x**3 + 2*x**2 - 4*x - 6  count 1  e.g. [(4, 3, 0, 0, 0)]
x**3 + 2*x**2 - 5*x - 4  count 1  e.g. [(4, 1, 1, 1, 1, 0, 0, 0, 0)]
x**3 + 2*x**2 - 6*x + 2  count 1  e.g. [(2, 2, 1, 1, 1, 1, 1, 1, 1, 1, 1, 0, 0)]
x**3 + 2*x**2 - 6*x - 3  count 1  e.g. [(9, 9, 1, 1, 1, 0)]
x**3 + 2*x**2 - 6*x - 5  count 1  e.g. [(5, 1, 1, 1, 1, 0, 0, 0, 0, 0)]
x**3 + 2*x**2 - 6*x - 6  count 2  e.g. [(9, 2, 2, 0, 0), (6, 6, 3, 3, 3, 0, 0)]
x**3 + 2*x**2 - 6*x - 8  count 2  e.g. [(8, 4, 0, 0), (6, 4, 2, 0, 0, 0, 0)]
x**3 + 2*x**2 - 7*x - 6  count 1  e.g. [(6, 1, 1, 1, 1, 0, 0, 0, 0, 0, 0)]
x**3 + 2*x**2 - 8*x - 6  count 1  e.g. [(12, 1, 1, 1, 0, 0, 0)]
x**3 + 2*x**2 - 8*x - 7  count 1  e.g. [(7, 1, 1, 1, 1, 0, 0, 0, 0, 0, 0, 0)]
x**3 + 2*x**2 - 9*x - 8  count 1  e.g. [(8, 1, 1, 1, 1, 0, 0, 0, 0, 0, 0, 0, 0)]
x**3 + 3*x**2 - 3*x - 2  count 1  e.g. [(2, 2, 2, 2, 2, 2, 2, 1, 1, 1, 0, 0)]
x**3 + 3*x**2 - 3*x - 4  count 1  e.g. [(2, 1, 1, 1, 0, 0, 0, 0, 0, 0, 0, 0)]
x**3 + 3*x**2 - 3*x - 6  count 2  e.g. [(3, 3, 3, 2, 0, 0, 0, 0, 0, 0), (6, 6, 3, 3, 2, 1, 0, 0)]
x**3 + 3*x**2 - 3*x - 7  count 1  e.g. [(3, 3, 2, 1, 1, 1, 1, 1, 1)]
x**3 + 3*x**2 - 4*x - 8  count 1  e.g. [(4, 4, 2, 0, 0, 0, 0, 0, 0, 0, 0)]
x**3 + 4*x**2 + 2*x - 2  count 1  e.g. [(2, 2, 1, 1, 1, 1, 1, 0, 0)]
x**3 + 5*x**2 + 2*x - 6  count 1  e.g. [(3, 1, 1, 1, 1, 0, 0, 0, 0, 0, 0, 0, 0, 0, 0, 0, 0)]
x**3 + 5*x**2 + 3*x - 7  count 1  e.g. [(7, 7, 1, 1, 0, 0, 0, 0, 0, 0, 0)]
x**3 + 5*x**2 + 3*x - 8  count 1  e.g. [(8, 1, 0, 0, 0, 0, 0, 0, 0, 0)]
x**3 - 2*x**2 - 2*x + 2  count 1  e.g. [(2, 2, 1, 0, 0)]
x**3 - 2*x**2 - 3*x + 2  count 1  e.g. [(2, 1, 1, 1, 1, 0, 0)]
x**3 - 2*x**2 - 4*x + 2  count 1  e.g. [(4, 4, 4, 1, 1, 1, 0)]
x**3 - 2*x**2 - 4*x + 4  count 1  e.g. [(4, 4, 2, 2, 0, 0)]
x**3 - 2*x**2 - 4*x + 6  count 1  e.g. [(4, 3, 0, 0, 0)]
x**3 - 2*x**2 - 5*x + 4  count 1  e.g. [(4, 1, 1, 1, 1, 0, 0, 0, 0)]
x**3 - 2*x**2 - 6*x + 3  count 1  e.g. [(9, 9, 1, 1, 1, 0)]
x**3 - 2*x**2 - 6*x + 5  count 1  e.g. [(5, 1, 1, 1, 1, 0, 0, 0, 0, 0)]
x**3 - 2*x**2 - 6*x + 6  count 2  e.g. [(9, 2, 2, 0, 0), (6, 6, 3, 3, 3, 0, 0)]
x**3 - 2*x**2 - 6*x + 8  count 2  e.g. [(8, 4, 0, 0), (6, 4, 2, 0, 0, 0, 0)]
x**3 - 2*x**2 - 6*x - 2  count 1  e.g. [(2, 2, 1, 1, 1, 1, 1, 1, 1, 1, 1, 0, 0)]
x**3 - 2*x**2 - 7*x + 6  count 1  e.g. [(6, 1, 1, 1, 1, 0, 0, 0, 0, 0, 0)]
x**3 - 2*x**2 - 8*x + 6  count 1  e.g. [(12, 1, 1, 1, 0, 0, 0)]
x**3 - 2*x**2 - 8*x + 7  count 1  e.g. [(7, 1, 1, 1, 1, 0, 0, 0, 0, 0, 0, 0)]
x**3 - 2*x**2 - 9*x + 8  count 1  e.g. [(8, 1, 1, 1, 1, 0, 0, 0, 0, 0, 0, 0, 0)]
x**3 - 3*x**2 - 3*x + 2  count 1  e.g. [(2, 2, 2, 2, 2, 2, 2, 1, 1, 1, 0, 0)]
x**3 - 3*x**2 - 3*x + 4  count 1  e.g. [(2, 1, 1, 1, 0, 0, 0, 0, 0, 0, 0, 0)]
x**3 - 3*x**2 - 3*x + 6  count 2  e.g. [(3, 3, 3, 2, 0, 0, 0, 0, 0, 0), (6, 6, 3, 3, 2, 1, 0, 0)]
x**3 - 3*x**2 - 3*x + 7  count 1  e.g. [(3, 3, 2, 1, 1, 1, 1, 1, 1)]
x**3 - 3*x**2 - 4*x + 8  count 1  e.g. [(4, 4, 2, 0, 0, 0, 0, 0, 0, 0, 0)]
x**3 - 4*x**2 + 2*x + 2  count 1  e.g. [(2, 2, 1, 1, 1, 1, 1, 0, 0)]
x**3 - 5*x**2 + 2*x + 6  count 1  e.g. [(3, 1, 1, 1, 1, 0, 0, 0, 0, 0, 0, 0, 0, 0, 0, 0, 0)]
x**3 - 5*x**2 + 3*x + 7  count 1  e.g. [(7, 7, 1, 1, 0, 0, 0, 0, 0, 0, 0)]
x**3 - 5*x**2 + 3*x + 8  count 1  e.g. [(8, 1, 0, 0, 0, 0, 0, 0, 0, 0)]
x**4 - 9*x**2 + 6*x + 6  count 1  e.g. [(6, 3, 3, 3, 3, 2, 0)]
x**4 - 9*x**2 - 6*x + 6  count 1  e.g. [(6, 3, 3, 3, 3, 2, 0)]
x**3 + 2*x**2 - 10*x - 9  count 1  e.g. [(9, 1, 1, 1, 1, 0, 0, 0, 0, 0, 0, 0, 0, 0)]
x**3 + 2*x**2 - 8*x - 10  count 1  e.g. [(8, 5, 2, 2, 0, 0, 0, 0, 0)]
x**3 + 2*x**2 - 8*x - 12  count 1  e.g. [(8, 6, 6, 0, 0, 0)]
x**3 + 3*x**2 - 4*x - 10  count 1  e.g. [(6, 4, 3, 2, 1, 1, 1, 1)]
x**3 + 3*x**2 - 5*x - 13  count 1  e.g. [(5, 4, 1, 1, 1, 1, 1, 1, 1)]
x**3 + 3*x**2 - 6*x - 12  count 1  e.g. [(12, 6, 4, 0, 0, 0, 0)]
x**3 + 3*x**2 - 6*x - 14  count 1  e.g. [(7, 7, 4, 0, 0, 0, 0, 0, 0, 0)]
x**3 + 3*x**2 - 7*x - 15  count 1  e.g. [(13, 4, 1, 1, 1)]
x**3 + 3*x**2 - 9*x - 24  count 1  e.g. [(9, 8, 0, 0, 0, 0, 0, 0, 0, 0)]
x**3 + 4*x**2 - 2*x - 14  count 1  e.g. [(7, 4, 0, 0, 0, 0, 0, 0, 0)]
x**3 - 2*x**2 - 10*x + 9  count 1  e.g. [(9, 1, 1, 1, 1, 0, 0, 0, 0, 0, 0, 0, 0, 0)]
x**3 - 2*x**2 - 8*x + 10  count 1  e.g. [(8, 5, 2, 2, 0, 0, 0, 0, 0)]
x**3 - 2*x**2 - 8*x + 12  count 1  e.g. [(8, 6, 6, 0, 0, 0)]
x**3 - 3*x**2 - 4*x + 10  count 1  e.g. [(6, 4, 3, 2, 1, 1, 1, 1)]
x**3 - 3*x**2 - 5*x + 13  count 1  e.g. [(5, 4, 1, 1, 1, 1, 1, 1, 1)]
x**3 - 3*x**2 - 6*x + 12  count 1  e.g. [(12, 6, 4, 0, 0, 0, 0)]
x**3 - 3*x**2 - 6*x + 14  count 1  e.g. [(7, 7, 4, 0, 0, 0, 0, 0, 0, 0)]
x**3 - 3*x**2 - 7*x + 15  count 1  e.g. [(13, 4, 1, 1, 1)]
x**3 - 3*x**2 - 9*x + 24  count 1  e.g. [(9, 8, 0, 0, 0, 0, 0, 0, 0, 0)]
x**3 - 4*x**2 - 2*x + 14  count 1  e.g. [(7, 4, 0, 0, 0, 0, 0, 0, 0)]
x**3 + 2*x**2 - 10*x - 17  count 1  e.g. [(10, 9, 1, 1)]
x**3 + 2*x**2 - 11*x - 10  count 1  e.g. [(10, 1, 1, 1, 1, 0, 0, 0, 0, 0, 0, 0, 0, 0, 0)]
x**3 + 2*x**2 - 11*x - 16  count 1  e.g. [(13, 9, 1)]
x**3 - 2*x**2 - 10*x + 17  count 1  e.g. [(10, 9, 1, 1)]
x**3 - 2*x**2 - 11*x + 10  count 1  e.g. [(10, 1, 1, 1, 1, 0, 0, 0, 0, 0, 0, 0, 0, 0, 0)]
x**3 - 2*x**2 - 11*x + 16  count 1  e.g. [(13, 9, 1)]
x**4 + x**3 - 9*x**2 - 4*x + 18  count 1  e.g. [(6, 4, 3, 2)]
x**4 - x**3 - 9*x**2 + 4*x + 18  count 1  e.g. [(6, 4, 3, 2)]
x**4 + 2*x**3 - 6*x**2 - 4*x + 4  count 1  e.g. [(4, 4, 2, 2, 2, 2, 1, 0, 0)]
x**4 - 2*x**3 - 6*x**2 + 4*x + 4  count 1  e.g. [(4, 4, 2, 2, 2, 2, 1, 0, 0)]
x**4 + 2*x**3 - 8*x**2 - 10*x + 8  count 1  e.g. [(8, 4, 1, 1, 1, 0, 0)]
x**4 + 2*x**3 - 8*x**2 - 8*x + 12  count 1  e.g. [(6, 6, 4, 2, 2, 0, 0, 0)]
x**4 + 3*x**3 - 3*x**2 - 12*x - 6  count 1  e.g. [(6, 3, 2, 0)]
x**4 + 3*x**3 - 6*x**2 - 10*x + 6  count 1  e.g. [(4, 3, 1, 1, 1, 1, 1, 1, 1, 1, 0, 0, 0)]
x**4 - 2*x**3 - 8*x**2 + 10*x + 8  count 1  e.g. [(8, 4, 1, 1, 1, 0, 0)]
x**4 - 2*x**3 - 8*x**2 + 8*x + 12  count 1  e.g. [(6, 6, 4, 2, 2, 0, 0, 0)]
x**4 - 3*x**3 - 3*x**2 + 12*x - 6  count 1  e.g. [(6, 3, 2, 0)]
x**4 - 3*x**3 - 6*x**2 + 10*x + 6  count 1  e.g. [(4, 3, 1, 1, 1, 1, 1, 1, 1, 1, 0, 0, 0)]
x**4 + 2*x**3 - 10*x**2 - 12*x + 15  count 1  e.g. [(9, 5, 1, 1, 0, 0, 0, 0, 0)]
x**4 - 2*x**3 - 10*x**2 + 12*x + 15  count 1  e.g. [(9, 5, 1, 1, 0, 0, 0, 0, 0)]
x**5 + x**4 - 13*x**3 - x**2 + 34*x - 20  count 1  e.g. [(8, 5, 2, 1, 1, 1, 0, 0, 0, 0, 0)]
x**5 - x**4 - 13*x**3 + x**2 + 34*x + 20  count 1  e.g. [(8, 5, 2, 1, 1, 1, 0, 0, 0, 0, 0)]
n<=3: {'E/F: s+': 1, 'star': 1} failures=[]
n<=4: {'E/F: s+': 3, 'star': 2} failures=[]
n<=5: {'E/F: s+': 6, 'star': 3, 'T(1,0^k)': 1} failures=[]
n<=6: {'E/F: s+': 10, 'star': 4, 'T(1,0^k)': 2, '>=2 pairs (not claimed)': 1} failures=[]
n<=7: {'E/F: s+': 18, 'star': 5, 'T(1,0^k)': 3, '>=2 pairs (not claimed)': 1, 'A': 1} failures=[]
n<=8: {'E/F: s+': 30, 'star': 6, 'T(1,0^k)': 4, '>=2 pairs (not claimed)': 1, 'A': 2} failures=[]
n<=9: {'E/F: s+': 48, 'star': 7, 'T(1,0^k)': 5, '>=2 pairs (not claimed)': 1, 'A': 4} failures=[]
n<=10: {'E/F: s+': 73, 'star': 8, 'T(1,0^k)': 6, '>=2 pairs (not claimed)': 1, 'A': 6, 'B': 1} failures=[]
n<=11: {'E/F: s+': 110, 'star': 9, 'T(1,0^k)': 7, '>=2 pairs (not claimed)': 1, 'A': 9, 'B': 1} failures=[]
n<=12: {'E/F: s+': 161, 'star': 10, 'T(1,0^k)': 8, '>=2 pairs (not claimed)': 1, 'A': 12, 'B': 1} failures=[]
n<=13: {'E/F: s+': 232, 'star': 11, 'T(1,0^k)': 9, '>=2 pairs (not claimed)': 1, 'A': 16, 'B': 1} failures=[]
n<=14: {'E/F: s+': 325, 'star': 12, 'T(1,0^k)': 10, '>=2 pairs (not claimed)': 2, 'A': 20, 'B': 2} failures=[]
n<=15: {'E/F: s+': 452, 'star': 13, 'T(1,0^k)': 11, '>=2 pairs (not claimed)': 2, 'A': 25, 'B': 2, 'E/F: s-': 1} failures=[]
n<=16: {'E/F: s+': 619, 'star': 14, 'T(1,0^k)': 12, '>=2 pairs (not claimed)': 3, 'A': 30, 'B': 2, 'E/F: s-': 2} failures=[]
n<=17: {'E/F: s+': 841, 'star': 15, 'T(1,0^k)': 13, '>=2 pairs (not claimed)': 4, 'A': 36, 'B': 2, 'E/F: s-': 2} failures=[]
n<=18: {'E/F: s+': 1129, 'star': 16, 'T(1,0^k)': 14, '>=2 pairs (not claimed)': 4, 'A': 42, 'B': 3, 'E/F: s-': 2} failures=[]
n<=19: {'E/F: s+': 1504, 'star': 17, 'T(1,0^k)': 15, '>=2 pairs (not claimed)': 5, 'A': 49, 'B': 3, 'E/F: s-': 2} failures=[]
n<=20: {'E/F: s+': 1984, 'star': 18, 'T(1,0^k)': 16, '>=2 pairs (not claimed)': 6, 'A': 56, 'B': 3, 'E/F: s-': 2} failures=[]
n<=21: {'E/F: s+': 2601, 'star': 19, 'T(1,0^k)': 17, '>=2 pairs (not claimed)': 6, 'A': 64, 'B': 3, 'E/F: s-': 2} failures=[]
n<=22: {'E/F: s+': 3382, 'star': 20, 'T(1,0^k)': 18, '>=2 pairs (not claimed)': 6, 'A': 72, 'B': 4, 'E/F: s-': 2} failures=[]
n<=23: {'E/F: s+': 4371, 'star': 21, 'T(1,0^k)': 19, '>=2 pairs (not claimed)': 7, 'A': 81, 'B': 4, 'E/F: s-': 3} failures=[]
n<=24: {'E/F: s+': 5612, 'star': 22, 'T(1,0^k)': 20, '>=2 pairs (not claimed)': 8, 'A': 90, 'B': 4, 'E/F: s-': 5} failures=[]
n<=25: {'E/F: s+': 7170, 'star': 23, 'T(1,0^k)': 21, '>=2 pairs (not claimed)': 9, 'A': 100, 'B': 4, 'E/F: s-': 9} failures=[]
n<=26: {'E/F: s+': 9111, 'star': 24, 'T(1,0^k)': 22, '>=2 pairs (not claimed)': 10, 'A': 110, 'B': 5, 'E/F: s-': 12} failures=[]
n<=27: {'E/F: s+': 11528, 'star': 25, 'T(1,0^k)': 23, '>=2 pairs (not claimed)': 15, 'A': 121, 'B': 5, 'E/F: s-': 13} failures=[]
n<=28: {'E/F: s+': 14522, 'star': 26, 'T(1,0^k)': 24, '>=2 pairs (not claimed)': 16, 'A': 132, 'B': 5, 'E/F: s-': 15} failures=[]
n<=29: {'E/F: s+': 18225, 'star': 27, 'T(1,0^k)': 25, '>=2 pairs (not claimed)': 16, 'A': 144, 'B': 5, 'E/F: s-': 16} failures=[]
n<=30: {'E/F: s+': 22775, 'star': 28, 'T(1,0^k)': 26, '>=2 pairs (not claimed)': 16, 'A': 156, 'B': 6, 'E/F: s-': 16} failures=[]
