# 2026-09-26T03:46:19Z  run in a scratch directory on copies of work/round4/icg-equal-parity/{cert22,cert_fast,core}.py
# sha256 of copies:
ab21d14bf67eb179e7516d7c3b17293da242fa96694e85df70cf170b6cb94f9f  cert22.py
8199a52ebe6c5048d368ca6edb9ce78e6247fd7e45ae7f62ba3aad650d1c2279  cert_fast.py
3fe60bb2a2294e4bce2f471a960aaea3cbab6a3dd66df59153a4ae28fbc3f786  core.py
485bc8021a958861b1d1a585188dac7bfdc1b269d78508583e7c2352c26b32bd  cert22_neg.py
f6f6a0a2ac0075051531dc8b8a3b471912293d777dc394e029fffaf6773c8730  cert_fast_neg.py
# diffs of the negative-control variants:
79a80
>     tgt = padd(tgt, const(1), -1)  # NEGATIVE CONTROL: target lowered by 1
47a48
>     tgt[0, 0] -= 1  # NEGATIVE CONTROL: target lowered by 1
## baseline (unmodified copies), region p>=5, q>=3
shape (1,1) region p>=5, q>=3: #Y=8 fallback=2 #not-certified=0 #tight=2 tight_set_ok=True time=0.0s
shape (1,3) region p>=5, q>=3: #Y=128 fallback=2 #not-certified=0 #tight=2 tight_set_ok=True time=0.0s
shape (2,2) region p>=5, q>=3: #Y=256 fallback=2 #not-certified=0 #tight=2 tight_set_ok=True time=0.0s
shape (2,4) region p>=5, q>=3: #Y=16384 fallback=2 #not-certified=0 #tight=2 tight_set_ok=True time=0.1s
shape (4,2) region p>=5, q>=3: #Y=16384 fallback=2 #not-certified=0 #tight=2 tight_set_ok=True time=0.1s
shape (3,3) region p>=5, q>=3: #Y=32768 fallback=2 #not-certified=0 #tight=2 tight_set_ok=True time=0.1s
shape (2,2) region p>=5, q>=3: #Y=256 #branches=338 #not-certified=0 #identically-tight=2
tight Y: True [(-1, 1, -1, 1, -1, 1, -1, 1, -1), (1, -1, 1, -1, 1, -1, 1, -1, -1)]
## NEGATIVE CONTROL 1: target lowered by 1 (expect #not-certified > 0)
shape (1,1) region p>=5, q>=3: #Y=8 fallback=2 #not-certified=2 #tight=0 tight_set_ok=False time=0.0s
  FAIL ((1, -1, -1, -1), [], (), [-1, 0, 0, 0])
  FAIL ((-1, 1, 1, -1), [], (), [-1, 0, 0, 0])
shape (1,3) region p>=5, q>=3: #Y=128 fallback=2 #not-certified=2 #tight=0 tight_set_ok=False time=0.0s
  FAIL ((1, -1, 1, -1, -1, 1, -1, -1), [], (), [-1, 0, 0, 0, 0, 0, 0, 0])
  FAIL ((-1, 1, -1, 1, 1, -1, 1, -1), [], (), [-1, 0, 0, 0, 0, 0, 0, 0])
shape (2,2) region p>=5, q>=3: #Y=256 fallback=2 #not-certified=2 #tight=0 tight_set_ok=False time=0.0s
  FAIL ((1, -1, 1, -1, 1, -1, 1, -1, -1), [], (), [-1, 0, 0, 0, 0, 0, 0, 0, 0])
  FAIL ((-1, 1, -1, 1, -1, 1, -1, 1, -1), [], (), [-1, 0, 0, 0, 0, 0, 0, 0, 0])
shape (2,4) region p>=5, q>=3: #Y=16384 fallback=2 #not-certified=2 #tight=0 tight_set_ok=False time=0.1s
  FAIL ((1, -1, 1, -1, 1, -1, 1, -1, 1, -1, 1, -1, 1, -1, -1), [], (), [-1, 0, 0, 0, 0, 0, 0, 0, 0, 0, 0, 0, 0, 0, 0])
  FAIL ((-1, 1, -1, 1, -1, 1, -1, 1, -1, 1, -1, 1, -1, 1, -1), [], (), [-1, 0, 0, 0, 0, 0, 0, 0, 0, 0, 0, 0, 0, 0, 0])
shape (4,2) region p>=5, q>=3: #Y=16384 fallback=2 #not-certified=2 #tight=0 tight_set_ok=False time=0.1s
  FAIL ((1, -1, 1, -1, 1, -1, 1, -1, 1, -1, 1, -1, 1, -1, -1), [], (), [-1, 0, 0, 0, 0, 0, 0, 0, 0, 0, 0, 0, 0, 0, 0])
  FAIL ((-1, 1, -1, 1, -1, 1, -1, 1, -1, 1, -1, 1, -1, 1, -1), [], (), [-1, 0, 0, 0, 0, 0, 0, 0, 0, 0, 0, 0, 0, 0, 0])
shape (3,3) region p>=5, q>=3: #Y=32768 fallback=2 #not-certified=2 #tight=0 tight_set_ok=False time=0.1s
  FAIL ((1, -1, 1, -1, -1, 1, -1, 1, 1, -1, 1, -1, -1, 1, -1, -1), [], (), [-1, 0, 0, 0, 0, 0, 0, 0, 0, 0, 0, 0, 0, 0, 0, 0])
  FAIL ((-1, 1, -1, 1, 1, -1, 1, -1, -1, 1, -1, 1, 1, -1, 1, -1), [], (), [-1, 0, 0, 0, 0, 0, 0, 0, 0, 0, 0, 0, 0, 0, 0, 0])
shape (2,2) region p>=5, q>=3: #Y=256 #branches=338 #not-certified=2 #identically-tight=0
tight Y: False []
  not certified: (1, -1, 1, -1, 1, -1, 1, -1, -1) undecided [] branch () gap poly {(0, 0): -1}
  not certified: (-1, 1, -1, 1, -1, 1, -1, 1, -1) undecided [] branch () gap poly {(0, 0): -1}
shape (1,3) region p>=5, q>=3: #Y=128 #branches=152 #not-certified=2 #identically-tight=0
tight Y: False []
  not certified: (1, -1, 1, -1, -1, 1, -1, -1) undecided [] branch () gap poly {(0, 0): -1}
  not certified: (-1, 1, -1, 1, 1, -1, 1, -1) undecided [] branch () gap poly {(0, 0): -1}
## NEGATIVE CONTROL 2: region enlarged to p>=3, q>=3 (contains p=q=3)
shape (1,1) region p>=3, q>=3: #Y=8 fallback=3 #not-certified=1 #tight=2 tight_set_ok=True time=0.0s
  FAIL ((1, 1, 1, -1), [], (), [0, 4, 4, 4])
shape (2,2) region p>=3, q>=3: #Y=256 fallback=6 #not-certified=4 #tight=2 tight_set_ok=True time=0.0s
  FAIL ((1, 1, -1, 1, -1, 1, -1, 1, -1), [4], (1,), [0, 32, 20, 32, 56, 24, 20, 24, 8])
  FAIL ((1, -1, 1, 1, -1, 1, -1, 1, -1), [], (), [0, 4, 0, 60, 56, 12, 40, 36, 8])
  FAIL ((1, 1, -1, -1, -1, 1, 1, 1, -1), [], (), [0, 60, 40, 4, 56, 36, 0, 12, 8])
shape (1,3) region p>=3, q>=3: #Y=128 fallback=2 #not-certified=0 #tight=2 tight_set_ok=True time=0.0s
